2021-03-15T22:18:38.0777752Z ##[section]Starting: Request a runner to run this job
2021-03-15T22:18:38.5107952Z Can't find any online and idle self-hosted runner in current repository that matches the required labels: 'ubuntu-latest'
2021-03-15T22:18:38.5108044Z Can't find any online and idle self-hosted runner in current repository's account/organization that matches the required labels: 'ubuntu-latest'
2021-03-15T22:18:38.5108477Z Found online and idle hosted runner in current repository's account/organization that matches the required labels: 'ubuntu-latest'
2021-03-15T22:18:39.0662935Z ##[section]Finishing: Request a runner to run this job
2021-03-15T22:19:00.9056383Z Current runner version: '2.277.1'
2021-03-15T22:19:00.9085617Z ##[group]Operating System
2021-03-15T22:19:00.9086642Z Ubuntu
2021-03-15T22:19:00.9087067Z 20.04.2
2021-03-15T22:19:00.9087603Z LTS
2021-03-15T22:19:00.9088096Z ##[endgroup]
2021-03-15T22:19:00.9088633Z ##[group]Virtual Environment
2021-03-15T22:19:00.9089310Z Environment: ubuntu-20.04
2021-03-15T22:19:00.9089834Z Version: 20210309.1
2021-03-15T22:19:00.9090858Z Included Software: https://github.com/actions/virtual-environments/blob/ubuntu20/20210309.1/images/linux/Ubuntu2004-README.md
2021-03-15T22:19:00.9092189Z Image Release: https://github.com/actions/virtual-environments/releases/tag/ubuntu20%2F
2021-03-15T22:19:00.9093113Z ##[endgroup]
2021-03-15T22:19:00.9095200Z ##[group]GITHUB_TOKEN Permissions
2021-03-15T22:19:00.9096496Z Actions: write
2021-03-15T22:19:00.9097344Z Checks: write
2021-03-15T22:19:00.9098380Z Contents: write
2021-03-15T22:19:00.9098898Z Deployments: write
2021-03-15T22:19:00.9099539Z Issues: write
2021-03-15T22:19:00.9100113Z Metadata: read
2021-03-15T22:19:00.9100744Z OrganizationPackages: write
2021-03-15T22:19:00.9101362Z Packages: write
2021-03-15T22:19:00.9101890Z PullRequests: write
2021-03-15T22:19:00.9102557Z RepositoryProjects: write
2021-03-15T22:19:00.9103369Z SecurityEvents: write
2021-03-15T22:19:00.9103959Z Statuses: write
2021-03-15T22:19:00.9104764Z ##[endgroup]
2021-03-15T22:19:00.9108222Z Prepare workflow directory
2021-03-15T22:19:00.9847504Z Prepare all required actions
2021-03-15T22:19:00.9860386Z Getting action download info
2021-03-15T22:19:01.5112738Z Download action repository 'actions/checkout@v2'
2021-03-15T22:19:02.8417228Z Download action repository 'cachix/install-nix-action@v12'
2021-03-15T22:19:03.3798217Z ##[group]Run actions/checkout@v2
2021-03-15T22:19:03.3798948Z with:
2021-03-15T22:19:03.3799560Z   repository: abathur/sudo-make-sense
2021-03-15T22:19:03.3800861Z   token: ***
2021-03-15T22:19:03.3801683Z   ssh-strict: true
2021-03-15T22:19:03.3802878Z   persist-credentials: true
2021-03-15T22:19:03.3804141Z   clean: true
2021-03-15T22:19:03.3804769Z   fetch-depth: 1
2021-03-15T22:19:03.3805223Z   lfs: false
2021-03-15T22:19:03.3806184Z   submodules: false
2021-03-15T22:19:03.3807067Z ##[endgroup]
2021-03-15T22:19:04.8630407Z Syncing repository: abathur/sudo-make-sense
2021-03-15T22:19:04.8631885Z ##[group]Getting Git version info
2021-03-15T22:19:04.8633320Z Working directory is '/home/runner/work/sudo-make-sense/sudo-make-sense'
2021-03-15T22:19:04.8635374Z [command]/usr/bin/git version
2021-03-15T22:19:04.8636003Z git version 2.30.1
2021-03-15T22:19:04.8637209Z ##[endgroup]
2021-03-15T22:19:04.8638416Z Deleting the contents of '/home/runner/work/sudo-make-sense/sudo-make-sense'
2021-03-15T22:19:04.8641871Z ##[group]Initializing the repository
2021-03-15T22:19:04.8643441Z [command]/usr/bin/git init /home/runner/work/sudo-make-sense/sudo-make-sense
2021-03-15T22:19:04.8645860Z hint: Using 'master' as the name for the initial branch. This default branch name
2021-03-15T22:19:04.8647881Z hint: is subject to change. To configure the initial branch name to use in all
2021-03-15T22:19:04.8649047Z hint: of your new repositories, which will suppress this warning, call:
2021-03-15T22:19:04.8650324Z hint: 
2021-03-15T22:19:04.8651606Z hint: 	git config --global init.defaultBranch <name>
2021-03-15T22:19:04.8652498Z hint: 
2021-03-15T22:19:04.8653532Z hint: Names commonly chosen instead of 'master' are 'main', 'trunk' and
2021-03-15T22:19:04.8656019Z hint: 'development'. The just-created branch can be renamed via this command:
2021-03-15T22:19:04.8657157Z hint: 
2021-03-15T22:19:04.8658161Z hint: 	git branch -m <name>
2021-03-15T22:19:04.8659692Z Initialized empty Git repository in /home/runner/work/sudo-make-sense/sudo-make-sense/.git/
2021-03-15T22:19:04.8661987Z [command]/usr/bin/git remote add origin https://github.com/abathur/sudo-make-sense
2021-03-15T22:19:04.8663783Z ##[endgroup]
2021-03-15T22:19:04.8664698Z ##[group]Disabling automatic garbage collection
2021-03-15T22:19:04.8665934Z [command]/usr/bin/git config --local gc.auto 0
2021-03-15T22:19:04.8667402Z ##[endgroup]
2021-03-15T22:19:04.8670208Z ##[group]Setting up auth
2021-03-15T22:19:04.8672329Z [command]/usr/bin/git config --local --name-only --get-regexp core\.sshCommand
2021-03-15T22:19:04.8674785Z [command]/usr/bin/git submodule foreach --recursive git config --local --name-only --get-regexp 'core\.sshCommand' && git config --local --unset-all 'core.sshCommand' || :
2021-03-15T22:19:04.8676855Z [command]/usr/bin/git config --local --name-only --get-regexp http\.https\:\/\/github\.com\/\.extraheader
2021-03-15T22:19:04.8680357Z [command]/usr/bin/git submodule foreach --recursive git config --local --name-only --get-regexp 'http\.https\:\/\/github\.com\/\.extraheader' && git config --local --unset-all 'http.https://github.com/.extraheader' || :
2021-03-15T22:19:04.8682696Z [command]/usr/bin/git config --local http.https://github.com/.extraheader AUTHORIZATION: basic ***
2021-03-15T22:19:04.8683905Z ##[endgroup]
2021-03-15T22:19:04.8684676Z ##[group]Fetching the repository
2021-03-15T22:19:04.8688296Z [command]/usr/bin/git -c protocol.version=2 fetch --no-tags --prune --progress --no-recurse-submodules --depth=1 origin +435a3df03c217d8792548c6173d9af8e86965148:refs/remotes/origin/main
2021-03-15T22:19:04.8689976Z remote: Enumerating objects: 7, done.        
2021-03-15T22:19:04.8691376Z remote: Counting objects:  14% (1/7)        
2021-03-15T22:19:04.8692863Z remote: Counting objects:  28% (2/7)        
2021-03-15T22:19:04.8693634Z remote: Counting objects:  42% (3/7)        
2021-03-15T22:19:04.8694501Z remote: Counting objects:  57% (4/7)        
2021-03-15T22:19:04.8695362Z remote: Counting objects:  71% (5/7)        
2021-03-15T22:19:04.8697364Z remote: Counting objects:  85% (6/7)        
2021-03-15T22:19:04.8698916Z remote: Counting objects: 100% (7/7)        
2021-03-15T22:19:04.8700118Z remote: Counting objects: 100% (7/7), done.        
2021-03-15T22:19:04.8700992Z remote: Compressing objects:  25% (1/4)        
2021-03-15T22:19:04.8702195Z remote: Compressing objects:  50% (2/4)        
2021-03-15T22:19:04.8703339Z remote: Compressing objects:  75% (3/4)        
2021-03-15T22:19:04.8704227Z remote: Compressing objects: 100% (4/4)        
2021-03-15T22:19:04.8705871Z remote: Compressing objects: 100% (4/4), done.        
2021-03-15T22:19:04.8707346Z remote: Total 7 (delta 0), reused 5 (delta 0), pack-reused 0        
2021-03-15T22:19:04.8708641Z From https://github.com/abathur/sudo-make-sense
2021-03-15T22:19:04.8710071Z  * [new ref]         435a3df03c217d8792548c6173d9af8e86965148 -> origin/main
2021-03-15T22:19:04.8711801Z ##[endgroup]
2021-03-15T22:19:04.8712829Z ##[group]Determining the checkout info
2021-03-15T22:19:04.8713824Z ##[endgroup]
2021-03-15T22:19:04.8714655Z ##[group]Checking out the ref
2021-03-15T22:19:04.8715865Z [command]/usr/bin/git checkout --progress --force -B main refs/remotes/origin/main
2021-03-15T22:19:04.8717087Z Switched to a new branch 'main'
2021-03-15T22:19:04.8718164Z Branch 'main' set up to track remote branch 'main' from 'origin'.
2021-03-15T22:19:04.8719109Z ##[endgroup]
2021-03-15T22:19:04.8720077Z [command]/usr/bin/git log -1 --format='%H'
2021-03-15T22:19:04.8721667Z '435a3df03c217d8792548c6173d9af8e86965148'
2021-03-15T22:19:04.8856519Z ##[group]Run cachix/install-nix-action@v12
2021-03-15T22:19:04.8857271Z with:
2021-03-15T22:19:04.8857888Z   nix_path: nixpkgs=channel:nixos-unstable
2021-03-15T22:19:04.8858567Z ##[endgroup]
2021-03-15T22:19:05.8536272Z downloading Nix 2.3.10 binary tarball for x86_64-linux from 'https://releases.nixos.org/nix/nix-2.3.10/nix-2.3.10-x86_64-linux.tar.xz' to '/tmp/nix-binary-tarball-unpack.iMhkYR8Xx3'...
2021-03-15T22:19:06.8494874Z   % Total    % Received % Xferd  Average Speed   Time    Time     Time  Current
2021-03-15T22:19:06.8495820Z                                  Dload  Upload   Total   Spent    Left  Speed
2021-03-15T22:19:06.8496243Z 
2021-03-15T22:19:06.8497875Z   0     0    0     0    0     0      0      0 --:--:-- --:--:-- --:--:--     0
2021-03-15T22:19:06.8499646Z   0     0    0     0    0     0      0      0 --:--:-- --:--:-- --:--:--     0
2021-03-15T22:19:06.8500002Z 
2021-03-15T22:19:06.8501173Z 100  2699  100  2699    0     0  13770      0 --:--:-- --:--:-- --:--:-- 13770
2021-03-15T22:19:06.8502176Z   % Total    % Received % Xferd  Average Speed   Time    Time     Time  Current
2021-03-15T22:19:06.8504098Z                                  Dload  Upload   Total   Spent    Left  Speed
2021-03-15T22:19:06.8504582Z 
2021-03-15T22:19:06.8505416Z   0     0    0     0    0     0      0      0 --:--:-- --:--:-- --:--:--     0
2021-03-15T22:19:06.8506308Z   0     0    0     0    0     0      0      0 --:--:-- --:--:-- --:--:--     0
2021-03-15T22:19:06.8507566Z 100 16.4M  100 16.4M    0     0  57.1M      0 --:--:-- --:--:-- --:--:-- 56.9M
2021-03-15T22:19:07.4655673Z Note: a multi-user installation is possible. See https://nixos.org/nix/manual/#sect-multi-user-installation
2021-03-15T22:19:07.4677499Z [1;31mSwitching to the Daemon-based Installer[0m
2021-03-15T22:19:07.4788759Z [32mWelcome to the Multi-User Nix Installation
2021-03-15T22:19:07.4802237Z [0m
2021-03-15T22:19:07.4802996Z This installation tool will set up your computer with the Nix package
2021-03-15T22:19:07.4803772Z manager. This will happen in a few stages:
2021-03-15T22:19:07.4804412Z 
2021-03-15T22:19:07.4805246Z 1. Make sure your computer doesn't already have Nix. If it does, I
2021-03-15T22:19:07.4806040Z    will show you instructions on how to clean up your old one.
2021-03-15T22:19:07.4806487Z 
2021-03-15T22:19:07.4807060Z 2. Show you what we are going to install and where. Then we will ask
2021-03-15T22:19:07.4807737Z    if you are ready to continue.
2021-03-15T22:19:07.4808076Z 
2021-03-15T22:19:07.4808817Z 3. Create the system users and groups that the Nix daemon uses to run
2021-03-15T22:19:07.4809497Z    builds.
2021-03-15T22:19:07.4809775Z 
2021-03-15T22:19:07.4810349Z 4. Perform the basic installation of the Nix files daemon.
2021-03-15T22:19:07.4810799Z 
2021-03-15T22:19:07.4811663Z 5. Configure your shell to import special Nix Profile files, so you
2021-03-15T22:19:07.4812311Z    can use Nix.
2021-03-15T22:19:07.4812606Z 
2021-03-15T22:19:07.4813039Z 6. Start the Nix daemon.
2021-03-15T22:19:07.4813377Z 
2021-03-15T22:19:07.4821635Z [32m[4;32mWould you like to see a more detailed list of what we will do?
2021-03-15T22:19:07.4822549Z [0mNo TTY, assuming you would say yes :)
2021-03-15T22:19:07.4832991Z 
2021-03-15T22:19:07.4836280Z We will:
2021-03-15T22:19:07.4836949Z 
2021-03-15T22:19:07.4838148Z  - make sure your computer doesn't already have Nix files
2021-03-15T22:19:07.4838953Z    (if it does, I will tell you how to clean them up.)
2021-03-15T22:19:07.4839878Z  - create local users (see the list above for the users we'll make)
2021-03-15T22:19:07.4840712Z  - create a local group (nixbld)
2021-03-15T22:19:07.4841377Z  - install Nix in to /nix
2021-03-15T22:19:07.4842106Z  - create a configuration file in /etc/nix
2021-03-15T22:19:07.4843051Z  - set up the "default profile" by creating some Nix-related files in
2021-03-15T22:19:07.4843861Z    /root
2021-03-15T22:19:07.4856018Z  - load and start a service (at /etc/systemd/system/nix-daemon.service
2021-03-15T22:19:07.4857408Z    and /etc/systemd/system/nix-daemon.socket) for nix-daemon
2021-03-15T22:19:07.4857960Z 
2021-03-15T22:19:07.4862707Z [32m[4;32mReady to continue?
2021-03-15T22:19:07.4863848Z [0mNo TTY, assuming you would say yes :)
2021-03-15T22:19:07.4896896Z 
2021-03-15T22:19:07.4898088Z [34m---- let's talk about sudo -----------------------------------------------------
2021-03-15T22:19:07.4911026Z [0mThis script is going to call sudo a lot. Normally, it would show you
2021-03-15T22:19:07.4915485Z exactly what commands it is running and why. However, the script is
2021-03-15T22:19:07.4918438Z run in a headless fashion, like this:
2021-03-15T22:19:07.4918826Z 
2021-03-15T22:19:07.4919705Z   $ curl -L https://nixos.org/nix/install | sh
2021-03-15T22:19:07.4920134Z 
2021-03-15T22:19:07.4920899Z or maybe in a CI pipeline. Because of that, we're going to skip the
2021-03-15T22:19:07.4922449Z verbose output in the interest of brevity.
2021-03-15T22:19:07.4922848Z 
2021-03-15T22:19:07.4923348Z If you would like to
2021-03-15T22:19:07.4923885Z see the output, try like this:
2021-03-15T22:19:07.4924243Z 
2021-03-15T22:19:07.4925243Z   $ curl -L -o install-nix https://nixos.org/nix/install
2021-03-15T22:19:07.4926259Z   $ sh ./install-nix
2021-03-15T22:19:07.4926776Z 
2021-03-15T22:19:07.6103695Z 
2021-03-15T22:19:07.6106981Z [34m---- Nix config report ---------------------------------------------------------
2021-03-15T22:19:07.6108517Z [0m[1m        Temp Dir[0m:	/tmp/tmp.vwKVKeADYi
2021-03-15T22:19:07.6109556Z [1m        Nix Root[0m:	/nix
2021-03-15T22:19:07.6110439Z [1m     Build Users[0m:	4
2021-03-15T22:19:07.6112667Z [1m  Build Group ID[0m:	30000
2021-03-15T22:19:07.6114155Z [1mBuild Group Name[0m:	nixbld
2021-03-15T22:19:07.6114876Z 
2021-03-15T22:19:07.6115530Z [4;34mbuild users:
2021-03-15T22:19:07.6116211Z [0m[1m    Username[0m:	UID
2021-03-15T22:19:07.6141125Z [1m     nixbld1[0m:	30001
2021-03-15T22:19:07.6157070Z [1m     nixbld2[0m:	30002
2021-03-15T22:19:07.6171494Z [1m     nixbld3[0m:	30003
2021-03-15T22:19:07.6192674Z [1m     nixbld4[0m:	30004
2021-03-15T22:19:07.6193077Z 
2021-03-15T22:19:07.6193923Z [32m[4;32mReady to continue?
2021-03-15T22:19:07.6194635Z [0mNo TTY, assuming you would say yes :)
2021-03-15T22:19:07.6195005Z 
2021-03-15T22:19:07.6195792Z [32m~~> Setting up the build group nixbld
2021-03-15T22:19:07.6524595Z [0m[1m            Created[0m:	Yes
2021-03-15T22:19:07.6552332Z 
2021-03-15T22:19:07.6553803Z [32m~~> Setting up the build user nixbld1
2021-03-15T22:19:07.7059735Z [0m[1m           Created[0m:	Yes
2021-03-15T22:19:07.7099238Z [1m            Hidden[0m:	Yes
2021-03-15T22:19:07.7163940Z [1m    Home Directory[0m:	/var/empty
2021-03-15T22:19:07.7317489Z usermod: no changes
2021-03-15T22:19:07.7329754Z [1m              Note[0m:	Nix build user 1
2021-03-15T22:19:07.7367088Z [1m   Logins Disabled[0m:	Yes
2021-03-15T22:19:07.7407697Z [1m  Member of nixbld[0m:	Yes
2021-03-15T22:19:07.7443574Z [1m    PrimaryGroupID[0m:	30000
2021-03-15T22:19:07.7467558Z 
2021-03-15T22:19:07.7469860Z [32m~~> Setting up the build user nixbld2
2021-03-15T22:19:07.7765598Z [0m[1m           Created[0m:	Yes
2021-03-15T22:19:07.7778341Z [1m            Hidden[0m:	Yes
2021-03-15T22:19:07.7814498Z [1m    Home Directory[0m:	/var/empty
2021-03-15T22:19:07.8039801Z usermod: no changes
2021-03-15T22:19:07.8066356Z [1m              Note[0m:	Nix build user 2
2021-03-15T22:19:07.8094063Z [1m   Logins Disabled[0m:	Yes
2021-03-15T22:19:07.8129553Z [1m  Member of nixbld[0m:	Yes
2021-03-15T22:19:07.8166687Z [1m    PrimaryGroupID[0m:	30000
2021-03-15T22:19:07.8183302Z 
2021-03-15T22:19:07.8184476Z [32m~~> Setting up the build user nixbld3
2021-03-15T22:19:07.8507545Z [0m[1m           Created[0m:	Yes
2021-03-15T22:19:07.8560809Z [1m            Hidden[0m:	Yes
2021-03-15T22:19:07.8583180Z [1m    Home Directory[0m:	/var/empty
2021-03-15T22:19:07.8717392Z usermod: no changes
2021-03-15T22:19:07.8730191Z [1m              Note[0m:	Nix build user 3
2021-03-15T22:19:07.8765181Z [1m   Logins Disabled[0m:	Yes
2021-03-15T22:19:07.8798537Z [1m  Member of nixbld[0m:	Yes
2021-03-15T22:19:07.8833280Z [1m    PrimaryGroupID[0m:	30000
2021-03-15T22:19:07.8846979Z 
2021-03-15T22:19:07.8848218Z [32m~~> Setting up the build user nixbld4
2021-03-15T22:19:07.9162127Z [0m[1m           Created[0m:	Yes
2021-03-15T22:19:07.9171440Z [1m            Hidden[0m:	Yes
2021-03-15T22:19:07.9199309Z [1m    Home Directory[0m:	/var/empty
2021-03-15T22:19:07.9697788Z usermod: no changes
2021-03-15T22:19:07.9710512Z [1m              Note[0m:	Nix build user 4
2021-03-15T22:19:07.9731222Z [1m   Logins Disabled[0m:	Yes
2021-03-15T22:19:07.9752463Z [1m  Member of nixbld[0m:	Yes
2021-03-15T22:19:07.9784970Z [1m    PrimaryGroupID[0m:	30000
2021-03-15T22:19:07.9872146Z mkdir: created directory '/nix'
2021-03-15T22:19:07.9873646Z mkdir: created directory '/nix/var'
2021-03-15T22:19:07.9874485Z mkdir: created directory '/nix/var/log'
2021-03-15T22:19:07.9875342Z mkdir: created directory '/nix/var/log/nix'
2021-03-15T22:19:07.9876236Z mkdir: created directory '/nix/var/log/nix/drvs'
2021-03-15T22:19:07.9877066Z mkdir: created directory '/nix/var/nix'
2021-03-15T22:19:07.9877868Z mkdir: created directory '/nix/var/nix/db'
2021-03-15T22:19:07.9878701Z mkdir: created directory '/nix/var/nix/gcroots'
2021-03-15T22:19:07.9879533Z mkdir: created directory '/nix/var/nix/profiles'
2021-03-15T22:19:07.9880465Z mkdir: created directory '/nix/var/nix/temproots'
2021-03-15T22:19:07.9881311Z mkdir: created directory '/nix/var/nix/userpool'
2021-03-15T22:19:07.9882215Z mkdir: created directory '/nix/var/nix/gcroots/per-user'
2021-03-15T22:19:07.9883161Z mkdir: created directory '/nix/var/nix/profiles/per-user'
2021-03-15T22:19:07.9976540Z mkdir: created directory '/nix/store'
2021-03-15T22:19:08.0175705Z mkdir: created directory '/etc/nix'
2021-03-15T22:19:08.4169282Z       Alright! We have our first nix at /nix/store/iwfs2bfcy7lqwhri94p2i6jc87ih55zk-nix-2.3.10
2021-03-15T22:19:08.4704021Z       Just finished getting the nix database ready.
2021-03-15T22:19:08.5008955Z 
2021-03-15T22:19:08.5009994Z # Nix
2021-03-15T22:19:08.5011711Z if [ -e '/nix/var/nix/profiles/default/etc/profile.d/nix-daemon.sh' ]; then
2021-03-15T22:19:08.5014917Z   . '/nix/var/nix/profiles/default/etc/profile.d/nix-daemon.sh'
2021-03-15T22:19:08.5015542Z fi
2021-03-15T22:19:08.5015845Z # End Nix
2021-03-15T22:19:08.5016076Z 
2021-03-15T22:19:08.5371597Z installing 'nix-2.3.10'
2021-03-15T22:19:08.5521665Z building '/nix/store/3988ni0kzan1yl3n9a67vk470flgnqi2-user-environment.drv'...
2021-03-15T22:19:08.5523612Z created 6 symlinks in user environment
2021-03-15T22:19:08.6011770Z installing 'nss-cacert-3.49.2'
2021-03-15T22:19:08.6133769Z building '/nix/store/4add7i5awd6fvpqfzql5s1zi1mpc9dj3-user-environment.drv'...
2021-03-15T22:19:08.6138204Z created 9 symlinks in user environment
2021-03-15T22:19:08.6616887Z Created symlink /etc/systemd/system/nix-daemon.service → /nix/var/nix/profiles/default/lib/systemd/system/nix-daemon.service.
2021-03-15T22:19:08.9678760Z Created symlink /etc/systemd/system/sockets.target.wants/nix-daemon.socket → /nix/var/nix/profiles/default/lib/systemd/system/nix-daemon.socket.
2021-03-15T22:19:08.9680805Z Created symlink /etc/systemd/system/nix-daemon.socket → /nix/var/nix/profiles/default/lib/systemd/system/nix-daemon.socket.
2021-03-15T22:19:09.6584918Z [32mAlright! We're done!
2021-03-15T22:19:09.6617307Z [0m
2021-03-15T22:19:09.6620336Z Before Nix will work in your existing shells, you'll need to close
2021-03-15T22:19:09.6623965Z them and open them again. Other than that, you should be ready to go.
2021-03-15T22:19:09.6624564Z 
2021-03-15T22:19:09.6635317Z Try it! Open a new terminal, and type:
2021-03-15T22:19:09.6635776Z 
2021-03-15T22:19:09.6646418Z   $ nix-shell -p nix-info --run "nix-info -m"
2021-03-15T22:19:09.6654439Z 
2021-03-15T22:19:09.6678267Z Thank you for using this installer. If you have any feedback, don't
2021-03-15T22:19:09.6679033Z hesitate:
2021-03-15T22:19:09.6679496Z 
2021-03-15T22:19:09.6680835Z We'd love to help if you need it.
2021-03-15T22:19:09.6681332Z 
2021-03-15T22:19:09.6682087Z If you can, open an issue at https://github.com/nixos/nix/issues
2021-03-15T22:19:09.6682720Z 
2021-03-15T22:19:09.6683128Z Or feel free to contact the team,
2021-03-15T22:19:09.6684018Z  - on IRC #nixos on irc.freenode.net
2021-03-15T22:19:09.6684626Z  - on twitter @nixos_org
2021-03-15T22:19:09.7339921Z ##[group]Run nix-shell -p file sudo xxd --command 'file $(type -p sudo); nm --undefined $(type -p sudo); xxd -c 40 $(type -p sudo)'
2021-03-15T22:19:09.7341010Z [36;1mnix-shell -p file sudo xxd --command 'file $(type -p sudo); nm --undefined $(type -p sudo); xxd -c 40 $(type -p sudo)'[0m
2021-03-15T22:19:09.7399066Z shell: /usr/bin/bash -e {0}
2021-03-15T22:19:09.7399457Z env:
2021-03-15T22:19:09.7400100Z   NIX_PATH: nixpkgs=channel:nixos-unstable
2021-03-15T22:19:09.7401302Z ##[endgroup]
2021-03-15T22:19:10.6887749Z unpacking 'https://nixos.org/channels/nixos-unstable/nixexprs.tar.xz'...
2021-03-15T22:19:21.5398768Z these paths will be fetched (73.12 MiB download, 322.39 MiB unpacked):
2021-03-15T22:19:21.5400606Z   /nix/store/0cybwb4bqil654x46nnbhfg26lni4h5c-bzip2-1.0.6.0.1
2021-03-15T22:19:21.5402522Z   /nix/store/1srmyg1a8cxqwd0hd24rj6kw4lqd61yq-zlib-1.2.11
2021-03-15T22:19:21.5404410Z   /nix/store/39qygzkhcb9i684w3fhr2kkz5gmcyycd-gnutar-1.32
2021-03-15T22:19:21.5406019Z   /nix/store/3mx947xcmsyk79izqc8ifv31qafp80pc-gnugrep-3.6
2021-03-15T22:19:21.5407815Z   /nix/store/42rhxib7kw797wq8a715qyzfqakz8g36-acl-2.2.53
2021-03-15T22:19:21.5409042Z   /nix/store/49gllxpk2f3dcyx4q8cgj0w39p10s209-diffutils-3.7
2021-03-15T22:19:21.5410338Z   /nix/store/4clrialdn6i2w6gdsrbpy76qvgdq20vl-pcre-8.44
2021-03-15T22:19:21.5411728Z   /nix/store/6jwx4z1s0j3lf2mr7kyh7hxv4ld68jlr-linux-headers-5.11
2021-03-15T22:19:21.5413577Z   /nix/store/6vjmwq0nxsqm4skc8mrwif0zgy2gmn6r-stdenv-linux
2021-03-15T22:19:21.5416864Z   /nix/store/70qfzyc5hmvssj7d0dqkqhn827xwgmy3-findutils-4.7.0
2021-03-15T22:19:21.5418709Z   /nix/store/7dl1vj1nd0h2ik955wr84mz4aa9jrm02-bash-interactive-4.4-p23-man
2021-03-15T22:19:21.5420619Z   /nix/store/8636m44c0fvaf287arb9p4kw8wj8fjbs-bash-interactive-4.4-p23-info
2021-03-15T22:19:21.5422163Z   /nix/store/8nxvl94y69nsi0bc5glzakpmd1v755k2-xz-5.2.5
2021-03-15T22:19:21.5423995Z   /nix/store/8wbyyhschvbg0r3p6lh6vpvys6zk4ivc-bash-interactive-4.4-p23
2021-03-15T22:19:21.5425703Z   /nix/store/9f8rg2b4vsc3znvbn6hlk7fx7p3r2ny7-file-5.39
2021-03-15T22:19:21.5428605Z   /nix/store/a1rqznw74f3la8g3hwk31v9x0skl07wr-attr-2.4.48
2021-03-15T22:19:21.5431502Z   /nix/store/a2q8136fwwkvigxq3icyd70zllvw45lc-gnumake-4.3
2021-03-15T22:19:21.5433949Z   /nix/store/a8sjzh4lyd9fakbsvbi7gmpnfyasj7hy-libunistring-0.9.10
2021-03-15T22:19:21.5436551Z   /nix/store/am4r5prrmr0ydz3ksrn31wra293vsnz4-libidn2-2.3.0
2021-03-15T22:19:21.5438985Z   /nix/store/bap20qjfwfzl49zz11prqdyfdmq7w8ca-xz-5.2.5-bin
2021-03-15T22:19:21.5441697Z   /nix/store/bb59zsb4imiq6z6n203ic0plk7y5jiw2-ncurses-6.2
2021-03-15T22:19:21.5444296Z   /nix/store/bnpadh78k2qf3hshwapl5s51dj87yykp-gzip-1.10
2021-03-15T22:19:21.5481528Z   /nix/store/c5vi6ch7csx1250611l291jdl0d5m2ih-bash-interactive-4.4-p23-doc
2021-03-15T22:19:21.5483415Z   /nix/store/ca37d3qrydh0wpw40kswsx30j8dyzxh2-gcc-wrapper-10.2.0
2021-03-15T22:19:21.5485112Z   /nix/store/cp1sa3xxvl71cypiinw2c62i5s33chlr-binutils-2.35.1
2021-03-15T22:19:21.5486525Z   /nix/store/f7jzmxq9bpbxsg69cszx56mw14n115n5-bash-4.4-p23
2021-03-15T22:19:21.5487963Z   /nix/store/f8ahd6cxx9ia4fzdiyczmhcv3c2qmd42-glibc-2.32-37-dev
2021-03-15T22:19:21.5489451Z   /nix/store/hp8wcylqr14hrrpqap4wdrwzq092wfln-glibc-2.32-37
2021-03-15T22:19:21.5491195Z   /nix/store/jlyaypckqlapwqpck7jscs6qcdwg9bk3-binutils-wrapper-2.35.1
2021-03-15T22:19:21.5493144Z   /nix/store/k514dbajcp0wb32rnglvc940gldj549h-bzip2-1.0.6.0.1-bin
2021-03-15T22:19:21.5494599Z   /nix/store/kh9l9zpjxsdnx6zi91pk3yich8ivwii4-patch-2.7.6
2021-03-15T22:19:21.5496068Z   /nix/store/l8spvm6y3fs8sxingmcphy5nrrv0w8jy-readline-7.0p5
2021-03-15T22:19:21.5498062Z   /nix/store/mbxi7rhg9pj2mfnzr7dk9cd46xdhnrf9-glibc-2.32-37-bin
2021-03-15T22:19:21.5499570Z   /nix/store/n0516fv7vwjbl41nl4q58w9si80ab93i-gnused-4.8
2021-03-15T22:19:21.5500767Z   /nix/store/p5jc00ipp21348pyd0qxrr11qsqyv6l2-sudo-1.9.5p2
2021-03-15T22:19:21.5502119Z   /nix/store/p7gxzcp2jg84q6mr1pgynkql88mzpzaq-linux-pam-1.5.1
2021-03-15T22:19:21.5504172Z   /nix/store/qk4cc8p9sk3wmy2br54jk13kzw3jvcfs-expand-response-params
2021-03-15T22:19:21.5508063Z   /nix/store/sff4ggkj9wgxcldrnkwnxvasx09kba6p-ed-1.17
2021-03-15T22:19:21.5510844Z   /nix/store/sr0ci8f8pgby77fj4mpcl9bcgxji3676-gcc-10.2.0
2021-03-15T22:19:21.5512274Z   /nix/store/w21pgi6691202iafl0cnr7hk6wvvdz3n-coreutils-8.32
2021-03-15T22:19:21.5514076Z   /nix/store/wmwk5jp5a1gyc4gcs5c7wnacinibqp33-xxd-1003.1-2008
2021-03-15T22:19:21.5515815Z   /nix/store/xj242al7hq36baipvj2qdfwf7dljq31f-gawk-5.1.0
2021-03-15T22:19:21.5517106Z   /nix/store/y5faxai8f5kgnbyjbwkfvq86ic1awf63-db-4.8.30
2021-03-15T22:19:21.5518839Z   /nix/store/y5zmx57bnyaq5msklv7s6b2fmh9inb6h-vim-8.2.1522
2021-03-15T22:19:21.5520238Z   /nix/store/z5l2fm9byiz5yr82iznkv2rynr85ajnv-gcc-10.2.0-lib
2021-03-15T22:19:21.5522600Z   /nix/store/zbiyhpj0gk7c5kbqj4nh4c5zhscmxpg4-bash-interactive-4.4-p23-dev
2021-03-15T22:19:21.5524472Z   /nix/store/zrh1cskgv6kc8bh7hzfii14h2nck33qv-patchelf-0.12
2021-03-15T22:19:21.5553848Z copying path '/nix/store/c5vi6ch7csx1250611l291jdl0d5m2ih-bash-interactive-4.4-p23-doc' from 'https://cache.nixos.org'...
2021-03-15T22:19:21.5556898Z copying path '/nix/store/8636m44c0fvaf287arb9p4kw8wj8fjbs-bash-interactive-4.4-p23-info' from 'https://cache.nixos.org'...
2021-03-15T22:19:21.5921221Z copying path '/nix/store/7dl1vj1nd0h2ik955wr84mz4aa9jrm02-bash-interactive-4.4-p23-man' from 'https://cache.nixos.org'...
2021-03-15T22:19:21.6065557Z copying path '/nix/store/a8sjzh4lyd9fakbsvbi7gmpnfyasj7hy-libunistring-0.9.10' from 'https://cache.nixos.org'...
2021-03-15T22:19:21.6200712Z copying path '/nix/store/6jwx4z1s0j3lf2mr7kyh7hxv4ld68jlr-linux-headers-5.11' from 'https://cache.nixos.org'...
2021-03-15T22:19:21.6706626Z copying path '/nix/store/am4r5prrmr0ydz3ksrn31wra293vsnz4-libidn2-2.3.0' from 'https://cache.nixos.org'...
2021-03-15T22:19:21.6922076Z copying path '/nix/store/hp8wcylqr14hrrpqap4wdrwzq092wfln-glibc-2.32-37' from 'https://cache.nixos.org'...
2021-03-15T22:19:22.6282254Z copying path '/nix/store/a1rqznw74f3la8g3hwk31v9x0skl07wr-attr-2.4.48' from 'https://cache.nixos.org'...
2021-03-15T22:19:22.6286423Z copying path '/nix/store/f7jzmxq9bpbxsg69cszx56mw14n115n5-bash-4.4-p23' from 'https://cache.nixos.org'...
2021-03-15T22:19:22.6417186Z copying path '/nix/store/0cybwb4bqil654x46nnbhfg26lni4h5c-bzip2-1.0.6.0.1' from 'https://cache.nixos.org'...
2021-03-15T22:19:22.6552019Z copying path '/nix/store/42rhxib7kw797wq8a715qyzfqakz8g36-acl-2.2.53' from 'https://cache.nixos.org'...
2021-03-15T22:19:22.6697524Z copying path '/nix/store/k514dbajcp0wb32rnglvc940gldj549h-bzip2-1.0.6.0.1-bin' from 'https://cache.nixos.org'...
2021-03-15T22:19:22.6850929Z copying path '/nix/store/w21pgi6691202iafl0cnr7hk6wvvdz3n-coreutils-8.32' from 'https://cache.nixos.org'...
2021-03-15T22:19:22.6855286Z copying path '/nix/store/sff4ggkj9wgxcldrnkwnxvasx09kba6p-ed-1.17' from 'https://cache.nixos.org'...
2021-03-15T22:19:22.7044045Z copying path '/nix/store/qk4cc8p9sk3wmy2br54jk13kzw3jvcfs-expand-response-params' from 'https://cache.nixos.org'...
2021-03-15T22:19:22.7138908Z copying path '/nix/store/xj242al7hq36baipvj2qdfwf7dljq31f-gawk-5.1.0' from 'https://cache.nixos.org'...
2021-03-15T22:19:22.7826405Z copying path '/nix/store/z5l2fm9byiz5yr82iznkv2rynr85ajnv-gcc-10.2.0-lib' from 'https://cache.nixos.org'...
2021-03-15T22:19:22.7898571Z copying path '/nix/store/49gllxpk2f3dcyx4q8cgj0w39p10s209-diffutils-3.7' from 'https://cache.nixos.org'...
2021-03-15T22:19:22.8590197Z copying path '/nix/store/70qfzyc5hmvssj7d0dqkqhn827xwgmy3-findutils-4.7.0' from 'https://cache.nixos.org'...
2021-03-15T22:19:22.9266657Z copying path '/nix/store/mbxi7rhg9pj2mfnzr7dk9cd46xdhnrf9-glibc-2.32-37-bin' from 'https://cache.nixos.org'...
2021-03-15T22:19:22.9811359Z copying path '/nix/store/a2q8136fwwkvigxq3icyd70zllvw45lc-gnumake-4.3' from 'https://cache.nixos.org'...
2021-03-15T22:19:23.0268077Z copying path '/nix/store/y5faxai8f5kgnbyjbwkfvq86ic1awf63-db-4.8.30' from 'https://cache.nixos.org'...
2021-03-15T22:19:23.0321579Z copying path '/nix/store/f8ahd6cxx9ia4fzdiyczmhcv3c2qmd42-glibc-2.32-37-dev' from 'https://cache.nixos.org'...
2021-03-15T22:19:23.1410751Z copying path '/nix/store/n0516fv7vwjbl41nl4q58w9si80ab93i-gnused-4.8' from 'https://cache.nixos.org'...
2021-03-15T22:19:23.1849080Z copying path '/nix/store/39qygzkhcb9i684w3fhr2kkz5gmcyycd-gnutar-1.32' from 'https://cache.nixos.org'...
2021-03-15T22:19:23.2030768Z copying path '/nix/store/bnpadh78k2qf3hshwapl5s51dj87yykp-gzip-1.10' from 'https://cache.nixos.org'...
2021-03-15T22:19:23.2209939Z copying path '/nix/store/p7gxzcp2jg84q6mr1pgynkql88mzpzaq-linux-pam-1.5.1' from 'https://cache.nixos.org'...
2021-03-15T22:19:23.2875829Z copying path '/nix/store/bb59zsb4imiq6z6n203ic0plk7y5jiw2-ncurses-6.2' from 'https://cache.nixos.org'...
2021-03-15T22:19:23.2927024Z copying path '/nix/store/kh9l9zpjxsdnx6zi91pk3yich8ivwii4-patch-2.7.6' from 'https://cache.nixos.org'...
2021-03-15T22:19:23.3309895Z copying path '/nix/store/zrh1cskgv6kc8bh7hzfii14h2nck33qv-patchelf-0.12' from 'https://cache.nixos.org'...
2021-03-15T22:19:23.3499900Z copying path '/nix/store/4clrialdn6i2w6gdsrbpy76qvgdq20vl-pcre-8.44' from 'https://cache.nixos.org'...
2021-03-15T22:19:23.3827664Z copying path '/nix/store/p5jc00ipp21348pyd0qxrr11qsqyv6l2-sudo-1.9.5p2' from 'https://cache.nixos.org'...
2021-03-15T22:19:23.4706914Z copying path '/nix/store/3mx947xcmsyk79izqc8ifv31qafp80pc-gnugrep-3.6' from 'https://cache.nixos.org'...
2021-03-15T22:19:23.5466274Z copying path '/nix/store/l8spvm6y3fs8sxingmcphy5nrrv0w8jy-readline-7.0p5' from 'https://cache.nixos.org'...
2021-03-15T22:19:23.5654044Z copying path '/nix/store/y5zmx57bnyaq5msklv7s6b2fmh9inb6h-vim-8.2.1522' from 'https://cache.nixos.org'...
2021-03-15T22:19:23.5997810Z copying path '/nix/store/8wbyyhschvbg0r3p6lh6vpvys6zk4ivc-bash-interactive-4.4-p23' from 'https://cache.nixos.org'...
2021-03-15T22:19:23.7452633Z copying path '/nix/store/8nxvl94y69nsi0bc5glzakpmd1v755k2-xz-5.2.5' from 'https://cache.nixos.org'...
2021-03-15T22:19:24.9692132Z copying path '/nix/store/zbiyhpj0gk7c5kbqj4nh4c5zhscmxpg4-bash-interactive-4.4-p23-dev' from 'https://cache.nixos.org'...
2021-03-15T22:19:26.2259929Z copying path '/nix/store/bap20qjfwfzl49zz11prqdyfdmq7w8ca-xz-5.2.5-bin' from 'https://cache.nixos.org'...
2021-03-15T22:19:26.2422658Z copying path '/nix/store/1srmyg1a8cxqwd0hd24rj6kw4lqd61yq-zlib-1.2.11' from 'https://cache.nixos.org'...
2021-03-15T22:19:26.2578372Z copying path '/nix/store/cp1sa3xxvl71cypiinw2c62i5s33chlr-binutils-2.35.1' from 'https://cache.nixos.org'...
2021-03-15T22:19:26.3300900Z copying path '/nix/store/9f8rg2b4vsc3znvbn6hlk7fx7p3r2ny7-file-5.39' from 'https://cache.nixos.org'...
2021-03-15T22:19:26.7861947Z copying path '/nix/store/sr0ci8f8pgby77fj4mpcl9bcgxji3676-gcc-10.2.0' from 'https://cache.nixos.org'...
2021-03-15T22:19:27.0541575Z copying path '/nix/store/wmwk5jp5a1gyc4gcs5c7wnacinibqp33-xxd-1003.1-2008' from 'https://cache.nixos.org'...
2021-03-15T22:19:28.2477653Z copying path '/nix/store/jlyaypckqlapwqpck7jscs6qcdwg9bk3-binutils-wrapper-2.35.1' from 'https://cache.nixos.org'...
2021-03-15T22:19:32.1177383Z copying path '/nix/store/ca37d3qrydh0wpw40kswsx30j8dyzxh2-gcc-wrapper-10.2.0' from 'https://cache.nixos.org'...
2021-03-15T22:19:32.1288260Z copying path '/nix/store/6vjmwq0nxsqm4skc8mrwif0zgy2gmn6r-stdenv-linux' from 'https://cache.nixos.org'...
2021-03-15T22:19:32.3045974Z /nix/store/p5jc00ipp21348pyd0qxrr11qsqyv6l2-sudo-1.9.5p2/bin/sudo: ELF 64-bit LSB pie executable, x86-64, version 1 (SYSV), dynamically linked, interpreter /nix/store/hp8wcylqr14hrrpqap4wdrwzq092wfln-glibc-2.32-37/lib/ld-linux-x86-64.so.2, for GNU/Linux 2.6.32, not stripped
2021-03-15T22:19:32.3085490Z                  w _ITM_deregisterTMCloneTable
2021-03-15T22:19:32.3086412Z                  w _ITM_registerTMCloneTable
2021-03-15T22:19:32.3087579Z                  U __asprintf_chk@@GLIBC_2.8
2021-03-15T22:19:32.3088269Z                  U __assert_fail@@GLIBC_2.2.5
2021-03-15T22:19:32.3089143Z                  U __ctype_b_loc@@GLIBC_2.3
2021-03-15T22:19:32.3090297Z                  w __cxa_finalize@@GLIBC_2.2.5
2021-03-15T22:19:32.3091078Z                  U __errno_location@@GLIBC_2.2.5
2021-03-15T22:19:32.3091921Z                  U __explicit_bzero_chk@@GLIBC_2.25
2021-03-15T22:19:32.3092642Z                  U __fprintf_chk@@GLIBC_2.3.4
2021-03-15T22:19:32.3093244Z                  U __fxstat@@GLIBC_2.2.5
2021-03-15T22:19:32.3093791Z                  w __gmon_start__
2021-03-15T22:19:32.3094372Z                  U __libc_start_main@@GLIBC_2.2.5
2021-03-15T22:19:32.3094960Z                  U __printf_chk@@GLIBC_2.3.4
2021-03-15T22:19:32.3095580Z                  U __snprintf_chk@@GLIBC_2.3.4
2021-03-15T22:19:32.3096381Z                  U __stack_chk_fail@@GLIBC_2.4
2021-03-15T22:19:32.3097009Z                  U __strncpy_chk@@GLIBC_2.3.4
2021-03-15T22:19:32.3097600Z                  U __vfprintf_chk@@GLIBC_2.3.4
2021-03-15T22:19:32.3098180Z                  U __xstat@@GLIBC_2.2.5
2021-03-15T22:19:32.3098932Z                  U _exit@@GLIBC_2.2.5
2021-03-15T22:19:32.3099520Z                  U access@@GLIBC_2.2.5
2021-03-15T22:19:32.3100346Z                  U alarm@@GLIBC_2.2.5
2021-03-15T22:19:32.3100986Z                  U bindtextdomain@@GLIBC_2.2.5
2021-03-15T22:19:32.3101642Z                  U calloc@@GLIBC_2.2.5
2021-03-15T22:19:32.3102377Z                  U chdir@@GLIBC_2.2.5
2021-03-15T22:19:32.3111433Z                  U chown@@GLIBC_2.2.5
2021-03-15T22:19:32.3111847Z                  U chroot@@GLIBC_2.2.5
2021-03-15T22:19:32.3112262Z                  U close@@GLIBC_2.2.5
2021-03-15T22:19:32.3112682Z                  U dcgettext@@GLIBC_2.2.5
2021-03-15T22:19:32.3113124Z                  U dup2@@GLIBC_2.2.5
2021-03-15T22:19:32.3113511Z                  U dup3@@GLIBC_2.9
2021-03-15T22:19:32.3113909Z                  U dup@@GLIBC_2.2.5
2021-03-15T22:19:32.3114465Z                  U endutxent@@GLIBC_2.2.5
2021-03-15T22:19:32.3114845Z                  U execl@@GLIBC_2.2.5
2021-03-15T22:19:32.3115292Z                  U execve@@GLIBC_2.2.5
2021-03-15T22:19:32.3115649Z                  U exit@@GLIBC_2.2.5
2021-03-15T22:19:32.3116028Z                  U faccessat@@GLIBC_2.4
2021-03-15T22:19:32.3116407Z                  U fclose@@GLIBC_2.2.5
2021-03-15T22:19:32.3116775Z                  U fcntl@@GLIBC_2.2.5
2021-03-15T22:19:32.3117143Z                  U fexecve@@GLIBC_2.2.5
2021-03-15T22:19:32.3117511Z                  U fflush@@GLIBC_2.2.5
2021-03-15T22:19:32.3117889Z                  U fgets@@GLIBC_2.2.5
2021-03-15T22:19:32.3118245Z                  U fileno@@GLIBC_2.2.5
2021-03-15T22:19:32.3118623Z                  U fopen@@GLIBC_2.2.5
2021-03-15T22:19:32.3118987Z                  U fputs@@GLIBC_2.2.5
2021-03-15T22:19:32.3121175Z                  U free@@GLIBC_2.2.5
2021-03-15T22:19:32.3121572Z                  U freeifaddrs@@GLIBC_2.3
2021-03-15T22:19:32.3121993Z                  U ftruncate@@GLIBC_2.2.5
2021-03-15T22:19:32.3123170Z                  U futimens@@GLIBC_2.6
2021-03-15T22:19:32.3124413Z                  U fwrite@@GLIBC_2.2.5
2021-03-15T22:19:32.3125653Z                  U getcwd@@GLIBC_2.2.5
2021-03-15T22:19:32.3139207Z                  U getegid@@GLIBC_2.2.5
2021-03-15T22:19:32.3139638Z                  U geteuid@@GLIBC_2.2.5
2021-03-15T22:19:32.3140009Z                  U getgid@@GLIBC_2.2.5
2021-03-15T22:19:32.3140398Z                  U getgrnam@@GLIBC_2.2.5
2021-03-15T22:19:32.3140789Z                  U getgroups@@GLIBC_2.2.5
2021-03-15T22:19:32.3141186Z                  U getifaddrs@@GLIBC_2.3
2021-03-15T22:19:32.3141600Z                  U getopt_long@@GLIBC_2.2.5
2021-03-15T22:19:32.3141982Z                  U getpgid@@GLIBC_2.2.5
2021-03-15T22:19:32.3142381Z                  U getpgrp@@GLIBC_2.2.5
2021-03-15T22:19:32.3142749Z                  U getpid@@GLIBC_2.2.5
2021-03-15T22:19:32.3143323Z                  U getppid@@GLIBC_2.2.5
2021-03-15T22:19:32.3144460Z                  U getpwnam@@GLIBC_2.2.5
2021-03-15T22:19:32.3144874Z                  U getpwuid@@GLIBC_2.2.5
2021-03-15T22:19:32.3145287Z                  U getrlimit@@GLIBC_2.2.5
2021-03-15T22:19:32.3145827Z                  U getsid@@GLIBC_2.2.5
2021-03-15T22:19:32.3146371Z                  U gettimeofday@@GLIBC_2.2.5
2021-03-15T22:19:32.3146823Z                  U getuid@@GLIBC_2.2.5
2021-03-15T22:19:32.3147401Z                  U getutxline@@GLIBC_2.2.5
2021-03-15T22:19:32.3147809Z                  U inet_ntop@@GLIBC_2.2.5
2021-03-15T22:19:32.3148224Z                  U initprogname2
2021-03-15T22:19:32.3148611Z                  U ioctl@@GLIBC_2.2.5
2021-03-15T22:19:32.3148991Z                  U isatty@@GLIBC_2.2.5
2021-03-15T22:19:32.3149350Z                  U kill@@GLIBC_2.2.5
2021-03-15T22:19:32.3149838Z                  U killpg@@GLIBC_2.2.5
2021-03-15T22:19:32.3150364Z                  U lseek@@GLIBC_2.2.5
2021-03-15T22:19:32.3150717Z                  U malloc@@GLIBC_2.2.5
2021-03-15T22:19:32.3151086Z                  U memchr@@GLIBC_2.2.5
2021-03-15T22:19:32.3151450Z                  U memcmp@@GLIBC_2.2.5
2021-03-15T22:19:32.3151840Z                  U memcpy@@GLIBC_2.14
2021-03-15T22:19:32.3152216Z                  U mkstemps@@GLIBC_2.11
2021-03-15T22:19:32.3152637Z                  U nanosleep@@GLIBC_2.2.5
2021-03-15T22:19:32.3153019Z                  U open@@GLIBC_2.2.5
2021-03-15T22:19:32.3153382Z                  U openat@@GLIBC_2.4
2021-03-15T22:19:32.3153771Z                  U openpty@@GLIBC_2.2.5
2021-03-15T22:19:32.3154139Z                  U pipe2@@GLIBC_2.9
2021-03-15T22:19:32.3154509Z                  U prctl@@GLIBC_2.2.5
2021-03-15T22:19:32.3154892Z                  U pututxline@@GLIBC_2.2.5
2021-03-15T22:19:32.3155457Z                  U read@@GLIBC_2.2.5
2021-03-15T22:19:32.3155842Z                  U reallocarray@@GLIBC_2.26
2021-03-15T22:19:32.3156415Z                  U recv@@GLIBC_2.2.5
2021-03-15T22:19:32.3156946Z                  U send@@GLIBC_2.2.5
2021-03-15T22:19:32.3157709Z                  U setegid@@GLIBC_2.2.5
2021-03-15T22:19:32.3158163Z                  U seteuid@@GLIBC_2.2.5
2021-03-15T22:19:32.3158587Z                  U setgid@@GLIBC_2.2.5
2021-03-15T22:19:32.3159047Z                  U setlocale@@GLIBC_2.2.5
2021-03-15T22:19:32.3159537Z                  U setpgid@@GLIBC_2.2.5
2021-03-15T22:19:32.3160013Z                  U setpriority@@GLIBC_2.2.5
2021-03-15T22:19:32.3160480Z                  U setresuid@@GLIBC_2.2.5
2021-03-15T22:19:32.3160933Z                  U setrlimit@@GLIBC_2.2.5
2021-03-15T22:19:32.3161832Z                  U setsid@@GLIBC_2.2.5
2021-03-15T22:19:32.3162189Z                  U setuid@@GLIBC_2.2.5
2021-03-15T22:19:32.3162647Z                  U setutxent@@GLIBC_2.2.5
2021-03-15T22:19:32.3163077Z                  U sigaction@@GLIBC_2.2.5
2021-03-15T22:19:32.3164774Z                  U sigaddset@@GLIBC_2.2.5
2021-03-15T22:19:32.3165228Z                  U sigemptyset@@GLIBC_2.2.5
2021-03-15T22:19:32.3165698Z                  U sigfillset@@GLIBC_2.2.5
2021-03-15T22:19:32.3166137Z                  U sigprocmask@@GLIBC_2.2.5
2021-03-15T22:19:32.3166553Z                  U sleep@@GLIBC_2.2.5
2021-03-15T22:19:32.3167260Z                  U socketpair@@GLIBC_2.2.5
2021-03-15T22:19:32.3167839Z                  U strchr@@GLIBC_2.2.5
2021-03-15T22:19:32.3168408Z                  U strcmp@@GLIBC_2.2.5
2021-03-15T22:19:32.3168780Z                  U strdup@@GLIBC_2.2.5
2021-03-15T22:19:32.3169177Z                  U strerror@@GLIBC_2.2.5
2021-03-15T22:19:32.3169745Z                  U strlen@@GLIBC_2.2.5
2021-03-15T22:19:32.3170142Z                  U strncmp@@GLIBC_2.2.5
2021-03-15T22:19:32.3170559Z                  U strncpy@@GLIBC_2.2.5
2021-03-15T22:19:32.3170956Z                  U strrchr@@GLIBC_2.2.5
2021-03-15T22:19:32.3171373Z                  U strspn@@GLIBC_2.2.5
2021-03-15T22:19:32.3171762Z                  U strtok_r@@GLIBC_2.2.5
2021-03-15T22:19:32.3172159Z                  U strtol@@GLIBC_2.2.5
2021-03-15T22:19:32.3172545Z                  U sudo_closefrom
2021-03-15T22:19:32.3173368Z                  U sudo_conf_askpass_path_v1
2021-03-15T22:19:32.3174302Z                  U sudo_conf_debug_files_v1
2021-03-15T22:19:32.3175016Z                  U sudo_conf_developer_mode_v1
2021-03-15T22:19:32.3175679Z                  U sudo_conf_disable_coredump_v1
2021-03-15T22:19:32.3176701Z                  U sudo_conf_group_source_v1
2021-03-15T22:19:32.3177380Z                  U sudo_conf_max_groups_v1
2021-03-15T22:19:32.3178049Z                  U sudo_conf_noexec_path_v1
2021-03-15T22:19:32.3178551Z                  U sudo_conf_plugin_dir_path_v1
2021-03-15T22:19:32.3179013Z                  U sudo_conf_plugins_v1
2021-03-15T22:19:32.3179494Z                  U sudo_conf_probe_interfaces_v1
2021-03-15T22:19:32.3180014Z                  U sudo_conf_read_v1
2021-03-15T22:19:32.3180544Z                  U sudo_debug_enter_v1
2021-03-15T22:19:32.3181172Z                  U sudo_debug_execve2_v1
2021-03-15T22:19:32.3181745Z                  U sudo_debug_exit_bool_v1
2021-03-15T22:19:32.3182157Z                  U sudo_debug_exit_int_v1
2021-03-15T22:19:32.3182551Z                  U sudo_debug_exit_ptr_v1
2021-03-15T22:19:32.3182977Z                  U sudo_debug_exit_str_masked_v1
2021-03-15T22:19:32.3183565Z                  U sudo_debug_exit_str_v1
2021-03-15T22:19:32.3183962Z                  U sudo_debug_exit_v1
2021-03-15T22:19:32.3184368Z                  U sudo_debug_fork_v1
2021-03-15T22:19:32.3184808Z                  U sudo_debug_get_active_instance_v1
2021-03-15T22:19:32.3185266Z                  U sudo_debug_get_fds_v1
2021-03-15T22:19:32.3185665Z                  U sudo_debug_printf2_v1
2021-03-15T22:19:32.3186158Z                  U sudo_debug_register_v1
2021-03-15T22:19:32.3186611Z                  U sudo_debug_set_active_instance_v1
2021-03-15T22:19:32.3187067Z                  U sudo_debug_update_fd_v1
2021-03-15T22:19:32.3187476Z                  U sudo_dso_findsym_v1
2021-03-15T22:19:32.3187844Z                  U sudo_dso_load_v1
2021-03-15T22:19:32.3188238Z                  U sudo_dso_strerror_v1
2021-03-15T22:19:32.3189007Z                  U sudo_dso_unload_v1
2021-03-15T22:19:32.3189760Z                  U sudo_ev_add_v2
2021-03-15T22:19:32.3190149Z                  U sudo_ev_alloc_v1
2021-03-15T22:19:32.3190568Z                  U sudo_ev_base_alloc_v1
2021-03-15T22:19:32.3191017Z                  U sudo_ev_base_free_v1
2021-03-15T22:19:32.3191788Z                  U sudo_ev_base_setdef_v1
2021-03-15T22:19:32.3192178Z                  U sudo_ev_del_v1
2021-03-15T22:19:32.3192732Z                  U sudo_ev_dispatch_v1
2021-03-15T22:19:32.3193141Z                  U sudo_ev_free_v1
2021-03-15T22:19:32.3193698Z                  U sudo_ev_got_break_v1
2021-03-15T22:19:32.3194075Z                  U sudo_ev_got_exit_v1
2021-03-15T22:19:32.3194464Z                  U sudo_ev_loop_v1
2021-03-15T22:19:32.3194844Z                  U sudo_ev_loopbreak_v1
2021-03-15T22:19:32.3195287Z                  U sudo_ev_loopcontinue_v1
2021-03-15T22:19:32.3195708Z                  U sudo_ev_loopexit_v1
2021-03-15T22:19:32.3196116Z                  U sudo_ev_pending_v1
2021-03-15T22:19:32.3196484Z                  U sudo_ev_set_v1
2021-03-15T22:19:32.3196913Z                  U sudo_fatal_callback_register_v1
2021-03-15T22:19:32.3197356Z                  U sudo_fatal_nodebug_v1
2021-03-15T22:19:32.3211249Z                  U sudo_fatalx_nodebug_v1
2021-03-15T22:19:32.3211664Z                  U sudo_freezero
2021-03-15T22:19:32.3212046Z                  U sudo_get_ttysize_v1
2021-03-15T22:19:32.3212483Z                  U sudo_getgrouplist2_v1
2021-03-15T22:19:32.3212921Z                  U sudo_gethostname_v1
2021-03-15T22:19:32.3213348Z                  U sudo_getprogname
2021-03-15T22:19:32.3213752Z                  U sudo_gettime_real_v1
2021-03-15T22:19:32.3214163Z                  U sudo_lbuf_append_v1
2021-03-15T22:19:32.3214570Z                  U sudo_lbuf_destroy_v1
2021-03-15T22:19:32.3214946Z                  U sudo_lbuf_init_v1
2021-03-15T22:19:32.3215330Z                  U sudo_lbuf_print_v1
2021-03-15T22:19:32.3215703Z                  U sudo_new_key_val_v1
2021-03-15T22:19:32.3216091Z                  U sudo_parse_gids_v1
2021-03-15T22:19:32.3216453Z                  U sudo_pw_dup
2021-03-15T22:19:32.3216995Z                  U sudo_setgroups_v1
2021-03-15T22:19:32.3217516Z                  U sudo_sig2str
2021-03-15T22:19:32.3218069Z                  U sudo_strlcpy
2021-03-15T22:19:32.3218447Z                  U sudo_strsplit_v1
2021-03-15T22:19:32.3218830Z                  U sudo_strtobool_v1
2021-03-15T22:19:32.3219219Z                  U sudo_strtoid_v2
2021-03-15T22:19:32.3219596Z                  U sudo_strtomode_v1
2021-03-15T22:19:32.3220132Z                  U sudo_strtonum
2021-03-15T22:19:32.3220508Z                  U sudo_term_cbreak_v1
2021-03-15T22:19:32.3221144Z                  U sudo_term_copy_v1
2021-03-15T22:19:32.3221513Z                  U sudo_term_noecho_v1
2021-03-15T22:19:32.3221887Z                  U sudo_term_raw_v1
2021-03-15T22:19:32.3222257Z                  U sudo_term_restore_v1
2021-03-15T22:19:32.3222653Z                  U sudo_ttyname_dev_v1
2021-03-15T22:19:32.3223250Z                  U sudo_warn_gettext_v1
2021-03-15T22:19:32.3223645Z                  U sudo_warn_nodebug_v1
2021-03-15T22:19:32.3224091Z                  U sudo_warn_set_conversation_v1
2021-03-15T22:19:32.3224518Z                  U sudo_warnx_nodebug_v1
2021-03-15T22:19:32.3224913Z                  U sysconf@@GLIBC_2.2.5
2021-03-15T22:19:32.3225296Z                  U tcgetpgrp@@GLIBC_2.2.5
2021-03-15T22:19:32.3225710Z                  U tcsetpgrp@@GLIBC_2.2.5
2021-03-15T22:19:32.3226112Z                  U textdomain@@GLIBC_2.2.5
2021-03-15T22:19:32.3226487Z                  U tzset@@GLIBC_2.2.5
2021-03-15T22:19:32.3226855Z                  U umask@@GLIBC_2.2.5
2021-03-15T22:19:32.3227208Z                  U unlink@@GLIBC_2.2.5
2021-03-15T22:19:32.3227595Z                  U utimensat@@GLIBC_2.6
2021-03-15T22:19:32.3227976Z                  U waitpid@@GLIBC_2.2.5
2021-03-15T22:19:32.3228829Z                  U write@@GLIBC_2.2.5
2021-03-15T22:19:32.3229361Z 00000000: 7f45 4c46 0201 0100 0000 0000 0000 0000 0300 3e00 0100 0000 1083 0000 0000 0000 4000 0000 0000 0000  .ELF..............>.............@.......
2021-03-15T22:19:32.3229936Z 00000028: c0eb 0200 0000 0000 0000 0000 4000 3800 0b00 4000 1d00 1c00 0600 0000 0400 0000 4000 0000 0000 0000  ............@.8...@.............@.......
2021-03-15T22:19:32.3230459Z 00000050: 4000 0000 0000 0000 4000 0000 0000 0000 6802 0000 0000 0000 6802 0000 0000 0000 0800 0000 0000 0000  @.......@.......h.......h...............
2021-03-15T22:19:32.3230986Z 00000078: 0300 0000 0400 0000 a802 0000 0000 0000 a802 0000 0000 0000 a802 0000 0000 0000 5300 0000 0000 0000  ................................S.......
2021-03-15T22:19:32.3231509Z 000000a0: 5300 0000 0000 0000 0100 0000 0000 0000 0100 0000 0400 0000 0000 0000 0000 0000 0000 0000 0000 0000  S.......................................
2021-03-15T22:19:32.3232254Z 000000c8: 0000 0000 0000 0000 484b 0000 0000 0000 484b 0000 0000 0000 0010 0000 0000 0000 0100 0000 0500 0000  ........HK......HK......................
2021-03-15T22:19:32.3233408Z 000000f0: 0050 0000 0000 0000 0050 0000 0000 0000 0050 0000 0000 0000 fd9a 0100 0000 0000 fd9a 0100 0000 0000  .P.......P.......P......................
2021-03-15T22:19:32.3233931Z 00000118: 0010 0000 0000 0000 0100 0000 0400 0000 00f0 0100 0000 0000 00f0 0100 0000 0000 00f0 0100 0000 0000  ........................................
2021-03-15T22:19:32.3234414Z 00000140: b877 0000 0000 0000 b877 0000 0000 0000 0010 0000 0000 0000 0100 0000 0600 0000 f076 0200 0000 0000  .w.......w.......................v......
2021-03-15T22:19:32.3234939Z 00000168: f086 0200 0000 0000 f086 0200 0000 0000 701a 0000 0000 0000 5838 0000 0000 0000 0010 0000 0000 0000  ................p.......X8..............
2021-03-15T22:19:32.3235588Z 00000190: 0200 0000 0600 0000 0077 0200 0000 0000 0087 0200 0000 0000 0087 0200 0000 0000 5002 0000 0000 0000  .........w......................P.......
2021-03-15T22:19:32.3236066Z 000001b8: 5002 0000 0000 0000 0800 0000 0000 0000 0400 0000 0400 0000 fc02 0000 0000 0000 fc02 0000 0000 0000  P.......................................
2021-03-15T22:19:32.3236666Z 000001e0: fc02 0000 0000 0000 2000 0000 0000 0000 2000 0000 0000 0000 0400 0000 0000 0000 50e5 7464 0400 0000  ........ ....... ...............P.td....
2021-03-15T22:19:32.3237169Z 00000208: 2c38 0200 0000 0000 2c38 0200 0000 0000 2c38 0200 0000 0000 8c04 0000 0000 0000 8c04 0000 0000 0000  ,8......,8......,8......................
2021-03-15T22:19:32.3237638Z 00000230: 0400 0000 0000 0000 51e5 7464 0600 0000 0000 0000 0000 0000 0000 0000 0000 0000 0000 0000 0000 0000  ........Q.td............................
2021-03-15T22:19:32.3238139Z 00000258: 0000 0000 0000 0000 0000 0000 0000 0000 1000 0000 0000 0000 52e5 7464 0400 0000 f076 0200 0000 0000  ........................R.td.....v......
2021-03-15T22:19:32.3238680Z 00000280: f086 0200 0000 0000 f086 0200 0000 0000 1009 0000 0000 0000 1009 0000 0000 0000 0100 0000 0000 0000  ........................................
2021-03-15T22:19:32.3239349Z 000002a8: 2f6e 6978 2f73 746f 7265 2f68 7038 7763 796c 7172 3134 6872 7270 7161 7034 7764 7277 7a71 3039 3277  /nix/store/hp8wcylqr14hrrpqap4wdrwzq092w
2021-03-15T22:19:32.3240742Z 000002d0: 666c 6e2d 676c 6962 632d 322e 3332 2d33 372f 6c69 622f 6c64 2d6c 696e 7578 2d78 3836 2d36 342e 736f  fln-glibc-2.32-37/lib/ld-linux-x86-64.so
2021-03-15T22:19:32.3241415Z 000002f8: 2e32 0000 0400 0000 1000 0000 0100 0000 474e 5500 0000 0000 0200 0000 0600 0000 2000 0000 0000 0000  .2..............GNU............. .......
2021-03-15T22:19:32.3241896Z 00000320: c500 0000 e300 0000 3000 0000 0000 0000 0000 0000 2c00 0000 4100 0000 0000 0000 0000 0000 bb00 0000  ........0...........,...A...............
2021-03-15T22:19:32.3242383Z 00000348: ba00 0000 3300 0000 a500 0000 b600 0000 0000 0000 0000 0000 0000 0000 5200 0000 d200 0000 0000 0000  ....3.......................R...........
2021-03-15T22:19:32.3243011Z 00000370: 0000 0000 c000 0000 0000 0000 9000 0000 a400 0000 9700 0000 8100 0000 0000 0000 b700 0000 0000 0000  ........................................
2021-03-15T22:19:32.3243496Z 00000398: d300 0000 ac00 0000 0000 0000 9200 0000 5900 0000 1400 0000 0000 0000 2b00 0000 8f00 0000 0000 0000  ................Y...........+...........
2021-03-15T22:19:32.3243987Z 000003c0: b900 0000 6b00 0000 a800 0000 e000 0000 8000 0000 2200 0000 0000 0000 0000 0000 c100 0000 6600 0000  ....k..............."...............f...
2021-03-15T22:19:32.3244490Z 000003e8: 0000 0000 0000 0000 9300 0000 1c00 0000 db00 0000 0000 0000 d600 0000 4400 0000 0800 0000 0000 0000  ............................D...........
2021-03-15T22:19:32.3244957Z 00000410: 0000 0000 7c00 0000 a700 0000 a100 0000 3800 0000 9f00 0000 0000 0000 1700 0000 0000 0000 0000 0000  ....|...........8.......................
2021-03-15T22:19:32.3245436Z 00000438: b300 0000 9a00 0000 2100 0000 d900 0000 0000 0000 0000 0000 0000 0000 4c00 0000 0000 0000 4000 0000  ........!...................L.......@...
2021-03-15T22:19:32.3245921Z 00000460: 0000 0000 0300 0000 0000 0000 0000 0000 b500 0000 ce00 0000 8e00 0000 8900 0000 0000 0000 cd00 0000  ........................................
2021-03-15T22:19:32.3246722Z 00000488: 6e00 0000 bd00 0000 0000 0000 0000 0000 c500 0000 0000 0000 2900 0000 9800 0000 c600 0000 2d00 0000  n.......................)...........-...
2021-03-15T22:19:32.3247636Z 000004b0: 7200 0000 c300 0000 0000 0000 0000 0000 8a00 0000 ca00 0000 0000 0000 9e00 0000 d000 0000 0000 0000  r.......................................
2021-03-15T22:19:32.3248143Z 000004d8: b800 0000 6300 0000 b000 0000 1d00 0000 9900 0000 c700 0000 6100 0000 2600 0000 6f00 0000 0000 0000  ....c...................a...&...o.......
2021-03-15T22:19:32.3248659Z 00000500: cb00 0000 ae00 0000 3f00 0000 d100 0000 0000 0000 0000 0000 b100 0000 8800 0000 8600 0000 6800 0000  ........?...........................h...
2021-03-15T22:19:32.3249327Z 00000528: 0000 0000 dc00 0000 7a00 0000 9c00 0000 0000 0000 8300 0000 0000 0000 0000 0000 1300 0000 1100 0000  ........z...............................
2021-03-15T22:19:32.3250163Z 00000550: 0000 0000 9500 0000 0000 0000 2800 0000 d700 0000 dd00 0000 c200 0000 4d00 0000 5d00 0000 e100 0000  ............(...............M...].......
2021-03-15T22:19:32.3250721Z 00000578: 0000 0000 3a00 0000 b200 0000 e200 0000 8400 0000 0000 0000 0000 0000 8500 0000 0400 0000 0000 0000  ....:...................................
2021-03-15T22:19:32.3251220Z 000005a0: df00 0000 0000 0000 0000 0000 0000 0000 a900 0000 4800 0000 cf00 0000 a600 0000 0000 0000 8c00 0000  ....................H...................
2021-03-15T22:19:32.3251905Z 000005c8: 5400 0000 0000 0000 3700 0000 0000 0000 a200 0000 9d00 0000 af00 0000 4500 0000 de00 0000 0000 0000  T.......7...................E...........
2021-03-15T22:19:32.3252535Z 000005f0: 4f00 0000 8d00 0000 c400 0000 6d00 0000 5c00 0000 cc00 0000 b400 0000 7600 0000 0000 0000 7b00 0000  O...........m...\...........v.......{...
2021-03-15T22:19:32.3253217Z 00000618: a000 0000 0000 0000 5e00 0000 7e00 0000 c900 0000 3e00 0000 a300 0000 5000 0000 0000 0000 0000 0000  ........^...~.......>.......P...........
2021-03-15T22:19:32.3253683Z 00000640: 0000 0000 0000 0000 0000 0000 0000 0000 0000 0000 0000 0000 0000 0000 0000 0000 0000 0000 0000 0000  ........................................
2021-03-15T22:19:32.3254089Z 00000668: 0000 0000 0000 0000 0000 0000 0000 0000 0000 0000 0600 0000 0000 0000 0000 0000 0000 0000 0000 0000  ........................................
2021-03-15T22:19:32.3254510Z 00000690: 0000 0000 0000 0000 0000 0000 0000 0000 0000 0000 0000 0000 0000 0000 0000 0000 0000 0000 0000 0000  ........................................
2021-03-15T22:19:32.3254924Z 000006b8: 0000 0000 0000 0000 1200 0000 0000 0000 0000 0000 0000 0000 0c00 0000 0000 0000 0000 0000 0000 0000  ........................................
2021-03-15T22:19:32.3255370Z 000006e0: 0e00 0000 0000 0000 0000 0000 0000 0000 0000 0000 0000 0000 2500 0000 0000 0000 1a00 0000 0000 0000  ........................%...............
2021-03-15T22:19:32.3255800Z 00000708: 2000 0000 0000 0000 1e00 0000 0000 0000 0000 0000 0000 0000 0000 0000 2f00 0000 0000 0000 0000 0000   .........................../...........
2021-03-15T22:19:32.3256238Z 00000730: 0000 0000 0000 0000 0000 0000 1f00 0000 0000 0000 0000 0000 0000 0000 0000 0000 0b00 0000 0000 0000  ........................................
2021-03-15T22:19:32.3256649Z 00000758: 0000 0000 2400 0000 0000 0000 0000 0000 0000 0000 0000 0000 0000 0000 0000 0000 0000 0000 0000 0000  ....$...................................
2021-03-15T22:19:32.3257105Z 00000780: 3600 0000 4700 0000 0000 0000 5100 0000 0000 0000 0000 0000 0000 0000 0500 0000 0700 0000 4200 0000  6...G.......Q.......................B...
2021-03-15T22:19:32.3257555Z 000007a8: 0000 0000 0000 0000 0000 0000 3100 0000 0000 0000 4300 0000 3900 0000 3500 0000 0000 0000 0000 0000  ............1.......C...9...5...........
2021-03-15T22:19:32.3258047Z 000007d0: 0000 0000 5300 0000 5500 0000 0000 0000 6400 0000 0000 0000 0000 0000 d400 0000 0000 0000 3200 0000  ....S...U.......d...................2...
2021-03-15T22:19:32.3258551Z 000007f8: 6a00 0000 0000 0000 3b00 0000 1000 0000 0000 0000 0000 0000 6500 0000 7000 0000 0000 0000 d500 0000  j.......;...............e...p...........
2021-03-15T22:19:32.3259060Z 00000820: 1b00 0000 7500 0000 da00 0000 0000 0000 7800 0000 6900 0000 0000 0000 0000 0000 0000 0000 0000 0000  ....u...........x...i...................
2021-03-15T22:19:32.3259535Z 00000848: 7900 0000 0000 0000 0000 0000 7300 0000 2a00 0000 0100 0000 0000 0000 0000 0000 0000 0000 7f00 0000  y...........s...*.......................
2021-03-15T22:19:32.3260004Z 00000870: 5600 0000 5a00 0000 0000 0000 0000 0000 0000 0000 0000 0000 6000 0000 0000 0000 0000 0000 0000 0000  V...Z...................`...............
2021-03-15T22:19:32.3260469Z 00000898: 0000 0000 5f00 0000 7100 0000 0000 0000 d800 0000 0200 0000 3c00 0000 9600 0000 0000 0000 4e00 0000  ...._...q...............<...........N...
2021-03-15T22:19:32.3261268Z 000008c0: 0000 0000 4a00 0000 2700 0000 7700 0000 0000 0000 9b00 0000 0000 0000 8b00 0000 1900 0000 0000 0000  ....J...'...w...........................
2021-03-15T22:19:32.3261833Z 000008e8: 0a00 0000 7400 0000 7d00 0000 0000 0000 0000 0000 ad00 0000 5800 0000 2300 0000 8200 0000 5b00 0000  ....t...}...............X...#.......[...
2021-03-15T22:19:32.3262331Z 00000910: 1600 0000 0000 0000 0900 0000 ab00 0000 0d00 0000 0000 0000 0000 0000 4900 0000 0000 0000 6c00 0000  ............................I.......l...
2021-03-15T22:19:32.3262807Z 00000938: 4b00 0000 9100 0000 6700 0000 0000 0000 aa00 0000 bc00 0000 3d00 0000 0f00 0000 0000 0000 9400 0000  K.......g...............=...............
2021-03-15T22:19:32.3266277Z 00000960: 0000 0000 0000 0000 bf00 0000 2e00 0000 0000 0000 0000 0000 8700 0000 c800 0000 0000 0000 4600 0000  ....................................F...
2021-03-15T22:19:32.3267614Z 00000988: 0000 0000 0000 0000 0000 0000 0000 0000 0000 0000 0000 0000 5700 0000 1800 0000 0000 0000 6200 0000  ........................W...........b...
2021-03-15T22:19:32.3268416Z 000009b0: 0000 0000 1500 0000 0000 0000 0000 0000 3400 0000 be00 0000 0300 0000 d300 0000 0200 0000 0700 0000  ................4.......................
2021-03-15T22:19:32.3269206Z 000009d8: 2601 0100 5041 2c2e 3008 0900 8014 0800 d300 0000 da00 0000 df00 0000 281d 8c1c 3cf3 f59c ae60 87ff  &...PA,.0...................(...<....`..
2021-03-15T22:19:32.3270022Z 00000a00: c489 0590 a6dd a36b 823e dfad d165 ce6d 6655 6110 a63d 5f69 90ba 4405 c4b9 9c40 39f2 8b1c 32c4 f712  .......k.>...e.mfUa..=_i..D....@9...2...
2021-03-15T22:19:32.3270840Z 00000a28: 3a48 851b b2a2 f712 6756 a715 0000 0000 0000 0000 0000 0000 0000 0000 0000 0000 0000 0000 0000 0000  :H......gV..............................
2021-03-15T22:19:32.3271522Z 00000a50: 980a 0000 1200 0000 0000 0000 0000 0000 0000 0000 0000 0000 d107 0000 1200 0000 0000 0000 0000 0000  ........................................
2021-03-15T22:19:32.3271986Z 00000a78: 0000 0000 0000 0000 e307 0000 1200 0000 0000 0000 0000 0000 0000 0000 0000 0000 b209 0000 1200 0000  ........................................
2021-03-15T22:19:32.3272449Z 00000aa0: 0000 0000 0000 0000 0000 0000 0000 0000 6a0b 0000 1200 0000 0000 0000 0000 0000 0000 0000 0000 0000  ................j.......................
2021-03-15T22:19:32.3273121Z 00000ac8: f504 0000 1200 0000 0000 0000 0000 0000 0000 0000 0000 0000 3507 0000 1200 0000 0000 0000 0000 0000  ........................5...............
2021-03-15T22:19:32.3273586Z 00000af0: 0000 0000 0000 0000 3d05 0000 1200 0000 0000 0000 0000 0000 0000 0000 0000 0000 ae00 0000 1200 0000  ........=...............................
2021-03-15T22:19:32.3274255Z 00000b18: 0000 0000 0000 0000 0000 0000 0000 0000 ab08 0000 1200 0000 0000 0000 0000 0000 0000 0000 0000 0000  ........................................
2021-03-15T22:19:32.3274740Z 00000b40: df04 0000 1200 0000 0000 0000 0000 0000 0000 0000 0000 0000 890a 0000 1200 0000 0000 0000 0000 0000  ........................................
2021-03-15T22:19:32.3275819Z 00000b68: 0000 0000 0000 0000 eb01 0000 1200 0000 0000 0000 0000 0000 0000 0000 0000 0000 3a07 0000 1200 0000  ................................:.......
2021-03-15T22:19:32.3277019Z 00000b90: 0000 0000 0000 0000 0000 0000 0000 0000 0b08 0000 1200 0000 0000 0000 0000 0000 0000 0000 0000 0000  ........................................
2021-03-15T22:19:32.3277669Z 00000bb8: db07 0000 1200 0000 0000 0000 0000 0000 0000 0000 0000 0000 9307 0000 1200 0000 0000 0000 0000 0000  ........................................
2021-03-15T22:19:32.3278466Z 00000be0: 0000 0000 0000 0000 0100 0000 2000 0000 0000 0000 0000 0000 0000 0000 0000 0000 1808 0000 1200 0000  ............ ...........................
2021-03-15T22:19:32.3278928Z 00000c08: 0000 0000 0000 0000 0000 0000 0000 0000 6207 0000 1200 0000 0000 0000 0000 0000 0000 0000 0000 0000  ................b.......................
2021-03-15T22:19:32.3279383Z 00000c30: 4001 0000 1200 0000 0000 0000 0000 0000 0000 0000 0000 0000 ae06 0000 1200 0000 0000 0000 0000 0000  @.......................................
2021-03-15T22:19:32.3279858Z 00000c58: 0000 0000 0000 0000 6408 0000 1200 0000 0000 0000 0000 0000 0000 0000 0000 0000 4b07 0000 1200 0000  ........d.......................K.......
2021-03-15T22:19:32.3280398Z 00000c80: 0000 0000 0000 0000 0000 0000 0000 0000 5d0b 0000 1200 0000 0000 0000 0000 0000 0000 0000 0000 0000  ................].......................
2021-03-15T22:19:32.3280884Z 00000ca8: a704 0000 1200 0000 0000 0000 0000 0000 0000 0000 0000 0000 a10a 0000 1200 0000 0000 0000 0000 0000  ........................................
2021-03-15T22:19:32.3281331Z 00000cd0: 0000 0000 0000 0000 9104 0000 1200 0000 0000 0000 0000 0000 0000 0000 0000 0000 040b 0000 1200 0000  ........................................
2021-03-15T22:19:32.3281878Z 00000cf8: 0000 0000 0000 0000 0000 0000 0000 0000 c20a 0000 1200 0000 0000 0000 0000 0000 0000 0000 0000 0000  ........................................
2021-03-15T22:19:32.3282321Z 00000d20: 400a 0000 1200 0000 0000 0000 0000 0000 0000 0000 0000 0000 1f05 0000 1200 0000 0000 0000 0000 0000  @.......................................
2021-03-15T22:19:32.3283195Z 00000d48: 0000 0000 0000 0000 3008 0000 1200 0000 0000 0000 0000 0000 0000 0000 0000 0000 0707 0000 1200 0000  ........0...............................
2021-03-15T22:19:32.3283653Z 00000d70: 0000 0000 0000 0000 0000 0000 0000 0000 e50a 0000 1200 0000 0000 0000 0000 0000 0000 0000 0000 0000  ........................................
2021-03-15T22:19:32.3284119Z 00000d98: 8e09 0000 1200 0000 0000 0000 0000 0000 0000 0000 0000 0000 8105 0000 1200 0000 0000 0000 0000 0000  ........................................
2021-03-15T22:19:32.3284563Z 00000dc0: 0000 0000 0000 0000 c708 0000 1200 0000 0000 0000 0000 0000 0000 0000 0000 0000 c506 0000 1200 0000  ........................................
2021-03-15T22:19:32.3285045Z 00000de8: 0000 0000 0000 0000 0000 0000 0000 0000 780a 0000 1200 0000 0000 0000 0000 0000 0000 0000 0000 0000  ................x.......................
2021-03-15T22:19:32.3285505Z 00000e10: 2909 0000 1200 0000 0000 0000 0000 0000 0000 0000 0000 0000 5703 0000 1200 0000 0000 0000 0000 0000  ).......................W...............
2021-03-15T22:19:32.3286206Z 00000e38: 0000 0000 0000 0000 be07 0000 1200 0000 0000 0000 0000 0000 0000 0000 0000 0000 e10a 0000 1200 0000  ........................................
2021-03-15T22:19:32.3286674Z 00000e60: 0000 0000 0000 0000 0000 0000 0000 0000 9a00 0000 1200 0000 0000 0000 0000 0000 0000 0000 0000 0000  ........................................
2021-03-15T22:19:32.3287137Z 00000e88: 3a03 0000 1200 0000 0000 0000 0000 0000 0000 0000 0000 0000 b407 0000 1200 0000 0000 0000 0000 0000  :.......................................
2021-03-15T22:19:32.3287600Z 00000eb0: 0000 0000 0000 0000 9208 0000 1200 0000 0000 0000 0000 0000 0000 0000 0000 0000 5c04 0000 1200 0000  ................................\.......
2021-03-15T22:19:32.3288057Z 00000ed8: 0000 0000 0000 0000 0000 0000 0000 0000 c80a 0000 1200 0000 0000 0000 0000 0000 0000 0000 0000 0000  ........................................
2021-03-15T22:19:32.3288523Z 00000f00: 8004 0000 1200 0000 0000 0000 0000 0000 0000 0000 0000 0000 b508 0000 1200 0000 0000 0000 0000 0000  ........................................
2021-03-15T22:19:32.3288975Z 00000f28: 0000 0000 0000 0000 fa07 0000 1200 0000 0000 0000 0000 0000 0000 0000 0000 0000 de09 0000 1200 0000  ........................................
2021-03-15T22:19:32.3289838Z 00000f50: 0000 0000 0000 0000 0000 0000 0000 0000 f709 0000 1200 0000 0000 0000 0000 0000 0000 0000 0000 0000  ........................................
2021-03-15T22:19:32.3290375Z 00000f78: df00 0000 1200 0000 0000 0000 0000 0000 0000 0000 0000 0000 c208 0000 1200 0000 0000 0000 0000 0000  ........................................
2021-03-15T22:19:32.3290886Z 00000fa0: 0000 0000 0000 0000 2b07 0000 1200 0000 0000 0000 0000 0000 0000 0000 0000 0000 820a 0000 1200 0000  ........+...............................
2021-03-15T22:19:32.3291358Z 00000fc8: 0000 0000 0000 0000 0000 0000 0000 0000 f905 0000 1200 0000 0000 0000 0000 0000 0000 0000 0000 0000  ........................................
2021-03-15T22:19:32.3292207Z 00000ff0: c707 0000 1200 0000 0000 0000 0000 0000 0000 0000 0000 0000 ac07 0000 1200 0000 0000 0000 0000 0000  ........................................
2021-03-15T22:19:32.3292749Z 00001018: 0000 0000 0000 0000 9b07 0000 1200 0000 0000 0000 0000 0000 0000 0000 0000 0000 0102 0000 1200 0000  ........................................
2021-03-15T22:19:32.3293222Z 00001040: 0000 0000 0000 0000 0000 0000 0000 0000 e701 0000 1200 0000 0000 0000 0000 0000 0000 0000 0000 0000  ........................................
2021-03-15T22:19:32.3293670Z 00001068: 5507 0000 1200 0000 0000 0000 0000 0000 0000 0000 0000 0000 0c09 0000 1200 0000 0000 0000 0000 0000  U.......................................
2021-03-15T22:19:32.3294228Z 00001090: 0000 0000 0000 0000 460a 0000 1200 0000 0000 0000 0000 0000 0000 0000 0000 0000 4508 0000 1200 0000  ........F.......................E.......
2021-03-15T22:19:32.3294674Z 000010b8: 0000 0000 0000 0000 0000 0000 0000 0000 1309 0000 1200 0000 0000 0000 0000 0000 0000 0000 0000 0000  ........................................
2021-03-15T22:19:32.3295157Z 000010e0: 490b 0000 1200 0000 0000 0000 0000 0000 0000 0000 0000 0000 680a 0000 1200 0000 0000 0000 0000 0000  I.......................h...............
2021-03-15T22:19:32.3295626Z 00001108: 0000 0000 0000 0000 ac03 0000 1200 0000 0000 0000 0000 0000 0000 0000 0000 0000 a609 0000 1200 0000  ........................................
2021-03-15T22:19:32.3296077Z 00001130: 0000 0000 0000 0000 0000 0000 0000 0000 380a 0000 1200 0000 0000 0000 0000 0000 0000 0000 0000 0000  ................8.......................
2021-03-15T22:19:32.3296508Z 00001158: ac09 0000 1200 0000 0000 0000 0000 0000 0000 0000 0000 0000 9902 0000 1200 0000 0000 0000 0000 0000  ........................................
2021-03-15T22:19:32.3296968Z 00001180: 0000 0000 0000 0000 2a09 0000 1200 0000 0000 0000 0000 0000 0000 0000 0000 0000 bb0a 0000 1200 0000  ........*...............................
2021-03-15T22:19:32.3297399Z 000011a8: 0000 0000 0000 0000 0000 0000 0000 0000 3708 0000 1200 0000 0000 0000 0000 0000 0000 0000 0000 0000  ................7.......................
2021-03-15T22:19:32.3297846Z 000011d0: d005 0000 1200 0000 0000 0000 0000 0000 0000 0000 0000 0000 0201 0000 1200 0000 0000 0000 0000 0000  ........................................
2021-03-15T22:19:32.3298283Z 000011f8: 0000 0000 0000 0000 0f01 0000 1200 0000 0000 0000 0000 0000 0000 0000 0000 0000 1909 0000 1200 0000  ........................................
2021-03-15T22:19:32.3298725Z 00001220: 0000 0000 0000 0000 0000 0000 0000 0000 2908 0000 1200 0000 0000 0000 0000 0000 0000 0000 0000 0000  ................).......................
2021-03-15T22:19:32.3299158Z 00001248: 3007 0000 1200 0000 0000 0000 0000 0000 0000 0000 0000 0000 370b 0000 1200 0000 0000 0000 0000 0000  0.......................7...............
2021-03-15T22:19:32.3299612Z 00001270: 0000 0000 0000 0000 bb08 0000 1200 0000 0000 0000 0000 0000 0000 0000 0000 0000 6b08 0000 1200 0000  ................................k.......
2021-03-15T22:19:32.3300050Z 00001298: 0000 0000 0000 0000 0000 0000 0000 0000 c909 0000 1200 0000 0000 0000 0000 0000 0000 0000 0000 0000  ........................................
2021-03-15T22:19:32.3300516Z 000012c0: d608 0000 1200 0000 0000 0000 0000 0000 0000 0000 0000 0000 1e0b 0000 1200 0000 0000 0000 0000 0000  ........................................
2021-03-15T22:19:32.3300970Z 000012e8: 0000 0000 0000 0000 8208 0000 1200 0000 0000 0000 0000 0000 0000 0000 0000 0000 0e0b 0000 1200 0000  ........................................
2021-03-15T22:19:32.3301423Z 00001310: 0000 0000 0000 0000 0000 0000 0000 0000 0a05 0000 1200 0000 0000 0000 0000 0000 0000 0000 0000 0000  ........................................
2021-03-15T22:19:32.3301864Z 00001338: 0a04 0000 1200 0000 0000 0000 0000 0000 0000 0000 0000 0000 7108 0000 1200 0000 0000 0000 0000 0000  ........................q...............
2021-03-15T22:19:32.3302325Z 00001360: 0000 0000 0000 0000 bb04 0000 1200 0000 0000 0000 0000 0000 0000 0000 0000 0000 bf03 0000 1200 0000  ........................................
2021-03-15T22:19:32.3302839Z 00001388: 0000 0000 0000 0000 0000 0000 0000 0000 d508 0000 1200 0000 0000 0000 0000 0000 0000 0000 0000 0000  ........................................
2021-03-15T22:19:32.3303934Z 000013b0: 5308 0000 1200 0000 0000 0000 0000 0000 0000 0000 0000 0000 9f08 0000 1200 0000 0000 0000 0000 0000  S.......................................
2021-03-15T22:19:32.3304415Z 000013d8: 0000 0000 0000 0000 1d00 0000 2000 0000 0000 0000 0000 0000 0000 0000 0000 0000 4809 0000 1200 0000  ............ ...................H.......
2021-03-15T22:19:32.3304851Z 00001400: 0000 0000 0000 0000 0000 0000 0000 0000 9705 0000 1200 0000 0000 0000 0000 0000 0000 0000 0000 0000  ........................................
2021-03-15T22:19:32.3305422Z 00001428: 2f06 0000 1200 0000 0000 0000 0000 0000 0000 0000 0000 0000 5d08 0000 1200 0000 0000 0000 0000 0000  /.......................]...............
2021-03-15T22:19:32.3306881Z 00001450: 0000 0000 0000 0000 ef07 0000 1200 0000 0000 0000 0000 0000 0000 0000 0000 0000 2209 0000 1200 0000  ................................".......
2021-03-15T22:19:32.3307354Z 00001478: 0000 0000 0000 0000 0000 0000 0000 0000 1e08 0000 1200 0000 0000 0000 0000 0000 0000 0000 0000 0000  ........................................
2021-03-15T22:19:32.3307962Z 000014a0: f508 0000 1200 0000 0000 0000 0000 0000 0000 0000 0000 0000 9908 0000 1200 0000 0000 0000 0000 0000  ........................................
2021-03-15T22:19:32.3308429Z 000014c8: 0000 0000 0000 0000 7309 0000 1200 0000 0000 0000 0000 0000 0000 0000 0000 0000 b201 0000 1200 0000  ........s...............................
2021-03-15T22:19:32.3308896Z 000014f0: 0000 0000 0000 0000 0000 0000 0000 0000 4600 0000 1200 0000 0000 0000 0000 0000 0000 0000 0000 0000  ................F.......................
2021-03-15T22:19:32.3309366Z 00001518: 2b0a 0000 1200 0000 0000 0000 0000 0000 0000 0000 0000 0000 6c09 0000 1200 0000 0000 0000 0000 0000  +.......................l...............
2021-03-15T22:19:32.3310980Z 00001540: 0000 0000 0000 0000 2d0b 0000 1200 0000 0000 0000 0000 0000 0000 0000 0000 0000 cf0a 0000 1200 0000  ........-...............................
2021-03-15T22:19:32.3311454Z 00001568: 0000 0000 0000 0000 0000 0000 0000 0000 ad05 0000 1200 0000 0000 0000 0000 0000 0000 0000 0000 0000  ........................................
2021-03-15T22:19:32.3312706Z 00001590: 6f03 0000 1200 0000 0000 0000 0000 0000 0000 0000 0000 0000 d409 0000 1200 0000 0000 0000 0000 0000  o.......................................
2021-03-15T22:19:32.3313187Z 000015b8: 0000 0000 0000 0000 3a09 0000 1200 0000 0000 0000 0000 0000 0000 0000 0000 0000 6907 0000 1200 0000  ........:.......................i.......
2021-03-15T22:19:32.3313635Z 000015e0: 0000 0000 0000 0000 0000 0000 0000 0000 f603 0000 1200 0000 0000 0000 0000 0000 0000 0000 0000 0000  ........................................
2021-03-15T22:19:32.3314102Z 00001608: 4109 0000 1200 0000 0000 0000 0000 0000 0000 0000 0000 0000 8a06 0000 1200 0000 0000 0000 0000 0000  A.......................................
2021-03-15T22:19:32.3314558Z 00001630: 0000 0000 0000 0000 170a 0000 1200 0000 0000 0000 0000 0000 0000 0000 0000 0000 5705 0000 1200 0000  ................................W.......
2021-03-15T22:19:32.3315002Z 00001658: 0000 0000 0000 0000 0000 0000 0000 0000 1806 0000 1200 0000 0000 0000 0000 0000 0000 0000 0000 0000  ........................................
2021-03-15T22:19:32.3315431Z 00001680: 220a 0000 1200 0000 0000 0000 0000 0000 0000 0000 0000 0000 e103 0000 1200 0000 0000 0000 0000 0000  ".......................................
2021-03-15T22:19:32.3315888Z 000016a8: 0000 0000 0000 0000 d906 0000 1200 0000 0000 0000 0000 0000 0000 0000 0000 0000 db02 0000 1200 0000  ........................................
2021-03-15T22:19:32.3316347Z 000016d0: 0000 0000 0000 0000 0000 0000 0000 0000 6606 0000 1200 0000 0000 0000 0000 0000 0000 0000 0000 0000  ................f.......................
2021-03-15T22:19:32.3316824Z 000016f8: e509 0000 1200 0000 0000 0000 0000 0000 0000 0000 0000 0000 6d02 0000 1200 0000 0000 0000 0000 0000  ........................m...............
2021-03-15T22:19:32.3317403Z 00001720: 0000 0000 0000 0000 6b05 0000 1200 0000 0000 0000 0000 0000 0000 0000 0000 0000 6c01 0000 1200 0000  ........k.......................l.......
2021-03-15T22:19:32.3317899Z 00001748: 0000 0000 0000 0000 0000 0000 0000 0000 f100 0000 1200 0000 0000 0000 0000 0000 0000 0000 0000 0000  ........................................
2021-03-15T22:19:32.3318341Z 00001770: 8e01 0000 1200 0000 0000 0000 0000 0000 0000 0000 0000 0000 f102 0000 1200 0000 0000 0000 0000 0000  ........................................
2021-03-15T22:19:32.3318887Z 00001798: 0000 0000 0000 0000 5e09 0000 1200 0000 0000 0000 0000 0000 0000 0000 0000 0000 ed09 0000 1200 0000  ........^...............................
2021-03-15T22:19:32.3319330Z 000017c0: 0000 0000 0000 0000 0000 0000 0000 0000 c700 0000 1200 0000 0000 0000 0000 0000 0000 0000 0000 0000  ........................................
2021-03-15T22:19:32.3319794Z 000017e8: 320a 0000 1200 0000 0000 0000 0000 0000 0000 0000 0000 0000 7104 0000 1200 0000 0000 0000 0000 0000  2.......................q...............
2021-03-15T22:19:32.3320257Z 00001810: 0000 0000 0000 0000 e705 0000 1200 0000 0000 0000 0000 0000 0000 0000 0000 0000 df01 0000 1200 0000  ........................................
2021-03-15T22:19:32.3320716Z 00001838: 0000 0000 0000 0000 0000 0000 0000 0000 f506 0000 1200 0000 0000 0000 0000 0000 0000 0000 0000 0000  ........................................
2021-03-15T22:19:32.3321161Z 00001860: 8307 0000 1200 0000 0000 0000 0000 0000 0000 0000 0000 0000 4e00 0000 1200 0000 0000 0000 0000 0000  ........................N...............
2021-03-15T22:19:32.3321646Z 00001888: 0000 0000 0000 0000 7007 0000 1200 0000 0000 0000 0000 0000 0000 0000 0000 0000 bb05 0000 1200 0000  ........p...............................
2021-03-15T22:19:32.3322095Z 000018b0: 0000 0000 0000 0000 0000 0000 0000 0000 2302 0000 1200 0000 0000 0000 0000 0000 0000 0000 0000 0000  ................#.......................
2021-03-15T22:19:32.3322549Z 000018d8: 0b0a 0000 1200 0000 0000 0000 0000 0000 0000 0000 0000 0000 9803 0000 1200 0000 0000 0000 0000 0000  ........................................
2021-03-15T22:19:32.3323001Z 00001900: 0000 0000 0000 0000 2201 0000 1200 0000 0000 0000 0000 0000 0000 0000 0000 0000 8001 0000 1200 0000  ........"...............................
2021-03-15T22:19:32.3323422Z 00001928: 0000 0000 0000 0000 0000 0000 0000 0000 3b02 0000 1200 0000 0000 0000 0000 0000 0000 0000 0000 0000  ................;.......................
2021-03-15T22:19:32.3323885Z 00001950: fd0a 0000 1200 0000 0000 0000 0000 0000 0000 0000 0000 0000 700a 0000 1200 0000 0000 0000 0000 0000  ........................p...............
2021-03-15T22:19:32.3324338Z 00001978: 0000 0000 0000 0000 0203 0000 1200 0000 0000 0000 0000 0000 0000 0000 0000 0000 2f0b 0000 1200 0000  ................................/.......
2021-03-15T22:19:32.3324782Z 000019a0: 0000 0000 0000 0000 0000 0000 0000 0000 3009 0000 1200 0000 0000 0000 0000 0000 0000 0000 0000 0000  ................0.......................
2021-03-15T22:19:32.3325242Z 000019c8: 530a 0000 1200 0000 0000 0000 0000 0000 0000 0000 0000 0000 7a06 0000 1200 0000 0000 0000 0000 0000  S.......................z...............
2021-03-15T22:19:32.3325727Z 000019f0: 0000 0000 0000 0000 8e07 0000 1200 0000 0000 0000 0000 0000 0000 0000 0000 0000 f00a 0000 1200 0000  ........................................
2021-03-15T22:19:32.3326180Z 00001a18: 0000 0000 0000 0000 0000 0000 0000 0000 6300 0000 1200 0000 0000 0000 0000 0000 0000 0000 0000 0000  ................c.......................
2021-03-15T22:19:32.3326654Z 00001a40: 8d07 0000 1200 0000 0000 0000 0000 0000 0000 0000 0000 0000 b701 0000 1200 0000 0000 0000 0000 0000  ........................................
2021-03-15T22:19:32.3327100Z 00001a68: 0000 0000 0000 0000 5b02 0000 1200 0000 0000 0000 0000 0000 0000 0000 0000 0000 cc01 0000 1200 0000  ........[...............................
2021-03-15T22:19:32.3327564Z 00001a90: 0000 0000 0000 0000 0000 0000 0000 0000 550b 0000 1200 0000 0000 0000 0000 0000 0000 0000 0000 0000  ................U.......................
2021-03-15T22:19:32.3328083Z 00001ab8: 8908 0000 1200 0000 0000 0000 0000 0000 0000 0000 0000 0000 ad02 0000 1200 0000 0000 0000 0000 0000  ........................................
2021-03-15T22:19:32.3328567Z 00001ae0: 0000 0000 0000 0000 2103 0000 1200 0000 0000 0000 0000 0000 0000 0000 0000 0000 030a 0000 1200 0000  ........!...............................
2021-03-15T22:19:32.3328999Z 00001b08: 0000 0000 0000 0000 0000 0000 0000 0000 0606 0000 1200 0000 0000 0000 0000 0000 0000 0000 0000 0000  ........................................
2021-03-15T22:19:32.3329529Z 00001b30: 2104 0000 1200 0000 0000 0000 0000 0000 0000 0000 0000 0000 4206 0000 1200 0000 0000 0000 0000 0000  !.......................B...............
2021-03-15T22:19:32.3329983Z 00001b58: 0000 0000 0000 0000 5609 0000 1200 0000 0000 0000 0000 0000 0000 0000 0000 0000 8202 0000 1200 0000  ........V...............................
2021-03-15T22:19:32.3330447Z 00001b80: 0000 0000 0000 0000 0000 0000 0000 0000 f70a 0000 1200 0000 0000 0000 0000 0000 0000 0000 0000 0000  ........................................
2021-03-15T22:19:32.3330909Z 00001ba8: 7a08 0000 1200 0000 0000 0000 0000 0000 0000 0000 0000 0000 1908 0000 1200 0000 0000 0000 0000 0000  z.......................................
2021-03-15T22:19:32.3331386Z 00001bd0: 0000 0000 0000 0000 3f0a 0000 1200 0000 0000 0000 0000 0000 0000 0000 0000 0000 8403 0000 1200 0000  ........?...............................
2021-03-15T22:19:32.3331830Z 00001bf8: 0000 0000 0000 0000 0000 0000 0000 0000 dd08 0000 1200 0000 0000 0000 0000 0000 0000 0000 0000 0000  ........................................
2021-03-15T22:19:32.3332304Z 00001c20: ce04 0000 1200 0000 0000 0000 0000 0000 0000 0000 0000 0000 d70a 0000 1200 0000 0000 0000 0000 0000  ........................................
2021-03-15T22:19:32.3332758Z 00001c48: 0000 0000 0000 0000 2c00 0000 2000 0000 0000 0000 0000 0000 0000 0000 0000 0000 5206 0000 1200 0000  ........,... ...................R.......
2021-03-15T22:19:32.3333217Z 00001c70: 0000 0000 0000 0000 0000 0000 0000 0000 5b07 0000 1200 0000 0000 0000 0000 0000 0000 0000 0000 0000  ................[.......................
2021-03-15T22:19:32.3333657Z 00001c98: 3e08 0000 1200 0000 0000 0000 0000 0000 0000 0000 0000 0000 bd02 0000 1200 0000 0000 0000 0000 0000  >.......................................
2021-03-15T22:19:32.3334119Z 00001cc0: 0000 0000 0000 0000 9f06 0000 1200 0000 0000 0000 0000 0000 0000 0000 0000 0000 150b 0000 1200 0000  ........................................
2021-03-15T22:19:32.3334570Z 00001ce8: 0000 0000 0000 0000 0000 0000 0000 0000 7d07 0000 1200 0000 0000 0000 0000 0000 0000 0000 0000 0000  ................}.......................
2021-03-15T22:19:32.3335030Z 00001d10: 8300 0000 1200 0000 0000 0000 0000 0000 0000 0000 0000 0000 4d04 0000 1200 0000 0000 0000 0000 0000  ........................M...............
2021-03-15T22:19:32.3335478Z 00001d38: 0000 0000 0000 0000 cb07 0000 1200 0000 0000 0000 0000 0000 0000 0000 0000 0000 1807 0000 1200 0000  ........................................
2021-03-15T22:19:32.3335947Z 00001d60: 0000 0000 0000 0000 0000 0000 0000 0000 eb08 0000 1200 0000 0000 0000 0000 0000 0000 0000 0000 0000  ........................................
2021-03-15T22:19:32.3336418Z 00001d88: 4e09 0000 1200 0000 0000 0000 0000 0000 0000 0000 0000 0000 3504 0000 1200 0000 0000 0000 0000 0000  N.......................5...............
2021-03-15T22:19:32.3336907Z 00001db0: 0000 0000 0000 0000 7909 0000 1200 0000 0000 0000 0000 0000 0000 0000 0000 0000 c109 0000 1200 0000  ........y...............................
2021-03-15T22:19:32.3337373Z 00001dd8: 0000 0000 0000 0000 0000 0000 0000 0000 5e01 0000 1200 0000 0000 0000 0000 0000 0000 0000 0000 0000  ................^.......................
2021-03-15T22:19:32.3337863Z 00001e00: 0509 0000 1100 1800 60a1 0200 0000 0000 0800 0000 0000 0000 cc08 0000 1200 0e00 50a1 0000 0000 0000  ........`.......................P.......
2021-03-15T22:19:32.3338611Z 00001e28: 0401 0000 0000 0000 8709 0000 1200 0e00 909e 0000 0000 0000 6200 0000 0000 0000 700b 0000 2100 1800  ........................b.......p...!...
2021-03-15T22:19:32.3339094Z 00001e50: 80a1 0200 0000 0000 0800 0000 0000 0000 710b 0000 2100 1800 80a1 0200 0000 0000 0800 0000 0000 0000  ................q...!...................
2021-03-15T22:19:32.3339562Z 00001e78: a801 0000 1100 1800 a0a1 0200 0000 0000 0400 0000 0000 0000 ac0a 0000 2200 0000 0000 0000 0000 0000  ............................"...........
2021-03-15T22:19:32.3340025Z 00001ea0: 0000 0000 0000 0000 1208 0000 1100 1800 70a1 0200 0000 0000 0800 0000 0000 0000 1103 0000 1100 1800  ................p.......................
2021-03-15T22:19:32.3340597Z 00001ec8: 78a1 0200 0000 0000 0400 0000 0000 0000 7500 0000 1100 1800 90a1 0200 0000 0000 0400 0000 0000 0000  x...............u.......................
2021-03-15T22:19:32.3341092Z 00001ef0: 6f0b 0000 1100 1800 80a1 0200 0000 0000 0800 0000 0000 0000 9f09 0000 1100 1800 c0a1 0200 0000 0000  o.......................................
2021-03-15T22:19:32.3341593Z 00001f18: 0800 0000 0000 0000 a507 0000 1100 1800 7ca1 0200 0000 0000 0400 0000 0000 0000 ce08 0000 1200 0e00  ................|.......................
2021-03-15T22:19:32.3342067Z 00001f40: 509f 0000 0000 0000 f201 0000 0000 0000 9809 0000 1100 1800 88a1 0200 0000 0000 0800 0000 0000 0000  P.......................................
2021-03-15T22:19:32.3342604Z 00001f68: fe08 0000 1200 0e00 009f 0000 0000 0000 4600 0000 0000 0000 005f 4954 4d5f 6465 7265 6769 7374 6572  ................F........_ITM_deregister
2021-03-15T22:19:32.3343358Z 00001f90: 544d 436c 6f6e 6554 6162 6c65 005f 5f67 6d6f 6e5f 7374 6172 745f 5f00 5f49 544d 5f72 6567 6973 7465  TMCloneTable.__gmon_start__._ITM_registe
2021-03-15T22:19:32.3344211Z 00001fb8: 7254 4d43 6c6f 6e65 5461 626c 6500 6f70 656e 7074 7900 7375 646f 5f63 6f6e 665f 706c 7567 696e 735f  rTMCloneTable.openpty.sudo_conf_plugins_
2021-03-15T22:19:32.3345113Z 00001fe0: 7631 0073 7564 6f5f 7365 7467 726f 7570 735f 7631 0073 7564 6f5f 7465 726d 5f65 6f66 0073 7564 6f5f  v1.sudo_setgroups_v1.sudo_term_eof.sudo_
2021-03-15T22:19:32.3345798Z 00002008: 6465 6275 675f 6578 6974 5f69 6e74 5f76 3100 7375 646f 5f64 736f 5f66 696e 6473 796d 5f76 3100 7375  debug_exit_int_v1.sudo_dso_findsym_v1.su
2021-03-15T22:19:32.3346443Z 00002030: 646f 5f63 6f6e 665f 6465 6275 675f 6669 6c65 735f 7631 0073 7564 6f5f 6465 6275 675f 7570 6461 7465  do_conf_debug_files_v1.sudo_debug_update
2021-03-15T22:19:32.3347110Z 00002058: 5f66 645f 7631 0073 7564 6f5f 7374 7274 6f6d 6f64 655f 7631 0073 7564 6f5f 6576 5f61 6c6c 6f63 5f76  _fd_v1.sudo_strtomode_v1.sudo_ev_alloc_v
2021-03-15T22:19:32.3348033Z 00002080: 3100 7375 646f 5f73 7472 6c63 7079 0073 7564 6f5f 6473 6f5f 756e 6c6f 6164 5f76 3100 7375 646f 5f77  1.sudo_strlcpy.sudo_dso_unload_v1.sudo_w
2021-03-15T22:19:32.3348767Z 000020a8: 6172 6e5f 7365 745f 636f 6e76 6572 7361 7469 6f6e 5f76 3100 7375 646f 5f63 6f6e 665f 7072 6f62 655f  arn_set_conversation_v1.sudo_conf_probe_
2021-03-15T22:19:32.3349697Z 000020d0: 696e 7465 7266 6163 6573 5f76 3100 696e 6974 7072 6f67 6e61 6d65 3200 7375 646f 5f74 6572 6d5f 6362  interfaces_v1.initprogname2.sudo_term_cb
2021-03-15T22:19:32.3350468Z 000020f8: 7265 616b 5f76 3100 7375 646f 5f66 7265 657a 6572 6f00 7375 646f 5f63 6f6e 665f 6173 6b70 6173 735f  reak_v1.sudo_freezero.sudo_conf_askpass_
2021-03-15T22:19:32.3351165Z 00002120: 7061 7468 5f76 3100 7375 646f 5f74 6572 6d5f 6b69 6c6c 0073 7564 6f5f 7761 726e 5f6e 6f64 6562 7567  path_v1.sudo_term_kill.sudo_warn_nodebug
2021-03-15T22:19:32.3351842Z 00002148: 5f76 3100 7375 646f 5f64 6562 7567 5f66 6f72 6b5f 7631 0073 7564 6f5f 7077 5f64 7570 0073 7564 6f5f  _v1.sudo_debug_fork_v1.sudo_pw_dup.sudo_
2021-03-15T22:19:32.3352482Z 00002170: 6465 6275 675f 6765 745f 6664 735f 7631 0073 7564 6f5f 6465 6275 675f 6765 745f 6163 7469 7665 5f69  debug_get_fds_v1.sudo_debug_get_active_i
2021-03-15T22:19:32.3353134Z 00002198: 6e73 7461 6e63 655f 7631 0073 7564 6f5f 6465 6275 675f 6578 6974 5f62 6f6f 6c5f 7631 0073 7564 6f5f  nstance_v1.sudo_debug_exit_bool_v1.sudo_
2021-03-15T22:19:32.3353894Z 000021c0: 6661 7461 6c5f 6361 6c6c 6261 636b 5f72 6567 6973 7465 725f 7631 0073 7564 6f5f 7465 726d 5f63 6f70  fatal_callback_register_v1.sudo_term_cop
2021-03-15T22:19:32.3354581Z 000021e8: 795f 7631 0073 7564 6f5f 6576 5f62 6173 655f 6672 6565 5f76 3100 7375 646f 5f65 765f 6261 7365 5f73  y_v1.sudo_ev_base_free_v1.sudo_ev_base_s
2021-03-15T22:19:32.3355223Z 00002210: 6574 6465 665f 7631 0073 7564 6f5f 6576 5f64 6973 7061 7463 685f 7631 0073 7564 6f5f 6576 5f6c 6f6f  etdef_v1.sudo_ev_dispatch_v1.sudo_ev_loo
2021-03-15T22:19:32.3355981Z 00002238: 705f 7631 0073 7564 6f5f 636f 6e66 5f64 6973 6162 6c65 5f63 6f72 6564 756d 705f 7631 0073 7564 6f5f  p_v1.sudo_conf_disable_coredump_v1.sudo_
2021-03-15T22:19:32.3356654Z 00002260: 6661 7461 6c5f 6e6f 6465 6275 675f 7631 0073 7564 6f5f 7374 7273 706c 6974 5f76 3100 7375 646f 5f65  fatal_nodebug_v1.sudo_strsplit_v1.sudo_e
2021-03-15T22:19:32.3357343Z 00002288: 765f 6465 6c5f 7631 0073 7564 6f5f 7465 726d 5f65 7261 7365 0073 7564 6f5f 636f 6e66 5f6e 6f65 7865  v_del_v1.sudo_term_erase.sudo_conf_noexe
2021-03-15T22:19:32.3357998Z 000022b0: 635f 7061 7468 5f76 3100 7375 646f 5f63 6f6e 665f 706c 7567 696e 5f64 6972 5f70 6174 685f 7631 0073  c_path_v1.sudo_conf_plugin_dir_path_v1.s
2021-03-15T22:19:32.3358851Z 000022d8: 7564 6f5f 6576 5f6c 6f6f 7063 6f6e 7469 6e75 655f 7631 0073 7564 6f5f 6473 6f5f 7374 7265 7272 6f72  udo_ev_loopcontinue_v1.sudo_dso_strerror
2021-03-15T22:19:32.3359523Z 00002300: 5f76 3100 7375 646f 5f65 765f 676f 745f 6578 6974 5f76 3100 7375 646f 5f6c 6275 665f 6170 7065 6e64  _v1.sudo_ev_got_exit_v1.sudo_lbuf_append
2021-03-15T22:19:32.3360131Z 00002328: 5f76 3100 7375 646f 5f70 6172 7365 5f67 6964 735f 7631 0073 7564 6f5f 6465 6275 675f 7365 745f 6163  _v1.sudo_parse_gids_v1.sudo_debug_set_ac
2021-03-15T22:19:32.3360775Z 00002350: 7469 7665 5f69 6e73 7461 6e63 655f 7631 0073 7564 6f5f 6576 5f6c 6f6f 7062 7265 616b 5f76 3100 7375  tive_instance_v1.sudo_ev_loopbreak_v1.su
2021-03-15T22:19:32.3361425Z 00002378: 646f 5f65 765f 6c6f 6f70 6578 6974 5f76 3100 7375 646f 5f64 6562 7567 5f65 7869 745f 7074 725f 7631  do_ev_loopexit_v1.sudo_debug_exit_ptr_v1
2021-03-15T22:19:32.3362068Z 000023a0: 0073 7564 6f5f 6765 745f 7474 7973 697a 655f 7631 0073 7564 6f5f 636f 6e66 5f6d 6178 5f67 726f 7570  .sudo_get_ttysize_v1.sudo_conf_max_group
2021-03-15T22:19:32.3362714Z 000023c8: 735f 7631 0073 7564 6f5f 636c 6f73 6566 726f 6d00 7375 646f 5f6c 6275 665f 6465 7374 726f 795f 7631  s_v1.sudo_closefrom.sudo_lbuf_destroy_v1
2021-03-15T22:19:32.3363410Z 000023f0: 0073 7564 6f5f 6576 5f61 6464 5f76 3200 7375 646f 5f67 6574 7072 6f67 6e61 6d65 0073 7564 6f5f 6465  .sudo_ev_add_v2.sudo_getprogname.sudo_de
2021-03-15T22:19:32.3364073Z 00002418: 6275 675f 6578 6563 7665 325f 7631 0073 7564 6f5f 6465 6275 675f 656e 7465 725f 7631 0073 7564 6f5f  bug_execve2_v1.sudo_debug_enter_v1.sudo_
2021-03-15T22:19:32.3364698Z 00002440: 6465 6275 675f 6578 6974 5f76 3100 7375 646f 5f74 6572 6d5f 7261 775f 7631 0073 7564 6f5f 6576 5f62  debug_exit_v1.sudo_term_raw_v1.sudo_ev_b
2021-03-15T22:19:32.3365321Z 00002468: 6173 655f 616c 6c6f 635f 7631 0073 7564 6f5f 7761 726e 5f67 6574 7465 7874 5f76 3100 7375 646f 5f74  ase_alloc_v1.sudo_warn_gettext_v1.sudo_t
2021-03-15T22:19:32.3365967Z 00002490: 6572 6d5f 7265 7374 6f72 655f 7631 0073 7564 6f5f 6465 6275 675f 6578 6974 5f73 7472 5f6d 6173 6b65  erm_restore_v1.sudo_debug_exit_str_maske
2021-03-15T22:19:32.3366598Z 000024b8: 645f 7631 0073 7564 6f5f 636f 6e66 5f67 726f 7570 5f73 6f75 7263 655f 7631 0073 7564 6f5f 7474 796e  d_v1.sudo_conf_group_source_v1.sudo_ttyn
2021-03-15T22:19:32.3367427Z 000024e0: 616d 655f 6465 765f 7631 0073 7564 6f5f 6465 6275 675f 7072 696e 7466 325f 7631 0073 7564 6f5f 7761  ame_dev_v1.sudo_debug_printf2_v1.sudo_wa
2021-03-15T22:19:32.3368823Z 00002508: 726e 785f 6e6f 6465 6275 675f 7631 0073 7564 6f5f 6765 7467 726f 7570 6c69 7374 325f 7631 0073 7564  rnx_nodebug_v1.sudo_getgrouplist2_v1.sud
2021-03-15T22:19:32.3369798Z 00002530: 6f5f 7374 7274 6f6e 756d 0073 7564 6f5f 6765 7474 696d 655f 7265 616c 5f76 3100 7375 646f 5f66 6174  o_strtonum.sudo_gettime_real_v1.sudo_fat
2021-03-15T22:19:32.3371023Z 00002558: 616c 785f 6e6f 6465 6275 675f 7631 0073 7564 6f5f 636f 6e66 5f72 6561 645f 7631 0073 7564 6f5f 7369  alx_nodebug_v1.sudo_conf_read_v1.sudo_si
2021-03-15T22:19:32.3371907Z 00002580: 6732 7374 7200 7375 646f 5f73 7472 746f 626f 6f6c 5f76 3100 7375 646f 5f64 6562 7567 5f72 6567 6973  g2str.sudo_strtobool_v1.sudo_debug_regis
2021-03-15T22:19:32.3372916Z 000025a8: 7465 725f 7631 0073 7564 6f5f 6576 5f70 656e 6469 6e67 5f76 3100 7375 646f 5f73 7472 746f 6964 5f76  ter_v1.sudo_ev_pending_v1.sudo_strtoid_v
2021-03-15T22:19:32.3373840Z 000025d0: 3200 7375 646f 5f67 6574 686f 7374 6e61 6d65 5f76 3100 7375 646f 5f6e 6577 5f6b 6579 5f76 616c 5f76  2.sudo_gethostname_v1.sudo_new_key_val_v
2021-03-15T22:19:32.3374486Z 000025f8: 3100 7375 646f 5f65 765f 6672 6565 5f76 3100 7375 646f 5f65 765f 676f 745f 6272 6561 6b5f 7631 0073  1.sudo_ev_free_v1.sudo_ev_got_break_v1.s
2021-03-15T22:19:32.3375100Z 00002620: 7564 6f5f 6576 5f73 6574 5f76 3100 7375 646f 5f64 6562 7567 5f65 7869 745f 7374 725f 7631 0073 7564  udo_ev_set_v1.sudo_debug_exit_str_v1.sud
2021-03-15T22:19:32.3375736Z 00002648: 6f5f 7465 726d 5f6e 6f65 6368 6f5f 7631 0073 7564 6f5f 636f 6e66 5f64 6576 656c 6f70 6572 5f6d 6f64  o_term_noecho_v1.sudo_conf_developer_mod
2021-03-15T22:19:32.3376394Z 00002670: 655f 7631 0073 7564 6f5f 6c62 7566 5f69 6e69 745f 7631 0073 7564 6f5f 6473 6f5f 6c6f 6164 5f76 3100  e_v1.sudo_lbuf_init_v1.sudo_dso_load_v1.
2021-03-15T22:19:32.3377042Z 00002698: 7375 646f 5f6c 6275 665f 7072 696e 745f 7631 0073 656e 6400 7265 6164 0072 6563 7600 5f5f 6572 726e  sudo_lbuf_print_v1.send.read.recv.__errn
2021-03-15T22:19:32.3377933Z 000026c0: 6f5f 6c6f 6361 7469 6f6e 0073 6967 6163 7469 6f6e 006c 7365 656b 0073 6574 7569 6400 6368 726f 6f74  o_location.sigaction.lseek.setuid.chroot
2021-03-15T22:19:32.3378850Z 000026e8: 0066 666c 7573 6800 5f5f 7072 696e 7466 5f63 686b 0065 7865 636c 0073 6574 6c6f 6361 6c65 0066 6f70  .fflush.__printf_chk.execl.setlocale.fop
2021-03-15T22:19:32.3379801Z 00002710: 656e 0073 7472 6e63 6d70 0066 7472 756e 6361 7465 006f 7074 696e 6400 7374 7272 6368 7200 6463 6765  en.strncmp.ftruncate.optind.strrchr.dcge
2021-03-15T22:19:32.3380805Z 00002738: 7474 6578 7400 6765 7470 7775 6964 006e 616e 6f73 6c65 6570 0069 6e65 745f 6e74 6f70 0073 7472 6e63  ttext.getpwuid.nanosleep.inet_ntop.strnc
2021-03-15T22:19:32.3381687Z 00002760: 7079 0073 6967 7072 6f63 6d61 736b 0073 6967 6669 6c6c 7365 7400 5f5f 7374 6163 6b5f 6368 6b5f 6661  py.sigprocmask.sigfillset.__stack_chk_fa
2021-03-15T22:19:32.3382522Z 00002788: 696c 0075 6e6c 696e 6b00 7374 6469 6e00 5f65 7869 7400 736f 636b 6574 7061 6972 006d 656d 6368 7200  il.unlink.stdin._exit.socketpair.memchr.
2021-03-15T22:19:32.3383664Z 000027b0: 6765 7470 6964 0073 7472 7370 6e00 7374 7264 7570 005f 5f61 7373 6572 745f 6661 696c 0073 6574 7574  getpid.strspn.strdup.__assert_fail.setut
2021-03-15T22:19:32.3385888Z 000027d8: 7865 6e74 0073 7472 746f 6c00 6973 6174 7479 0066 6765 7473 0067 6574 7077 6e61 6d00 6765 7470 7069  xent.strtol.isatty.fgets.getpwnam.getppi
2021-03-15T22:19:32.3387206Z 00002800: 6400 6361 6c6c 6f63 0066 7574 696d 656e 7300 7374 726c 656e 0070 7263 746c 0073 6967 656d 7074 7973  d.calloc.futimens.strlen.prctl.sigemptys
2021-03-15T22:19:32.3388519Z 00002828: 6574 0075 7469 6d65 6e73 6174 0063 6864 6972 006d 656d 636d 7000 6475 7032 0064 7570 3300 756e 7365  et.utimensat.chdir.memcmp.dup2.dup3.unse
2021-03-15T22:19:32.3389965Z 00002850: 7465 6e76 0066 6578 6563 7665 005f 5f66 7072 696e 7466 5f63 686b 0073 6967 6164 6473 6574 0067 6574  tenv.fexecve.__fprintf_chk.sigaddset.get
2021-03-15T22:19:32.3391789Z 00002878: 6772 6e61 6d00 7075 7465 6e76 0073 7464 6f75 7400 6765 7473 6964 0066 7075 7473 0073 7472 746f 6b5f  grnam.putenv.stdout.getsid.fputs.strtok_
2021-03-15T22:19:32.3392881Z 000028a0: 7200 6d65 6d63 7079 0066 636c 6f73 6500 7463 7365 7470 6772 7000 6d61 6c6c 6f63 006b 696c 6c70 6700  r.memcpy.fclose.tcsetpgrp.malloc.killpg.
2021-03-15T22:19:32.3393944Z 000028c8: 756d 6173 6b00 7365 7465 6769 6400 7365 7470 6769 6400 5f5f 7374 726e 6370 795f 6368 6b00 6765 7467  umask.setegid.setpgid.__strncpy_chk.getg
2021-03-15T22:19:32.3394720Z 000028f0: 6964 0074 7a73 6574 005f 5f63 7479 7065 5f62 5f6c 6f63 0067 6574 656e 7600 7365 7472 6573 7569 6400  id.tzset.__ctype_b_loc.getenv.setresuid.
2021-03-15T22:19:32.3395524Z 00002918: 6f70 7461 7267 0073 7464 6572 7200 696f 6374 6c00 616c 6172 6d00 5f5f 736e 7072 696e 7466 5f63 686b  optarg.stderr.ioctl.alarm.__snprintf_chk
2021-03-15T22:19:32.3396476Z 00002940: 0073 6574 6575 6964 0070 7574 7574 786c 696e 6500 6765 7467 726f 7570 7300 6765 7475 6964 0067 6574  .seteuid.pututxline.getgroups.getuid.get
2021-03-15T22:19:32.3397525Z 00002968: 6567 6964 0073 6574 726c 696d 6974 0067 6574 6f70 745f 6c6f 6e67 0067 6574 7067 6964 0066 7265 6569  egid.setrlimit.getopt_long.getpgid.freei
2021-03-15T22:19:32.3398332Z 00002990: 6661 6464 7273 0067 6574 6966 6164 6472 7300 5f5f 6678 7374 6174 0066 696c 656e 6f00 6368 6f77 6e00  faddrs.getifaddrs.__fxstat.fileno.chown.
2021-03-15T22:19:32.3399171Z 000029b8: 6765 7463 7764 0066 7772 6974 6500 6765 7474 696d 656f 6664 6179 005f 5f65 7870 6c69 6369 745f 627a  getcwd.fwrite.gettimeofday.__explicit_bz
2021-03-15T22:19:32.3400285Z 000029e0: 6572 6f5f 6368 6b00 6765 7465 7569 6400 7761 6974 7069 6400 656e 6475 7478 656e 7400 7374 7263 6872  ero_chk.geteuid.waitpid.endutxent.strchr
2021-03-15T22:19:32.3401227Z 00002a08: 005f 5f76 6670 7269 6e74 665f 6368 6b00 6d6b 7374 656d 7073 0067 6574 7574 786c 696e 6500 5f5f 6378  .__vfprintf_chk.mkstemps.getutxline.__cx
2021-03-15T22:19:32.3402257Z 00002a30: 615f 6669 6e61 6c69 7a65 0073 6574 7369 6400 6663 6e74 6c00 6f70 656e 6174 005f 5f78 7374 6174 0067  a_finalize.setsid.fcntl.openat.__xstat.g
2021-03-15T22:19:32.3403289Z 00002a58: 6574 726c 696d 6974 0062 696e 6474 6578 7464 6f6d 6169 6e00 6163 6365 7373 0070 6970 6532 0073 6574  etrlimit.bindtextdomain.access.pipe2.set
2021-03-15T22:19:32.3404300Z 00002a80: 6769 6400 6661 6363 6573 7361 7400 7374 7263 6d70 0073 7472 6572 726f 7200 5f5f 6173 7072 696e 7466  gid.faccessat.strcmp.strerror.__asprintf
2021-03-15T22:19:32.3405867Z 00002aa8: 5f63 686b 0074 6367 6574 7067 7270 005f 5f6c 6962 635f 7374 6172 745f 6d61 696e 0073 6574 7072 696f  _chk.tcgetpgrp.__libc_start_main.setprio
2021-03-15T22:19:32.3407191Z 00002ad0: 7269 7479 0073 7973 636f 6e66 0072 6561 6c6c 6f63 6172 7261 7900 6672 6565 005f 5f65 6e76 6972 6f6e  rity.sysconf.reallocarray.free.__environ
2021-03-15T22:19:32.3408336Z 00002af8: 006c 6962 7574 696c 2e73 6f2e 3100 6c69 6273 7564 6f5f 7574 696c 2e73 6f2e 3000 6c69 6270 7468 7265  .libutil.so.1.libsudo_util.so.0.libpthre
2021-03-15T22:19:32.3410208Z 00002b20: 6164 2e73 6f2e 3000 6c69 6264 6c2e 736f 2e32 006c 6962 632e 736f 2e36 0047 4c49 4243 5f32 2e32 2e35  ad.so.0.libdl.so.2.libc.so.6.GLIBC_2.2.5
2021-03-15T22:19:32.3411005Z 00002b48: 0047 4c49 4243 5f32 2e32 3500 474c 4942 435f 322e 3300 474c 4942 435f 322e 3134 0047 4c49 4243 5f32  .GLIBC_2.25.GLIBC_2.3.GLIBC_2.14.GLIBC_2
2021-03-15T22:19:32.3411637Z 00002b70: 2e38 0047 4c49 4243 5f32 2e39 0047 4c49 4243 5f32 2e34 0047 4c49 4243 5f32 2e32 3600 474c 4942 435f  .8.GLIBC_2.9.GLIBC_2.4.GLIBC_2.26.GLIBC_
2021-03-15T22:19:32.3412282Z 00002b98: 322e 3600 474c 4942 435f 322e 332e 3400 474c 4942 435f 322e 3131 002f 6e69 782f 7374 6f72 652f 7035  2.6.GLIBC_2.3.4.GLIBC_2.11./nix/store/p5
2021-03-15T22:19:32.3413653Z 00002bc0: 6a63 3030 6970 7032 3133 3438 7079 6430 7178 7272 3131 7173 7179 7636 6c32 2d73 7564 6f2d 312e 392e  jc00ipp21348pyd0qxrr11qsqyv6l2-sudo-1.9.
2021-03-15T22:19:32.3414679Z 00002be8: 3570 322f 6c69 6265 7865 632f 7375 646f 3a2f 6e69 782f 7374 6f72 652f 6870 3877 6379 6c71 7231 3468  5p2/libexec/sudo:/nix/store/hp8wcylqr14h
2021-03-15T22:19:32.3415768Z 00002c10: 7272 7071 6170 3477 6472 777a 7130 3932 7766 6c6e 2d67 6c69 6263 2d32 2e33 322d 3337 2f6c 6962 0058  rrpqap4wdrwzq092wfln-glibc-2.32-37/lib.X
2021-03-15T22:19:32.3416837Z 00002c38: 5858 5858 5858 5858 5858 5858 5858 5858 5858 5858 5858 5858 5858 5858 5858 5858 5858 5858 5858 5858  XXXXXXXXXXXXXXXXXXXXXXXXXXXXXXXXXXXXXXXX
2021-03-15T22:19:32.3418049Z 00002c60: 5858 5858 5858 5858 5858 5858 5858 5858 5858 5858 5858 5858 5858 5858 5858 5858 5858 5858 5858 5858  XXXXXXXXXXXXXXXXXXXXXXXXXXXXXXXXXXXXXXXX
2021-03-15T22:19:32.3419210Z 00002c88: 5858 5858 5858 5858 5858 5858 5858 5858 5858 5858 5858 5858 5858 5858 5858 5858 5858 5858 5858 5858  XXXXXXXXXXXXXXXXXXXXXXXXXXXXXXXXXXXXXXXX
2021-03-15T22:19:32.3420339Z 00002cb0: 5858 5858 5858 5858 5858 5858 5858 5858 5858 5858 5858 5858 5858 5858 5858 5858 5858 5858 5858 5858  XXXXXXXXXXXXXXXXXXXXXXXXXXXXXXXXXXXXXXXX
2021-03-15T22:19:32.3421502Z 00002cd8: 5858 5858 5858 5858 5858 5858 5858 5858 5858 5858 5858 5858 5800 0000 0200 0300 0300 0400 0300 0000  XXXXXXXXXXXXXXXXXXXXXXXXX...............
2021-03-15T22:19:32.3422221Z 00002d00: 0500 0000 0000 0600 0000 0400 0000 0500 0300 0300 0300 0000 0300 0300 0000 0000 0300 0500 0700 0000  ........................................
2021-03-15T22:19:32.3422629Z 00002d28: 0300 0000 0800 0300 0500 0000 0300 0000 0300 0300 0000 0900 0000 0300 0300 0000 0300 0300 0000 0000  ........................................
2021-03-15T22:19:32.3423200Z 00002d50: 0300 0300 0000 0800 0000 0300 0800 0300 0300 0000 0300 0500 0300 0000 0300 0300 0300 0000 0300 0500  ........................................
2021-03-15T22:19:32.3423615Z 00002d78: 0300 0300 0300 0300 0300 0300 0000 0300 0300 0300 0000 0500 0300 0300 0000 0000 0000 0300 0300 0500  ........................................
2021-03-15T22:19:32.3424049Z 00002da0: 0300 0300 0300 0300 0300 0a00 0300 0300 0000 0000 0300 0000 0000 0300 0300 0300 0000 0300 0000 0000  ........................................
2021-03-15T22:19:32.3424468Z 00002dc8: 0300 0300 0b00 0300 0300 0300 0300 0300 0c00 0300 0300 0300 0300 0000 0000 0300 0300 0300 0000 0300  ........................................
2021-03-15T22:19:32.3424905Z 00002df0: 0000 0d00 0000 0000 0300 0000 0000 0000 0000 0300 0000 0000 0000 0000 0000 0000 0400 0300 0000 0300  ........................................
2021-03-15T22:19:32.3425332Z 00002e18: 0000 0000 0000 0000 0300 0000 0400 0000 0000 0d00 0000 0000 0000 0000 0300 0300 0000 0300 0300 0e00  ........................................
2021-03-15T22:19:32.3425767Z 00002e40: 0000 0500 0300 0000 0300 0000 0000 0000 0300 0600 0000 0000 0300 0000 0000 0000 0300 0000 0900 0300  ........................................
2021-03-15T22:19:32.3426172Z 00002e68: 0300 0300 0000 0400 0000 0300 0000 0000 0300 0300 0000 0000 0300 0300 0000 0000 0300 0000 0300 0300  ........................................
2021-03-15T22:19:32.3426602Z 00002e90: 0000 0d00 0300 0000 0300 0100 0100 0300 0300 0000 0300 0300 0000 0000 0300 0300 0300 0100 0300 0100  ........................................
2021-03-15T22:19:32.3427067Z 00002eb8: 0100 0100 790b 0000 1000 0000 2000 0000 751a 6909 0000 0c00 bd0b 0000 0000 0000 0100 0100 980b 0000  ....y....... ...u.i.....................
2021-03-15T22:19:32.3427592Z 00002ee0: 1000 0000 2000 0000 751a 6909 0000 0500 bd0b 0000 0000 0000 0100 0b00 b30b 0000 1000 0000 0000 0000  .... ...u.i.............................
2021-03-15T22:19:32.3428318Z 00002f08: 8591 9606 0000 0e00 c90b 0000 1000 0000 1369 690d 0000 0d00 d40b 0000 1000 0000 9491 9606 0000 0b00  .................ii.....................
2021-03-15T22:19:32.3429034Z 00002f30: de0b 0000 1000 0000 1869 690d 0000 0a00 e90b 0000 1000 0000 1969 690d 0000 0900 f30b 0000 1000 0000  .........ii..............ii.............
2021-03-15T22:19:32.3429568Z 00002f58: 1469 690d 0000 0800 fd0b 0000 1000 0000 8691 9606 0000 0700 070c 0000 1000 0000 1669 690d 0000 0600  .ii..............................ii.....
2021-03-15T22:19:32.3430110Z 00002f80: 120c 0000 1000 0000 7419 6909 0000 0400 1c0c 0000 1000 0000 751a 6909 0000 0300 bd0b 0000 1000 0000  ........t.i.............u.i.............
2021-03-15T22:19:32.3430584Z 00002fa8: 9191 9606 0000 0200 280c 0000 0000 0000 f086 0200 0000 0000 0800 0000 0000 0000 f083 0000 0000 0000  ........(...............................
2021-03-15T22:19:32.3431116Z 00002fd0: f886 0200 0000 0000 0800 0000 0000 0000 b083 0000 0000 0000 0890 0200 0000 0000 0800 0000 0000 0000  ........................................
2021-03-15T22:19:32.3431551Z 00002ff8: 0890 0200 0000 0000 6090 0200 0000 0000 0800 0000 0000 0000 8007 0200 0000 0000 9890 0200 0000 0000  ........`...............................
2021-03-15T22:19:32.3431977Z 00003020: 0800 0000 0000 0000 8a07 0200 0000 0000 d090 0200 0000 0000 0800 0000 0000 0000 9607 0200 0000 0000  ........................................
2021-03-15T22:19:32.3432387Z 00003048: 0891 0200 0000 0000 0800 0000 0000 0000 a107 0200 0000 0000 4091 0200 0000 0000 0800 0000 0000 0000  ........................@...............
2021-03-15T22:19:32.3432922Z 00003070: ad07 0200 0000 0000 7891 0200 0000 0000 0800 0000 0000 0000 ba07 0200 0000 0000 b091 0200 0000 0000  ........x...............................
2021-03-15T22:19:32.3433365Z 00003098: 0800 0000 0000 0000 c707 0200 0000 0000 e891 0200 0000 0000 0800 0000 0000 0000 d607 0200 0000 0000  ........................................
2021-03-15T22:19:32.3433801Z 000030c0: f891 0200 0000 0000 0800 0000 0000 0000 4090 0200 0000 0000 2092 0200 0000 0000 0800 0000 0000 0000  ................@....... ...............
2021-03-15T22:19:32.3434238Z 000030e8: e407 0200 0000 0000 5892 0200 0000 0000 0800 0000 0000 0000 f107 0200 0000 0000 9092 0200 0000 0000  ........X...............................
2021-03-15T22:19:32.3434688Z 00003110: 0800 0000 0000 0000 fc07 0200 0000 0000 a092 0200 0000 0000 0800 0000 0000 0000 3090 0200 0000 0000  ................................0.......
2021-03-15T22:19:32.3435113Z 00003138: e092 0200 0000 0000 0800 0000 0000 0000 a60e 0200 0000 0000 0093 0200 0000 0000 0800 0000 0000 0000  ........................................
2021-03-15T22:19:32.3435567Z 00003160: ae0e 0200 0000 0000 2093 0200 0000 0000 0800 0000 0000 0000 470e 0200 0000 0000 4093 0200 0000 0000  ........ ...............G.......@.......
2021-03-15T22:19:32.3436168Z 00003188: 0800 0000 0000 0000 b80e 0200 0000 0000 6093 0200 0000 0000 0800 0000 0000 0000 bd0e 0200 0000 0000  ................`.......................
2021-03-15T22:19:32.3436602Z 000031b0: 8093 0200 0000 0000 0800 0000 0000 0000 c80e 0200 0000 0000 a093 0200 0000 0000 0800 0000 0000 0000  ........................................
2021-03-15T22:19:32.3437029Z 000031d8: d40e 0200 0000 0000 c093 0200 0000 0000 0800 0000 0000 0000 da0e 0200 0000 0000 e093 0200 0000 0000  ........................................
2021-03-15T22:19:32.3437468Z 00003200: 0800 0000 0000 0000 020e 0200 0000 0000 0094 0200 0000 0000 0800 0000 0000 0000 a00f 0200 0000 0000  ........................................
2021-03-15T22:19:32.3437893Z 00003228: 2094 0200 0000 0000 0800 0000 0000 0000 e70e 0200 0000 0000 4094 0200 0000 0000 0800 0000 0000 0000   .......................@...............
2021-03-15T22:19:32.3438304Z 00003250: f00e 0200 0000 0000 6094 0200 0000 0000 0800 0000 0000 0000 6310 0200 0000 0000 8094 0200 0000 0000  ........`...............c...............
2021-03-15T22:19:32.3438743Z 00003278: 0800 0000 0000 0000 f50e 0200 0000 0000 a094 0200 0000 0000 0800 0000 0000 0000 fb0e 0200 0000 0000  ........................................
2021-03-15T22:19:32.3439165Z 000032a0: c094 0200 0000 0000 0800 0000 0000 0000 0c0f 0200 0000 0000 e094 0200 0000 0000 0800 0000 0000 0000  ........................................
2021-03-15T22:19:32.3439608Z 000032c8: 4e33 0200 0000 0000 0095 0200 0000 0000 0800 0000 0000 0000 1c0f 0200 0000 0000 2095 0200 0000 0000  N3.............................. .......
2021-03-15T22:19:32.3440026Z 000032f0: 0800 0000 0000 0000 2c0f 0200 0000 0000 4095 0200 0000 0000 0800 0000 0000 0000 3c0f 0200 0000 0000  ........,.......@...............<.......
2021-03-15T22:19:32.3440458Z 00003318: 6095 0200 0000 0000 0800 0000 0000 0000 6d10 0200 0000 0000 8095 0200 0000 0000 0800 0000 0000 0000  `...............m.......................
2021-03-15T22:19:32.3440882Z 00003340: db0f 0200 0000 0000 a095 0200 0000 0000 0800 0000 0000 0000 430f 0200 0000 0000 c095 0200 0000 0000  ........................C...............
2021-03-15T22:19:32.3441384Z 00003368: 0800 0000 0000 0000 0910 0200 0000 0000 e095 0200 0000 0000 0800 0000 0000 0000 b30e 0200 0000 0000  ........................................
2021-03-15T22:19:32.3441806Z 00003390: 0096 0200 0000 0000 0800 0000 0000 0000 490f 0200 0000 0000 2096 0200 0000 0000 0800 0000 0000 0000  ................I....... ...............
2021-03-15T22:19:32.3442229Z 000033b8: 590f 0200 0000 0000 4096 0200 0000 0000 0800 0000 0000 0000 5f0f 0200 0000 0000 6096 0200 0000 0000  Y.......@..............._.......`.......
2021-03-15T22:19:32.3442712Z 000033e0: 0800 0000 0000 0000 640f 0200 0000 0000 8096 0200 0000 0000 0800 0000 0000 0000 2924 0200 0000 0000  ........d.......................)$......
2021-03-15T22:19:32.3443152Z 00003408: c096 0200 0000 0000 0800 0000 0000 0000 6c0f 0200 0000 0000 d096 0200 0000 0000 0800 0000 0000 0000  ................l.......................
2021-03-15T22:19:32.3443590Z 00003430: 790f 0200 0000 0000 e096 0200 0000 0000 0800 0000 0000 0000 850f 0200 0000 0000 f096 0200 0000 0000  y.......................................
2021-03-15T22:19:32.3444075Z 00003458: 0800 0000 0000 0000 9a0f 0200 0000 0000 0097 0200 0000 0000 0800 0000 0000 0000 a60f 0200 0000 0000  ........................................
2021-03-15T22:19:32.3444476Z 00003480: 1097 0200 0000 0000 0800 0000 0000 0000 af0f 0200 0000 0000 2097 0200 0000 0000 0800 0000 0000 0000  ........................ ...............
2021-03-15T22:19:32.3445170Z 000034a8: b90f 0200 0000 0000 3097 0200 0000 0000 0800 0000 0000 0000 c50f 0200 0000 0000 4097 0200 0000 0000  ........0.......................@.......
2021-03-15T22:19:32.3445640Z 000034d0: 0800 0000 0000 0000 3c0f 0200 0000 0000 5097 0200 0000 0000 0800 0000 0000 0000 d30f 0200 0000 0000  ........<.......P.......................
2021-03-15T22:19:32.3446131Z 000034f8: 6097 0200 0000 0000 0800 0000 0000 0000 e00f 0200 0000 0000 7097 0200 0000 0000 0800 0000 0000 0000  `.......................p...............
2021-03-15T22:19:32.3446793Z 00003520: ed0f 0200 0000 0000 8097 0200 0000 0000 0800 0000 0000 0000 f80f 0200 0000 0000 9097 0200 0000 0000  ........................................
2021-03-15T22:19:32.3447242Z 00003548: 0800 0000 0000 0000 0110 0200 0000 0000 a097 0200 0000 0000 0800 0000 0000 0000 0f10 0200 0000 0000  ........................................
2021-03-15T22:19:32.3447668Z 00003570: b097 0200 0000 0000 0800 0000 0000 0000 1f10 0200 0000 0000 c097 0200 0000 0000 0800 0000 0000 0000  ........................................
2021-03-15T22:19:32.3448463Z 00003598: fe0d 0200 0000 0000 d097 0200 0000 0000 0800 0000 0000 0000 2e10 0200 0000 0000 e097 0200 0000 0000  ........................................
2021-03-15T22:19:32.3448885Z 000035c0: 0800 0000 0000 0000 3810 0200 0000 0000 f097 0200 0000 0000 0800 0000 0000 0000 4610 0200 0000 0000  ........8.......................F.......
2021-03-15T22:19:32.3449308Z 000035e8: 0098 0200 0000 0000 0800 0000 0000 0000 5110 0200 0000 0000 1098 0200 0000 0000 0800 0000 0000 0000  ................Q.......................
2021-03-15T22:19:32.3449728Z 00003610: 5c10 0200 0000 0000 2098 0200 0000 0000 0800 0000 0000 0000 510f 0200 0000 0000 3098 0200 0000 0000  \....... ...............Q.......0.......
2021-03-15T22:19:32.3450152Z 00003638: 0800 0000 0000 0000 6810 0200 0000 0000 4098 0200 0000 0000 0800 0000 0000 0000 7410 0200 0000 0000  ........h.......@...............t.......
2021-03-15T22:19:32.3450562Z 00003660: 38a1 0200 0000 0000 0800 0000 0000 0000 30a1 0200 0000 0000 48a1 0200 0000 0000 0800 0000 0000 0000  8...............0.......H...............
2021-03-15T22:19:32.3451024Z 00003688: 40a1 0200 0000 0000 58a1 0200 0000 0000 0800 0000 0000 0000 50a1 0200 0000 0000 d88f 0200 0000 0000  @.......X...............P...............
2021-03-15T22:19:32.3451459Z 000036b0: 0600 0000 1200 0000 0000 0000 0000 0000 e08f 0200 0000 0000 0600 0000 5700 0000 0000 0000 0000 0000  ............................W...........
2021-03-15T22:19:32.3451912Z 000036d8: e88f 0200 0000 0000 0600 0000 6700 0000 0000 0000 0000 0000 f08f 0200 0000 0000 0600 0000 c100 0000  ............g...........................
2021-03-15T22:19:32.3452412Z 00003700: 0000 0000 0000 0000 f88f 0200 0000 0000 0600 0000 d900 0000 0000 0000 0000 0000 60a1 0200 0000 0000  ................................`.......
2021-03-15T22:19:32.3452870Z 00003728: 0500 0000 d300 0000 0000 0000 0000 0000 70a1 0200 0000 0000 0500 0000 da00 0000 0000 0000 0000 0000  ................p.......................
2021-03-15T22:19:32.3453327Z 00003750: 78a1 0200 0000 0000 0500 0000 db00 0000 0000 0000 0000 0000 7ca1 0200 0000 0000 0500 0000 df00 0000  x.......................|...............
2021-03-15T22:19:32.3453839Z 00003778: 0000 0000 0000 0000 80a1 0200 0000 0000 0500 0000 dd00 0000 0000 0000 0000 0000 88a1 0200 0000 0000  ........................................
2021-03-15T22:19:32.3454273Z 000037a0: 0500 0000 e100 0000 0000 0000 0000 0000 90a1 0200 0000 0000 0500 0000 dc00 0000 0000 0000 0000 0000  ........................................
2021-03-15T22:19:32.3454894Z 000037c8: a0a1 0200 0000 0000 0500 0000 d800 0000 0000 0000 0000 0000 c0a1 0200 0000 0000 0500 0000 de00 0000  ........................................
2021-03-15T22:19:32.3455355Z 000037f0: 0000 0000 0000 0000 6889 0200 0000 0000 0700 0000 0100 0000 0000 0000 0000 0000 7089 0200 0000 0000  ........h.......................p.......
2021-03-15T22:19:32.3455787Z 00003818: 0700 0000 0200 0000 0000 0000 0000 0000 7889 0200 0000 0000 0700 0000 0300 0000 0000 0000 0000 0000  ................x.......................
2021-03-15T22:19:32.3456213Z 00003840: 8089 0200 0000 0000 0700 0000 0400 0000 0000 0000 0000 0000 8889 0200 0000 0000 0700 0000 0500 0000  ........................................
2021-03-15T22:19:32.3456612Z 00003868: 0000 0000 0000 0000 9089 0200 0000 0000 0700 0000 0600 0000 0000 0000 0000 0000 9889 0200 0000 0000  ........................................
2021-03-15T22:19:32.3457180Z 00003890: 0700 0000 0700 0000 0000 0000 0000 0000 a089 0200 0000 0000 0700 0000 0800 0000 0000 0000 0000 0000  ........................................
2021-03-15T22:19:32.3457581Z 000038b8: a889 0200 0000 0000 0700 0000 0900 0000 0000 0000 0000 0000 b089 0200 0000 0000 0700 0000 0a00 0000  ........................................
2021-03-15T22:19:32.3458012Z 000038e0: 0000 0000 0000 0000 b889 0200 0000 0000 0700 0000 0b00 0000 0000 0000 0000 0000 c089 0200 0000 0000  ........................................
2021-03-15T22:19:32.3458601Z 00003908: 0700 0000 0c00 0000 0000 0000 0000 0000 c889 0200 0000 0000 0700 0000 0d00 0000 0000 0000 0000 0000  ........................................
2021-03-15T22:19:32.3459020Z 00003930: d089 0200 0000 0000 0700 0000 0e00 0000 0000 0000 0000 0000 d889 0200 0000 0000 0700 0000 0f00 0000  ........................................
2021-03-15T22:19:32.3459423Z 00003958: 0000 0000 0000 0000 e089 0200 0000 0000 0700 0000 1000 0000 0000 0000 0000 0000 e889 0200 0000 0000  ........................................
2021-03-15T22:19:32.3459823Z 00003980: 0700 0000 1100 0000 0000 0000 0000 0000 f089 0200 0000 0000 0700 0000 1300 0000 0000 0000 0000 0000  ........................................
2021-03-15T22:19:32.3460211Z 000039a8: f889 0200 0000 0000 0700 0000 1400 0000 0000 0000 0000 0000 008a 0200 0000 0000 0700 0000 1500 0000  ........................................
2021-03-15T22:19:32.3460616Z 000039d0: 0000 0000 0000 0000 088a 0200 0000 0000 0700 0000 1600 0000 0000 0000 0000 0000 108a 0200 0000 0000  ........................................
2021-03-15T22:19:32.3460995Z 000039f8: 0700 0000 1700 0000 0000 0000 0000 0000 188a 0200 0000 0000 0700 0000 1800 0000 0000 0000 0000 0000  ........................................
2021-03-15T22:19:32.3461399Z 00003a20: 208a 0200 0000 0000 0700 0000 1900 0000 0000 0000 0000 0000 288a 0200 0000 0000 0700 0000 1a00 0000   .......................(...............
2021-03-15T22:19:32.3461791Z 00003a48: 0000 0000 0000 0000 308a 0200 0000 0000 0700 0000 1b00 0000 0000 0000 0000 0000 388a 0200 0000 0000  ........0.......................8.......
2021-03-15T22:19:32.3462267Z 00003a70: 0700 0000 1c00 0000 0000 0000 0000 0000 408a 0200 0000 0000 0700 0000 1d00 0000 0000 0000 0000 0000  ................@.......................
2021-03-15T22:19:32.3462710Z 00003a98: 488a 0200 0000 0000 0700 0000 1e00 0000 0000 0000 0000 0000 508a 0200 0000 0000 0700 0000 1f00 0000  H.......................P...............
2021-03-15T22:19:32.3463275Z 00003ac0: 0000 0000 0000 0000 588a 0200 0000 0000 0700 0000 2000 0000 0000 0000 0000 0000 608a 0200 0000 0000  ........X........... ...........`.......
2021-03-15T22:19:32.3463680Z 00003ae8: 0700 0000 2100 0000 0000 0000 0000 0000 688a 0200 0000 0000 0700 0000 2200 0000 0000 0000 0000 0000  ....!...........h..........."...........
2021-03-15T22:19:32.3464383Z 00003b10: 708a 0200 0000 0000 0700 0000 2300 0000 0000 0000 0000 0000 788a 0200 0000 0000 0700 0000 2400 0000  p...........#...........x...........$...
2021-03-15T22:19:32.3465219Z 00003b38: 0000 0000 0000 0000 808a 0200 0000 0000 0700 0000 2500 0000 0000 0000 0000 0000 888a 0200 0000 0000  ....................%...................
2021-03-15T22:19:32.3466007Z 00003b60: 0700 0000 2600 0000 0000 0000 0000 0000 908a 0200 0000 0000 0700 0000 2700 0000 0000 0000 0000 0000  ....&.......................'...........
2021-03-15T22:19:32.3466590Z 00003b88: 988a 0200 0000 0000 0700 0000 2800 0000 0000 0000 0000 0000 a08a 0200 0000 0000 0700 0000 2900 0000  ............(.......................)...
2021-03-15T22:19:32.3467026Z 00003bb0: 0000 0000 0000 0000 a88a 0200 0000 0000 0700 0000 2a00 0000 0000 0000 0000 0000 b08a 0200 0000 0000  ....................*...................
2021-03-15T22:19:32.3467459Z 00003bd8: 0700 0000 2b00 0000 0000 0000 0000 0000 b88a 0200 0000 0000 0700 0000 2c00 0000 0000 0000 0000 0000  ....+.......................,...........
2021-03-15T22:19:32.3468573Z 00003c00: c08a 0200 0000 0000 0700 0000 2d00 0000 0000 0000 0000 0000 c88a 0200 0000 0000 0700 0000 2e00 0000  ............-...........................
2021-03-15T22:19:32.3469199Z 00003c28: 0000 0000 0000 0000 d08a 0200 0000 0000 0700 0000 2f00 0000 0000 0000 0000 0000 d88a 0200 0000 0000  ..................../...................
2021-03-15T22:19:32.3469662Z 00003c50: 0700 0000 3000 0000 0000 0000 0000 0000 e08a 0200 0000 0000 0700 0000 3100 0000 0000 0000 0000 0000  ....0.......................1...........
2021-03-15T22:19:32.3470121Z 00003c78: e88a 0200 0000 0000 0700 0000 3200 0000 0000 0000 0000 0000 f08a 0200 0000 0000 0700 0000 3300 0000  ............2.......................3...
2021-03-15T22:19:32.3470559Z 00003ca0: 0000 0000 0000 0000 f88a 0200 0000 0000 0700 0000 3400 0000 0000 0000 0000 0000 008b 0200 0000 0000  ....................4...................
2021-03-15T22:19:32.3471197Z 00003cc8: 0700 0000 3500 0000 0000 0000 0000 0000 088b 0200 0000 0000 0700 0000 3600 0000 0000 0000 0000 0000  ....5.......................6...........
2021-03-15T22:19:32.3472325Z 00003cf0: 108b 0200 0000 0000 0700 0000 3700 0000 0000 0000 0000 0000 188b 0200 0000 0000 0700 0000 3800 0000  ............7.......................8...
2021-03-15T22:19:32.3472965Z 00003d18: 0000 0000 0000 0000 208b 0200 0000 0000 0700 0000 3900 0000 0000 0000 0000 0000 288b 0200 0000 0000  ........ ...........9...........(.......
2021-03-15T22:19:32.3473425Z 00003d40: 0700 0000 3a00 0000 0000 0000 0000 0000 308b 0200 0000 0000 0700 0000 3b00 0000 0000 0000 0000 0000  ....:...........0...........;...........
2021-03-15T22:19:32.3474063Z 00003d68: 388b 0200 0000 0000 0700 0000 3c00 0000 0000 0000 0000 0000 408b 0200 0000 0000 0700 0000 3d00 0000  8...........<...........@...........=...
2021-03-15T22:19:32.3474714Z 00003d90: 0000 0000 0000 0000 488b 0200 0000 0000 0700 0000 3e00 0000 0000 0000 0000 0000 508b 0200 0000 0000  ........H...........>...........P.......
2021-03-15T22:19:32.3475637Z 00003db8: 0700 0000 3f00 0000 0000 0000 0000 0000 588b 0200 0000 0000 0700 0000 4000 0000 0000 0000 0000 0000  ....?...........X...........@...........
2021-03-15T22:19:32.3476841Z 00003de0: 608b 0200 0000 0000 0700 0000 4100 0000 0000 0000 0000 0000 688b 0200 0000 0000 0700 0000 4200 0000  `...........A...........h...........B...
2021-03-15T22:19:32.3477638Z 00003e08: 0000 0000 0000 0000 708b 0200 0000 0000 0700 0000 4300 0000 0000 0000 0000 0000 788b 0200 0000 0000  ........p...........C...........x.......
2021-03-15T22:19:32.3478174Z 00003e30: 0700 0000 4400 0000 0000 0000 0000 0000 808b 0200 0000 0000 0700 0000 4500 0000 0000 0000 0000 0000  ....D.......................E...........
2021-03-15T22:19:32.3478886Z 00003e58: 888b 0200 0000 0000 0700 0000 4600 0000 0000 0000 0000 0000 908b 0200 0000 0000 0700 0000 4700 0000  ............F.......................G...
2021-03-15T22:19:32.3479595Z 00003e80: 0000 0000 0000 0000 988b 0200 0000 0000 0700 0000 4800 0000 0000 0000 0000 0000 a08b 0200 0000 0000  ....................H...................
2021-03-15T22:19:32.3480398Z 00003ea8: 0700 0000 4900 0000 0000 0000 0000 0000 a88b 0200 0000 0000 0700 0000 4a00 0000 0000 0000 0000 0000  ....I.......................J...........
2021-03-15T22:19:32.3480855Z 00003ed0: b08b 0200 0000 0000 0700 0000 4b00 0000 0000 0000 0000 0000 b88b 0200 0000 0000 0700 0000 4c00 0000  ............K.......................L...
2021-03-15T22:19:32.3481323Z 00003ef8: 0000 0000 0000 0000 c08b 0200 0000 0000 0700 0000 4d00 0000 0000 0000 0000 0000 c88b 0200 0000 0000  ....................M...................
2021-03-15T22:19:32.3481773Z 00003f20: 0700 0000 4e00 0000 0000 0000 0000 0000 d08b 0200 0000 0000 0700 0000 4f00 0000 0000 0000 0000 0000  ....N.......................O...........
2021-03-15T22:19:32.3482248Z 00003f48: d88b 0200 0000 0000 0700 0000 5000 0000 0000 0000 0000 0000 e08b 0200 0000 0000 0700 0000 5100 0000  ............P.......................Q...
2021-03-15T22:19:32.3482692Z 00003f70: 0000 0000 0000 0000 e88b 0200 0000 0000 0700 0000 5200 0000 0000 0000 0000 0000 f08b 0200 0000 0000  ....................R...................
2021-03-15T22:19:32.3483137Z 00003f98: 0700 0000 5300 0000 0000 0000 0000 0000 f88b 0200 0000 0000 0700 0000 5400 0000 0000 0000 0000 0000  ....S.......................T...........
2021-03-15T22:19:32.3483575Z 00003fc0: 008c 0200 0000 0000 0700 0000 5500 0000 0000 0000 0000 0000 088c 0200 0000 0000 0700 0000 5600 0000  ............U.......................V...
2021-03-15T22:19:32.3484017Z 00003fe8: 0000 0000 0000 0000 108c 0200 0000 0000 0700 0000 5800 0000 0000 0000 0000 0000 188c 0200 0000 0000  ....................X...................
2021-03-15T22:19:32.3484434Z 00004010: 0700 0000 5900 0000 0000 0000 0000 0000 208c 0200 0000 0000 0700 0000 5a00 0000 0000 0000 0000 0000  ....Y........... ...........Z...........
2021-03-15T22:19:32.3484854Z 00004038: 288c 0200 0000 0000 0700 0000 5b00 0000 0000 0000 0000 0000 308c 0200 0000 0000 0700 0000 5c00 0000  (...........[...........0...........\...
2021-03-15T22:19:32.3485259Z 00004060: 0000 0000 0000 0000 388c 0200 0000 0000 0700 0000 5d00 0000 0000 0000 0000 0000 408c 0200 0000 0000  ........8...........]...........@.......
2021-03-15T22:19:32.3485678Z 00004088: 0700 0000 5e00 0000 0000 0000 0000 0000 488c 0200 0000 0000 0700 0000 5f00 0000 0000 0000 0000 0000  ....^...........H..........._...........
2021-03-15T22:19:32.3486103Z 000040b0: 508c 0200 0000 0000 0700 0000 6000 0000 0000 0000 0000 0000 588c 0200 0000 0000 0700 0000 6100 0000  P...........`...........X...........a...
2021-03-15T22:19:32.3486545Z 000040d8: 0000 0000 0000 0000 608c 0200 0000 0000 0700 0000 6200 0000 0000 0000 0000 0000 688c 0200 0000 0000  ........`...........b...........h.......
2021-03-15T22:19:32.3486982Z 00004100: 0700 0000 6300 0000 0000 0000 0000 0000 708c 0200 0000 0000 0700 0000 6400 0000 0000 0000 0000 0000  ....c...........p...........d...........
2021-03-15T22:19:32.3487460Z 00004128: 788c 0200 0000 0000 0700 0000 6500 0000 0000 0000 0000 0000 808c 0200 0000 0000 0700 0000 6600 0000  x...........e.......................f...
2021-03-15T22:19:32.3487891Z 00004150: 0000 0000 0000 0000 888c 0200 0000 0000 0700 0000 6800 0000 0000 0000 0000 0000 908c 0200 0000 0000  ....................h...................
2021-03-15T22:19:32.3488393Z 00004178: 0700 0000 6900 0000 0000 0000 0000 0000 988c 0200 0000 0000 0700 0000 6a00 0000 0000 0000 0000 0000  ....i.......................j...........
2021-03-15T22:19:32.3488868Z 000041a0: a08c 0200 0000 0000 0700 0000 6b00 0000 0000 0000 0000 0000 a88c 0200 0000 0000 0700 0000 6c00 0000  ............k.......................l...
2021-03-15T22:19:32.3489493Z 000041c8: 0000 0000 0000 0000 b08c 0200 0000 0000 0700 0000 6d00 0000 0000 0000 0000 0000 b88c 0200 0000 0000  ....................m...................
2021-03-15T22:19:32.3490546Z 000041f0: 0700 0000 6e00 0000 0000 0000 0000 0000 c08c 0200 0000 0000 0700 0000 6f00 0000 0000 0000 0000 0000  ....n.......................o...........
2021-03-15T22:19:32.3491527Z 00004218: c88c 0200 0000 0000 0700 0000 7000 0000 0000 0000 0000 0000 d08c 0200 0000 0000 0700 0000 7100 0000  ............p.......................q...
2021-03-15T22:19:32.3492556Z 00004240: 0000 0000 0000 0000 d88c 0200 0000 0000 0700 0000 7200 0000 0000 0000 0000 0000 e08c 0200 0000 0000  ....................r...................
2021-03-15T22:19:32.3493072Z 00004268: 0700 0000 7300 0000 0000 0000 0000 0000 e88c 0200 0000 0000 0700 0000 7400 0000 0000 0000 0000 0000  ....s.......................t...........
2021-03-15T22:19:32.3493771Z 00004290: f08c 0200 0000 0000 0700 0000 7500 0000 0000 0000 0000 0000 f88c 0200 0000 0000 0700 0000 7600 0000  ............u.......................v...
2021-03-15T22:19:32.3494553Z 000042b8: 0000 0000 0000 0000 008d 0200 0000 0000 0700 0000 7700 0000 0000 0000 0000 0000 088d 0200 0000 0000  ....................w...................
2021-03-15T22:19:32.3495010Z 000042e0: 0700 0000 7800 0000 0000 0000 0000 0000 108d 0200 0000 0000 0700 0000 7900 0000 0000 0000 0000 0000  ....x.......................y...........
2021-03-15T22:19:32.3495814Z 00004308: 188d 0200 0000 0000 0700 0000 7a00 0000 0000 0000 0000 0000 208d 0200 0000 0000 0700 0000 7b00 0000  ............z........... ...........{...
2021-03-15T22:19:32.3496625Z 00004330: 0000 0000 0000 0000 288d 0200 0000 0000 0700 0000 7c00 0000 0000 0000 0000 0000 308d 0200 0000 0000  ........(...........|...........0.......
2021-03-15T22:19:32.3499964Z 00004358: 0700 0000 7d00 0000 0000 0000 0000 0000 388d 0200 0000 0000 0700 0000 7e00 0000 0000 0000 0000 0000  ....}...........8...........~...........
2021-03-15T22:19:32.3500965Z 00004380: 408d 0200 0000 0000 0700 0000 7f00 0000 0000 0000 0000 0000 488d 0200 0000 0000 0700 0000 8000 0000  @.......................H...............
2021-03-15T22:19:32.3501612Z 000043a8: 0000 0000 0000 0000 508d 0200 0000 0000 0700 0000 8100 0000 0000 0000 0000 0000 588d 0200 0000 0000  ........P.......................X.......
2021-03-15T22:19:32.3502079Z 000043d0: 0700 0000 8200 0000 0000 0000 0000 0000 608d 0200 0000 0000 0700 0000 8300 0000 0000 0000 0000 0000  ................`.......................
2021-03-15T22:19:32.3502525Z 000043f8: 688d 0200 0000 0000 0700 0000 8400 0000 0000 0000 0000 0000 708d 0200 0000 0000 0700 0000 8500 0000  h.......................p...............
2021-03-15T22:19:32.3503117Z 00004420: 0000 0000 0000 0000 788d 0200 0000 0000 0700 0000 8600 0000 0000 0000 0000 0000 808d 0200 0000 0000  ........x...............................
2021-03-15T22:19:32.3503557Z 00004448: 0700 0000 8700 0000 0000 0000 0000 0000 888d 0200 0000 0000 0700 0000 8800 0000 0000 0000 0000 0000  ........................................
2021-03-15T22:19:32.3504545Z 00004470: 908d 0200 0000 0000 0700 0000 8900 0000 0000 0000 0000 0000 988d 0200 0000 0000 0700 0000 8a00 0000  ........................................
2021-03-15T22:19:32.3505150Z 00004498: 0000 0000 0000 0000 a08d 0200 0000 0000 0700 0000 8b00 0000 0000 0000 0000 0000 a88d 0200 0000 0000  ........................................
2021-03-15T22:19:32.3505609Z 000044c0: 0700 0000 8c00 0000 0000 0000 0000 0000 b08d 0200 0000 0000 0700 0000 8d00 0000 0000 0000 0000 0000  ........................................
2021-03-15T22:19:32.3506245Z 000044e8: b88d 0200 0000 0000 0700 0000 8e00 0000 0000 0000 0000 0000 c08d 0200 0000 0000 0700 0000 8f00 0000  ........................................
2021-03-15T22:19:32.3506810Z 00004510: 0000 0000 0000 0000 c88d 0200 0000 0000 0700 0000 9000 0000 0000 0000 0000 0000 d08d 0200 0000 0000  ........................................
2021-03-15T22:19:32.3507428Z 00004538: 0700 0000 9100 0000 0000 0000 0000 0000 d88d 0200 0000 0000 0700 0000 9200 0000 0000 0000 0000 0000  ........................................
2021-03-15T22:19:32.3508042Z 00004560: e08d 0200 0000 0000 0700 0000 9300 0000 0000 0000 0000 0000 e88d 0200 0000 0000 0700 0000 9400 0000  ........................................
2021-03-15T22:19:32.3508465Z 00004588: 0000 0000 0000 0000 f08d 0200 0000 0000 0700 0000 9500 0000 0000 0000 0000 0000 f88d 0200 0000 0000  ........................................
2021-03-15T22:19:32.3508979Z 000045b0: 0700 0000 9600 0000 0000 0000 0000 0000 008e 0200 0000 0000 0700 0000 9700 0000 0000 0000 0000 0000  ........................................
2021-03-15T22:19:32.3509411Z 000045d8: 088e 0200 0000 0000 0700 0000 9800 0000 0000 0000 0000 0000 108e 0200 0000 0000 0700 0000 9900 0000  ........................................
2021-03-15T22:19:32.3509832Z 00004600: 0000 0000 0000 0000 188e 0200 0000 0000 0700 0000 9a00 0000 0000 0000 0000 0000 208e 0200 0000 0000  ................................ .......
2021-03-15T22:19:32.3510261Z 00004628: 0700 0000 9b00 0000 0000 0000 0000 0000 288e 0200 0000 0000 0700 0000 9c00 0000 0000 0000 0000 0000  ................(.......................
2021-03-15T22:19:32.3510682Z 00004650: 308e 0200 0000 0000 0700 0000 9d00 0000 0000 0000 0000 0000 388e 0200 0000 0000 0700 0000 9e00 0000  0.......................8...............
2021-03-15T22:19:32.3511126Z 00004678: 0000 0000 0000 0000 408e 0200 0000 0000 0700 0000 9f00 0000 0000 0000 0000 0000 488e 0200 0000 0000  ........@.......................H.......
2021-03-15T22:19:32.3511560Z 000046a0: 0700 0000 a000 0000 0000 0000 0000 0000 508e 0200 0000 0000 0700 0000 a100 0000 0000 0000 0000 0000  ................P.......................
2021-03-15T22:19:32.3512031Z 000046c8: 588e 0200 0000 0000 0700 0000 a200 0000 0000 0000 0000 0000 608e 0200 0000 0000 0700 0000 a300 0000  X.......................`...............
2021-03-15T22:19:32.3512492Z 000046f0: 0000 0000 0000 0000 688e 0200 0000 0000 0700 0000 a400 0000 0000 0000 0000 0000 708e 0200 0000 0000  ........h.......................p.......
2021-03-15T22:19:32.3512960Z 00004718: 0700 0000 a500 0000 0000 0000 0000 0000 788e 0200 0000 0000 0700 0000 a600 0000 0000 0000 0000 0000  ................x.......................
2021-03-15T22:19:32.3513392Z 00004740: 808e 0200 0000 0000 0700 0000 a700 0000 0000 0000 0000 0000 888e 0200 0000 0000 0700 0000 a800 0000  ........................................
2021-03-15T22:19:32.3513832Z 00004768: 0000 0000 0000 0000 908e 0200 0000 0000 0700 0000 a900 0000 0000 0000 0000 0000 988e 0200 0000 0000  ........................................
2021-03-15T22:19:32.3514259Z 00004790: 0700 0000 aa00 0000 0000 0000 0000 0000 a08e 0200 0000 0000 0700 0000 ab00 0000 0000 0000 0000 0000  ........................................
2021-03-15T22:19:32.3514912Z 000047b8: a88e 0200 0000 0000 0700 0000 ac00 0000 0000 0000 0000 0000 b08e 0200 0000 0000 0700 0000 ad00 0000  ........................................
2021-03-15T22:19:32.3515379Z 000047e0: 0000 0000 0000 0000 b88e 0200 0000 0000 0700 0000 ae00 0000 0000 0000 0000 0000 c08e 0200 0000 0000  ........................................
2021-03-15T22:19:32.3516212Z 00004808: 0700 0000 af00 0000 0000 0000 0000 0000 c88e 0200 0000 0000 0700 0000 b000 0000 0000 0000 0000 0000  ........................................
2021-03-15T22:19:32.3517034Z 00004830: d08e 0200 0000 0000 0700 0000 b100 0000 0000 0000 0000 0000 d88e 0200 0000 0000 0700 0000 b200 0000  ........................................
2021-03-15T22:19:32.3517901Z 00004858: 0000 0000 0000 0000 e08e 0200 0000 0000 0700 0000 b300 0000 0000 0000 0000 0000 e88e 0200 0000 0000  ........................................
2021-03-15T22:19:32.3518375Z 00004880: 0700 0000 b400 0000 0000 0000 0000 0000 f08e 0200 0000 0000 0700 0000 b500 0000 0000 0000 0000 0000  ........................................
2021-03-15T22:19:32.3519264Z 000048a8: f88e 0200 0000 0000 0700 0000 b600 0000 0000 0000 0000 0000 008f 0200 0000 0000 0700 0000 b700 0000  ........................................
2021-03-15T22:19:32.3520193Z 000048d0: 0000 0000 0000 0000 088f 0200 0000 0000 0700 0000 b800 0000 0000 0000 0000 0000 108f 0200 0000 0000  ........................................
2021-03-15T22:19:32.3520660Z 000048f8: 0700 0000 b900 0000 0000 0000 0000 0000 188f 0200 0000 0000 0700 0000 ba00 0000 0000 0000 0000 0000  ........................................
2021-03-15T22:19:32.3521346Z 00004920: 208f 0200 0000 0000 0700 0000 bb00 0000 0000 0000 0000 0000 288f 0200 0000 0000 0700 0000 bc00 0000   .......................(...............
2021-03-15T22:19:32.3521798Z 00004948: 0000 0000 0000 0000 308f 0200 0000 0000 0700 0000 bd00 0000 0000 0000 0000 0000 388f 0200 0000 0000  ........0.......................8.......
2021-03-15T22:19:32.3522240Z 00004970: 0700 0000 be00 0000 0000 0000 0000 0000 408f 0200 0000 0000 0700 0000 bf00 0000 0000 0000 0000 0000  ................@.......................
2021-03-15T22:19:32.3522721Z 00004998: 488f 0200 0000 0000 0700 0000 c000 0000 0000 0000 0000 0000 508f 0200 0000 0000 0700 0000 c200 0000  H.......................P...............
2021-03-15T22:19:32.3523527Z 000049c0: 0000 0000 0000 0000 588f 0200 0000 0000 0700 0000 c300 0000 0000 0000 0000 0000 608f 0200 0000 0000  ........X.......................`.......
2021-03-15T22:19:32.3523967Z 000049e8: 0700 0000 c400 0000 0000 0000 0000 0000 688f 0200 0000 0000 0700 0000 c500 0000 0000 0000 0000 0000  ................h.......................
2021-03-15T22:19:32.3524418Z 00004a10: 708f 0200 0000 0000 0700 0000 c600 0000 0000 0000 0000 0000 788f 0200 0000 0000 0700 0000 c700 0000  p.......................x...............
2021-03-15T22:19:32.3525058Z 00004a38: 0000 0000 0000 0000 808f 0200 0000 0000 0700 0000 c800 0000 0000 0000 0000 0000 888f 0200 0000 0000  ........................................
2021-03-15T22:19:32.3525478Z 00004a60: 0700 0000 c900 0000 0000 0000 0000 0000 908f 0200 0000 0000 0700 0000 ca00 0000 0000 0000 0000 0000  ........................................
2021-03-15T22:19:32.3525929Z 00004a88: 988f 0200 0000 0000 0700 0000 cb00 0000 0000 0000 0000 0000 a08f 0200 0000 0000 0700 0000 cc00 0000  ........................................
2021-03-15T22:19:32.3526371Z 00004ab0: 0000 0000 0000 0000 a88f 0200 0000 0000 0700 0000 cd00 0000 0000 0000 0000 0000 b08f 0200 0000 0000  ........................................
2021-03-15T22:19:32.3526834Z 00004ad8: 0700 0000 ce00 0000 0000 0000 0000 0000 b88f 0200 0000 0000 0700 0000 cf00 0000 0000 0000 0000 0000  ........................................
2021-03-15T22:19:32.3527290Z 00004b00: c08f 0200 0000 0000 0700 0000 d000 0000 0000 0000 0000 0000 c88f 0200 0000 0000 0700 0000 d100 0000  ........................................
2021-03-15T22:19:32.3527719Z 00004b28: 0000 0000 0000 0000 d08f 0200 0000 0000 0700 0000 d200 0000 0000 0000 0000 0000 0000 0000 0000 0000  ........................................
2021-03-15T22:19:32.3528155Z 00004b50: 0000 0000 0000 0000 0000 0000 0000 0000 0000 0000 0000 0000 0000 0000 0000 0000 0000 0000 0000 0000  ........................................
2021-03-15T22:19:32.3528560Z 00004b78: 0000 0000 0000 0000 0000 0000 0000 0000 0000 0000 0000 0000 0000 0000 0000 0000 0000 0000 0000 0000  ........................................
2021-03-15T22:19:32.3528979Z 00004ba0: 0000 0000 0000 0000 0000 0000 0000 0000 0000 0000 0000 0000 0000 0000 0000 0000 0000 0000 0000 0000  ........................................
2021-03-15T22:19:32.3529580Z 00004bc8: 0000 0000 0000 0000 0000 0000 0000 0000 0000 0000 0000 0000 0000 0000 0000 0000 0000 0000 0000 0000  ........................................
2021-03-15T22:19:32.3530012Z 00004bf0: 0000 0000 0000 0000 0000 0000 0000 0000 0000 0000 0000 0000 0000 0000 0000 0000 0000 0000 0000 0000  ........................................
2021-03-15T22:19:32.3530678Z 00004c18: 0000 0000 0000 0000 0000 0000 0000 0000 0000 0000 0000 0000 0000 0000 0000 0000 0000 0000 0000 0000  ........................................
2021-03-15T22:19:32.3531313Z 00004c40: 0000 0000 0000 0000 0000 0000 0000 0000 0000 0000 0000 0000 0000 0000 0000 0000 0000 0000 0000 0000  ........................................
2021-03-15T22:19:32.3531930Z 00004c68: 0000 0000 0000 0000 0000 0000 0000 0000 0000 0000 0000 0000 0000 0000 0000 0000 0000 0000 0000 0000  ........................................
2021-03-15T22:19:32.3532917Z 00004c90: 0000 0000 0000 0000 0000 0000 0000 0000 0000 0000 0000 0000 0000 0000 0000 0000 0000 0000 0000 0000  ........................................
2021-03-15T22:19:32.3533589Z 00004cb8: 0000 0000 0000 0000 0000 0000 0000 0000 0000 0000 0000 0000 0000 0000 0000 0000 0000 0000 0000 0000  ........................................
2021-03-15T22:19:32.3534036Z 00004ce0: 0000 0000 0000 0000 0000 0000 0000 0000 0000 0000 0000 0000 0000 0000 0000 0000 0000 0000 0000 0000  ........................................
2021-03-15T22:19:32.3534999Z 00004d08: 0000 0000 0000 0000 0000 0000 0000 0000 0000 0000 0000 0000 0000 0000 0000 0000 0000 0000 0000 0000  ........................................
2021-03-15T22:19:32.3535457Z 00004d30: 0000 0000 0000 0000 0000 0000 0000 0000 0000 0000 0000 0000 0000 0000 0000 0000 0000 0000 0000 0000  ........................................
2021-03-15T22:19:32.3536592Z 00004d58: 0000 0000 0000 0000 0000 0000 0000 0000 0000 0000 0000 0000 0000 0000 0000 0000 0000 0000 0000 0000  ........................................
2021-03-15T22:19:32.3537040Z 00004d80: 0000 0000 0000 0000 0000 0000 0000 0000 0000 0000 0000 0000 0000 0000 0000 0000 0000 0000 0000 0000  ........................................
2021-03-15T22:19:32.3537611Z 00004da8: 0000 0000 0000 0000 0000 0000 0000 0000 0000 0000 0000 0000 0000 0000 0000 0000 0000 0000 0000 0000  ........................................
2021-03-15T22:19:32.3538030Z 00004dd0: 0000 0000 0000 0000 0000 0000 0000 0000 0000 0000 0000 0000 0000 0000 0000 0000 0000 0000 0000 0000  ........................................
2021-03-15T22:19:32.3538623Z 00004df8: 0000 0000 0000 0000 0000 0000 0000 0000 0000 0000 0000 0000 0000 0000 0000 0000 0000 0000 0000 0000  ........................................
2021-03-15T22:19:32.3539232Z 00004e20: 0000 0000 0000 0000 0000 0000 0000 0000 0000 0000 0000 0000 0000 0000 0000 0000 0000 0000 0000 0000  ........................................
2021-03-15T22:19:32.3539634Z 00004e48: 0000 0000 0000 0000 0000 0000 0000 0000 0000 0000 0000 0000 0000 0000 0000 0000 0000 0000 0000 0000  ........................................
2021-03-15T22:19:32.3540055Z 00004e70: 0000 0000 0000 0000 0000 0000 0000 0000 0000 0000 0000 0000 0000 0000 0000 0000 0000 0000 0000 0000  ........................................
2021-03-15T22:19:32.3540462Z 00004e98: 0000 0000 0000 0000 0000 0000 0000 0000 0000 0000 0000 0000 0000 0000 0000 0000 0000 0000 0000 0000  ........................................
2021-03-15T22:19:32.3542633Z 00004ec0: 0000 0000 0000 0000 0000 0000 0000 0000 0000 0000 0000 0000 0000 0000 0000 0000 0000 0000 0000 0000  ........................................
2021-03-15T22:19:32.3543309Z 00004ee8: 0000 0000 0000 0000 0000 0000 0000 0000 0000 0000 0000 0000 0000 0000 0000 0000 0000 0000 0000 0000  ........................................
2021-03-15T22:19:32.3543811Z 00004f10: 0000 0000 0000 0000 0000 0000 0000 0000 0000 0000 0000 0000 0000 0000 0000 0000 0000 0000 0000 0000  ........................................
2021-03-15T22:19:32.3544316Z 00004f38: 0000 0000 0000 0000 0000 0000 0000 0000 0000 0000 0000 0000 0000 0000 0000 0000 0000 0000 0000 0000  ........................................
2021-03-15T22:19:32.3544816Z 00004f60: 0000 0000 0000 0000 0000 0000 0000 0000 0000 0000 0000 0000 0000 0000 0000 0000 0000 0000 0000 0000  ........................................
2021-03-15T22:19:32.3545542Z 00004f88: 0000 0000 0000 0000 0000 0000 0000 0000 0000 0000 0000 0000 0000 0000 0000 0000 0000 0000 0000 0000  ........................................
2021-03-15T22:19:32.3546541Z 00004fb0: 0000 0000 0000 0000 0000 0000 0000 0000 0000 0000 0000 0000 0000 0000 0000 0000 0000 0000 0000 0000  ........................................
2021-03-15T22:19:32.3547576Z 00004fd8: 0000 0000 0000 0000 0000 0000 0000 0000 0000 0000 0000 0000 0000 0000 0000 0000 0000 0000 0000 0000  ........................................
2021-03-15T22:19:32.3548522Z 00005000: 4883 ec08 488b 05dd 3f02 0048 85c0 7402 ffd0 4883 c408 c300 0000 0000 0000 0000 ff35 3239 0200 ff25  H...H...?..H..t...H..............529...%
2021-03-15T22:19:32.3549939Z 00005028: 3439 0200 0f1f 4000 ff25 3239 0200 6800 0000 00e9 e0ff ffff ff25 2a39 0200 6801 0000 00e9 d0ff ffff  49....@..%29..h..........%*9..h.........
2021-03-15T22:19:32.3550688Z 00005050: ff25 2239 0200 6802 0000 00e9 c0ff ffff ff25 1a39 0200 6803 0000 00e9 b0ff ffff ff25 1239 0200 6804  .%"9..h..........%.9..h..........%.9..h.
2021-03-15T22:19:32.3551280Z 00005078: 0000 00e9 a0ff ffff ff25 0a39 0200 6805 0000 00e9 90ff ffff ff25 0239 0200 6806 0000 00e9 80ff ffff  .........%.9..h..........%.9..h.........
2021-03-15T22:19:32.3551875Z 000050a0: ff25 fa38 0200 6807 0000 00e9 70ff ffff ff25 f238 0200 6808 0000 00e9 60ff ffff ff25 ea38 0200 6809  .%.8..h.....p....%.8..h.....`....%.8..h.
2021-03-15T22:19:32.3552503Z 000050c8: 0000 00e9 50ff ffff ff25 e238 0200 680a 0000 00e9 40ff ffff ff25 da38 0200 680b 0000 00e9 30ff ffff  ....P....%.8..h.....@....%.8..h.....0...
2021-03-15T22:19:32.3553109Z 000050f0: ff25 d238 0200 680c 0000 00e9 20ff ffff ff25 ca38 0200 680d 0000 00e9 10ff ffff ff25 c238 0200 680e  .%.8..h..... ....%.8..h..........%.8..h.
2021-03-15T22:19:32.3553738Z 00005118: 0000 00e9 00ff ffff ff25 ba38 0200 680f 0000 00e9 f0fe ffff ff25 b238 0200 6810 0000 00e9 e0fe ffff  .........%.8..h..........%.8..h.........
2021-03-15T22:19:32.3554345Z 00005140: ff25 aa38 0200 6811 0000 00e9 d0fe ffff ff25 a238 0200 6812 0000 00e9 c0fe ffff ff25 9a38 0200 6813  .%.8..h..........%.8..h..........%.8..h.
2021-03-15T22:19:32.3554967Z 00005168: 0000 00e9 b0fe ffff ff25 9238 0200 6814 0000 00e9 a0fe ffff ff25 8a38 0200 6815 0000 00e9 90fe ffff  .........%.8..h..........%.8..h.........
2021-03-15T22:19:32.3555751Z 00005190: ff25 8238 0200 6816 0000 00e9 80fe ffff ff25 7a38 0200 6817 0000 00e9 70fe ffff ff25 7238 0200 6818  .%.8..h..........%z8..h.....p....%r8..h.
2021-03-15T22:19:32.3556597Z 000051b8: 0000 00e9 60fe ffff ff25 6a38 0200 6819 0000 00e9 50fe ffff ff25 6238 0200 681a 0000 00e9 40fe ffff  ....`....%j8..h.....P....%b8..h.....@...
2021-03-15T22:19:32.3557273Z 000051e0: ff25 5a38 0200 681b 0000 00e9 30fe ffff ff25 5238 0200 681c 0000 00e9 20fe ffff ff25 4a38 0200 681d  .%Z8..h.....0....%R8..h..... ....%J8..h.
2021-03-15T22:19:32.3557955Z 00005208: 0000 00e9 10fe ffff ff25 4238 0200 681e 0000 00e9 00fe ffff ff25 3a38 0200 681f 0000 00e9 f0fd ffff  .........%B8..h..........%:8..h.........
2021-03-15T22:19:32.3559333Z 00005230: ff25 3238 0200 6820 0000 00e9 e0fd ffff ff25 2a38 0200 6821 0000 00e9 d0fd ffff ff25 2238 0200 6822  .%28..h .........%*8..h!.........%"8..h"
2021-03-15T22:19:32.3560136Z 00005258: 0000 00e9 c0fd ffff ff25 1a38 0200 6823 0000 00e9 b0fd ffff ff25 1238 0200 6824 0000 00e9 a0fd ffff  .........%.8..h#.........%.8..h$........
2021-03-15T22:19:32.3561462Z 00005280: ff25 0a38 0200 6825 0000 00e9 90fd ffff ff25 0238 0200 6826 0000 00e9 80fd ffff ff25 fa37 0200 6827  .%.8..h%.........%.8..h&.........%.7..h'
2021-03-15T22:19:32.3562405Z 000052a8: 0000 00e9 70fd ffff ff25 f237 0200 6828 0000 00e9 60fd ffff ff25 ea37 0200 6829 0000 00e9 50fd ffff  ....p....%.7..h(....`....%.7..h)....P...
2021-03-15T22:19:32.3562999Z 000052d0: ff25 e237 0200 682a 0000 00e9 40fd ffff ff25 da37 0200 682b 0000 00e9 30fd ffff ff25 d237 0200 682c  .%.7..h*....@....%.7..h+....0....%.7..h,
2021-03-15T22:19:32.3563957Z 000052f8: 0000 00e9 20fd ffff ff25 ca37 0200 682d 0000 00e9 10fd ffff ff25 c237 0200 682e 0000 00e9 00fd ffff  .... ....%.7..h-.........%.7..h.........
2021-03-15T22:19:32.3564549Z 00005320: ff25 ba37 0200 682f 0000 00e9 f0fc ffff ff25 b237 0200 6830 0000 00e9 e0fc ffff ff25 aa37 0200 6831  .%.7..h/.........%.7..h0.........%.7..h1
2021-03-15T22:19:32.3565257Z 00005348: 0000 00e9 d0fc ffff ff25 a237 0200 6832 0000 00e9 c0fc ffff ff25 9a37 0200 6833 0000 00e9 b0fc ffff  .........%.7..h2.........%.7..h3........
2021-03-15T22:19:32.3566023Z 00005370: ff25 9237 0200 6834 0000 00e9 a0fc ffff ff25 8a37 0200 6835 0000 00e9 90fc ffff ff25 8237 0200 6836  .%.7..h4.........%.7..h5.........%.7..h6
2021-03-15T22:19:32.3566626Z 00005398: 0000 00e9 80fc ffff ff25 7a37 0200 6837 0000 00e9 70fc ffff ff25 7237 0200 6838 0000 00e9 60fc ffff  .........%z7..h7....p....%r7..h8....`...
2021-03-15T22:19:32.3567315Z 000053c0: ff25 6a37 0200 6839 0000 00e9 50fc ffff ff25 6237 0200 683a 0000 00e9 40fc ffff ff25 5a37 0200 683b  .%j7..h9....P....%b7..h:....@....%Z7..h;
2021-03-15T22:19:32.3567933Z 000053e8: 0000 00e9 30fc ffff ff25 5237 0200 683c 0000 00e9 20fc ffff ff25 4a37 0200 683d 0000 00e9 10fc ffff  ....0....%R7..h<.... ....%J7..h=........
2021-03-15T22:19:32.3568517Z 00005410: ff25 4237 0200 683e 0000 00e9 00fc ffff ff25 3a37 0200 683f 0000 00e9 f0fb ffff ff25 3237 0200 6840  .%B7..h>.........%:7..h?.........%27..h@
2021-03-15T22:19:32.3569127Z 00005438: 0000 00e9 e0fb ffff ff25 2a37 0200 6841 0000 00e9 d0fb ffff ff25 2237 0200 6842 0000 00e9 c0fb ffff  .........%*7..hA.........%"7..hB........
2021-03-15T22:19:32.3569740Z 00005460: ff25 1a37 0200 6843 0000 00e9 b0fb ffff ff25 1237 0200 6844 0000 00e9 a0fb ffff ff25 0a37 0200 6845  .%.7..hC.........%.7..hD.........%.7..hE
2021-03-15T22:19:32.3570365Z 00005488: 0000 00e9 90fb ffff ff25 0237 0200 6846 0000 00e9 80fb ffff ff25 fa36 0200 6847 0000 00e9 70fb ffff  .........%.7..hF.........%.6..hG....p...
2021-03-15T22:19:32.3570993Z 000054b0: ff25 f236 0200 6848 0000 00e9 60fb ffff ff25 ea36 0200 6849 0000 00e9 50fb ffff ff25 e236 0200 684a  .%.6..hH....`....%.6..hI....P....%.6..hJ
2021-03-15T22:19:32.3571634Z 000054d8: 0000 00e9 40fb ffff ff25 da36 0200 684b 0000 00e9 30fb ffff ff25 d236 0200 684c 0000 00e9 20fb ffff  ....@....%.6..hK....0....%.6..hL.... ...
2021-03-15T22:19:32.3572255Z 00005500: ff25 ca36 0200 684d 0000 00e9 10fb ffff ff25 c236 0200 684e 0000 00e9 00fb ffff ff25 ba36 0200 684f  .%.6..hM.........%.6..hN.........%.6..hO
2021-03-15T22:19:32.3572903Z 00005528: 0000 00e9 f0fa ffff ff25 b236 0200 6850 0000 00e9 e0fa ffff ff25 aa36 0200 6851 0000 00e9 d0fa ffff  .........%.6..hP.........%.6..hQ........
2021-03-15T22:19:32.3573537Z 00005550: ff25 a236 0200 6852 0000 00e9 c0fa ffff ff25 9a36 0200 6853 0000 00e9 b0fa ffff ff25 9236 0200 6854  .%.6..hR.........%.6..hS.........%.6..hT
2021-03-15T22:19:32.3574136Z 00005578: 0000 00e9 a0fa ffff ff25 8a36 0200 6855 0000 00e9 90fa ffff ff25 8236 0200 6856 0000 00e9 80fa ffff  .........%.6..hU.........%.6..hV........
2021-03-15T22:19:32.3574766Z 000055a0: ff25 7a36 0200 6857 0000 00e9 70fa ffff ff25 7236 0200 6858 0000 00e9 60fa ffff ff25 6a36 0200 6859  .%z6..hW....p....%r6..hX....`....%j6..hY
2021-03-15T22:19:32.3575389Z 000055c8: 0000 00e9 50fa ffff ff25 6236 0200 685a 0000 00e9 40fa ffff ff25 5a36 0200 685b 0000 00e9 30fa ffff  ....P....%b6..hZ....@....%Z6..h[....0...
2021-03-15T22:19:32.3576012Z 000055f0: ff25 5236 0200 685c 0000 00e9 20fa ffff ff25 4a36 0200 685d 0000 00e9 10fa ffff ff25 4236 0200 685e  .%R6..h\.... ....%J6..h].........%B6..h^
2021-03-15T22:19:32.3576591Z 00005618: 0000 00e9 00fa ffff ff25 3a36 0200 685f 0000 00e9 f0f9 ffff ff25 3236 0200 6860 0000 00e9 e0f9 ffff  .........%:6..h_.........%26..h`........
2021-03-15T22:19:32.3577200Z 00005640: ff25 2a36 0200 6861 0000 00e9 d0f9 ffff ff25 2236 0200 6862 0000 00e9 c0f9 ffff ff25 1a36 0200 6863  .%*6..ha.........%"6..hb.........%.6..hc
2021-03-15T22:19:32.3577803Z 00005668: 0000 00e9 b0f9 ffff ff25 1236 0200 6864 0000 00e9 a0f9 ffff ff25 0a36 0200 6865 0000 00e9 90f9 ffff  .........%.6..hd.........%.6..he........
2021-03-15T22:19:32.3578623Z 00005690: ff25 0236 0200 6866 0000 00e9 80f9 ffff ff25 fa35 0200 6867 0000 00e9 70f9 ffff ff25 f235 0200 6868  .%.6..hf.........%.5..hg....p....%.5..hh
2021-03-15T22:19:32.3579284Z 000056b8: 0000 00e9 60f9 ffff ff25 ea35 0200 6869 0000 00e9 50f9 ffff ff25 e235 0200 686a 0000 00e9 40f9 ffff  ....`....%.5..hi....P....%.5..hj....@...
2021-03-15T22:19:32.3579924Z 000056e0: ff25 da35 0200 686b 0000 00e9 30f9 ffff ff25 d235 0200 686c 0000 00e9 20f9 ffff ff25 ca35 0200 686d  .%.5..hk....0....%.5..hl.... ....%.5..hm
2021-03-15T22:19:32.3580521Z 00005708: 0000 00e9 10f9 ffff ff25 c235 0200 686e 0000 00e9 00f9 ffff ff25 ba35 0200 686f 0000 00e9 f0f8 ffff  .........%.5..hn.........%.5..ho........
2021-03-15T22:19:32.3581136Z 00005730: ff25 b235 0200 6870 0000 00e9 e0f8 ffff ff25 aa35 0200 6871 0000 00e9 d0f8 ffff ff25 a235 0200 6872  .%.5..hp.........%.5..hq.........%.5..hr
2021-03-15T22:19:32.3581803Z 00005758: 0000 00e9 c0f8 ffff ff25 9a35 0200 6873 0000 00e9 b0f8 ffff ff25 9235 0200 6874 0000 00e9 a0f8 ffff  .........%.5..hs.........%.5..ht........
2021-03-15T22:19:32.3582395Z 00005780: ff25 8a35 0200 6875 0000 00e9 90f8 ffff ff25 8235 0200 6876 0000 00e9 80f8 ffff ff25 7a35 0200 6877  .%.5..hu.........%.5..hv.........%z5..hw
2021-03-15T22:19:32.3583129Z 000057a8: 0000 00e9 70f8 ffff ff25 7235 0200 6878 0000 00e9 60f8 ffff ff25 6a35 0200 6879 0000 00e9 50f8 ffff  ....p....%r5..hx....`....%j5..hy....P...
2021-03-15T22:19:32.3584210Z 000057d0: ff25 6235 0200 687a 0000 00e9 40f8 ffff ff25 5a35 0200 687b 0000 00e9 30f8 ffff ff25 5235 0200 687c  .%b5..hz....@....%Z5..h{....0....%R5..h|
2021-03-15T22:19:32.3585163Z 000057f8: 0000 00e9 20f8 ffff ff25 4a35 0200 687d 0000 00e9 10f8 ffff ff25 4235 0200 687e 0000 00e9 00f8 ffff  .... ....%J5..h}.........%B5..h~........
2021-03-15T22:19:32.3586111Z 00005820: ff25 3a35 0200 687f 0000 00e9 f0f7 ffff ff25 3235 0200 6880 0000 00e9 e0f7 ffff ff25 2a35 0200 6881  .%:5..h..........%25..h..........%*5..h.
2021-03-15T22:19:32.3586933Z 00005848: 0000 00e9 d0f7 ffff ff25 2235 0200 6882 0000 00e9 c0f7 ffff ff25 1a35 0200 6883 0000 00e9 b0f7 ffff  .........%"5..h..........%.5..h.........
2021-03-15T22:19:32.3587516Z 00005870: ff25 1235 0200 6884 0000 00e9 a0f7 ffff ff25 0a35 0200 6885 0000 00e9 90f7 ffff ff25 0235 0200 6886  .%.5..h..........%.5..h..........%.5..h.
2021-03-15T22:19:32.3588085Z 00005898: 0000 00e9 80f7 ffff ff25 fa34 0200 6887 0000 00e9 70f7 ffff ff25 f234 0200 6888 0000 00e9 60f7 ffff  .........%.4..h.....p....%.4..h.....`...
2021-03-15T22:19:32.3588701Z 000058c0: ff25 ea34 0200 6889 0000 00e9 50f7 ffff ff25 e234 0200 688a 0000 00e9 40f7 ffff ff25 da34 0200 688b  .%.4..h.....P....%.4..h.....@....%.4..h.
2021-03-15T22:19:32.3589301Z 000058e8: 0000 00e9 30f7 ffff ff25 d234 0200 688c 0000 00e9 20f7 ffff ff25 ca34 0200 688d 0000 00e9 10f7 ffff  ....0....%.4..h..... ....%.4..h.........
2021-03-15T22:19:32.3589911Z 00005910: ff25 c234 0200 688e 0000 00e9 00f7 ffff ff25 ba34 0200 688f 0000 00e9 f0f6 ffff ff25 b234 0200 6890  .%.4..h..........%.4..h..........%.4..h.
2021-03-15T22:19:32.3590853Z 00005938: 0000 00e9 e0f6 ffff ff25 aa34 0200 6891 0000 00e9 d0f6 ffff ff25 a234 0200 6892 0000 00e9 c0f6 ffff  .........%.4..h..........%.4..h.........
2021-03-15T22:19:32.3591648Z 00005960: ff25 9a34 0200 6893 0000 00e9 b0f6 ffff ff25 9234 0200 6894 0000 00e9 a0f6 ffff ff25 8a34 0200 6895  .%.4..h..........%.4..h..........%.4..h.
2021-03-15T22:19:32.3592247Z 00005988: 0000 00e9 90f6 ffff ff25 8234 0200 6896 0000 00e9 80f6 ffff ff25 7a34 0200 6897 0000 00e9 70f6 ffff  .........%.4..h..........%z4..h.....p...
2021-03-15T22:19:32.3593217Z 000059b0: ff25 7234 0200 6898 0000 00e9 60f6 ffff ff25 6a34 0200 6899 0000 00e9 50f6 ffff ff25 6234 0200 689a  .%r4..h.....`....%j4..h.....P....%b4..h.
2021-03-15T22:19:32.3593991Z 000059d8: 0000 00e9 40f6 ffff ff25 5a34 0200 689b 0000 00e9 30f6 ffff ff25 5234 0200 689c 0000 00e9 20f6 ffff  ....@....%Z4..h.....0....%R4..h..... ...
2021-03-15T22:19:32.3594620Z 00005a00: ff25 4a34 0200 689d 0000 00e9 10f6 ffff ff25 4234 0200 689e 0000 00e9 00f6 ffff ff25 3a34 0200 689f  .%J4..h..........%B4..h..........%:4..h.
2021-03-15T22:19:32.3595233Z 00005a28: 0000 00e9 f0f5 ffff ff25 3234 0200 68a0 0000 00e9 e0f5 ffff ff25 2a34 0200 68a1 0000 00e9 d0f5 ffff  .........%24..h..........%*4..h.........
2021-03-15T22:19:32.3595941Z 00005a50: ff25 2234 0200 68a2 0000 00e9 c0f5 ffff ff25 1a34 0200 68a3 0000 00e9 b0f5 ffff ff25 1234 0200 68a4  .%"4..h..........%.4..h..........%.4..h.
2021-03-15T22:19:32.3596932Z 00005a78: 0000 00e9 a0f5 ffff ff25 0a34 0200 68a5 0000 00e9 90f5 ffff ff25 0234 0200 68a6 0000 00e9 80f5 ffff  .........%.4..h..........%.4..h.........
2021-03-15T22:19:32.3597531Z 00005aa0: ff25 fa33 0200 68a7 0000 00e9 70f5 ffff ff25 f233 0200 68a8 0000 00e9 60f5 ffff ff25 ea33 0200 68a9  .%.3..h.....p....%.3..h.....`....%.3..h.
2021-03-15T22:19:32.3598250Z 00005ac8: 0000 00e9 50f5 ffff ff25 e233 0200 68aa 0000 00e9 40f5 ffff ff25 da33 0200 68ab 0000 00e9 30f5 ffff  ....P....%.3..h.....@....%.3..h.....0...
2021-03-15T22:19:32.3598862Z 00005af0: ff25 d233 0200 68ac 0000 00e9 20f5 ffff ff25 ca33 0200 68ad 0000 00e9 10f5 ffff ff25 c233 0200 68ae  .%.3..h..... ....%.3..h..........%.3..h.
2021-03-15T22:19:32.3599489Z 00005b18: 0000 00e9 00f5 ffff ff25 ba33 0200 68af 0000 00e9 f0f4 ffff ff25 b233 0200 68b0 0000 00e9 e0f4 ffff  .........%.3..h..........%.3..h.........
2021-03-15T22:19:32.3600099Z 00005b40: ff25 aa33 0200 68b1 0000 00e9 d0f4 ffff ff25 a233 0200 68b2 0000 00e9 c0f4 ffff ff25 9a33 0200 68b3  .%.3..h..........%.3..h..........%.3..h.
2021-03-15T22:19:32.3600712Z 00005b68: 0000 00e9 b0f4 ffff ff25 9233 0200 68b4 0000 00e9 a0f4 ffff ff25 8a33 0200 68b5 0000 00e9 90f4 ffff  .........%.3..h..........%.3..h.........
2021-03-15T22:19:32.3601507Z 00005b90: ff25 8233 0200 68b6 0000 00e9 80f4 ffff ff25 7a33 0200 68b7 0000 00e9 70f4 ffff ff25 7233 0200 68b8  .%.3..h..........%z3..h.....p....%r3..h.
2021-03-15T22:19:32.3602316Z 00005bb8: 0000 00e9 60f4 ffff ff25 6a33 0200 68b9 0000 00e9 50f4 ffff ff25 6233 0200 68ba 0000 00e9 40f4 ffff  ....`....%j3..h.....P....%b3..h.....@...
2021-03-15T22:19:32.3603169Z 00005be0: ff25 5a33 0200 68bb 0000 00e9 30f4 ffff ff25 5233 0200 68bc 0000 00e9 20f4 ffff ff25 4a33 0200 68bd  .%Z3..h.....0....%R3..h..... ....%J3..h.
2021-03-15T22:19:32.3603824Z 00005c08: 0000 00e9 10f4 ffff ff25 4233 0200 68be 0000 00e9 00f4 ffff ff25 3a33 0200 68bf 0000 00e9 f0f3 ffff  .........%B3..h..........%:3..h.........
2021-03-15T22:19:32.3604784Z 00005c30: ff25 3233 0200 68c0 0000 00e9 e0f3 ffff ff25 2a33 0200 68c1 0000 00e9 d0f3 ffff ff25 2233 0200 68c2  .%23..h..........%*3..h..........%"3..h.
2021-03-15T22:19:32.3605566Z 00005c58: 0000 00e9 c0f3 ffff ff25 1a33 0200 68c3 0000 00e9 b0f3 ffff ff25 1233 0200 68c4 0000 00e9 a0f3 ffff  .........%.3..h..........%.3..h.........
2021-03-15T22:19:32.3606152Z 00005c80: ff25 0a33 0200 68c5 0000 00e9 90f3 ffff ff25 0233 0200 68c6 0000 00e9 80f3 ffff ff25 fa32 0200 68c7  .%.3..h..........%.3..h..........%.2..h.
2021-03-15T22:19:32.3606777Z 00005ca8: 0000 00e9 70f3 ffff ff25 f232 0200 68c8 0000 00e9 60f3 ffff ff25 ea32 0200 68c9 0000 00e9 50f3 ffff  ....p....%.2..h.....`....%.2..h.....P...
2021-03-15T22:19:32.3607393Z 00005cd0: ff25 e232 0200 68ca 0000 00e9 40f3 ffff ff25 da32 0200 68cb 0000 00e9 30f3 ffff ff25 d232 0200 68cc  .%.2..h.....@....%.2..h.....0....%.2..h.
2021-03-15T22:19:32.3608168Z 00005cf8: 0000 00e9 20f3 ffff ff25 ca32 0200 68cd 0000 00e9 10f3 ffff ff25 e232 0200 6690 0000 0000 0000 0000  .... ....%.2..h..........%.2..f.........
2021-03-15T22:19:32.3608816Z 00005d20: 4157 4156 4989 f641 5541 5455 89fd 488d 3d94 b001 0053 4881 ecd8 0100 0048 8954 2408 6448 8b04 2528  AWAVI..AUATU..H.=....SH......H.T$.dH..%(
2021-03-15T22:19:32.3609456Z 00005d48: 0000 0048 8984 24c8 0100 0031 c048 8d05 a2b0 0100 48c7 4424 5000 0000 0048 c744 2458 0000 0000 48c7  ...H..$....1.H......H.D$P....H.D$X....H.
2021-03-15T22:19:32.3609988Z 00005d70: 4424 6000 0000 0048 89bc 2490 0000 0048 8984 2498 0000 0048 c784 24a0 0000 0000 0000 0085 ed7e 0348  D$`....H..$....H..$....H..$..........~.H
2021-03-15T22:19:32.3610569Z 00005d98: 8b3e 488d b424 9000 0000 e859 ffff ffe8 d4e2 0000 b940 0300 00ba 6301 0000 488d 3520 c501 0048 8d3d  .>H..$.....Y.........@....c...H.5 ...H.=
2021-03-15T22:19:32.3611196Z 00005dc0: 3cd5 0100 e8e7 f3ff ff31 d2be 0300 0000 31ff 31c0 e817 f4ff ff31 d2be 0300 0000 bf01 0000 0041 89c4  <........1......1.1......1...........A..
2021-03-15T22:19:32.3611924Z 00005de8: 31c0 e801 f4ff ff31 d2be 0300 0000 bf02 0000 0041 89c5 31c0 e8eb f3ff ff89 c341 83fc ff0f 848d 0400  1......1...........A..1........A........
2021-03-15T22:19:32.3612618Z 00005e10: 0083 f8ff 7406 4183 fdff 7541 baa4 0100 00be 0200 0000 488d 3da8 c501 0031 c0e8 3cfc ffff 4189 c483  ....t.A...uA..........H.=....1..<...A...
2021-03-15T22:19:32.3613275Z 00005e38: f8ff 0f84 5f07 0000 4183 fdff 0f84 f504 0000 83fb ff0f 84c3 0400 0041 83fc 020f 8fac 0400 00b9 4003  ...._...A..................A..........@.
2021-03-15T22:19:32.3613972Z 00005e60: 0000 ba79 0100 0048 8d35 6fc4 0100 488d 3d8b d401 00e8 a6f7 ffff 488d 3592 d701 00bf 0600 0000 e8d5  ...y...H.5o...H.=.........H.5...........
2021-03-15T22:19:32.3614649Z 00005e88: faff ff48 8d35 3ecc 0100 488d 3d30 af01 00e8 32f4 ffff 488d 3d24 af01 00e8 96f3 ffff e851 f8ff ff31  ...H.5>...H.=0....2...H.=$.........Q...1
2021-03-15T22:19:32.3615371Z 00005eb0: ffbe 0100 0000 e875 faff ff83 f8ff 0f84 d003 0000 e877 f4ff ff48 89c7 e8df f1ff ff49 89c4 e867 f4ff  .......u.............w...H.......I...g..
2021-03-15T22:19:32.3616275Z 00005ed8: ff4c 89e1 31d2 31f6 4889 c7e8 28f9 ffff 8905 3242 0200 83f8 fe0f 849d 0300 0048 8d3d cbae 0100 85ed  .L..1.1.H...(.....2B...........H.=......
2021-03-15T22:19:32.3617274Z 00005f00: 7e03 498b 3ee8 b62f 0100 4c8d a424 b000 0000 e8c9 2901 00e8 142c 0100 4c89 e7e8 3cf7 ffff 31d2 4c89  ~.I.>../..L..$......)....,..L...<...1.L.
2021-03-15T22:19:32.3618851Z 00005f28: e6bf 0200 0000 e81d f1ff ffbe 0e00 0000 31ff e8f1 f9ff ffe8 fc41 0100 4989 c748 85c0 0f84 4403 0000  ................1........A..I..H....D...
2021-03-15T22:19:32.3619952Z 00005f50: e8db fcff ff84 c00f 85f3 0500 0048 8d4c 2438 488d 5424 3c41 554c 89f6 89ef 488d 4424 5050 4c8d 4c24  .............H.L$8H.T$<AUL....H.D$PPL.L$
2021-03-15T22:19:32.3620646Z 00005f78: 784c 8d44 2450 e8ed 0901 00ba da00 0000 4c8d 0555 c401 00b9 c801 0000 8905 8e54 0200 4189 c131 c048  xL.D$P..........L..U...........T..A..1.H
2021-03-15T22:19:32.3622076Z 00005fa0: 8d35 37c3 0100 488d 3d5b d301 00e8 def8 ffff 585a f605 6d54 0200 200f 852b 0500 004c 8d25 3824 0000  .57...H.=[........XZ..mT.. ..+...L.%8$..
2021-03-15T22:19:32.3622910Z 00005fc8: 4c89 e7e8 00fa ffff e88b fe00 0088 4424 2884 c00f 848a 0300 00e8 eaf0 ffff 4889 0533 5402 0048 85c0  L.............D$(.............H..3T..H..
2021-03-15T22:19:32.3623812Z 00005ff0: 0f84 6605 0000 8b44 243c b940 0200 00ba 2506 0000 488d 35d2 c201 0048 c744 2470 0000 0000 488d 3d8d  ..f....D$<.@....%...H.5....H.D$p....H.=.
2021-03-15T22:19:32.3624421Z 00006018: d201 0089 4424 1848 8b44 2468 4889 c5e8 84f1 ffff 488b 1d0d 4102 0048 8d44 2470 4889 4424 2048 85db  ....D$.H.D$hH.......H...A..H.D$pH.D$ H..
2021-03-15T22:19:32.3625257Z 00006040: 0f84 8003 0000 4c89 7424 1049 89ee eb18 4889 ee48 8d3d e640 0200 e851 4c01 0048 85db 0f84 5903 0000  ......L.t$.I....H..H.=.@...QL..H....Y...
2021-03-15T22:19:32.3625918Z 00006068: 4889 ddb9 4002 0000 ba0a 0600 0048 8b1b 488d 355e c201 0048 8d3d e2d1 0100 e825 f1ff ff4c 89f6 4889  H...@........H..H.5^...H.=.....%...L..H.
2021-03-15T22:19:32.3626587Z 00006090: efe8 ba30 0100 4989 c548 85c0 0f84 7c0a 0000 8b7d 38e8 86f5 ffff 488b 4540 ff74 2420 4c89 e9ff 7528  ...0..I..H....|....}8.....H.E@.t$ L...u(
2021-03-15T22:19:32.3627605Z 000060b8: 4d89 f84c 89e6 bf11 0001 0048 8d15 6627 0000 ff74 2418 ff74 2428 448b 4c24 38ff 5008 4883 c420 4189  M..L.......H..f'...t$..t$(D.L$8.P.H.. A.
2021-03-15T22:19:32.3628266Z 000060e0: c5e8 2af3 ffff 8b3d 3440 0200 8945 38e8 3cf5 ffff 4589 e8b9 4002 0000 ba1c 0600 0048 8d35 d5c1 0100  ..*....=4@...E8.<...E...@........H.5....
2021-03-15T22:19:32.3628968Z 00006108: 488d 3d59 d101 00e8 5cfb ffff 4585 ed0f 8433 ffff ff41 83fd 010f 8438 ffff ff41 83fd fe0f 84e8 0400  H.=Y....\...E....3...A.....8...A........
2021-03-15T22:19:32.3629683Z 00006130: 0048 8b5d 1848 8d35 7ccb 0100 31ff e83d efff ffb9 6202 0000 488d 358e c101 00ba 3606 0000 4989 c049  .H.].H.5|...1..=....b...H.5.....6...I..I
2021-03-15T22:19:32.3630487Z 00006158: 89d9 488d 3d47 d101 0031 c0e8 28f7 ffff 488b 6d18 488d 3545 cb01 0031 ffe8 06ef ffff 4889 ee48 89c7  ..H.=G...1..(...H.m.H.5E...1......H..H..
2021-03-15T22:19:32.3631211Z 00006180: 31c0 e899 f3ff ffb9 4002 0000 ba8c 0400 0048 8d35 45c1 0100 48c7 4424 7800 0000 0048 8d3d 70cf 0100  1.......@........H.5E...H.D$x....H.=p...
2021-03-15T22:19:32.3631836Z 000061a8: 4c8b 6424 4848 8b6c 2440 448b 6c24 38e8 f4ef ffff 488b 057d 5d02 0048 8378 2000 0f84 a81e 0000 8b3d  L.d$HH.l$@D.l$8.....H..}]..H.x ........=
2021-03-15T22:19:32.3632529Z 000061d0: 645d 0200 e857 f4ff ff48 8d4c 2450 4c89 e248 89ee 5044 89ef 488d 8424 8000 0000 5048 8b05 485d 0200  d]...W...H.L$PL..H..PD..H..$....PH..H]..
2021-03-15T22:19:32.3633304Z 000061f8: 4c8d 4c24 704c 8d44 2468 ff50 208b 3d15 3f02 0089 c3e8 1ef4 ffff 488b 8424 8800 0000 5a59 4885 c00f  L.L$pL.D$h.P .=.?.........H..$....ZYH...
2021-03-15T22:19:32.3634021Z 00006220: 84c7 0b00 0041 5341 89d9 b946 0200 00ba 9604 0000 504c 8d05 1ec2 0100 488d 359a c001 0031 c048 8d3d  .....ASA...F........PL......H.5....1.H.=
2021-03-15T22:19:32.3634708Z 00006248: ccce 0100 e83f f6ff ff5d 415c 83fb 010f 84c9 0b00 0083 fbff 0f84 920b 0000 85db 0f84 310c 0000 83fb  .....?...]A\......................1.....
2021-03-15T22:19:32.3635337Z 00006270: fe0f 84a2 0300 0048 8b05 c25c 0200 8178 040e 0001 000f 8706 0c00 0031 f631 ffe8 9c32 0100 bf01 0000  .......H...\...x...........1.1...2......
2021-03-15T22:19:32.3635962Z 00006298: 00e8 02f9 ffff baa4 0100 00be 0200 0000 488d 3d26 c101 0031 c0e8 baf7 ffff 4189 c483 f8ff 0f84 dd02  ................H.=&...1......A.........
2021-03-15T22:19:32.3636655Z 000062c0: 0000 31f6 4489 e7e8 d4f0 ffff 83c0 010f 856b fbff ff4c 8d05 03c1 0100 b972 0300 00ba 7101 0000 488d  ..1.D............k...L.......r....q...H.
2021-03-15T22:19:32.3637369Z 000062e8: 3d13 d001 0031 c048 8d35 e7bf 0100 e895 f5ff ff48 8d3d ddc0 0100 31c0 e847 f5ff ff44 89e7 e8df f1ff  =....1.H.5.........H.=....1..G...D......
2021-03-15T22:19:32.3638435Z 00006310: ffe9 47fb ffff be02 0000 0044 89e7 e87d f0ff ff83 c001 0f85 27fb ffff 4c8d 05ac c001 00b9 7203 0000  ..G........D...}........'...L.......r...
2021-03-15T22:19:32.3639284Z 00006338: ba75 0100 00eb a7be 0100 0000 4489 e7e8 54f0 ffff 83c0 010f 85f5 faff ff4c 8d05 83c0 0100 b972 0300  .u..........D...T............L.......r..
2021-03-15T22:19:32.3639990Z 00006360: 00ba 7301 0000 e97b ffff ff48 8d35 1ec9 0100 31ff e807 edff ffb9 e201 0000 bae8 0000 0048 8d35 53bf  ..s....{...H.5....1................H.5S.
2021-03-15T22:19:32.3640693Z 00006388: 0100 4989 c14c 8d05 cbbd 0100 488d 3d6d cf01 0031 c0e8 eef4 ffff 488d 35e7 c801 0031 ffe8 d0ec ffff  ..I..L......H.=m...1......H.5....1......
2021-03-15T22:19:32.3641406Z 000063b0: 488d 3da8 bd01 0048 89c6 31c0 e85f f1ff ff4c 8b74 2410 b940 0200 00ba 3b06 0000 488d 3506 bf01 0048  H.=....H..1.._...L.t$..@....;...H.5....H
2021-03-15T22:19:32.3642042Z 000063d8: 8d3d cace 0100 e83d f2ff ff48 8b6c 2468 b940 0200 00ba 2f04 0000 488d 35e4 be01 0048 8d3d 38ce 0100  .=.....=...H.l$h.@..../...H.5....H.=8...
2021-03-15T22:19:32.3642977Z 00006400: 48c7 8424 8800 0000 0000 0000 e89f edff ff48 89ee 488d 3de5 5a02 00e8 302d 0100 4989 c548 85c0 0f84  H..$.............H..H.=.Z...0-..I..H....
2021-03-15T22:19:32.3643660Z 00006428: b21c 0000 83cf ffe8 fcf1 ffff 4c8b 1505 5b02 0041 8b7a 048d 8700 00ff ff83 f801 0f86 a701 0000 4d89  ............L...[..A.z................M.
2021-03-15T22:19:32.3644315Z 00006450: f848 8d15 d823 0000 4c89 e94c 89e6 488d 8424 8800 0000 bf11 0001 0050 ff35 b65a 0200 4c8b 4c24 1841  .H...#..L..L..H..$.........P.5.Z..L.L$.A
2021-03-15T22:19:32.3644971Z 00006478: ff52 0841 5889 c341 59e8 8aef ffff 8b3d 943c 0200 8905 a65a 0200 e899 f1ff ff83 fb01 0f84 7e01 0000  .R.AX..AY......=.<.....Z............~...
2021-03-15T22:19:32.3645684Z 000064a0: 83fb fe0f 8470 0100 0048 8d35 30c8 0100 31ff e8c9 ebff ffb9 6202 0000 ba50 0400 0048 8d35 15be 0100  .....p...H.50...1.......b....P...H.5....
2021-03-15T22:19:32.3646633Z 000064c8: 4989 c14c 8d05 8dbc 0100 488d 3d5f cd01 0031 c0e8 b0f3 ffff 488d 35f9 c701 00e9 bdfe ffff 31ff ba05  I..L......H.=_...1......H.5.........1...
2021-03-15T22:19:32.3647483Z 000064f0: 0000 0048 8d35 f7be 0100 e801 eeff ff48 8d15 fcbe 0100 bf01 0000 0048 89c6 31c0 e86b f4ff ff83 3d64  ...H.5.........H...........H..1..k....=d
2021-03-15T22:19:32.3649036Z 00006518: 5902 0000 0f85 9ffa ffff 31ff ba05 0000 0048 8d35 dabe 0100 e8cb edff ff48 8d15 dcc5 0100 bf01 0000  Y.........1......H.5.........H..........
2021-03-15T22:19:32.3649973Z 00006540: 0048 89c6 31c0 e835 f4ff ffe9 71fa ffff 31c0 e899 d600 00e9 01fa ffff 488d 35a1 8a01 0031 ffe8 16eb  .H..1..5....q...1...........H.5....1....
2021-03-15T22:19:32.3650796Z 00006568: ffff b9e2 0100 00ba ec00 0000 488d 3562 bd01 0049 89c1 4c8d 05da bb01 0048 8d3d 7ccd 0100 31c0 e8fd  ............H.5b...I..L......H.=|...1...
2021-03-15T22:19:32.3651551Z 00006590: f2ff ff48 8d35 6a8a 0100 e90a feff ff48 8d35 1dbe 0100 31ff e8d3 eaff ffb9 7203 0000 4c8d 0d1c be01  ...H.5j........H.5....1.......r...L.....
2021-03-15T22:19:32.3652318Z 000065b8: 00ba 6f01 0000 4989 c048 8d35 15bd 0100 488d 3d31 cd01 0031 c0e8 baf2 ffff 488d 35e6 bd01 0031 ffe8  ..o...I..H.5....H.=1...1......H.5....1..
2021-03-15T22:19:32.3653024Z 000065e0: 9cea ffff 488d 35ea bd01 0048 89c7 31c0 e85b f2ff ff4c 8b4c 2408 488d 152f 2200 004d 89f8 4c89 e948  ....H.5....H..1..[...L.L$.H../"..M..L..H
2021-03-15T22:19:32.3653729Z 00006608: 8d35 1222 0000 41ff 5208 89c3 e968 feff ffe8 b202 0100 b940 0200 00ba 5404 0000 488d 35ae bc01 0048  .5."..A.R....h.........@....T...H.5....H
2021-03-15T22:19:32.3654713Z 00006630: 8d3d 02cc 0100 e8e5 efff ff8b 2de7 4d02 000f b7c5 83f8 200f 8f1f 0400 0085 c074 2a83 e801 83f8 1f77  .=..........-.M....... ........t*......w
2021-03-15T22:19:32.3655565Z 00006658: 2248 8d15 00c8 0100 4863 0482 4801 d0ff e089 e825 f7ff 0000 3d80 0000 000f 8409 0400 0048 8d35 bdbf  "H......Hc..H......%....=..........H.5..
2021-03-15T22:19:32.3656188Z 00006680: 0100 31ff e8f7 e9ff ff41 89e9 b9e2 0100 00ba 3601 0000 4989 c048 8d35 3dbc 0100 488d 3d61 cc01 0031  ..1......A........6...I..H.5=...H.=a...1
2021-03-15T22:19:32.3657200Z 000066a8: c0e8 e2f1 ffff 8b2d 744d 0200 488d 3584 bf01 0031 ffe8 bee9 ffff 4889 c789 ee31 c0e8 52ee ffff b940  .......-tM..H.5....1......H....1..R....@
2021-03-15T22:19:32.3657946Z 000066d0: 0200 00ba 1405 0000 488d 35fe bb01 0048 8d3d 5aca 0100 e8c5 eaff ff48 8b05 4e58 0200 4883 7838 000f  ........H.5....H.=Z........H..NX..H.x8..
2021-03-15T22:19:32.3658615Z 000066f8: 84a2 0600 008b 3d35 5802 00e8 28ef ffff 488b 0531 5802 0031 ff83 fd10 400f 94c7 ff50 3848 8b05 1e58  ......=5X...(...H..1X..1....@....P8H...X
2021-03-15T22:19:32.3659253Z 00006720: 0200 8178 040e 0001 0076 0f48 8b40 1048 85c0 7406 31f6 31ff ffd0 8b3d e039 0200 e8eb eeff ff31 ff31  ...x.....v.H.@.H..t.1.1....=.9.......1.1
2021-03-15T22:19:32.3660180Z 00006748: f6e8 e22d 0100 31ff e84b f4ff ffb9 4002 0000 488d 05c0 bc01 00ba ee04 0000 48c7 8424 8800 0000 0000  ...-..1..K....@...H...........H..$......
2021-03-15T22:19:32.3660765Z 00006770: 0000 488d 3564 bb01 0048 8d3d 00ca 0100 4889 8424 3001 0000 4c8b 6424 4048 c784 2438 0100 0000 0000  ..H.5d...H.=....H..$0...L.d$@H..$8......
2021-03-15T22:19:32.3661391Z 00006798: 00e8 12ea ffff 488b 059b 5702 0048 8378 3000 0f84 5505 0000 8b3d 8257 0200 e875 eeff ff48 8b05 7e57  ......H...W..H.x0...U....=.W...u...H..~W
2021-03-15T22:19:32.3662049Z 000067c0: 0200 488d bc24 8800 0000 ff50 308b 3d4d 3902 0089 c3e8 56ee ffff 85db 0f84 f404 0000 83fb 010f 85ba  ..H..$.....P0.=M9.....V.................
2021-03-15T22:19:32.3662955Z 000067e8: 0400 004c 8b44 2408 488b 3d21 5702 004c 89e1 be01 0000 0048 8d94 2430 0100 00e8 e42f 0100 488b 052d  ...L.D$.H.=!W..L.......H..$0...../..H..-
2021-03-15T22:19:32.3663982Z 00006810: 5702 0081 7804 0e00 0100 0f87 7704 0000 31ff 31f6 e807 2d01 0031 ff83 eb01 400f 95c7 e869 f3ff ffba  W...x.......w...1.1...-..1....@....i....
2021-03-15T22:19:32.3664899Z 00006838: 7704 0000 b940 0200 0048 8d35 95ba 0100 8b2d 3256 0200 488d 3dcb c901 00e8 56e9 ffff 8b3d d856 0200  w....@...H.5.....-2V..H.=.....V....=.V..
2021-03-15T22:19:32.3665664Z 00006860: e8cb edff ff48 8b05 d456 0200 488b 5018 4885 d274 1331 ff85 ed40 0f94 c7ff d289 c348 8b05 b856 0200  .....H...V..H.P.H..t.1...@.......H...V..
2021-03-15T22:19:32.3666381Z 00006888: 8178 040e 0001 0076 0f48 8b40 1048 85c0 7406 31f6 31ff ffd0 8b3d 7a38 0200 e885 edff ff41 89d8 b940  .x.....v.H.@.H..t.1.1....=z8.......A...@
2021-03-15T22:19:32.3667017Z 000068b0: 0200 00ba 8204 0000 488d 351e ba01 0048 8d3d 5ac9 0100 e8a5 f3ff ff31 c0b9 4002 0000 8b6c 2438 bac5  ........H.5....H.=Z........1..@....l$8..
2021-03-15T22:19:32.3667618Z 000068d8: 0500 0083 3d9e 5502 0000 488d 35f4 b901 0048 c784 2488 0000 0000 0000 000f 94c0 4c8b 6424 4048 8b5c  ....=.U...H.5....H..$...........L.d$@H.\
2021-03-15T22:19:32.3668580Z 00006900: 2468 488d 3df7 c801 0089 4424 18e8 9ee8 ffff 488d 8424 8800 0000 4c89 7424 204c 8b2d 2a38 0200 4889  $hH.=.....D$......H..$....L.t$ L.-*8..H.
2021-03-15T22:19:32.3669265Z 00006928: 4424 104c 8b74 2408 eb6a ff74 2410 31c9 4889 de4c 89ef 4156 4d89 e141 89e8 4c89 fae8 3232 0100 5e5f  D$.L.t$..j.t$.1.H..L..AVM..A..L...22..^_
2021-03-15T22:19:32.3669965Z 00006950: 83c0 0174 4341 8b7d 38e8 d2ec ffff 498b 4540 488b 5018 4885 d274 0a8b 7c24 18ff d249 8b45 4081 7804  ...tCA.}8.....I.E@H.P.H..t..|$...I.E@.x.
2021-03-15T22:19:32.3670639Z 00006978: 0e00 0100 760f 488b 4010 4885 c074 0631 f631 ffff d08b 3d8d 3702 00e8 98ec ffff 4d8b 6d00 4d85 ed75  ....v.H.@.H..t.1.1....=.7.......M.m.M..u
2021-03-15T22:19:32.3671281Z 000069a0: 91b9 4002 0000 bad8 0500 0048 8d35 2bb9 0100 4c8b 7424 2048 8d3d 42c8 0100 e85d ecff ff31 c083 3db4  ..@........H.5+...L.t$ H.=B....]...1..=.
2021-03-15T22:19:32.3671890Z 000069c8: 5402 0000 b940 0200 000f 94c0 ba15 0700 0048 8d35 fdb8 0100 448b 6424 3c48 8d3d e4c7 0100 8944 2410  T....@...........H.5....D.d$<H.=.....D$.
2021-03-15T22:19:32.3672821Z 000069f0: 488b 6c24 68e8 b6e7 ffff 4c8b 2d2f 3702 00eb 0349 89dd 4d85 ed0f 84b2 0100 0049 8b45 4049 8b5d 0048  H.l$h.....L.-/7....I..M........I.E@I.].H
2021-03-15T22:19:32.3673532Z 00006a18: 8378 2000 74e5 4c8b 4c24 084d 89f0 4489 e14c 89fa 4889 ee4c 89ef e819 4401 0083 e801 75c7 418b 7d38  .x .t.L.L$.M..D..L..H..L....D.....u.A.}8
2021-03-15T22:19:32.3674256Z 00006a40: e8eb ebff ff49 8b45 408b 7c24 10ff 5020 498b 4540 488b 4010 4885 c074 02ff d08b 3dbb 3602 00e8 c6eb  .....I.E@.|$..P I.E@H.@.H..t....=.6.....
2021-03-15T22:19:32.3674910Z 00006a68: ffff eb97 3d00 0100 0074 110f 8ef0 fbff ff3d 0801 0000 0f85 f7fb ffff b940 0200 0048 8d05 bdb9 0100  ....=....t.......=...........@...H......
2021-03-15T22:19:32.3675516Z 00006a90: bac2 0400 0048 c784 2488 0000 0000 0000 0048 8d35 35b8 0100 488d 3d79 c601 0048 8984 2430 0100 004c  .....H..$........H.55...H.=y...H..$0...L
2021-03-15T22:19:32.3676081Z 00006ab8: 8b35 2a54 0200 4c8b 6424 4044 8b6c 2438 48c7 8424 3801 0000 0000 0000 e8d7 e6ff ff48 8b05 6054 0200  .5*T..L.d$@D.l$8H..$8............H..`T..
2021-03-15T22:19:32.3676914Z 00006ae0: 4883 7828 000f 8467 0200 008b 3d47 5402 00e8 3aeb ffff 89ea 4c89 f14c 89e6 488b 053b 5402 0081 e200  H.x(...g....=GT...:.....L..L..H..;T.....
2021-03-15T22:19:32.3677552Z 00006b08: 0000 014c 8d84 2488 0000 0044 89ef ff50 28e9 affc ffff 488d 35df 8401 0031 ffe8 54e5 ffff 488d 350e  ...L..$....D...P(.....H.5....1..T...H.5.
2021-03-15T22:19:32.3678245Z 00006b30: 8801 0031 ff48 89c3 e843 e5ff ffb9 6302 0000 4c8d 0d1f c701 00ba 0f06 0000 4153 4989 c04c 89cf 488d  ...1.H...C....c...L...........ASI..L..H.
2021-03-15T22:19:32.3678935Z 00006b58: 3580 b701 0053 31c0 e82b edff ff48 8d35 9884 0100 31ff e80d e5ff ff48 8d35 c787 0100 31ff 4989 c4e8  5....S1..+...H.5....1......H.5....1.I...
2021-03-15T22:19:32.3680227Z 00006b80: fce4 ffff 4c89 e248 8d35 dac6 0100 4889 c731 c0e8 c8e6 ffff 4183 c8ff b940 0200 00ba 1006 0000 488d  ....L..H.5....H..1......A....@........H.
2021-03-15T22:19:32.3681179Z 00006ba8: 3530 b701 0048 8d3d b4c6 0100 e8b7 f0ff ff5b 415c e970 f5ff ffb9 4002 0000 ba2a 0700 0048 8d35 0bb7  50...H.=.........[A\.p....@....*...H.5..
2021-03-15T22:19:32.3682192Z 00006bd0: 0100 31ed 488d 3df5 c501 00e8 40ea ffff b940 0200 0083 3d94 5202 0000 ba53 0600 0048 8d35 e5b6 0100  ..1.H.=.....@....@....=.R....S...H.5....
2021-03-15T22:19:32.3682951Z 00006bf8: 488d 3d91 c501 0040 0f94 c5e8 a8e5 ffff 488b 1d31 3502 00eb 3a8b 7b38 e817 eaff ff48 8b43 4048 8b50  H.=....@........H..15...:.{8.....H.C@H.P
2021-03-15T22:19:32.3683841Z 00006c20: 3048 85d2 7408 89ef ffd2 488b 4340 488b 4010 4885 c074 0631 f631 ffff d08b 3ddd 3402 00e8 e8e9 ffff  0H..t.....H.C@H.@.H..t.1.1....=.4.......
2021-03-15T22:19:32.3684832Z 00006c48: 488b 1b48 85db 75c1 b940 0200 00ba 6006 0000 488d 357c b601 0048 8d3d 28c5 0100 e8b3 e9ff ff0f b6ef  H..H..u..@....`...H.5|...H.=(...........
2021-03-15T22:19:32.3685910Z 00006c70: b9c0 0100 0048 8d3d 8cc6 0100 ba4c 0100 0041 89e8 488d 3552 b601 00e8 e0ef ffff 89ef e809 efff ff31  .....H.=.....L...A..H.5R...............1
2021-03-15T22:19:32.3686894Z 00006c98: f631 ffe8 0027 0100 e97b fbff ff48 8b8c 2488 0000 0048 85c9 0f84 6402 0000 488b 355b 5202 004c 8d84  .1...'...{...H..$....H....d...H.5[R..L..
2021-03-15T22:19:32.3687507Z 00006cc0: 2430 0100 00ba 0100 0000 31ff e8ef 2801 00e9 36fb ffff 488b 9424 8800 0000 4885 d20f 844e 0200 0048  $0........1...(...6...H..$....H....N...H
2021-03-15T22:19:32.3688136Z 00006ce8: 8b3d 2a52 0200 488d 8c24 3001 0000 be01 0000 00e8 5048 0100 e907 fbff ff48 8b1d 0c52 0200 488d 35f5  .=*R..H..$0.........PH.......H...R..H.5.
2021-03-15T22:19:32.3688829Z 00006d10: bf01 0031 ffe8 66e3 ffff b962 0200 0048 8d35 b7b5 0100 baf1 0400 0049 89c0 4989 d948 8d3d 48c4 0100  ...1..f....b...H.5.........I..I..H.=H...
2021-03-15T22:19:32.3689805Z 00006d38: 31c0 e851 ebff ff48 8b2d d251 0200 488d 35bb bf01 00e9 21f4 ffff 488b 1dbf 5102 0048 8d35 10c0 0100  1..Q...H.-.Q..H.5.....!...H...Q..H.5....
2021-03-15T22:19:32.3690530Z 00006d60: 31ff e819 e3ff ffb9 6202 0000 488d 356a b501 00ba c504 0000 4989 c049 89d9 488d 3da3 c301 0031 c0e8  1.......b...H.5j........I..I..H.=....1..
2021-03-15T22:19:32.3691531Z 00006d88: 04eb ffff 488b 2d85 5102 0048 8d35 d6bf 0100 e9d4 f3ff ff48 8b1d 7251 0200 488d 358b bf01 0031 ffe8  ....H.-.Q..H.5.........H..rQ..H.5....1..
2021-03-15T22:19:32.3692295Z 00006db0: cce2 ffff b962 0200 0048 8d35 1db5 0100 ba17 0500 0049 89c0 4989 d948 8d3d 6ec3 0100 31c0 e8b7 eaff  .....b...H.5.........I..I..H.=n...1.....
2021-03-15T22:19:32.3693268Z 00006dd8: ff48 8b2d 3851 0200 488d 3551 bf01 00e9 87f3 ffff 488d 0520 c801 00e9 2df4 ffff 488b 4c24 7848 8b5c  .H.-8Q..H.5Q........H.. ....-...H.L$xH.\
2021-03-15T22:19:32.3694249Z 00006e00: 2450 4885 c90f 84b8 1200 0048 8b35 0651 0200 4989 d8ba 0100 0000 31ff e89f 2701 00e9 51f4 ffff 4c8b  $PH........H.5.Q..I.......1...'...Q...L.
2021-03-15T22:19:32.3694898Z 00006e28: 4424 6048 8b4c 2458 be01 0000 0048 8b54 2450 488b 3dd7 5002 00e8 aa29 0100 b940 0200 00ba b404 0000  D$`H.L$X.....H.T$PH.=.P....)...@........
2021-03-15T22:19:32.3695545Z 00006e50: 488d 3586 b401 0048 8d3d bac2 0100 e8bd e7ff ff4c 8b6c 2458 31c9 31d2 c744 2438 0000 0000 4c89 6c24  H.5....H.=.........L.l$X1.1..D$8....L.l$
2021-03-15T22:19:32.3696350Z 00006e78: 4048 63f1 4983 7cf5 0000 4889 f08d 4e01 7441 0fb6 5424 28eb e831 f631 ffe8 0625 0100 e9ec f3ff ff48  @Hc.I.|...H...N.tA..T$(..1.1...%.......H
2021-03-15T22:19:32.3697017Z 00006ea0: 8b54 2478 4c8b 6424 5048 85d2 0f84 a612 0000 488b 3d5f 5002 004c 89e1 be01 0000 00e8 8a46 0100 e9ac  .T$xL.d$PH........H.=_P..L.........F....
2021-03-15T22:19:32.3698868Z 00006ec8: f3ff ff84 d274 0489 7424 3885 c075 7948 8d35 02bf 0100 31ff e89b e1ff ffb9 e201 0000 ba15 0100 0048  .....t..t$8..uyH.5....1................H
2021-03-15T22:19:32.3699670Z 00006ef0: 8d35 e7b3 0100 4989 c14c 8d05 5fb2 0100 488d 3d01 c401 0031 c0e8 82e9 ffff 488d 35cb be01 00e9 8ff4  .5....I..L.._...H.=....1......H.5.......
2021-03-15T22:19:32.3700443Z 00006f18: ffff ba05 0000 0048 8d35 89b4 0100 31ff e8d3 e3ff ff48 89c1 e981 fdff ffba 0500 0000 488d 35f1 b401  .......H.5....1......H............H.5...
2021-03-15T22:19:32.3701307Z 00006f40: 0031 ffe8 b8e3 ffff 4889 c2e9 97fd ffff 488b 4424 60b9 4002 0000 ba3b 0700 0048 8d35 77b3 0100 488d  .1......H.......H.D$`.@....;...H.5w...H.
2021-03-15T22:19:32.3701895Z 00006f68: 3d9b c101 004c 8b64 2450 48c7 8424 8800 0000 0000 0000 4889 4424 108b 4424 3c89 4424 1848 8b44 2468  =....L.d$PH..$........H.D$..D$<.D$.H.D$h
2021-03-15T22:19:32.3702961Z 00006f90: 4889 4424 20e8 16e2 ffff 488b 2d8f 3102 004c 896c 2428 4989 edeb 0349 89ed 4d85 ed0f 8494 0100 0049  H.D$ .....H.-.1..L.l$(I....I..M........I
2021-03-15T22:19:32.3703818Z 00006fb8: 8b45 4049 8b6d 0048 8378 1800 74e5 4c8b 4c24 088b 4c24 184d 89f0 4c89 fa48 8b74 2420 4c89 efe8 6e3e  .E@I.m.H.x..t.L.L$..L$.M..L..H.t$ L...n>
2021-03-15T22:19:32.3704458Z 00006fe0: 0100 83e8 0175 c441 8b7d 38e8 40e6 ffff 498b 4540 4c89 e748 8b54 2410 488b 7424 2848 8d8c 2488 0000  .....u.A.}8.@...I.E@L..H.T$.H.t$(H..$...
2021-03-15T22:19:32.3705191Z 00007008: 00ff 5018 8b3d 0e31 0200 89c3 e817 e6ff ff48 8d0d f3c5 0100 4d8b 4d18 488b 8424 8800 0000 4c8d 05dd  ..P..=.1.........H......M.M.H..$....L...
2021-03-15T22:19:32.3705828Z 00007030: bd01 00ba 4d07 0000 488d 359e b201 0048 85c0 488d 3dbf c001 0048 0f44 c1b9 4602 0000 5031 c053 e835  ....M...H.5....H..H.=....H.D..F...P1.S.5
2021-03-15T22:19:32.3706525Z 00007058: e8ff ff41 5941 5a85 db0f 84bd 0000 000f 8f86 0000 0083 fbfe 0f84 a3f5 ffff 83fb ff75 2448 8b8c 2488  ...AYAZ..........................u$H..$.
2021-03-15T22:19:32.3707179Z 00007080: 0000 0048 85c9 0f84 6b0f 0000 498b 7518 4d89 e0ba 0400 0000 31ff e821 2501 0049 8b45 4048 8378 1000  ...H....k...I.u.M.......1..!%..I.E@H.x..
2021-03-15T22:19:32.3707840Z 000070a8: 7424 418b 7d38 e87d e5ff ff49 8b45 40ff 5010 8b3d 6030 0200 e86b e5ff ff83 eb01 0f84 ddfe ffff 488b  t$A.}8.}...I.E@.P..=`0...k............H.
2021-03-15T22:19:32.3708705Z 000070d0: 056b 4e02 0081 7804 0e00 0100 0f86 a9f1 ffff be01 0000 0031 ffe8 b222 0100 e998 f1ff ff83 fb01 75a7  .kN...x................1..."..........u.
2021-03-15T22:19:32.3709381Z 000070f8: 498b 7d18 4c8b 4424 104c 89e2 be04 0000 0048 8b4c 2428 e8dd 2601 0049 8b45 4048 8378 1000 0f84 89fe  I.}.L.D$.L.......H.L$(..&..I.E@H.x......
2021-03-15T22:19:32.3709994Z 00007120: ffff eb86 488b 9424 8800 0000 4885 d20f 843e 1000 0049 8b7d 184c 89e1 be04 0000 00e8 0a44 0100 e954  ....H..$....H....>...I.}.L.........D...T
2021-03-15T22:19:32.3710627Z 00007148: ffff ffb9 4002 0000 ba74 0700 0048 8d35 81b1 0100 488d 3da5 bf01 00e8 b8e4 ffff 488b 4424 60b9 4002  ....@....t...H.5....H.=.........H.D$`.@.
2021-03-15T22:19:32.3711239Z 00007170: 0000 ba89 0500 0048 8d35 5fb1 0100 4c8b 7424 4044 8b6c 2438 488d 3d69 bf01 004c 8b64 2450 488b 6c24  .......H.5_...L.t$@D.l$8H.=i...L.d$PH.l$
2021-03-15T22:19:32.3711831Z 00007198: 6848 8944 2410 48c7 8424 8000 0000 0000 0000 e801 e0ff ff48 8d84 2480 0000 004c 8b15 922f 0200 4889  hH.D$.H..$.............H..$....L.../..H.
2021-03-15T22:19:32.3712429Z 000071c0: 4424 18eb 124c 89d6 488d 3d81 2f02 00e8 dc3a 0100 4989 da4d 85d2 0f84 9200 0000 498b 1aff 7424 184c  D$...L..H.=./....:..I..M........I...t$.L
2021-03-15T22:19:32.3713100Z 000071e8: 89d7 4589 e8ff 7424 184d 89f1 4c89 e14c 89fa 4889 ee4c 8954 2418 e879 2901 005f 4158 85c0 4c8b 5424  ..E...t$.M..L..L..H..L.T$..y).._AX..L.T$
2021-03-15T22:19:32.3713806Z 00007210: 0874 b283 f801 74bc 83f8 fe0f 84f8 f3ff ff49 8b5a 1848 8d35 0cbc 0100 31ff 4c89 5424 08e8 48de ffff  .t....t..........I.Z.H.5....1.L.T$..H...
2021-03-15T22:19:32.3714511Z 00007238: b962 0200 0048 8d35 99b0 0100 ba9c 0500 0049 89c0 4989 d948 8d3d a2be 0100 31c0 e833 e6ff ff4c 8b54  .b...H.5.........I..I..H.=....1..3...L.T
2021-03-15T22:19:32.3715159Z 00007260: 2408 488d 35cf bb01 0049 8b6a 18e9 01ef ffff b940 0200 00ba a105 0000 31ed 488d 3558 b001 0048 8d3d  $.H.5....I.j.......@........1.H.5X...H.=
2021-03-15T22:19:32.3715816Z 00007288: 6cbe 0100 e88f e3ff ff4c 8b44 2460 488b 4c24 4031 f648 8b54 2450 488d 3d20 9b01 004c 8d35 9041 0200  l........L.D$`H.L$@1.H.T$PH.= ...L.5.A..
2021-03-15T22:19:32.3716437Z 000072b0: 4c8d 2529 bc01 00e8 3425 0100 b940 0200 00ba 8a02 0000 488d 3510 b001 0048 8d3d ecbd 0100 4c8b 6c24  L.%)....4%...@........H.5....H.=....L.l$
2021-03-15T22:19:32.3717112Z 000072d8: 50e8 d2de ffff 31c0 b92e 0000 004c 89f7 f3ab 4c8d 05ba b101 0048 b800 0003 00ff ffff ffb9 4602 0000  P.....1......L....L......H..........F...
2021-03-15T22:19:32.3718011Z 00007300: 4889 0569 4102 0049 8d46 40ba a902 0000 488d 35c6 af01 0048 8905 6a41 0200 31c0 488d 3d99 bd01 004c  H..iA..I.F@.....H.5....H..jA..1.H.=....L
2021-03-15T22:19:32.3719017Z 00007328: 892d ca41 0200 c705 3441 0200 ffff ffff e853 e5ff ff48 63c5 4d8d 7cc5 0049 8b07 4885 c00f 84ad 0600  .-.A....4A.......S...Hc.M.|..I..H.......
2021-03-15T22:19:32.3719681Z 00007350: 0052 b946 0200 0048 8d35 7faf 0100 4189 e950 4c8d 055c b101 0031 c0ba ab02 0000 488d 3d49 bd01 00e8  .R.F...H.5....A..PL..\...1......H.=I....
2021-03-15T22:19:32.3720349Z 00007378: 14e5 ffff 498b 1f59 5e0f b603 83e8 633c 1277 5d0f b6c0 4963 0484 4c01 e0ff e0ba 0800 0000 4889 de48  ....I..Y^.....c<.w]...Ic..L.........H..H
2021-03-15T22:19:32.3721134Z 000073a0: 8d3d 65b2 0100 e885 ddff ff85 c075 3931 f648 8d7b 08ba ffff ff7f 488d 8c24 8800 0000 e8a9 e3ff ff48  .=e..........u91.H.{......H..$.........H
2021-03-15T22:19:32.3721746Z 000073c8: 8bb4 2488 0000 0089 0593 4002 0048 85f6 0f85 ba0b 0000 810d 8840 0200 0001 0000 83c5 01e9 4dff ffff  ..$.......@..H...........@..........M...
2021-03-15T22:19:32.3722316Z 000073f0: ba06 0000 0048 89de 488d 3d15 b201 00e8 2cdd ffff 85c0 0f84 bb05 0000 ba0f 0000 0048 89de 488d 3d00  .....H..H.=.....,................H..H.=.
2021-03-15T22:19:32.3722932Z 00007418: b201 00e8 10dd ffff 85c0 0f84 3f08 0000 ba08 0000 0048 89de 488d 3df4 b101 00e8 f4dc ffff 85c0 0f84  ............?........H..H.=.............
2021-03-15T22:19:32.3723555Z 00007440: 6b07 0000 ba0a 0000 0048 89de 488d 3de1 b101 00e8 d8dc ffff 85c0 758c 807b 0a00 7486 4883 c30a 4889  k........H..H.=...........u..{..t.H...H.
2021-03-15T22:19:32.3724178Z 00007468: 1d63 4002 00e9 76ff ffff ba0b 0000 0048 89de 488d 3dee b001 00e8 aadc ffff 85c0 0f84 9c04 0000 ba0b  .c@...v........H..H.=...................
2021-03-15T22:19:32.3724828Z 00007490: 0000 0048 89de 488d 3dde b001 00e8 8edc ffff 85c0 0f84 6e08 0000 ba0a 0000 0048 89de 488d 3dce b001  ...H..H.=.............n........H..H.=...
2021-03-15T22:19:32.3725463Z 000074b8: 00e8 72dc ffff 85c0 0f84 f007 0000 ba0d 0000 0048 89de 488d 3dbd b001 00e8 56dc ffff 85c0 0f84 ae07  ..r................H..H.=.....V.........
2021-03-15T22:19:32.3726107Z 000074e0: 0000 ba0a 0000 0048 89de 488d 3daf b001 00e8 3adc ffff 85c0 0f84 cc0a 0000 ba0b 0000 0048 89de 488d  .......H..H.=.....:................H..H.
2021-03-15T22:19:32.3726911Z 00007508: 3d9e b001 00e8 1edc ffff 85c0 0f85 cefe ffff 807b 0b00 0f84 c4fe ffff 4883 c30b 4889 1d71 3f02 00e9  =..................{........H...H..q?...
2021-03-15T22:19:32.3727567Z 00007530: b4fe ffff ba10 0000 0048 89de 488d 3d0d b001 00e8 e8db ffff 85c0 0f84 d702 0000 ba0d 0000 0048 89de  .........H..H.=......................H..
2021-03-15T22:19:32.3728206Z 00007558: 488d 3d02 b001 00e8 ccdb ffff 85c0 0f85 7cfe ffff 488d 730d 488d 3d09 3f02 00e8 c411 0100 e967 feff  H.=.............|...H.s.H.=.?........g..
2021-03-15T22:19:32.3728853Z 00007580: ffba 0500 0000 4889 de48 8d3d b2af 0100 e89b dbff ff85 c00f 84ea 0300 00ba 0700 0000 4889 de48 8d3d  ......H..H.=......................H..H.=
2021-03-15T22:19:32.3729815Z 000075a8: 9caf 0100 e87f dbff ff85 c00f 852f feff ff48 8d7b 07e8 6ee5 ffff 85c0 0f84 7a08 0000 83e8 010f 8527  ............./...H.{..n.......z........'
2021-03-15T22:19:32.3730480Z 000075d0: 0900 0083 0d96 3e02 0020 e909 feff ffba 0d00 0000 4889 de48 8d3d c9af 0100 e83d dbff ff85 c00f 85c8  ......>.. ..........H..H.=.....=........
2021-03-15T22:19:32.3731086Z 000075f8: 0100 0080 7b0d 000f 8425 0100 0048 83c3 0d48 891d b03e 0200 e9d3 fdff ffba 1000 0000 4889 de48 8d3d  ....{....%...H...H...>............H..H.=
2021-03-15T22:19:32.3731988Z 00007620: dbae 0100 e807 dbff ff85 c00f 842d 0300 00ba 0700 0000 4889 de48 8d3d edae 0100 e8eb daff ff85 c00f  .............-........H..H.=............
2021-03-15T22:19:32.3732757Z 00007648: 859b fdff ff31 f648 8d7b 07ba ffff ff7f 488d 8c24 8800 0000 e80b e1ff ff4c 8b84 2488 0000 0089 0501  .....1.H.{......H..$.........L..$.......
2021-03-15T22:19:32.3733470Z 00007670: 3e02 0048 89c6 4d85 c00f 85e8 0b00 0048 8d3d fa3d 0200 e8d5 0901 00e9 58fd ffff ba07 0000 0048 89de  >..H..M........H.=.=........X........H..
2021-03-15T22:19:32.3734357Z 00007698: 488d 3d31 ae01 00e8 8cda ffff 85c0 754c 807b 0700 7446 4883 c307 4889 1dff 3d02 00e9 2afd ffff ba0c  H.=1..........uL.{..tFH...H...=...*.....
2021-03-15T22:19:32.3735031Z 000076c0: 0000 0048 89de 488d 3d68 ae01 00e8 5eda ffff 85c0 0f85 0efd ffff 807b 0c00 0f84 04fd ffff 4883 c30c  ...H..H.=h....^............{........H...
2021-03-15T22:19:32.3735677Z 000076e8: 4889 1dc1 3d02 00e9 f4fc ffff ba08 0000 0048 89de 488d 3dd5 ad01 00e8 28da ffff 85c0 0f85 e900 0000  H...=............H..H.=.....(...........
2021-03-15T22:19:32.3736378Z 00007710: 807b 0800 0f84 df00 0000 4883 c308 4889 1d73 3d02 00e9 befc ffff ba09 0000 0048 89de 488d 3d9a ae01  .{........H...H..s=............H..H.=...
2021-03-15T22:19:32.3736992Z 00007738: 00e8 f2d9 ffff 85c0 0f84 f804 0000 ba09 0000 0048 89de 488d 3d88 ae01 00e8 d6d9 ffff 85c0 0f84 b304  ...................H..H.=...............
2021-03-15T22:19:32.3737603Z 00007760: 0000 ba12 0000 0048 89de 488d 3d76 ae01 00e8 bad9 ffff 85c0 0f84 e106 0000 ba10 0000 0048 89de 488d  .......H..H.=v.....................H..H.
2021-03-15T22:19:32.3738272Z 00007788: 3d6d ae01 00e8 9ed9 ffff 85c0 0f85 4efc ffff 488d 7b10 e88d e3ff ff85 c00f 84a5 0600 0083 e801 0f85  =m............N...H.{...................
2021-03-15T22:19:32.3739065Z 000077b0: 6206 0000 810d b23c 0200 0080 0000 e925 fcff ffba 0d00 0000 4889 de48 8d3d f3ad 0100 e859 d9ff ff85  b......<.......%........H..H.=.....Y....
2021-03-15T22:19:32.3739694Z 000077d8: c00f 854b ffff ff80 7b0d 000f 8441 ffff ff48 83c3 0d48 891d d43c 0200 e9ef fbff ffba 0400 0000 4889  ...K....{....A...H...H...<............H.
2021-03-15T22:19:32.3740316Z 00007800: de48 8d3d d9ac 0100 e823 d9ff ff85 c075 3c80 7b04 0074 3648 83c3 0448 891d 863c 0200 e9c1 fbff ff48  .H.=.....#.....u<.{..t6H...H...<.......H
2021-03-15T22:19:32.3740924Z 00007828: 8d7b 10e8 00e3 ffff 85c0 0f84 6d05 0000 83e8 010f 85a9 0400 0083 0d28 3c02 0010 e99b fbff ffba 0d00  .{..........m..............(<...........
2021-03-15T22:19:32.3741508Z 00007850: 0000 4889 de48 8d3d 8aac 0100 e8cf d8ff ff85 c00f 84df 0400 00ba 0a00 0000 4889 de48 8d3d 7cac 0100  ..H..H.=......................H..H.=|...
2021-03-15T22:19:32.3742143Z 00007878: e8b3 d8ff ff85 c00f 8563 fbff ff31 f648 8d7b 0aba ffff ff7f 488d 8c24 8800 0000 e8d3 deff ff48 8bb4  .........c...1.H.{......H..$.........H..
2021-03-15T22:19:32.3742814Z 000078a0: 2488 0000 0089 05c1 3b02 0048 85f6 0f84 34fb ffff 31ff e8c5 d7ff ff48 8d35 7f7a 0100 31ff 498b 2f48  $.......;..H....4...1......H.5.z..1.I./H
2021-03-15T22:19:32.3743624Z 000078c8: 89c3 e8b1 d7ff ff41 5549 89e9 b962 0200 0053 4989 c0ba be02 0000 488d 35f4 a901 0048 8d3d d0b7 0100  .......AUI...b...SI.......H.5....H.=....
2021-03-15T22:19:32.3744294Z 000078f0: 31c0 e899 dfff ff48 8bb4 2498 0000 0031 ffe8 7ad7 ffff 498b 2f48 8d35 317a 0100 31ff 4989 c4e8 66d7  1......H..$....1..z...I./H.51z..1.I...f.
2021-03-15T22:19:32.3744960Z 00007918: ffff 4c89 e248 89ee 4889 c731 c0e8 f6db ffff 488d b424 8800 0000 488d 7b0b e815 e2ff ff48 8bb4 2488  ..L..H..H..1......H..$....H.{......H..$.
2021-03-15T22:19:32.3745582Z 00007940: 0000 0048 85f6 0f85 5109 0000 830d 1d3b 0200 0889 05f3 3a02 00e9 8afa ffff 488d 7b10 e8c9 e1ff ff85  ...H....Q......;......:.......H.{.......
2021-03-15T22:19:32.3746156Z 00007968: c00f 8497 0200 0083 e801 0f85 6002 0000 810d ee3a 0200 0040 0000 e961 faff ff48 c7c6 0000 0080 488d  ............`......:...@...a...H......H.
2021-03-15T22:19:32.3746718Z 00007990: 7b05 baff ffff 7f48 8d8c 2488 0000 00e8 ccdd ffff 488b b424 8800 0000 8905 b23a 0200 4885 f60f 856d  {......H..$.........H..$.......:..H....m
2021-03-15T22:19:32.3747306Z 000079b8: 0500 0083 0dae 3a02 0040 e921 faff ff48 8db4 2488 0000 0048 8d7b 06e8 b8d9 ffff 488b b424 8800 0000  ......:..@.!...H..$....H.{......H..$....
2021-03-15T22:19:32.3747858Z 000079e0: 8905 7a3a 0200 4885 f60f 8523 0600 0081 0d77 3a02 0080 0000 00e9 eaf9 ffff 8b05 6c3a 0200 a802 750c  ..z:..H....#.....w:.............l:....u.
2021-03-15T22:19:32.3748406Z 00007a08: 8b15 323a 0200 8915 303a 0200 a808 750c 8b15 2a3a 0200 8915 283a 0200 a880 750b 25ff fff7 ff89 053d  ..2:....0:....u...*:....(:....u.%......=
2021-03-15T22:19:32.3749051Z 00007a30: 3a02 0048 8b3d 663a 0200 4885 ff74 0ce8 ccdb ffff 4889 0545 3a02 0048 8b3d 3e3a 0200 4885 ff0f 84ac  :..H.=f:..H..t......H..E:..H.=>:..H.....
2021-03-15T22:19:32.3749672Z 00007a58: 0700 00e8 e0de ffff 4889 0529 3a02 0048 85c0 0f84 1e07 0000 ba6a 0300 00b9 4002 0000 488d 355c a801  ........H..):..H.........j....@...H.5\..
2021-03-15T22:19:32.3750241Z 00007a80: 0048 8d3d 38b6 0100 e893 dbff ff48 8b05 3444 0200 8b15 8e39 0200 4889 0537 3a02 0048 8b44 2458 4889  .H.=8........H..4D.....9..H..7:..H.D$XH.
2021-03-15T22:19:32.3750873Z 00007aa8: 0533 3a02 0048 8b44 2460 4889 052f 3a02 0048 8b05 6039 0200 4889 0529 3a02 008b 05a3 3902 00f7 c200  .3:..H.D$`H../:..H..`9..H..):.....9.....
2021-03-15T22:19:32.3751373Z 00007ad0: 0004 0074 0b0d 0000 0400 8905 9039 0200 81e2 0000 0100 7409 80cc 0489 057f 3902 0048 8d3d 4839 0200  ...t.........9........t.......9..H.=H9..
2021-03-15T22:19:32.3751949Z 00007af8: f6c4 020f 84a2 0000 00e8 ca3d 0100 89c3 89d8 83e0 7f83 c001 2c01 0f8e 55f1 ffff f6c3 8075 7a48 8dac  ...........=............,...U......uzH..
2021-03-15T22:19:32.3752554Z 00007b20: 2430 0100 0031 c0b9 2600 0000 4189 dc48 89ef 4183 e47f f3ab 488d bc24 3801 0000 e81b dbff ff31 d248  $0...1..&...A..H..A.....H..$8........1.H
2021-03-15T22:19:32.3753155Z 00007b48: 89ee 4489 e748 c784 2430 0100 0000 0000 00e8 32d6 ffff 440f b6c3 b9c0 0100 00ba 4801 0000 4180 c880  ..D..H..$0........2...D.........H...A...
2021-03-15T22:19:32.3753798Z 00007b70: 488d 3566 a701 0048 8d3d 8ab7 0100 e8ed e0ff ffe8 98d6 ffff 4489 e689 c7e8 7edb ffff e9d6 f0ff ff31  H.5f...H.=..............D.....~........1
2021-03-15T22:19:32.3754473Z 00007b98: c0e8 52c0 0000 e97a ffff ffe8 b836 0100 89c3 e959 ffff ff48 8d7b 08e8 78df ffff 85c0 0f84 9806 0000  ..R....z.....6.....Y...H.{..x...........
2021-03-15T22:19:32.3755114Z 00007bc0: 83e8 010f 8561 0600 0081 0d9d 3802 0000 1000 00e9 10f8 ffff 4d8b 0fb9 4202 0000 bac3 0200 0031 c04c  .....a......8...........M...B........1.L
2021-03-15T22:19:32.3755964Z 00007be8: 8d05 22a9 0100 488d 35e8 a601 0048 8d3d c4b4 0100 e88f dcff ffe9 e2f7 ffff 8125 6038 0200 ffbf ffff  .."...H.5....H.=...............%`8......
2021-03-15T22:19:32.3756712Z 00007c10: e9d3 f7ff ff48 8d7b 09e8 12df ffff 85c0 0f84 8802 0000 83e8 010f 8551 0200 0081 0d37 3802 0000 0200  .....H.{...................Q.....78.....
2021-03-15T22:19:32.3757656Z 00007c38: 00e9 aaf7 ffff 488d 7b09 e8e9 deff ff85 c00f 84af 0600 0083 e801 0f85 7806 0000 810d 0e38 0200 0020  ......H.{...................x......8... 
2021-03-15T22:19:32.3758302Z 00007c60: 0000 e981 f7ff ff48 8d7b 0fe8 c0de ffff 85c0 0f84 1103 0000 83e8 010f 85da 0200 0081 0de5 3702 0000  .......H.{..........................7...
2021-03-15T22:19:32.3759659Z 00007c88: 0008 00e9 58f7 ffff 31f6 488d 7b0d 488d 15bb 3702 00e8 fed7 ffff 8905 a837 0200 83c0 010f 8537 f7ff  ....X...1.H.{.H...7..........7.......7..
2021-03-15T22:19:32.3760468Z 00007cb0: ffe9 dee5 ffff 488d b424 8800 0000 488d 7b0a e889 deff ff48 8bb4 2488 0000 0048 85f6 0f85 0c01 0000  ......H..$....H.{......H..$....H........
2021-03-15T22:19:32.3761423Z 00007cd8: 830d 9137 0200 0489 0563 3702 00e9 fef6 ffff 4d8b 0fb9 4202 0000 bae4 0200 0031 c04c 8d05 10a8 0100  ...7.....c7.......M...B........1.L......
2021-03-15T22:19:32.3762361Z 00007d00: 488d 35d6 a501 0048 8d3d b2b3 0100 e87d dbff ffe9 d0f6 ffff 488d b424 8800 0000 488d 7b0b e827 deff  H.5....H.=.....}........H..$....H.{..'..
2021-03-15T22:19:32.3763049Z 00007d28: ff48 8bb4 2488 0000 0048 85f6 757b 830d 3337 0200 0289 0501 3702 00e9 a0f6 ffff 488d 7b0d e8df ddff  .H..$....H..u{..37......7.......H.{.....
2021-03-15T22:19:32.3763685Z 00007d50: ff89 0521 3702 0083 c001 0f85 88f6 ffff e89b d3ff ff4d 8b0f 488d 356e a501 0048 8d3d 4ab3 0100 c700  ...!7................M..H.5n...H.=J.....
2021-03-15T22:19:32.3764351Z 00007d78: 1600 0000 4c8d 05dc a301 0031 c0b9 7202 0000 bab6 0200 00e8 fcda ffff 498b 3748 8d3d c1a3 0100 31c0  ....L......1..r.............I.7H.=....1.
2021-03-15T22:19:32.3765098Z 00007da0: e8ab daff ff83 25c4 3602 00ef e937 f6ff ff31 ffe8 c8d2 ffff 498b 2f48 8d35 7f75 0100 31ff 4889 c3e8  ......%.6....7...1......I./H.5.u..1.H...
2021-03-15T22:19:32.3765908Z 00007dc8: b4d2 ffff b962 0200 00ba f902 0000 4151 4989 c049 89e9 53e9 fefa ffff 31ff e895 d2ff ff31 ff49 8b2f  .....b........AQI..I..S.....1......1.I./
2021-03-15T22:19:32.3766717Z 00007df0: 488d 354a 7501 0048 89c3 e881 d2ff ff49 89e9 b962 0200 00ba 0203 0000 5749 89c0 53e9 ccfa ffff 4d8b  H.5Ju..H.......I...b........WI..S.....M.
2021-03-15T22:19:32.3767443Z 00007e18: 0fb9 4202 0000 ba36 0300 0031 c04c 8d05 e4a6 0100 488d 35aa a401 0048 8d3d 86b2 0100 e851 daff ffe9  ..B....6...1.L......H.5....H.=.....Q....
2021-03-15T22:19:32.3768335Z 00007e40: a4f5 ffff 8325 2536 0200 dfe9 98f5 ffff 8125 1636 0200 ff7f ffff e989 f5ff ff48 8d7b 12e8 c8dc ffff  .....%%6.........%.6...........H.{......
2021-03-15T22:19:32.3769014Z 00007e68: 85c0 747f 83e8 0175 4c81 0df5 3502 0000 0001 00e9 68f5 ffff 4d8b 0fb9 4202 0000 ba34 0300 0031 c04c  ..t....uL...5.......h...M...B....4...1.L
2021-03-15T22:19:32.3769767Z 00007e90: 8d05 7aa6 0100 488d 3540 a401 0048 8d3d 1cb2 0100 e8e7 d9ff ffe9 3af5 ffff 8125 b835 0200 fffd ffff  ..z...H.5@...H.=..........:....%.5......
2021-03-15T22:19:32.3770419Z 00007eb8: e92b f5ff ff4d 8b0f b942 0200 00ba 3503 0000 31c0 4c8d 053d a601 0048 8d35 03a4 0100 488d 3ddf b101  .+...M...B....5...1.L..=...H.5....H.=...
2021-03-15T22:19:32.3771158Z 00007ee0: 00e8 aad9 ffff e9fd f4ff ff81 257b 3502 00ff fffe ffe9 eef4 ffff 4d8b 0fb9 4202 0000 bae1 0200 0031  ............%{5...........M...B........1
2021-03-15T22:19:32.3771916Z 00007f08: c04c 8d05 00a6 0100 488d 35c6 a301 0048 8d3d a2b1 0100 e86d d9ff ffe9 c0f4 ffff 31ff e851 d1ff ff49  .L......H.5....H.=.....m........1..Q...I
2021-03-15T22:19:32.3772607Z 00007f30: 8b2f 488d 3508 7401 0031 ff48 89c3 e83d d1ff ff49 89e9 b962 0200 00ba dd02 0000 4153 4989 c053 e987  ./H.5.t..1.H...=...I...b........ASI..S..
2021-03-15T22:19:32.3773355Z 00007f58: f9ff ff4d 8b0f b942 0200 00ba 4b03 0000 31c0 4c8d 059f a501 0048 8d35 65a3 0100 488d 3d41 b101 00e8  ...M...B....K...1.L......H.5e...H.=A....
2021-03-15T22:19:32.3774077Z 00007f80: 0cd9 ffff e95f f4ff ff81 25dd 3402 00ff fff7 ffe9 50f4 ffff 31ff e8e1 d0ff ff49 8b2f 488d 3598 7301  ....._....%.4.......P...1......I./H.5.s.
2021-03-15T22:19:32.3774810Z 00007fa8: 0031 ff48 89c3 e8cd d0ff ff49 89e9 ba3d 0300 0051 4989 c0b9 6202 0000 53e9 18f9 ffff 488d b424 8800  .1.H.......I...=...QI...b...S.....H..$..
2021-03-15T22:19:32.3775461Z 00007fd0: 0000 488d 7b0a e875 dbff ff48 8bb4 2488 0000 0048 85f6 755c 830d 8134 0200 0141 8906 e9f1 f3ff ffba  ..H.{..u...H..$....H..u\...4...A........
2021-03-15T22:19:32.3776386Z 00007ff8: 0500 0000 488d 3592 a401 0031 ffe8 f6d2 ffff 4889 c1e9 7af0 ffff 31ff e867 d0ff ff49 8b2f 488d 351e  ....H.5....1......H...z...1..g...I./H.5.
2021-03-15T22:19:32.3777113Z 00008020: 7301 0031 ff48 89c3 e853 d0ff ff49 89e9 b962 0200 0052 4989 c0ba 4703 0000 53e9 9ef8 ffff 31ff e835  s..1.H...S...I...b...RI...G...S.....1..5
2021-03-15T22:19:32.3777887Z 00008048: d0ff ff48 8d35 ef72 0100 498b 2f31 ff48 89c3 e821 d0ff ff49 89e9 b962 0200 00ba 1303 0000 5649 89c0  ...H.5.r..I./1.H...!...I...b........VI..
2021-03-15T22:19:32.3778527Z 00008070: 53e9 6cf8 ffff 488b 1d9b 3e02 0048 8d35 24ad 0100 31ff e8f5 cfff ffb9 6202 0000 488d 3546 a201 00ba  S.l...H...>..H.5$...1.......b...H.5F....
2021-03-15T22:19:32.3779529Z 00008098: 8f04 0000 4989 c049 89d9 488d 3d6f b001 0031 c0e8 e0d7 ffff 488b 2d61 3e02 0048 8d35 eaac 0100 e9b0  ....I..I..H.=o...1......H.-a>..H.5......
2021-03-15T22:19:32.3780445Z 000080c0: e0ff ffba 0500 0000 488d 35e0 a201 0031 ffe8 2ad2 ffff 4889 c1e9 2ded ffff 488d 351f 6f01 0031 ffe8  ........H.5....1..*...H...-...H.5.o..1..
2021-03-15T22:19:32.3781178Z 000080e8: 94cf ffff 488d 354e 7201 0031 ff48 89c3 e883 cfff ffba 3404 0000 4c8d 0d2f b101 00b9 6202 0000 4152  ....H.5Nr..1.H........4...L../....b...AR
2021-03-15T22:19:32.3781944Z 00008110: 4989 c04c 89cf 488d 35c0 a101 0053 31c0 e86b d7ff ff48 8d35 d86e 0100 31ff e84d cfff ff48 8d35 0772  I..L..H.5....S1..k...H.5.n..1..M...H.5.r
2021-03-15T22:19:32.3782798Z 00008138: 0100 31ff 4989 c4e8 3ccf ffff 4c89 e248 8d35 eab0 0100 4889 c731 c0e8 c8d3 ffff ba05 0000 0048 8d35  ..1.I...<...L..H.5....H..1...........H.5
2021-03-15T22:19:32.3783595Z 00008160: cea2 0100 31ff e895 d1ff ff48 89c2 e93f edff ffba 0500 0000 488d 35f9 a201 0031 ffe8 7ad1 ffff 4889  ....1......H...?........H.5....1..z...H.
2021-03-15T22:19:32.3784350Z 00008188: c2e9 a7ef ffff 488d 356f 6e01 0031 ffe8 e4ce ffff 488d 359e 7101 0031 ff48 89c3 e8d3 ceff ffba 6403  ......H.5on..1......H.5.q..1.H........d.
2021-03-15T22:19:32.3785186Z 000081b0: 0000 4c8d 0d07 af01 00b9 6202 0000 4989 c050 4c89 cf48 8d35 11a1 0100 5331 c0e8 bcd6 ffff 488d 3529  ..L.......b...I..PL..H.5....S1......H.5)
2021-03-15T22:19:32.3786015Z 000081d8: 6e01 0031 ffe8 9ece ffff 488d 3558 7101 0031 ff49 89c4 e88d ceff ff4c 89e2 488d 35c3 ae01 0048 89c7  n..1......H.5Xq..1.I.......L..H.5....H..
2021-03-15T22:19:32.3786740Z 00008200: 31c0 e819 d3ff ff8b 3d37 3202 00e8 aed0 ffff 4889 0577 3202 0048 89c7 4885 c00f 844b f8ff ffe9 31f8  1.......=72.......H..w2..H..H....K....1.
2021-03-15T22:19:32.3787443Z 00008228: ffff 4d8b 0fb9 4202 0000 ba4c 0300 0031 c04c 8d05 d0a2 0100 488d 3596 a001 0048 8d3d 72ae 0100 e83d  ..M...B....L...1.L......H.5....H.=r....=
2021-03-15T22:19:32.3788120Z 00008250: d6ff ffe9 90f1 ffff 8125 0e32 0200 ffef ffff e981 f1ff ff4c 89c6 31ff e80f ceff ff49 8b2f 488d 35c6  .........%.2...........L..1......I./H.5.
2021-03-15T22:19:32.3788907Z 00008278: 7001 0031 ff48 89c3 e8fb cdff ff49 89e9 4154 b962 0200 0053 4989 c0ba c802 0000 e945 f6ff ff31 ffe8  p..1.H.......I..AT.b...SI........E...1..
2021-03-15T22:19:32.3789659Z 000082a0: dccd ffff 498b 2f48 8d35 9370 0100 31ff 4889 c3e8 c8cd ffff 4989 e9b9 6202 0000 baf0 0200 0041 5249  ....I./H.5.p..1.H.......I...b........ARI
2021-03-15T22:19:32.3790382Z 000082c8: 89c0 53e9 12f6 ffff 4d8b 0fb9 4202 0000 ba33 0300 0031 c04c 8d05 2aa2 0100 488d 35f0 9f01 0048 8d3d  ..S.....M...B....3...1.L..*...H.5....H.=
2021-03-15T22:19:32.3791419Z 000082f0: ccad 0100 e897 d5ff ffe9 eaf0 ffff 8125 6831 0200 ffdf ffff e9db f0ff ff0f 1f00 31ed 4989 d15e 4889  ...............%h1..............1.I..^H.
2021-03-15T22:19:32.3793144Z 00008318: e248 83e4 f050 544c 8d05 ca67 0100 488d 0d63 6701 0048 8d3d ecd9 ffff ff15 a60c 0200 f40f 1f44 0000  .H...PTL...g..H..cg..H.=.............D..
2021-03-15T22:19:32.3794240Z 00008340: 488d 3d19 1e02 0048 8d05 121e 0200 4839 f874 1548 8b05 7e0c 0200 4885 c074 09ff e00f 1f80 0000 0000  H.=....H......H9.t.H..~...H..t..........
2021-03-15T22:19:32.3795040Z 00008368: c30f 1f80 0000 0000 488d 3de9 1d02 0048 8d35 e21d 0200 4829 fe48 89f0 48c1 ee3f 48c1 f803 4801 c648  ........H.=....H.5....H).H..H..?H...H..H
2021-03-15T22:19:32.3795852Z 00008390: d1fe 7414 488b 0555 0c02 0048 85c0 7408 ffe0 660f 1f44 0000 c30f 1f80 0000 0000 803d 111e 0200 0075  ..t.H..U...H..t...f..D...........=.....u
2021-03-15T22:19:32.3797072Z 000083b8: 2f55 4883 3d36 0c02 0000 4889 e574 0c48 8b3d 3a0c 0200 e83d d9ff ffe8 68ff ffff c605 e91d 0200 015d  /UH.=6....H..t.H.=:....=....h..........]
2021-03-15T22:19:32.3798210Z 000083e0: c30f 1f80 0000 0000 c30f 1f80 0000 0000 e97b ffff ff66 2e0f 1f84 0000 0000 0090 4157 4989 f741 5641  .................{...f..........AWI..AVA
2021-03-15T22:19:32.3798907Z 00008408: 5549 89d5 4154 4189 fc55 5348 83ec 3848 894c 2410 e8ef cfff ff8b 3df9 1c02 0089 4424 2ce8 00d2 ffff  UI..ATA..USH..8H.L$.......=.....D$,.....
2021-03-15T22:19:32.3799948Z 00008430: 4585 e40f 8e5a 0100 0049 63c4 31db 488d 2df7 6b01 0048 8944 2408 418b 378b 1511 3a02 004c 63f3 4c8b  E....Z...Ic.1.H.-.k..H.D$.A.7...:..Lc.L.
2021-03-15T22:19:32.3800611Z 00008458: 2503 1d02 0040 0fb6 c640 80fe 050f 87c9 0100 0048 6344 8500 4801 e8ff e00f 1f00 4c8b 2541 1d02 0049  %....@...@.........HcD..H.......L.%A...I
2021-03-15T22:19:32.3801256Z 00008480: 8b7f 0889 5424 2089 7424 1848 85ff 0f84 ec00 0000 e877 ceff ff8b 7424 188b 5424 2049 89c1 81e6 0020  ....T$ .t$.H.........w....t$..T$ I..... 
2021-03-15T22:19:32.3801955Z 000084a8: 0000 7409 83e2 020f 84eb 0100 004d 85c9 0f84 c200 0000 4c89 e74c 894c 2418 e865 d2ff ff89 c7e8 aecc  ..t..........M........L..L.L$..e........
2021-03-15T22:19:32.3802660Z 000084d0: ffff 498b 7f08 4c8b 4c24 1885 c00f 8480 0200 0042 807c 0fff 0a4d 8d51 ff0f 8567 0200 0049 83f9 010f  ..I...L.L$.........B.|...M.Q...g...I....
2021-03-15T22:19:32.3803250Z 000084f8: 8415 0100 0042 807c 0ffe 0d0f 8451 0200 004c 89e1 e9ef 0000 000f 1f80 0000 0000 83ca 0889 d083 c810  .....B.|.....Q...L......................
2021-03-15T22:19:32.3803932Z 00008520: 81e6 0010 0000 0f45 d04d 85ed 0f84 4b01 0000 418b 7704 498b 7f08 488b 4c24 10e8 7c52 0100 4989 c448  .......E.M....K...A.w.I...H.L$..|R..I..H
2021-03-15T22:19:32.3805011Z 00008548: 85c0 0f84 e900 0000 4889 c7e8 c8d6 ffff 4989 44dd 0048 85c0 0f84 1b02 0000 4c89 e7e8 a2cd ffff 48c7  ........H.......I.D..H........L.......H.
2021-03-15T22:19:32.3805750Z 00008570: c2ff ffff ff4c 89e7 4889 c6e8 d0d4 ffff 4883 c301 4983 c710 483b 5c24 080f 85b7 feff ff8b 7c24 2ce8  .....L..H.......H...I...H;\$........|$,.
2021-03-15T22:19:32.3806401Z 00008598: 94d0 ffff 31c0 e9e8 0000 000f 1f44 0000 83ca 01e9 79ff ffff 4983 f901 0f84 6601 0000 4280 7c0e fe0d  ....1........D......y...I.....f...B.|...
2021-03-15T22:19:32.3807055Z 000085c0: 0f84 1f01 0000 4c89 d24c 8954 2420 897c 2418 e829 ccff ff8b 7c24 184c 8b54 2420 4883 f8ff 0f85 e201  ......L..L.T$ .|$..)....|$.L.T$ H.......
2021-03-15T22:19:32.3807676Z 000085e8: 0000 4c89 5424 18e8 fcce ffff 498b 7f08 4c8b 5424 184c 89e1 4c89 d2be 0100 0000 e8a3 d5ff ff48 85c0  ..L.T$......I...L.T$.L..L............H..
2021-03-15T22:19:32.3808406Z 00008610: 7422 4c89 e1ba 0200 0000 be01 0000 0048 8d3d 136a 0100 e885 d5ff ff48 85c0 0f85 4cff ffff 4d85 ed74  t"L............H.=.j.......H....L...M..t
2021-03-15T22:19:32.3809122Z 00008638: 4449 c1e6 0348 c1e3 034b 8d6c 3500 4f8d 6c35 f849 29dd 6690 4c8b 6500 4d85 e474 1b4c 89e7 e8af ccff  DI...H...K.l5.O.l5.I).f.L.e.M..t.L......
2021-03-15T22:19:32.3809917Z 00008660: ff4c 89e7 4889 c6e8 74d3 ffff 48c7 4500 0000 0000 4883 ed08 4939 ed75 d38b 7c24 2ce8 aacf ffff b8ff  .L..H...t...H.E.....H...I9.u..|$,.......
2021-03-15T22:19:32.3810585Z 00008688: ffff ff48 83c4 385b 5d41 5c41 5d41 5e41 5fc3 660f 1f44 0000 4889 4424 1848 8d3d 8469 0100 be01 0000  ...H..8[]A\A]A^A_.f..D..H.D$.H.=.i......
2021-03-15T22:19:32.3811237Z 000086b0: 0031 c0e8 b8d3 ffff 4c8b 4c24 1889 c74d 85c9 0f84 8800 0000 83f8 ff0f 84ed fdff ff49 8b77 084d 8d51  .1......L.L$...M.................I.w.M.Q
2021-03-15T22:19:32.3811888Z 000086d8: ff42 807c 0eff 0a0f 84cb feff ff4c 89ca 4c89 4c24 2089 7c24 18e8 0acb ffff 8b7c 2418 4c8b 4c24 2048  .B.|.........L..L.L$ .|$.......|$.L.L$ H
2021-03-15T22:19:32.3812574Z 00008700: 83f8 ff0f 84ab 0000 000f 1f80 0000 0000 e8db cdff ffe9 66fe ffff 660f 1f44 0000 ba02 0000 0048 8d35  ......................f...f..D.......H.5
2021-03-15T22:19:32.3813222Z 00008728: 0d69 0100 897c 2418 e8cb caff ff8b 7c24 1848 83f8 ff75 d1e8 accd ffff e9c9 feff ff0f 1f80 0000 0000  .i...|$.......|$.H...u..................
2021-03-15T22:19:32.3813957Z 00008750: 83f8 ff75 bbe9 26fe ffff 4d85 c90f 841d feff ff4c 89e1 4c89 cabe 0100 0000 e83d d4ff ff48 85c0 0f85  ...u..&...M........L..L........=...H....
2021-03-15T22:19:32.3814659Z 00008778: 04fe ffff e9b3 feff ff48 8d35 7c68 0100 31ff e8f1 c8ff ff48 8d35 ab6b 0100 31ff 4989 c4e8 e0c8 ffff  .........H.5|h..1......H.5.k..1.I.......
2021-03-15T22:19:32.3815459Z 000087a0: 4c89 e248 8d35 7468 0100 4889 c731 c0e8 6ccd ffff 4c89 4c24 18e8 32cd ffff 498b 7f08 4c8b 4c24 184c  L..H.5th..H..1..l...L.L$..2...I...L.L$.L
2021-03-15T22:19:32.3816587Z 000087c8: 89e1 eb9a ba02 0000 0048 8d35 6168 0100 4c89 5424 2089 7c24 18e8 1aca ffff 8b7c 2418 4c8b 5424 2048  .........H.5ah..L.T$ .|$.......|$.L.T$ H
2021-03-15T22:19:32.3817273Z 000087f0: 83c0 010f 8517 ffff ff4c 8954 2418 e8ed ccff ff49 8b7f 084c 8b54 2418 e9f8 fcff ff66 662e 0f1f 8400  .........L.T$......I...L.T$......ff.....
2021-03-15T22:19:32.3817950Z 00008818: 0000 0000 0f1f 4000 31c9 e9d9 fbff ff66 0f1f 8400 0000 0000 4157 4156 4155 4989 f541 5455 5389 fb48  ......@.1......f........AWAVAUI..ATUS..H
2021-03-15T22:19:32.3818660Z 00008840: 81ec d800 0000 4889 5424 3048 894c 2438 4c89 4424 404c 894c 2448 84c0 7437 0f29 4424 500f 294c 2460  ......H.T$0H.L$8L.D$@L.L$H..t7.)D$P.)L$`
2021-03-15T22:19:32.3819424Z 00008868: 0f29 5424 700f 299c 2480 0000 000f 29a4 2490 0000 000f 29ac 24a0 0000 000f 29b4 24b0 0000 000f 29bc  .)T$p.).$.....).$.....).$.....).$.....).
2021-03-15T22:19:32.3820021Z 00008890: 24c0 0000 0064 488b 0425 2800 0000 4889 4424 1831 c04c 8b35 b418 0200 440f b6e3 e85b cbff ff8b 3d65  $....dH..%(...H.D$.1.L.5....D....[....=e
2021-03-15T22:19:32.3820613Z 000088b8: 1802 0089 c5e8 6ecd ffff 80e7 2074 0df6 0596 3502 0002 0f84 e400 0000 4183 fc03 744e 4183 fc04 0f84  ......n..... t....5.........A...tNA.....
2021-03-15T22:19:32.3821341Z 000088e0: 8c00 0000 e817 c8ff ff41 bcff ffff ffc7 0016 0000 0089 efe8 34cd ffff 488b 4424 1864 482b 0425 2800  .........A..............4...H.D$.dH+.%(.
2021-03-15T22:19:32.3821963Z 00008908: 0000 0f85 4b01 0000 4881 c4d8 0000 0044 89e0 5b5d 415c 415d 415e 415f c30f 1f00 488d 8424 1001 0000  ....K...H......D..[]A\A]A^A_....H..$....
2021-03-15T22:19:32.3822547Z 00008930: 488b 3d89 1802 0048 89e1 4c89 ea48 8944 2408 be01 0000 0048 8d44 2420 c704 2410 0000 00c7 4424 0430  H.=....H..L..H.D$......H.D$ ..$.....D$.0
2021-03-15T22:19:32.3823266Z 00008958: 0000 0048 8944 2410 e87b c7ff ff41 89c4 eb8b 660f 1f44 0000 488d 8424 1001 0000 c704 2410 0000 0048  ...H.D$..{...A....f..D..H..$......$....H
2021-03-15T22:19:32.3823817Z 00008980: 89e1 4c89 ea48 8944 2408 488d 4424 20be 0100 0000 c744 2404 3000 0000 4889 4424 104c 89f7 e837 c7ff  ..L..H.D$.H.D$ ......D$.0...H.D$.L...7..
2021-03-15T22:19:32.3824464Z 000089a8: ff41 89c4 e944 ffff ff0f 1f80 0000 0000 488d 3508 8401 0048 8d3d 6a66 0100 e8d5 d0ff ff49 89c7 4183  .A...D..........H.5....H.=jf.......I..A.
2021-03-15T22:19:32.3825065Z 000089d0: fc03 745c 4183 fc04 7566 488d 8424 1001 0000 c704 2410 0000 0048 89e1 4c89 ea48 8944 2408 488d 4424  ..t\A...ufH..$......$....H..L..H.D$.H.D$
2021-03-15T22:19:32.3825710Z 000089f8: 20be 0100 0000 c744 2404 3000 0000 4889 4424 104d 85ff 7491 4c89 ffe8 c8c6 ffff 4189 c44c 89ff e87d   ......D$.0...H.D$.M..t.L.......A..L...}
2021-03-15T22:19:32.3826343Z 00008a20: c8ff ffe9 cdfe ffff 0f1f 8400 0000 0000 4c8b 3589 1702 00eb a10f 1f80 0000 0000 e8bb c6ff ff41 bcff  ................L.5..................A..
2021-03-15T22:19:32.3827022Z 00008a48: ffff ffc7 0016 0000 004d 85ff 75c5 e99a feff ffe8 00c9 ffff 4157 4156 4989 ceb9 4003 0000 4155 4989  .........M..u...........AWAVI...@...AUI.
2021-03-15T22:19:32.3827649Z 00008a70: d5ba 5900 0000 4154 5544 89c5 534c 89cb 4881 ec38 2000 0048 897c 2410 488d 3d35 6701 0089 7424 0448  ..Y...ATUD..SL..H..8 ..H.|$.H.=5g...t$.H
2021-03-15T22:19:32.3828270Z 00008a98: 8d35 b665 0100 4c89 4c24 0864 488b 0425 2800 0000 4889 8424 2820 0000 31c0 e8f5 c6ff ff48 85db 0f9f  .5.e..L.L$.dH..%(...H..$( ..1......H....
2021-03-15T22:19:32.3828883Z 00008ac0: c04d 85ed 7508 84c0 0f85 5a02 0000 4c39 6c24 080f 8dfc 0100 0084 c00f 84f4 0100 0066 0fef c031 c048  .M..u.....Z...L9l$...............f...1.H
2021-03-15T22:19:32.3829565Z 00008ae8: 8d7c 2430 b9fe 0300 000f 1144 2420 ba2e 0000 0048 8d35 5265 0100 f348 abb9 4003 0000 488d 3d9f 6601  .|$0.......D$ .....H.5Re...H..@...H.=.f.
2021-03-15T22:19:32.3830156Z 00008b10: 00e8 9ac6 ffff ba02 0000 0031 f689 efe8 0cc9 ffff 4889 4424 1848 83f8 ff0f 84d6 0300 0048 83ec 08b9  ...........1........H.D$.H.........H....
2021-03-15T22:19:32.3830796Z 00008b38: 4603 0000 ba34 0000 0031 c041 5548 8b5c 2428 4c8d 0d5f 6601 004c 8d05 e065 0100 488d 35f5 6401 004c  F....4...1.AUH.\$(L.._f..L...e..H.5.d..L
2021-03-15T22:19:32.3831390Z 00008b60: 89cf 5341 56e8 26cd ffff 4883 c420 4939 dd0f 8e29 0100 004c 8d64 2420 41bf 0020 0000 eb10 0f1f 4000  ..SAV.&...H.. I9...)...L.d$ A.. ......@.
2021-03-15T22:19:32.3832059Z 00008b88: 4801 c349 39dd 0f8e 0c01 0000 4c89 ea4c 89e6 89ef 4829 da48 81fa 0020 0000 490f 47d7 e851 c6ff ff48  H..I9.......L..L....H).H... ..I.G..Q...H
2021-03-15T22:19:32.3832700Z 00008bb0: 83f8 ff75 d3e8 46c5 ffff 488b 7424 1889 ef44 8b20 4889 c3e8 34c8 ffff 83f8 ff0f 84a2 0200 0044 8923  ...u..F...H.t$...D. H...4............D.#
2021-03-15T22:19:32.3833464Z 00008bd8: 41b8 ffff ffff b940 0300 00ba 4400 0000 488d 3565 6401 0048 8d3d ba65 0100 e875 d0ff ff0f 1f44 0000  A......@....D...H.5ed..H.=.e...u.....D..
2021-03-15T22:19:32.3834130Z 00008c00: 488d 35a9 6401 0031 ffe8 72c4 ffff 4d89 f1b9 7303 0000 ba88 0000 0049 89c0 488d 352f 6401 0048 8d3d  H.5.d..1..r...M...s........I..H.5/d..H.=
2021-03-15T22:19:32.3834833Z 00008c28: 9c65 0100 31c0 e85d ccff ff48 8d35 7664 0100 31ff e83f c4ff ff4c 89f6 4889 c731 c0e8 62ce ffff 41b8  .e..1..]...H.5vd..1..?...L..H..1..b...A.
2021-03-15T22:19:32.3835574Z 00008c50: ffff ffff b940 0300 00ba 8900 0000 488d 35ef 6301 0048 8d3d 5c65 0100 e8ff cfff ffb8 ffff ffff 488b  .....@........H.5.c..H.=\e............H.
2021-03-15T22:19:32.3836186Z 00008c78: 8c24 2820 0000 6448 2b0c 2528 0000 000f 8554 0300 0048 81c4 3820 0000 5b5d 415c 415d 415e 415f c390  .$( ..dH+.%(.....T...H..8 ..[]A\A]A^A_..
2021-03-15T22:19:32.3836764Z 00008ca0: 31d2 31f6 89ef e885 c7ff ff48 83f8 ff0f 84fa 0100 0045 31c0 b940 0300 00ba 4c00 0000 488d 358b 6301  1.1........H.........E1..@....L...H.5.c.
2021-03-15T22:19:32.3837410Z 00008cc8: 0048 8d3d e064 0100 e89b cfff ff4c 8d64 2420 8b7c 2404 ba00 2000 004c 89e6 e885 c8ff ff48 89c3 4885  .H.=.d.......L.d$ .|$... ..L.......H..H.
2021-03-15T22:19:32.3838037Z 00008cf0: c00f 8e06 0100 0045 31ff eb0c 0f1f 4000 4901 c749 39df 7dd2 4889 da4b 8d34 3c89 ef4c 29fa e8e7 c4ff  .......E1.....@.I..I9.}.H..K.4<..L).....
2021-03-15T22:19:32.3838928Z 00008d18: ff48 83f8 ff75 e1e9 dcfe ffff 0f1f 4000 e813 c6ff ff31 ff48 8d35 d263 0100 4989 c4e8 42c3 ffff 4c89  .H...u........@......1.H.5.c..I...B...L.
2021-03-15T22:19:32.3839579Z 00008d40: e1be 0100 0000 4d89 f048 8b3d 7014 0200 4889 c231 c04c 8d64 2420 e871 ceff ff48 8b15 0a14 0200 be00  ......M..H.=p...H..1.L.d$ .q...H........
2021-03-15T22:19:32.3840456Z 00008d68: 2000 004c 89e7 e81d c8ff ff48 85c0 7410 0fb6 4424 2083 e0df 3c59 0f84 52ff ffff 488d 35d3 6201 0031   ..L.......H..t...D$ ...<Y..R...H.5.b..1
2021-03-15T22:19:32.3841490Z 00008d90: ffe8 eac2 ffff 4d89 f1b9 6303 0000 ba61 0000 0049 89c0 488d 35a7 6201 0048 8d3d 1464 0100 31c0 e8d5  ......M...c....a...I..H.5.b..H.=.d..1...
2021-03-15T22:19:32.3842246Z 00008db8: caff ff48 8d35 a062 0100 31ff e8b7 c2ff ff4c 89f6 4889 c731 c0e8 8ac4 ffff 4531 c0b9 4003 0000 ba62  ...H.5.b..1......L..H..1......E1..@....b
2021-03-15T22:19:32.3843415Z 00008de0: 0000 0048 8d35 6a62 0100 488d 3dd7 6301 00e8 7ace ffff 31c0 e979 feff ff48 83f8 ff0f 845e 0100 004c  ...H.5jb..H.=.c...z...1..y...H.....^...L
2021-03-15T22:19:32.3844370Z 00008e08: 396c 2408 7e42 4c89 ee89 efe8 e8c5 ffff 83f8 ff75 3350 b972 0300 00ba 7f00 0000 4d89 f141 554c 8d05  9l$.~BL............u3P.r........M..AUL..
2021-03-15T22:19:32.3845217Z 00008e30: 4762 0100 488d 3519 6201 0031 c048 8d3d 8463 0100 e847 caff ff5a 59e9 b0fd ffff 4531 c0b9 4003 0000  Gb..H.5.b..1.H.=.c...G...ZY.....E1..@...
2021-03-15T22:19:32.3845912Z 00008e58: ba86 0000 0048 8d35 f061 0100 488d 3d5d 6301 00e8 00ce ffff 31c0 e9ff fdff ff48 83ec 0848 8d35 d261  .....H.5.a..H.=]c.......1......H...H.5.a
2021-03-15T22:19:32.3846573Z 00008e80: 0100 4d89 f131 c0ff 7424 20b9 7203 0000 ba3f 0000 0048 8d3d 1463 0100 4c8d 05d8 6101 00e8 e8c9 ffff  ..M..1..t$ .r....?...H.=.c..L...a.......
2021-03-15T22:19:32.3847182Z 00008ea8: 5e5f e926 fdff ff4c 8d05 bf61 0100 b973 0300 00ba 4800 0000 31c0 488d 358b 6101 0048 8d3d e062 0100  ^_.&...L...a...s....H...1.H.5.a..H.=.b..
2021-03-15T22:19:32.3847847Z 00008ed0: e8bb c9ff ff48 8d3d 9961 0100 31c0 e8cd cbff ff41 83c8 ffb9 4003 0000 ba49 0000 0048 8d35 5c61 0100  .....H.=.a..1......A....@....I...H.5\a..
2021-03-15T22:19:32.3848812Z 00008ef8: 488d 3db1 6201 00e8 6ccd ffff e9f7 fcff ff4c 8d05 6561 0100 b973 0300 00ba 3100 0000 31c0 488d 3531  H.=.b...l........L..ea...s....1...1.H.51
2021-03-15T22:19:32.3849558Z 00008f20: 6101 0048 8d3d 8662 0100 e861 c9ff ff48 8d3d 3f61 0100 31c0 e873 cbff ff41 b8ff ffff ffb9 4003 0000  a..H.=.b...a...H.=?a..1..s...A......@...
2021-03-15T22:19:32.3850628Z 00008f48: ba32 0000 0048 8d35 0061 0100 488d 3d55 6201 00e8 10cd ffff e99b fcff ff48 8d35 2d61 0100 31ff e80d  .2...H.5.a..H.=Ub............H.5-a..1...
2021-03-15T22:19:32.3851312Z 00008f70: c1ff ff48 8b5c 2410 b973 0300 00ba 7700 0000 4989 c048 8d35 c860 0100 488d 3d35 6201 0031 c049 89d9  ...H.\$..s....w...I..H.5.`..H.=5b..1.I..
2021-03-15T22:19:32.3851931Z 00008f98: e8f3 c8ff ff48 8d35 f560 0100 31ff e8d5 c0ff ff48 89de 4889 c731 c0e8 f8ca ffff 4183 c8ff b940 0300  .....H.5.`..1......H..H..1......A....@..
2021-03-15T22:19:32.3852621Z 00008fc0: 00ba 7800 0000 488d 3587 6001 0048 8d3d f461 0100 e897 ccff ff83 c8ff e995 fcff ffe8 7ac3 ffff 662e  ..x...H.5.`..H.=.a................z...f.
2021-03-15T22:19:32.3854030Z 00008fe8: 0f1f 8400 0000 0000 4155 4189 d5ba 9000 0000 4154 4189 fc48 8d3d 8a61 0100 5548 89f5 488d 3543 6001  ........AUA.......ATA..H.=.a..UH..H.5C`.
2021-03-15T22:19:32.3854861Z 00009010: 0053 4889 cbb9 4003 0000 4881 eca8 0000 0064 488b 0425 2800 0000 4889 8424 9800 0000 31c0 e877 c1ff  .SH...@...H......dH..%(...H..$....1..w..
2021-03-15T22:19:32.3858474Z 00009038: ff48 85db 4889 e044 89e6 480f 44d8 bf01 0000 0048 89da e8cd c7ff ff83 f8ff 0f84 fc01 0000 8b43 1889  .H..H..D..H.D......H.................C..
2021-03-15T22:19:32.3859920Z 00009060: c281 e200 f000 0081 fa00 8000 000f 85a5 0000 0025 ff0f 0000 4189 c43d 8001 0000 0f85 5a01 0000 448b  ...................%....A..=......Z...D.
2021-03-15T22:19:32.3860649Z 00009088: 631c 4539 ec0f 841d 0100 0048 8d35 c660 0100 31ff e8df bfff ff41 5549 89e9 b963 0300 0041 5449 89c0  c.E9.......H.5.`..1......AUI...c...ATI..
2021-03-15T22:19:32.3861524Z 000090b0: 31c0 baa3 0000 0048 8d35 965f 0100 488d 3dcb 6001 00e8 c6c7 ffff 448b 631c 488d 358b 6001 0031 ffe8  1......H.5._..H.=.`.......D.c.H.5.`..1..
2021-03-15T22:19:32.3862328Z 000090d8: a4bf ffff 4489 e948 89ee 4889 c744 89e2 31c0 e871 c1ff ff45 31c0 b940 0300 00ba a500 0000 488d 3551  ....D..H..H..D..1..q...E1..@........H.5Q
2021-03-15T22:19:32.3863380Z 00009100: 5f01 0048 8d3d 8660 0100 e891 c8ff ff58 31c0 5aeb 730f 1f00 488d 35b9 5f01 0031 ffe8 5abf ffff 4989  _..H.=.`.......X1.Z.s...H.5._..1..Z...I.
2021-03-15T22:19:32.3864223Z 00009128: e9b9 6303 0000 ba9a 0000 0049 89c0 488d 3517 5f01 0048 8d3d 4c60 0100 31c0 e845 c7ff ff48 8d35 865f  ..c........I..H.5._..H.=L`..1..E...H.5._
2021-03-15T22:19:32.3865635Z 00009150: 0100 31ff e827 bfff ff48 89ee 4889 c731 c0e8 fac0 ffff 4531 c0b9 4003 0000 ba9b 0000 0048 8d35 da5e  ..1..'...H..H..1......E1..@........H.5.^
2021-03-15T22:19:32.3866371Z 00009178: 0100 488d 3d0f 6001 00e8 1ac8 ffff 31c0 488b 9c24 9800 0000 6448 2b1c 2528 0000 000f 852e 0100 0048  ..H.=.`.......1.H..$....dH+.%(.........H
2021-03-15T22:19:32.3867191Z 000091a0: 81c4 a800 0000 5b5d 415c 415d c30f 1f00 41b8 0100 0000 b940 0300 00ba a700 0000 488d 358d 5e01 0048  ......[]A\A]....A......@........H.5.^..H
2021-03-15T22:19:32.3867922Z 000091c8: 8d3d c25f 0100 e8cd c7ff ffb8 0100 0000 ebae 660f 1f44 0000 488d 3508 5f01 0031 ffe8 92be ffff 4883  .=._..............f..D..H.5._..1......H.
2021-03-15T22:19:32.3868792Z 000091f0: ec08 b963 0300 0049 89e9 4154 4989 c031 c0ba 9e00 0000 488d 3547 5e01 0048 8d3d 7c5f 0100 e877 c6ff  ...c...I..ATI..1......H.5G^..H.=|_...w..
2021-03-15T22:19:32.3869643Z 00009218: ff44 8b63 1848 8d35 cb5e 0100 31ff e855 beff ff48 89ee 4181 e4ff 0f00 0048 89c7 31c0 4489 e2e8 1ec0  .D.c.H.5.^..1..U...H..A......H..1.D.....
2021-03-15T22:19:32.3870651Z 00009240: ffff 4531 c0b9 4003 0000 baa0 0000 00e9 a8fe ffff 0f1f 4000 488d 3567 5e01 0031 ffe8 1abe ffff 4989  ..E1..@...............@.H.5g^..1......I.
2021-03-15T22:19:32.3871428Z 00009268: e9b9 7303 0000 ba96 0000 0049 89c0 488d 35d7 5d01 0048 8d3d 0c5f 0100 31c0 e805 c6ff ff48 8d35 345e  ..s........I..H.5.]..H.=._..1......H.54^
2021-03-15T22:19:32.3872241Z 00009290: 0100 31ff e8e7 bdff ff48 89ee 4889 c731 c0e8 0ac8 ffff 4531 c0b9 4003 0000 ba97 0000 0048 8d35 9a5d  ..1......H..H..1......E1..@........H.5.]
2021-03-15T22:19:32.3873092Z 000092b8: 0100 488d 3dcf 5e01 00e8 dac6 ffff 31c0 e9bb feff ffe8 8ec0 ffff 662e 0f1f 8400 0000 0000 0f1f 4000  ..H.=.^.......1...........f...........@.
2021-03-15T22:19:32.3874240Z 000092e0: 4157 4156 4989 ce41 5541 89d5 4154 4189 f455 89fd 5348 83ec 08e8 02be ffff b9c0 0000 00ba 2e00 0000  AWAVI..AUA..ATA..U..SH..................
2021-03-15T22:19:32.3875271Z 00009308: 488d 35c8 5e01 0048 8d3d ca5f 0100 448b 3848 89c3 e88f beff ff44 89e0 4585 ed7e 0341 8b06 50ba 3000  H.5.^..H.=._..D.8H.......D..E..~.A..P.0.
2021-03-15T22:19:32.3876131Z 00009330: 0000 31c0 4189 e941 544c 8d05 a55e 0100 b9e6 0000 0048 8d35 8b5e 0100 488d 3d8d 5f01 00e8 38c5 ffff  ..1.A..ATL...^.......H.5.^..H.=._...8...
2021-03-15T22:19:32.3877617Z 00009358: 585a 85ed 750f 31ff e88b c9ff ff85 c00f 85cf 0000 0044 89e7 e84b c9ff ff85 c00f 85f3 0000 0041 83fd  XZ..u.1..............D...K...........A..
2021-03-15T22:19:32.3879031Z 00009380: ff75 3d85 ed74 0b89 efe8 62c9 ffff 85c0 7571 4489 3b48 83c4 08b9 c000 0000 ba45 0000 005b 488d 352c  .u=..t....b.....uqD.;H.........E...[H.5,
2021-03-15T22:19:32.3880219Z 000093a8: 5e01 0048 8d3d 2e5f 0100 5d41 5c41 5d41 5e41 5fe9 60c2 ffff 4c89 f644 89ef e8c5 c6ff ff85 c074 b448  ^..H.=._..]A\A]A^A_.`...L..D.........t.H
2021-03-15T22:19:32.3881013Z 000093d0: 8d3d 0a5f 0100 31c0 b9f2 0000 00ba 3d00 0000 4c8d 0533 5e01 0048 8d35 e75d 0100 e89b c4ff ff48 8d3d  .=._..1.......=...L..3^..H.5.].......H.=
2021-03-15T22:19:32.3881842Z 000093f8: 205e 0100 31c0 e84d c4ff ff31 c041 89e9 b9f2 0000 00ba 4100 0000 488d 35be 5d01 0048 8d3d c05e 0100   ^..1..M...1.A........A...H.5.]..H.=.^..
2021-03-15T22:19:32.3882666Z 00009420: 4c8d 05ff 5d01 00e8 64c4 ffff 89ee 488d 3df1 5d01 0031 c0e8 14c4 ffff 488d 3d9d 5e01 0031 c0b9 f200  L...]...d.....H.=.]..1......H.=.^..1....
2021-03-15T22:19:32.3883473Z 00009448: 0000 ba37 0000 004c 8d05 a85d 0100 488d 357a 5d01 00e8 2ec4 ffff 488d 3d95 5d01 0031 c0e8 e0c3 ffff  ...7...L...]..H.5z].......H.=.]..1......
2021-03-15T22:19:32.3884202Z 00009470: 31c0 4589 e1b9 f200 0000 ba3a 0000 0048 8d35 515d 0100 488d 3d53 5e01 004c 8d05 7c5d 0100 e8f7 c3ff  1.E........:...H.5Q]..H.=S^..L..|]......
2021-03-15T22:19:32.3885032Z 00009498: ff44 89e6 488d 3d6d 5d01 0031 c0e8 a6c3 ffff 660f 1f44 0000 4154 b9c0 0000 0041 89fc 488d 3d0f 5e01  .D..H.=m]..1......f..D..AT.....A..H.=.^.
2021-03-15T22:19:32.3885788Z 000094c0: 0055 4889 d5ba 5100 0000 5348 89f3 488d 3502 5d01 0048 81ec b000 0000 6448 8b04 2528 0000 0048 8984  .UH...Q...SH..H.5.]..H......dH..%(...H..
2021-03-15T22:19:32.3886655Z 000094e8: 24a8 0000 0031 c0e8 bcbc ffff 488d 5424 1044 89e6 bf01 0000 00e8 1ac3 ffff 83f8 ff0f 8481 0100 0044  $....1......H.T$.D.....................D
2021-03-15T22:19:32.3887408Z 00009510: 8b4c 242c 8b3b 4139 f90f 84a1 0100 008b 5504 85d2 7411 31ff e8c3 c7ff ff85 c00f 85eb 0100 008b 3b48  .L$,.;A9........U...t.1...............;H
2021-03-15T22:19:32.3889138Z 00009538: 8b4b 188b 5310 8b73 08e8 9afd ffff 4489 e7b9 0002 0000 ba02 0000 0048 8d35 d85c 0100 e881 bcff ff41  .K..S..s......D............H.5.\.......A
2021-03-15T22:19:32.3890005Z 00009560: 89c4 8b03 85c0 0f85 8400 0000 488b 4d18 8b55 108b 750c 8b7d 04e8 62fd ffff 4585 e40f 84d9 0000 00e8  ............H.M..U..u..}..b...E.........
2021-03-15T22:19:32.3891061Z 00009588: 74bb ffff 8b00 83f8 0d0f 84a1 0000 0083 f81e 0f84 9800 0000 41b8 ffff ffff b9c0 0000 00ba 7500 0000  t.......................A...........u...
2021-03-15T22:19:32.3892122Z 000095b0: 488d 3520 5c01 0048 8d3d 125d 0100 e8ad c6ff ffb8 ffff ffff 488b 9c24 a800 0000 6448 2b1c 2528 0000  H.5 \..H.=.]............H..$....dH+.%(..
2021-03-15T22:19:32.3893340Z 000095d8: 000f 853c 0100 0048 81c4 b000 0000 5b5d 415c c30f 1f44 0000 31ff e8f9 c6ff ff85 c00f 846d ffff ff4c  ...<...H......[]A\...D..1..........m...L
2021-03-15T22:19:32.3894512Z 00009600: 8d05 f85b 0100 b9f2 0000 00ba 6c00 0000 488d 3db9 5c01 0031 c048 8d35 b75b 0100 e86b c2ff ff48 8d3d  ...[........l...H.=.\..1.H.5.[...k...H.=
2021-03-15T22:19:32.3895632Z 00009628: d25b 0100 31c0 e81d c2ff ff0f 1f44 0000 4531 c0b9 c000 0000 ba74 0000 0048 8d35 8b5b 0100 488d 3d7d  .[..1........D..E1.......t...H.5.[..H.=}
2021-03-15T22:19:32.3897175Z 00009650: 5c01 00e8 18c6 ffff 31c0 e969 ffff ff90 41b8 0100 0000 b9c0 0000 00ba 7200 0000 488d 3560 5b01 0048  \.......1..i....A...........r...H.5`[..H
2021-03-15T22:19:32.3897908Z 00009678: 8d3d 525c 0100 e8ed c5ff ffb8 0100 0000 e93b ffff ff0f 1f00 41b8 ffff ffff b9c0 0000 00ba 5400 0000  .=R\.............;......A...........T...
2021-03-15T22:19:32.3898745Z 000096a0: 8944 240c 488d 352c 5b01 0048 8d3d 1e5c 0100 e8b9 c5ff ff8b 4424 0ce9 08ff ffff 4883 ec08 31c0 b9e6  .D$.H.5,[..H.=.\........D$......H...1...
2021-03-15T22:19:32.3899441Z 000096c8: 0000 00ba 5800 0000 4151 4c8d 055f 5b01 0048 8d35 f75a 0100 488d 3de9 5b01 00e8 a4c1 ffff b9c0 0000  ....X...AQL.._[..H.5.Z..H.=.[...........
2021-03-15T22:19:32.3900149Z 000096f0: 0041 b801 0000 0048 8d35 d95a 0100 ba5b 0000 0048 8d3d c65b 0100 e861 c5ff ff59 b801 0000 005e e9ad  .A.....H.5.Z...[...H.=.[...a...Y.....^..
2021-03-15T22:19:32.3901197Z 00009718: feff ffe8 40bc ffff 4c8d 05d7 5a01 00b9 f200 0000 ba61 0000 00e9 dafe ffff 662e 0f1f 8400 0000 0000  ....@...L...Z........a........f.........
2021-03-15T22:19:32.3901895Z 00009740: 4157 4156 4155 4d89 c541 5441 89cc b9c0 0000 0055 4889 fd48 8d3d 625b 0100 5389 f348 8d35 6f5a 0100  AWAVAUM..ATA.......UH..H.=b[..S..H.5oZ..
2021-03-15T22:19:32.3902654Z 00009768: 4883 ec18 8954 240c ba59 0100 004c 890c 24e8 32ba ffff 89d8 0d00 0002 0041 f7c4 0080 0000 0f44 d889  H....T$..Y...L..$.2..........A.......D..
2021-03-15T22:19:32.3903340Z 00009790: d880 cc08 4181 e400 0001 0089 4424 0875 7f8b 5424 0c8b 7424 0848 89ef 31c0 e8bd c2ff ff41 89c7 4183  ....A.......D$.u..T$..t$.H..1......A..A.
2021-03-15T22:19:32.3904005Z 000097b8: ffff 7405 80e7 0874 3745 89f8 b9c0 0000 00ba 6501 0000 488d 3502 5a01 0048 8d3d e45a 0100 e88f c4ff  ..t....t7E........e...H.5.Z..H.=.Z......
2021-03-15T22:19:32.3904644Z 000097e0: ff48 83c4 1844 89f8 5b5d 415c 415d 415e 415f c30f 1f44 0000 31d2 4489 ffbe 0300 0000 31c0 e8e7 b9ff  .H...D..[]A\A]A^A_...D..1.D.......1.....
2021-03-15T22:19:32.3905313Z 00009808: ffbe 0400 0000 4489 ff80 e4f7 89c2 31c0 e8d3 b9ff ffeb a290 418b 4500 85c0 0f84 75ff ffff 488d 35a4  ......D.......1.........A.E.....u...H.5.
2021-03-15T22:19:32.3905946Z 00009830: 5901 00b9 c000 0000 ba17 0100 0048 8d3d 5c5a 0100 e867 b9ff ff80 7d00 2fbe 0000 2100 0f84 3801 0000  Y............H.=\Z...g....}./...!...8...
2021-03-15T22:19:32.3906592Z 00009858: 31c0 488d 3dd1 5901 00e8 0ac2 ffff 807d 002e 4189 c40f 84cd 0100 0041 83fc ff75 78e9 d501 0000 6690  1.H.=.Y........}..A........A...ux.....f.
2021-03-15T22:19:32.3907190Z 00009880: b9c0 0000 00ba bc00 0000 488d 3546 5901 0048 8d3d e859 0100 e813 b9ff ff31 c9ba 0000 2300 4c89 f644  ..........H.5FY..H.=.Y.......1....#.L..D
2021-03-15T22:19:32.3907831Z 000098a8: 89e7 31c0 e87f baff ffb9 c000 0000 babe 0000 0048 8d35 1559 0100 4189 c048 8d3d b459 0100 4189 c7e8  ..1................H.5.Y..A..H.=.Y..A...
2021-03-15T22:19:32.3908479Z 000098d0: 9cc3 ffff c645 002f 4489 e7e8 10bc ffff 4183 ffff 0f84 2601 0000 4883 c501 4589 fc48 8b14 244c 89ee  .....E./D.......A.....&...H...E..H..$L..
2021-03-15T22:19:32.3909159Z 000098f8: 4489 e7e8 b0fb ffff 4189 c783 f8ff 7458 4889 ef48 8d35 039a 0100 e8f9 bbff ffbe 2f00 0000 4c8d 7405  D.......A.....tXH..H.5........../...L.t.
2021-03-15T22:19:32.3909913Z 00009920: 004c 89f7 e897 baff ff48 89c5 4885 c074 7fc6 0000 4585 ff0f 8543 ffff ff31 c9ba 0000 2100 4c89 f644  .L.......H..H..t....E....C...1....!.L..D
2021-03-15T22:19:32.3910573Z 00009948: 89e7 31c0 e8df b9ff ff41 89c7 e97b ffff ff0f 1f80 0000 0000 4489 e7e8 88bb ffff 41b8 ffff ffff b9c0  ..1......A...{..........D.......A.......
2021-03-15T22:19:32.3911240Z 00009970: 0000 00ba 2f01 0000 488d 3558 5801 0048 8d3d 1a59 0100 e8e5 c2ff ffe9 31fe ffff 488d 3d7e 9901 0031  ..../...H.5XX..H.=.Y........1...H.=~...1
2021-03-15T22:19:32.3911874Z 00009998: c048 83c5 01e8 cec0 ffff 4189 c4e9 c9fe ffff 660f 1f44 0000 4585 ff0f 85c4 0000 0041 803e 0048 8d05  .H........A.......f..D..E........A.>.H..
2021-03-15T22:19:32.3912596Z 000099c0: 6e58 0100 8b4c 240c 4489 e74c 0f44 f08b 5424 0831 c04c 89f6 e853 b9ff ff44 89e7 4189 c7e8 08bb ffff  nX...L$.D..L.D..T$.1.L...S...D..A.......
2021-03-15T22:19:32.3913732Z 000099e8: 4589 f8b9 c000 0000 ba50 0100 0048 8d35 db57 0100 488d 3d9d 5801 00e8 68c2 ffff e9a9 fdff ff0f 1f00  E........P...H.5.W..H.=.X...h...........
2021-03-15T22:19:32.3914764Z 00009a10: 41b8 ffff ffff b9c0 0000 00ba 3e01 0000 488d 35b0 5701 0048 8d3d 7258 0100 e83d c2ff ffe9 89fd ffff  A...........>...H.5.W..H.=rX...=........
2021-03-15T22:19:32.3915694Z 00009a38: 0f1f 8400 0000 0000 807d 012f 0f85 29fe ffff 4883 c502 e920 feff ff41 83c8 ffb9 c000 0000 ba22 0100  .........}./..)...H.... ...A........."..
2021-03-15T22:19:32.3917121Z 00009a60: 0041 83cf ff48 8d35 6b57 0100 488d 3d2d 5801 00e8 f8c1 ffff e944 fdff ff44 89e7 4183 cfff e867 baff  .A...H.5kW..H.=-X........D...D..A....g..
2021-03-15T22:19:32.3918679Z 00009a88: ffe8 72b6 ffff 4183 c8ff b9c0 0000 00ba 4601 0000 c700 1500 0000 488d 352e 5701 0048 8d3d f057 0100  ..r...A.........F.........H.5.W..H.=.W..
2021-03-15T22:19:32.3919827Z 00009ab0: e8bb c1ff ffe9 07fd ffff 660f 1f44 0000 4157 4989 d741 5641 5541 5449 89fc 5553 89f3 80cf 8048 81ec  ..........f..D..AWI..AVAUATI..US.....H..
2021-03-15T22:19:32.3920972Z 00009ad8: b800 0000 4889 4c24 0864 488b 0425 2800 0000 4889 8424 a800 0000 31c0 e807 b6ff ffb9 c000 0000 baa6  ....H.L$.dH..%(...H..$....1.............
2021-03-15T22:19:32.3922139Z 00009b00: 0100 0048 8d35 cd56 0100 488d 3d4f 5701 0044 8b30 4989 c5e8 94b6 ffff be2f 0000 004c 89e7 e8c7 b8ff  ...H.5.V..H.=OW..D.0I......../...L......
2021-03-15T22:19:32.3922760Z 00009b28: ff4c 8b4c 2408 89d9 4885 c00f 8407 0100 0048 89c5 4939 c40f 849b 0000 00c6 0000 4c89 e74d 89f8 baa4  .L.L$...H........H..I9..........L..M....
2021-03-15T22:19:32.3923417Z 00009b50: 0100 00be 0000 2100 e8e3 fbff ff41 89c4 83f8 ff74 2148 8d54 2410 89c6 bf01 0000 00e8 aabc ffff 85c0  ......!......A.....t!H.T$...............
2021-03-15T22:19:32.3924042Z 00009b78: 0f84 f200 0000 4489 e7e8 6ab9 ffff 4531 c045 31ff c645 002f 4589 7500 b9c0 0000 00ba c501 0000 488d  ......D...j...E1.E1..E./E.u...........H.
2021-03-15T22:19:32.3924677Z 00009ba0: 3532 5601 0048 8d3d b456 0100 e8ef bdff ff48 8b84 24a8 0000 0064 482b 0425 2800 0000 0f85 cb00 0000  52V..H.=.V.......H..$....dH+.%(.........
2021-03-15T22:19:32.3925251Z 00009bc8: 4881 c4b8 0000 0044 89f8 5b5d 415c 415d 415e 415f c30f 1f00 488d 3d2e 9701 004d 89f8 baa4 0100 00be  H......D..[]A\A]A^A_....H.=....M........
2021-03-15T22:19:32.3925883Z 00009bf0: 0000 2100 e847 fbff ff89 c583 f8ff 7460 488d 5424 1089 c6bf 0100 0000 e80f bcff ff85 c075 3b8b 4424  ..!..G........t`H.T$...............u;.D$
2021-03-15T22:19:32.3926499Z 00009c18: 2889 ef25 00f0 0000 3d00 4000 0041 0f94 c7e8 c2b8 ffff 450f b6c7 e959 ffff ff66 0f1f 8400 0000 0000  (..%....=.@..A........E....Y...f........
2021-03-15T22:19:32.3927186Z 00009c40: 488d 3deb 5501 00eb 9e0f 1f80 0000 0000 89ef e899 b8ff ff66 0f1f 8400 0000 0000 4531 c045 31ff e925  H.=.U..................f........E1.E1..%
2021-03-15T22:19:32.3927799Z 00009c68: ffff ff0f 1f44 0000 8b44 2428 4489 e725 00f0 0000 3d00 4000 0041 0f94 c7e8 66b8 ffff 450f b6c7 e9f9  .....D...D$(D..%....=.@..A....f...E.....
2021-03-15T22:19:32.3928493Z 00009c90: feff ffe8 c8b6 ffff 0f1f 8400 0000 0000 4157 be3d 0000 0041 5641 5541 5455 4889 fd53 4883 ec08 e805  ................AW.=...AVAUATUH..SH.....
2021-03-15T22:19:32.3929464Z 00009cb8: b7ff ff4c 8b2d be04 0200 4829 e84d 8b7d 004d 85ff 0f84 0201 0000 4c8d 7001 4c89 ebeb 120f 1f44 0000  ...L.-....H).M.}.M........L.p.L......D..
2021-03-15T22:19:32.3930204Z 00009ce0: 4883 c308 4d85 ff0f 8483 0000 004c 89fe 4c89 f248 89ef e835 b4ff ff4c 8b7b 0841 89c4 85c0 75da 4889  H...M........L..L..H...5...L.{.A....u.H.
2021-03-15T22:19:32.3930887Z 00009d08: 2b48 89ee eb12 6690 4c89 fe48 83c3 0848 85f6 743c 4c8b 7b08 4c89 f248 89ef e805 b4ff ff85 c075 e14c  +H....f.L..H...H..t<L.{.L..H.........u.L
2021-03-15T22:19:32.3931659Z 00009d30: 893b 4d85 ff74 2148 89d8 660f 1f44 0000 488b 5010 4883 c008 4889 1048 85d2 75f0 488b 3348 85f6 75c4  .;M..t!H..f..D..H.P.H...H..H..u.H.3H..u.
2021-03-15T22:19:32.3932328Z 00009d58: 4883 c408 4489 e05b 5d41 5c41 5d41 5e41 5fc3 660f 1f44 0000 4c29 eb48 89de 48c1 fe03 4883 c602 4c8b  H...D..[]A\A]A^A_.f..D..L).H..H...H...L.
2021-03-15T22:19:32.3933119Z 00009d80: 254b 0402 00ba 0800 0000 4c89 e7e8 0eb4 ffff 4889 c148 85c0 7443 488b 35df 0302 0049 39f4 740e 4889  %K........L.......H..H..tCH.5....I9.t.H.
2021-03-15T22:19:32.3933909Z 00009da8: cf48 89da e80f b9ff ff48 89c1 4889 2c19 4531 e448 c744 1908 0000 0000 4889 0d05 0402 0048 890d ae03  .H.......H..H.,.E1.H.D......H......H....
2021-03-15T22:19:32.3934635Z 00009dd0: 0200 eb84 be02 0000 0031 dbeb a141 bcff ffff ffe9 70ff ffff 0f1f 8400 0000 0000 4155 4989 fd41 5455  .........1...A......p...........AUI..ATU
2021-03-15T22:19:32.3935447Z 00009df8: 5331 db48 83ec 080f b607 84c0 7518 eb1a 0f1f 8400 0000 0000 4883 c301 410f b644 1d00 84c0 7404 3c3d  S1.H........u...........H...A..D....t.<=
2021-03-15T22:19:32.3936502Z 00009e20: 75ee 488b 2d57 0302 004c 8b65 004d 85e4 742c 660f 1f44 0000 4889 da4c 89ee 4c89 e7e8 eab2 ffff 85c0  u.H.-W...L.e.M..t,f..D..H..L..L.........
2021-03-15T22:19:32.3937321Z 00009e48: 7507 4180 3c1c 3d74 1f4c 8b65 0848 83c5 084d 85e4 75da 4883 c408 4c89 e05b 5d41 5c41 5dc3 0f1f 4000  u.A.<.=t.L.e.H...M..u.H...L..[]A\A]...@.
2021-03-15T22:19:32.3938145Z 00009e70: 4883 c408 4d8d 641c 014c 89e0 5b5d 415c 415d c366 662e 0f1f 8400 0000 0000 6690 5548 89fd 4883 ec10  H...M.d..L..[]A\A].ff.........f.UH..H...
2021-03-15T22:19:32.3938748Z 00009e98: 6448 8b04 2528 0000 0048 8944 2408 31c0 4889 e648 c704 2400 0000 00e8 189a 0000 4531 c083 f8ff 7414  dH..%(...H.D$.1.H..H..$.........E1....t.
2021-03-15T22:19:32.3939320Z 00009ec0: 4c8b 0424 83f8 0174 0b48 89ef e81f ffff ff49 89c0 488b 4424 0864 482b 0425 2800 0000 7509 4883 c410  L..$...t.H.......I..H.D$.dH+.%(...u.H...
2021-03-15T22:19:32.3939998Z 00009ee8: 4c89 c05d c3e8 6eb4 ffff 6666 2e0f 1f84 0000 0000 000f 1f00 5548 89fd e877 9900 0083 f8ff 742c 83f8  L..]..n...ff............UH...w......t,..
2021-03-15T22:19:32.3940665Z 00009f10: 0174 2548 c7c7 ffff ffff 488d 35cb 5301 00e8 bab3 ffff 4889 ef48 85c0 7412 5dff e00f 1f80 0000 0000  .t%H......H.5.S.......H..H..t.].........
2021-03-15T22:19:32.3941362Z 00009f38: 31c0 5dc3 0f1f 4000 5de9 5afd ffff 662e 0f1f 8400 0000 0000 4156 4155 4189 d541 5449 89fc 5548 89f5  1.]...@.].Z...f.........AVAUA..ATI..UH..
2021-03-15T22:19:32.3941964Z 00009f60: 5348 83ec 2064 488b 0425 2800 0000 4889 4424 1831 c0e8 b698 0000 83f8 ff74 5383 f801 744c 488d 356a  SH.. dH..%(...H.D$.1.........tS...tLH.5j
2021-03-15T22:19:32.3942596Z 00009f88: 5301 0048 c7c7 ffff ffff e849 b3ff ff48 85c0 745c 488b 4c24 1864 482b 0c25 2800 0000 0f85 8d01 0000  S..H.......I...H..t\H.L$.dH+.%(.........
2021-03-15T22:19:32.3943300Z 00009fb0: 4883 c420 4489 ea48 89ee 4c89 e75b 5d41 5c41 5d41 5eff e066 0f1f 8400 0000 0000 31c0 488b 4c24 1864  H.. D..H..L..[]A\A]A^..f........1.H.L$.d
2021-03-15T22:19:32.3944233Z 00009fd8: 482b 0c25 2800 0000 0f85 5701 0000 4883 c420 5b5d 415c 415d 415e c30f 1f44 0000 4d85 e40f 8427 0100  H+.%(.....W...H.. []A\A]A^...D..M....'..
2021-03-15T22:19:32.3944847Z 0000a000: 0041 0fb6 1c24 84db 0f84 1a01 0000 4889 efe8 fab2 ffff 80fb 3d75 1d48 8d78 02e8 7cb7 ffff 4885 c00f  .A...$........H.........=u.H.x..|...H...
2021-03-15T22:19:32.3945514Z 0000a028: 85f3 0000 00b8 ffff ffff eb9e 0f1f 4000 4c89 e20f b64a 0148 83c2 0184 c974 0580 f93d 75ef 4c29 e248  ..............@.L....J.H.....t...=u.L).H
2021-03-15T22:19:32.3946131Z 0000a050: 8d7c 1002 e847 b7ff ff49 89c6 4885 c074 cc4c 89e2 0f1f 4000 4883 c201 8818 4883 c001 0fb6 1a84 db74  .|...G...I..H..t.L....@.H.....H........t
2021-03-15T22:19:32.3946838Z 0000a078: 0580 fb3d 75ea c600 3d48 8d50 010f b645 0084 c074 150f 1f00 4883 c501 8802 4883 c201 0fb6 4500 84c0  ...=u...=H.P...E...t....H.....H.....E...
2021-03-15T22:19:32.3947449Z 0000a0a0: 75ee c602 0045 85ed 753e 488d 7424 104c 89e7 48c7 4424 1000 0000 00e8 1098 0000 83f8 ff74 2383 f801  u....E..u>H.t$.L..H.D$.............t#...
2021-03-15T22:19:32.3948168Z 0000a0c8: 7546 488b 4424 1048 85c0 7414 4c89 f7e8 94af ffff 31c0 e9ef feff ff0f 1f44 0000 4c89 f7e8 b0fb ffff  uFH.D$.H..t.L.......1........D..L.......
2021-03-15T22:19:32.3948941Z 0000a0f0: 83f8 ff0f 85d7 feff ff4c 89f7 8944 240c e86b afff ff8b 4424 0ce9 c4fe ffff 6690 4c89 e7e8 d8fc ffff  .........L...D$..k....D$......f.L.......
2021-03-15T22:19:32.3949708Z 0000a118: ebb5 660f 1f44 0000 4989 c6e9 56ff ffff e8d3 afff ffc7 0016 0000 00b8 ffff ffff e995 feff ffe8 1eb2  ..f..D..I...V...........................
2021-03-15T22:19:32.3950446Z 0000a140: ffff 6666 2e0f 1f84 0000 0000 000f 1f00 4155 4154 5548 89fd 5348 83ec 08e8 fe97 0000 83f8 ff0f 84a7  ..ff............AUATUH..SH..............
2021-03-15T22:19:32.3951183Z 0000a168: 0000 0083 f801 0f84 9c00 0000 488d 3578 5101 0048 c7c7 ffff ffff e859 b1ff ff48 85c0 7414 4883 c408  ............H.5xQ..H.......Y...H..t.H...
2021-03-15T22:19:32.3951859Z 0000a190: 4889 ef5b 5d41 5c41 5dff e00f 1f44 0000 807d 0000 4c8b 25d5 ff01 000f 8491 0000 00be 3d00 0000 4889  H..[]A\A]....D...}..L.%...........=...H.
2021-03-15T22:19:32.3952817Z 0000a1b8: efe8 02b2 ffff 4885 c075 7f48 89ef e845 b1ff ff49 89c5 498b 1c24 eb2d 0f1f 4000 4c89 ea48 89de 4889  ......H..u.H...E...I..I..$.-..@.L..H..H.
2021-03-15T22:19:32.3953477Z 0000a1e0: efe8 4aaf ffff 4189 c049 8b44 2408 4585 c075 0742 803c 2b3d 7426 4983 c408 4889 c348 85db 75d2 662e  ..J...A..I.D$.E..u.B.<+=t&I...H..H..u.f.
2021-03-15T22:19:32.3954146Z 0000a208: 0f1f 8400 0000 0000 31c0 4883 c408 5b5d 415c 415d c30f 1f00 4989 0424 4885 c074 e74c 89e0 0f1f 4000  ........1.H...[]A\A]....I..$H..t.L....@.
2021-03-15T22:19:32.3954796Z 0000a230: 488b 5010 4883 c008 4889 1048 85d2 75f0 eb8c e8b9 aeff ffc7 0016 0000 00b8 ffff ffff ebbe 662e 0f1f  H.P.H...H..H..u.....................f...
2021-03-15T22:19:32.3955518Z 0000a258: 8400 0000 0000 6690 4156 b940 0100 00ba ee00 0000 4155 4154 4189 f448 8d35 8250 0100 5548 89fd 488d  ......f.AV.@........AUATA..H.5.P..UH..H.
2021-03-15T22:19:32.3956109Z 0000a280: 3d5b 5201 0053 4883 ec10 6448 8b04 2528 0000 0048 8944 2408 31c0 e811 afff ffe8 2ce7 0000 b940 0100  =[R..SH...dH..%(...H.D$.1.......,....@..
2021-03-15T22:19:32.3956726Z 0000a2a8: 00ba 5500 0000 488d 3547 5001 0048 8d3d 1452 0100 e8ef aeff ff8b 4530 a900 0002 000f 8591 0200 00a8  ..U...H.5GP..H.=.R........E0............
2021-03-15T22:19:32.3957269Z 0000a2d0: 400f 85a4 0200 00a9 0000 0800 0f85 bb02 0000 b940 0100 00ba 3800 0000 488d 3509 5001 0048 8d3d c651  @..................@....8...H.5.P..H.=.Q
2021-03-15T22:19:32.3958110Z 0000a2f8: 0100 e8b1 aeff ff44 8b45 2c45 85c0 0f88 a402 0000 4889 e74c 8d75 4031 dbe8 d6ad ffff 4189 c585 c079  .......D.E,E........H..L.u@1......A....y
2021-03-15T22:19:32.3959557Z 0000a320: 0feb 490f 1f44 0000 83c3 0141 39dd 7c3c 85db 8d43 0748 8b14 240f 49c3 c1f8 0348 980f b60c 0289 dac1  ..I..D.....A9.|<...C.H..$.I....H........
2021-03-15T22:19:32.3960202Z 0000a348: fa1f c1ea 1d8d 0413 83e0 0729 d00f a3c1 73ce 89de 4c89 f783 c301 e8f9 dc00 0041 39dd 7dc4 4183 fcff  ...........)....s...L..........A9.}.A...
2021-03-15T22:19:32.3961174Z 0000a370: 0f85 ea00 0000 8b7d 2c4c 89f6 e8ff de00 00b9 4001 0000 ba49 0000 0048 8d35 6a4f 0100 488d 3d27 5101  .......},L........@....I...H.5jO..H.='Q.
2021-03-15T22:19:32.3962163Z 0000a398: 00e8 82b2 ffff 488b 7d78 4885 ff74 21e8 a4ad ffff 85c0 0f85 bc00 0000 488d 3d5a 8f01 00e8 90af ffff  ......H.}xH..t!.............H.=Z........
2021-03-15T22:19:32.3962976Z 0000a3c0: 85c0 0f85 a800 0000 e843 9a00 008b 7504 8b7d 0089 f2e8 76ae ffff 85c0 0f85 f601 0000 e8f9 9b00 004c  .........C....u..}....v................L
2021-03-15T22:19:32.3963577Z 0000a3e8: 8b65 684d 85e4 741c 4883 7d78 000f 846d 0200 004c 89e7 e84d afff ff83 f8ff 0f84 d802 0000 41b8 0100  .ehM..t.H.}x...m...L...M............A...
2021-03-15T22:19:32.3964285Z 0000a410: 0000 b940 0100 00ba e200 0000 488d 35d9 4e01 0048 8d3d a650 0100 e871 b5ff ff44 8b45 3048 8b8d a800  ...@........H.5.N..H.=.P...q...D.E0H....
2021-03-15T22:19:32.3964865Z 0000a438: 0000 488b 95a0 0000 0048 8b75 5841 c1e8 058b 7d34 4183 e001 e8db 0d00 00e9 8c00 0000 660f 1f44 0000  ..H......H.uXA....}4A.............f..D..
2021-03-15T22:19:32.3965531Z 0000a460: 4489 e64c 89f7 e8f5 db00 00e9 06ff ffff 488b 5d78 488d 358a 4e01 0031 ffe8 feab ffff b973 0100 00ba  D..L............H.]xH.5.N..1.......s....
2021-03-15T22:19:32.3966273Z 0000a488: aa00 0000 488d 3569 4e01 0049 89c0 4989 d948 8d3d 3050 0100 31c0 e8e9 b3ff ff4c 8b65 7848 8d35 534e  ....H.5iN..I..I..H.=0P..1......L.exH.5SN
2021-03-15T22:19:32.3966960Z 0000a4b0: 0100 31ff e8c7 abff ff48 89c7 4c89 e631 c0e8 eab5 ffff 4531 c0b9 4001 0000 bae2 0000 0048 8d35 224e  ..1......H..L..1......E1..@........H.5"N
2021-03-15T22:19:32.3967600Z 0000a4d8: 0100 488d 3def 4f01 00e8 bab4 ffff e815 acff ff8b 38e8 5eb7 ffff 4883 ec08 4c8b 4d58 bafe 0000 0050  ..H.=.O.............8.^...H...L.MX.....P
2021-03-15T22:19:32.3968463Z 0000a500: 4c8d 052b 4e01 0031 c0b9 4201 0000 488d 35e7 4d01 0048 8d3d c44f 0100 e86f b3ff ff58 5a48 8b44 2408  L..+N..1..B...H.5.M..H.=.O...o...XZH.D$.
2021-03-15T22:19:32.3969472Z 0000a528: 6448 2b04 2528 0000 000f 8574 0200 0048 83c4 10b9 4001 0000 ba00 0100 005b 488d 35af 4d01 0048 8d3d  dH+.%(.....t...H....@........[H.5.M..H.=
2021-03-15T22:19:32.3970296Z 0000a550: 8c4f 0100 5d41 5c41 5d41 5ee9 c0b0 ffff 4889 efe8 080b 0100 84c0 0f84 56ff ffff 8b45 30a8 400f 845c  .O..]A\A]A^.....H...........V....E0.@..\
2021-03-15T22:19:32.3971287Z 0000a578: fdff ff8b 5524 31f6 31ff e8f9 aeff ff85 c00f 8501 0100 008b 4530 a900 0008 000f 8445 fdff ff8b 7d20  ....U$1.1...............E0.......E....} 
2021-03-15T22:19:32.3972386Z 0000a5a0: e8cb b0ff ffe9 38fd ffff 660f 1f44 0000 b940 0100 00ba 3b00 0000 488d 353b 4d01 0048 8d3d f84e 0100  ......8...f..D...@....;...H.5;M..H.=.N..
2021-03-15T22:19:32.3973251Z 0000a5c8: e853 b0ff ffe9 ccfd ffff 660f 1f44 0000 448b 6504 488d 35fd 4d01 0031 ff8b 5d00 e893 aaff ff48 83ec  .S........f..D..D.e.H.5.M..1..]......H..
2021-03-15T22:19:32.3974590Z 0000a5f0: 08b9 7301 0000 bab7 0000 0041 5449 89c0 4189 d948 8d35 f24c 0100 488d 3dbf 4e01 0031 c0e8 78b2 ffff  ..s........ATI..A..H.5.L..H.=.N..1..x...
2021-03-15T22:19:32.3976393Z 0000a618: 448b 6d04 448b 6500 31ff 488d 35b7 4d01 00e8 52aa ffff 4489 ea44 89e6 4889 c731 c0e8 72b4 ffff 488d  D.m.D.e.1.H.5.M...R...D..D..H..1..r...H.
2021-03-15T22:19:32.3977615Z 0000a640: 35b7 4c01 0045 31c0 488d 3d81 4e01 00b9 4001 0000 bae2 0000 00e8 42b3 ffff 5e5f e981 feff ff0f 1f00  5.L..E1.H.=.N...@.........B...^_........
2021-03-15T22:19:32.3978897Z 0000a668: 488b 3551 1802 0048 85f6 0f84 83fd ffff 4c89 e7e8 60af ffff 85c0 0f84 84fd ffff e96e fdff ff0f 1f00  H.5Q...H........L...`............n......
2021-03-15T22:19:32.3979860Z 0000a690: 488d 3529 4d01 0031 ffe8 e2a9 ffff b973 0100 004c 8d05 b57a 0100 ba9c 0000 0049 89c1 488d 3543 4c01  H.5)M..1.......s...L...z.......I..H.5CL.
2021-03-15T22:19:32.3981046Z 0000a6b8: 0048 8d3d 104e 0100 31c0 e8c9 b1ff ff48 8d35 f24c 0100 31ff e8ab a9ff ff48 8d3d 837a 0100 4889 c6e9  .H.=.N..1......H.5.L..1......H.=.z..H...
2021-03-15T22:19:32.3981944Z 0000a6e0: dbfd ffff 488b 5d68 488d 3519 4d01 0031 ffe8 8aa9 ffff b973 0100 00ba d600 0000 488d 35f5 4b01 0049  ....H.]hH.5.M..1.......s........H.5.K..I
2021-03-15T22:19:32.3982651Z 0000a708: 89c0 4989 d948 8d3d bc4d 0100 31c0 e875 b1ff ff4c 8b65 6848 8d35 e24c 0100 31ff e853 a9ff ff48 89c7  ..I..H.=.M..1..u...L.ehH.5.L..1..S...H..
2021-03-15T22:19:32.3983855Z 0000a730: 4c89 e631 c0e8 76b3 ffff 8b4d 3885 c90f 8481 fdff ff48 837d 7800 0f84 bcfc ffff 31ff 488d 35c8 4b01  L..1..v....M8........H.}x.......1.H.5.K.
2021-03-15T22:19:32.3984693Z 0000a758: 00e8 22a9 ffff b963 0100 004c 8d0d ab8b 0100 bada 0000 0049 89c0 488d 3583 4b01 0031 c048 8d3d 4e4d  .."....c...L...........I..H.5.K..1.H.=NM
2021-03-15T22:19:32.3985445Z 0000a780: 0100 e809 b1ff ff31 ff48 8d35 914b 0100 e8eb a8ff ff48 8d35 798b 0100 4889 c731 c0e8 baaa ffff e961  .......1.H.5.K.......H.5y...H..1.......a
2021-03-15T22:19:32.3986148Z 0000a7a8: fcff ffe8 b0ab ffff 4156 b940 0100 00ba 0d01 0000 4531 f641 5548 8d35 344b 0100 4989 fd48 8d3d de4c  ........AV.@........E1.AUH.54K..I..H.=.L
2021-03-15T22:19:32.3987020Z 0000a7d0: 0100 4154 5553 bb01 0000 0048 81ec a001 0000 6448 8b04 2528 0000 0048 8984 2498 0100 0031 c0e8 b6a9  ..ATUS.....H......dH..%(...H..$....1....
2021-03-15T22:19:32.3987645Z 0000a7f8: ffff eb10 0f1f 4000 83fb 410f 8487 0000 0083 c301 8d6b ff89 efe8 aae0 0000 4189 c484 c074 e383 fd11  ......@...A..........k........A....t....
2021-03-15T22:19:32.3988564Z 0000a820: 74e7 83fd 1474 6183 c37f 41b8 0100 0000 b940 0100 0041 c745 0002 0000 0041 895d 04ba 1d01 0000 488d  t....ta...A......@...A.E.....A.]......H.
2021-03-15T22:19:32.3989183Z 0000a848: 35af 4a01 0048 8d3d 5c4c 0100 e847 b1ff ff48 8b84 2498 0100 0064 482b 0425 2800 0000 0f85 8c01 0000  5.J..H.=\L...G...H..$....dH+.%(.........
2021-03-15T22:19:32.3989757Z 0000a870: 4881 c4a0 0100 0044 89e0 5b5d 415c 415d 415e c30f 1f44 0000 4189 c6e9 79ff ffff 4584 f675 2245 31c0  H......D..[]A\A]A^...D..A...y...E..u"E1.
2021-03-15T22:19:32.3990479Z 0000a898: b940 0100 00ba 3501 0000 488d 3553 4a01 0048 8d3d 004c 0100 e8eb b0ff ffeb a248 8dac 2400 0100 0031  .@....5...H.5SJ..H.=.L.........H..$....1
2021-03-15T22:19:32.3991057Z 0000a8c0: c0b9 1300 0000 4889 eff3 48ab 488d bc24 0801 0000 e887 adff ff31 d248 89ee bf14 0000 00c7 8424 8801  ......H...H.H..$.........1.H.........$..
2021-03-15T22:19:32.3991669Z 0000a8e8: 0000 0000 0010 48c7 8424 0001 0000 0000 0000 e861 e400 0085 c075 5948 89e5 4c8d ac24 8000 0000 4889  ......H..$.........a.....uYH..L..$....H.
2021-03-15T22:19:32.3992303Z 0000a910: efe8 4aad ffff be14 0000 0048 89ef e88d b3ff ff48 89ee bf01 0000 004c 89ea e81d a7ff ffe8 e8a8 ffff  ..J........H.......H.......L............
2021-03-15T22:19:32.3993041Z 0000a938: be14 0000 0089 c7e8 ccad ffff 85c0 756c 31d2 4c89 eebf 0200 0000 e8f9 a6ff ffe9 39ff ffff 31ff 488d  ..............ul1.L.............9...1.H.
2021-03-15T22:19:32.3993678Z 0000a960: 35cb 4a01 00e8 16a7 ffff 41b9 1400 0000 b973 0100 00ba 2c01 0000 4989 c048 8d35 7849 0100 31c0 488d  5.J.......A......s....,...I..H.5xI..1.H.
2021-03-15T22:19:32.3994409Z 0000a988: 3d23 4b01 00e8 feae ffff 31ff 488d 3595 4a01 00e8 e0a6 ffff be14 0000 0048 89c7 31c0 e801 b1ff ffe9  =#K.......1.H.5.J............H..1.......
2021-03-15T22:19:32.3995276Z 0000a9b0: 4fff ffff e867 a8ff ffb9 7301 0000 4c8d 0583 4901 00ba 3101 0000 4189 c148 8d35 2849 0100 488d 3dd5  O....g....s...L...I...1...A..H.5(I..H.=.
2021-03-15T22:19:32.3996373Z 0000a9d8: 4a01 0031 c0e8 aeae ffff e839 a8ff ff48 8d3d 5a49 0100 89c6 31c0 e8b9 b0ff ffe9 4cff ffff e85f a9ff  J..1.......9...H.=ZI....1.......L...._..
2021-03-15T22:19:32.3997407Z 0000aa00: ff66 662e 0f1f 8400 0000 0000 0f1f 4000 4154 b940 0100 00ba 7101 0000 5548 89fd 488d 3d71 4a01 0053  .ff...........@.AT.@....q...UH..H.=qJ..S
2021-03-15T22:19:32.3998163Z 0000aa28: 4889 f348 8d35 ca48 0100 e879 a7ff fff6 4531 0474 4ce8 8eb0 ffff 4189 c483 f8ff 0f84 f201 0000 85c0  H..H.5.H...y....E1.tL.....A.............
2021-03-15T22:19:32.3999512Z 0000aa50: 742e 488d 3d3f 4a01 0045 31c0 b940 0100 00ba 8001 0000 488d 358f 4801 00e8 feb1 ffff 31ff e8c7 a6ff  t.H.=?J..E1..@........H.5.H.......1.....
2021-03-15T22:19:32.4001036Z 0000aa78: ff0f 1f80 0000 0000 31f6 31ff e8d7 b0ff ffe8 2298 0000 f645 3110 7554 488b 15b5 f601 0048 85d2 753a  ........1.1......."....E1.uTH......H..u:
2021-03-15T22:19:32.4002718Z 0000aaa0: eb55 660f 1f44 0000 4883 7828 0075 3948 8378 3000 7532 4883 7838 0075 2b48 8378 4000 7524 4883 7858  .Uf..D..H.x(.u9H.x0.u2H.x8.u+H.x@.u$H.xX
2021-03-15T22:19:32.4004507Z 0000aac8: 0075 1d48 8378 6000 7516 488b 1248 85d2 741d 488b 4240 4883 7820 0074 c30f 1f00 4889 de48 89ef e8dd  .u.H.x`.u.H..H..t.H.B@H.x .t....H..H....
2021-03-15T22:19:32.4005376Z 0000aaf0: 7000 0084 c075 5fb9 4001 0000 ba59 0100 0048 8d35 f447 0100 488d 3d71 4901 00e8 9ca6 ffff f745 3000  p....u_.@....Y...H.5.G..H.=qI........E0.
2021-03-15T22:19:32.4006294Z 0000ab18: 0b00 0075 0e48 8b05 1c14 0200 4883 7810 0074 6545 31c0 b940 0100 00ba 5e01 0000 488d 35bd 4701 0048  ...u.H......H.x..teE1..@....^...H.5.G..H
2021-03-15T22:19:32.4007298Z 0000ab40: 8d3d 3a49 0100 e855 aeff ff48 89de 4889 efe8 ca31 0000 4531 e483 3b01 410f 94c4 41f7 dc45 89e0 b940  .=:I...U...H..H....1..E1..;.A...A..E...@
2021-03-15T22:19:32.4007986Z 0000ab68: 0100 00ba aa01 0000 488d 3585 4701 0048 8d3d 1a49 0100 e8ed b0ff ff44 89e0 5b5d 415c c30f 1f44 0000  ........H.5.G..H.=.I.......D..[]A\...D..
2021-03-15T22:19:32.4008666Z 0000ab90: 488b 05a9 f501 0048 85c0 756c 0f1f 4000 41b8 0100 0000 b940 0100 0048 8d3d ce48 0100 ba65 0100 0048  H......H..ul..@.A......@...H.=.H...e...H
2021-03-15T22:19:32.4010380Z 0000abb8: 8d35 3e47 0100 e8dd adff ff48 89df e8e5 fbff ff84 c075 87be ffff ffff 4889 ef41 bcff ffff ffe8 7ef6  .5>G.......H.........u......H..A......~.
2021-03-15T22:19:32.4011875Z 0000abe0: ffff c703 0100 0000 e813 a5ff ff8b 0089 4304 e96c ffff ff66 0f1f 8400 0000 0000 488b 0048 85c0 7498  ................C..l...f........H..H..t.
2021-03-15T22:19:32.4012760Z 0000ac08: 488b 5040 4883 7a10 0074 ed45 31c0 b940 0100 00ba 6201 0000 488d 35d5 4601 0048 8d3d 5248 0100 e86d  H.P@H.z..t.E1..@....b...H.5.F..H.=RH...m
2021-03-15T22:19:32.4014111Z 0000ac30: adff ffe9 13ff ffff 0f1f 8400 0000 0000 c703 0100 0000 e8b5 a4ff ff41 b8ff ffff ffb9 4001 0000 ba79  ...........................A......@....y
2021-03-15T22:19:32.4015928Z 0000ac58: 0100 008b 0048 8d35 9846 0100 488d 3d2d 4801 0089 4304 e8fd afff ff44 89e0 5b5d 415c c30f 1f44 0000  .....H.5.F..H.=-H...C......D..[]A\...D..
2021-03-15T22:19:32.4017653Z 0000ac80: 55b9 4001 0000 bab3 0100 0089 fd53 488d 3dcb 4701 0089 f348 8d35 5e46 0100 4883 ec08 e809 a5ff ffb9  U.@..........SH.=.G....H.5^F..H.........
2021-03-15T22:19:32.4018877Z 0000aca8: 4001 0000 bab7 0100 0085 ed0f 8ebb 0000 0041 89e9 84db 0f85 cc00 0000 4c8d 05c4 4601 00b9 4601 0000  @................A..........L...F...F...
2021-03-15T22:19:32.4020511Z 0000acd0: 31c0 bac5 0100 0048 8d35 1e46 0100 488d 3d7b 4701 00e8 a6ab ffff be01 0000 0089 efe8 1aaa ffff 4189  1......H.5.F..H.={G...................A.
2021-03-15T22:19:32.4021396Z 0000acf8: e9b9 4601 0000 31c0 4c8d 0597 4601 00ba c701 0000 488d 35e9 4501 0048 8d3d 4647 0100 e871 abff ffbe  ..F...1.L...F.......H.5.E..H.=FG...q....
2021-03-15T22:19:32.4022207Z 0000ad20: 0f00 0000 89ef e8e5 a9ff ffbf 0200 0000 e85b afff ff41 89e9 b946 0100 0031 c048 8d35 b645 0100 488d  .................[...A...F...1.H.5.E..H.
2021-03-15T22:19:32.4023217Z 0000ad48: 3d13 4701 00ba ca01 0000 4c8d 0555 4601 00e8 32ab ffff be09 0000 0089 efe8 a6a9 ffff b940 0100 00ba  =.G.......L..UF...2................@....
2021-03-15T22:19:32.4024159Z 0000ad70: ce01 0000 4883 c408 488d 357d 4501 0048 8d3d da46 0100 5b5d e993 a8ff ff0f 1f00 4c8d 05c3 4501 00b9  ....H...H.5}E..H.=.F..[]........L...E...
2021-03-15T22:19:32.4024969Z 0000ad98: 4601 0000 babd 0100 0031 c048 8d35 5245 0100 488d 3daf 4601 00e8 daaa ffff 89ef be01 0000 00e8 0eaa  F........1.H.5RE..H.=.F.................
2021-03-15T22:19:32.4027178Z 0000adc0: ffff 4189 e9b9 4601 0000 31c0 4c8d 0598 4501 00ba bf01 0000 488d 351d 4501 0048 8d3d 7a46 0100 e8a5  ..A...F...1.L...E.......H.5.E..H.=zF....
2021-03-15T22:19:32.4028032Z 0000ade8: aaff ffbe 0f00 0000 89ef e8d9 a9ff ffbf 0200 0000 e88f aeff ff41 89e9 b946 0100 0031 c04c 8d05 6b45  .........................A...F...1.L..kE
2021-03-15T22:19:32.4029022Z 0000ae10: 0100 bac2 0100 0048 8d35 de44 0100 488d 3d3b 4601 00e8 66aa ffff be09 0000 0089 efe8 9aa9 ffff e92f  .......H.5.D..H.=;F...f................/
2021-03-15T22:19:32.4030199Z 0000ae38: ffff ff0f 1f44 0000 4157 b940 0300 00ba 3600 0000 4156 4155 4154 4989 fc48 8d3d e446 0100 5548 89f5  .....D..AW.@....6...AVAUATI..H.=.F..UH..
2021-03-15T22:19:32.4031309Z 0000ae60: 488d 3583 4601 0053 4883 ec38 6448 8b04 2528 0000 0048 8944 2428 31c0 48c7 4424 1800 0000 00e8 26a3  H.5.F..SH..8dH..%(...H.D$(1.H.D$......&.
2021-03-15T22:19:32.4032941Z 0000ae88: ffff 4d8b 3c24 4d85 ff0f 8489 0100 00c6 4424 0f00 48c7 c2ff ffff ff45 31f6 eb27 0f1f 8400 0000 0000  ..M.<$M.........D$..H......E1..'........
2021-03-15T22:19:32.4034190Z 0000aeb0: 418d 5e01 4863 c34d 8b3c c44c 8d2c c500 0000 004d 85ff 0f84 b400 0000 4189 de83 faff 75dc b90b 0000  A.^.Hc.M.<.L.,.....M........A.....u.....
2021-03-15T22:19:32.4035723Z 0000aed8: 004c 89fe 488d 3d17 4601 00f3 a60f 97c1 80d9 0084 c975 c149 83c7 0b48 8d5c 2420 4c89 ffe8 10a4 ffff  .L..H.=.F............u.I...H.\$ L.......
2021-03-15T22:19:32.4036671Z 0000af00: 4889 ef4d 8d2c 07e8 04a4 ffff 4c89 ff48 89d9 4c89 ee48 8d15 a775 0100 4889 0424 e8ab a9ff ff48 89c7  H..M.,......L..H..L..H...u..H..$.....H..
2021-03-15T22:19:32.4156860Z 0000af28: 4885 c074 474c 8d3d 8f75 0100 0f1f 4000 488b 4424 2048 8b34 2448 29f8 4839 f075 1348 89f2 4889 eee8  H..tGL.=.u....@.H.D$ H.4$H).H9.u.H..H...
2021-03-15T22:19:32.4157597Z 0000af50: 2ca6 ffff 85c0 0f84 6401 0000 31ff 4889 d94c 89fa 4c89 eee8 64a9 ffff 4889 c748 85c0 75c4 4963 d6e9  ,.......d...1.H..L..L...d...H..H..u.Ic..
2021-03-15T22:19:32.4158259Z 0000af78: 34ff ffff 0f1f 4000 83fa ff0f 84f5 0000 0080 7c24 0f00 7546 498d 1cd4 488d 7c24 1848 83ec 0849 89e8  4.....@...........|$..uFI...H.|$.H...I..
2021-03-15T22:19:32.4159116Z 0000afa0: ff33 488d 0d5d 4501 00be 0100 0000 31c0 488d 155a 4501 004c 8d0d 0575 0100 e8fd a5ff ff5a 5983 f8ff  .3H..]E.......1.H..ZE..L...u.......ZY...
2021-03-15T22:19:32.4159726Z 0000afc8: 0f84 7501 0000 488b 4424 1848 8903 4d89 e0b9 4003 0000 ba90 0000 0048 8d35 0045 0100 488d 3d4f 4501  ..u...H.D$.H..M...@........H.5.E..H.=OE.
2021-03-15T22:19:32.4160304Z 0000aff0: 00e8 0aa6 ffff 488b 4424 2864 482b 0425 2800 0000 0f85 7001 0000 4883 c438 4c89 e05b 5d41 5c41 5d41  ......H.D$(dH+.%(.....p...H..8L..[]A\A]A
2021-03-15T22:19:32.4160888Z 0000b018: 5e41 5fc3 0f1f 4000 ba08 0000 00be 0300 0000 31ff e86f a1ff ff49 89c5 4885 c00f 848d 0000 0049 c745  ^A_...@...........1..o...I..H........I.E
2021-03-15T22:19:32.4161485Z 0000b040: 0000 0000 004d 89ec 31db 4889 ee48 8d3d b244 0100 e807 a8ff ff48 8944 2418 4885 c00f 8418 0100 0083  .....M..1.H..H.=.D.......H.D$.H.........
2021-03-15T22:19:32.4162144Z 0000b068: c301 4989 4500 4863 db49 c704 dc00 0000 00e9 58ff ffff 418d 7604 31ff ba08 0000 0048 63f6 e80f a1ff  ..I.E.Hc.I........X...A.v.1......Hc.....
2021-03-15T22:19:32.4162862Z 0000b090: ff48 85c0 7434 4c89 ea4c 89e6 4889 c7e8 1ca6 ffff 4901 c580 7c24 0f00 4989 c449 c745 0000 0000 0074  .H..t4L..L..H.......I...|$..I..I.E.....t
2021-03-15T22:19:32.4163489Z 0000b0b8: 91e9 18ff ffff 6690 c644 240f 01e9 aafe ffff 488d 3533 3f01 0031 ffe8 a89f ffff 31ff 488d 3560 4201  ......f..D$.......H.53?..1......1.H.5`B.
2021-03-15T22:19:32.4164157Z 0000b0e0: 0048 89c3 e897 9fff ffb9 6203 0000 ba6a 0000 004c 8d0d 4644 0100 5749 89c0 534c 89cf 488d 35e1 4301  .H........b....j...L..FD..WI..SL..H.5.C.
2021-03-15T22:19:32.4164835Z 0000b108: 0031 c0e8 80a7 ffff 488d 35ed 3e01 0031 ffe8 629f ffff 488d 351c 4201 0031 ff49 89c4 e851 9fff ff4c  .1......H.5.>..1..b...H.5.B..1.I...Q...L
2021-03-15T22:19:32.4165500Z 0000b130: 89e2 488d 3507 4401 0048 89c7 31c0 e8dd a3ff ff48 8d35 ba3e 0100 31ff e82f 9fff ff48 8d35 e941 0100  ..H.5.D..H..1......H.5.>..1../...H.5.A..
2021-03-15T22:19:32.4167542Z 0000b158: 31ff 4889 c3e8 1e9f ffff b962 0300 00ba 8300 0000 4c8d 0dcd 4301 0049 89c0 5053 eb85 e8e1 a1ff ff48  1.H........b........L...C..I..PS.......H
2021-03-15T22:19:32.4168558Z 0000b180: 8d35 7e3e 0100 31ff e8f3 9eff ff48 8d35 ad41 0100 31ff 4889 c3e8 e29e ffff b962 0300 00ba 7a00 0000  .5~>..1......H.5.A..1.H........b....z...
2021-03-15T22:19:32.4169373Z 0000b1a8: 4c8d 0d91 4301 0056 4989 c053 e946 ffff ff0f 1f80 0000 0000 4154 b940 0300 0049 89fc ba9c 0000 0055  L...C..VI..S.F..........AT.@...I.......U
2021-03-15T22:19:32.4171070Z 0000b1d0: 488d 3d79 4301 0048 89f5 488d 3509 4301 0048 83ec 08e8 c69f ffff 4885 ed74 0e4c 89e7 4889 eee8 46fc  H.=yC..H..H.5.C..H........H..t.L..H...F.
2021-03-15T22:19:32.4172332Z 0000b1f8: ffff 4989 c44d 89e0 b940 0300 00ba ad00 0000 488d 35d9 4201 0048 8d3d 3843 0100 e8e3 a3ff ff48 83c4  ..I..M...@........H.5.B..H.=8C.......H..
2021-03-15T22:19:32.4173690Z 0000b220: 084c 89e0 5d41 5cc3 0f1f 8400 0000 0000 4157 4156 4989 f648 8d35 ac42 0100 4155 4189 fd48 8d3d e642  .L..]A\.........AWAVI..H.5.B..AUA..H.=.B
2021-03-15T22:19:32.4174652Z 0000b248: 0100 4154 4989 ccb9 4003 0000 5548 89d5 bab7 0000 0053 4489 c348 83ec 08e8 469f ffff 4c89 e148 89ea  ..ATI...@...UH.......SD..H....F...L..H..
2021-03-15T22:19:32.4175593Z 0000b270: 4c89 f6bf 4603 0000 e853 9fff ff84 db0f 85e3 0000 004c 89e2 4889 ee41 83fd ff74 3f44 89ef e8a7 a3ff  L...F....S...........L..H..A...t?D......
2021-03-15T22:19:32.4176284Z 0000b298: ff41 b8ff ffff ffb9 4003 0000 bad4 0000 0048 8d35 3a42 0100 488d 3d79 4201 00e8 b4a9 ffff 4883 c408  .A......@........H.5:B..H.=yB.......H...
2021-03-15T22:19:32.4177033Z 0000b2c0: b8ff ffff ff5b 5d41 5c41 5d41 5e41 5fc3 4c89 f7e8 d8a2 ffff e823 9eff ff83 3808 75b7 4883 7d00 000f  .....[]A\A]A^A_.L........#....8.u.H.}...
2021-03-15T22:19:32.4178312Z 0000b2e8: 84db 0000 0031 c089 c683 c001 4863 d048 837c d500 004c 8d3c d500 0000 0075 e883 c603 4863 f6ba 0800  .....1......Hc.H.|...L.<.....u....Hc....
2021-03-15T22:19:32.4179362Z 0000b310: 0000 31ff e887 9eff ff49 89c5 4885 c00f 8474 ffff ff4d 8975 0849 8d7d 1048 8d75 084c 89fa 488d 05e5  ..1......I..H....t...M.u.I.}.H.u.L..H...
2021-03-15T22:19:32.4180544Z 0000b338: 4101 0049 8945 00e8 7ca3 ffff 4c89 e24c 89ee 488d 3dca 4101 00e8 5aa2 ffff 4c89 efe8 129d ffff e936  A..I.E..|...L..L..H.=.A...Z...L........6
2021-03-15T22:19:32.4184034Z 0000b360: ffff ff0f 1f44 0000 e8a3 a7ff ffb9 4003 0000 ba9c 0000 0048 8d35 6c41 0100 4989 c748 8d3d c841 0100  .....D........@........H.5lA..I..H.=.A..
2021-03-15T22:19:32.4185321Z 0000b388: e823 9eff ff4d 85ff 740e 4c89 e74c 89fe e8a3 faff ff49 89c4 4d89 e0b9 4003 0000 baad 0000 0048 8d35  .#...M..t.L..L.......I..M...@........H.5
2021-03-15T22:19:32.4186519Z 0000b3b0: 3641 0100 488d 3d95 4101 00e8 40a2 ffff e9c0 feff ff0f 1f00 be02 0000 0045 31ff e938 ffff ff66 2e0f  6A..H.=.A...@................E1..8...f..
2021-03-15T22:19:32.4187176Z 0000b3d8: 1f84 0000 0000 0090 4155 b940 0100 0041 5441 89d4 ba4e 0000 0055 89f5 488d 3565 4101 0053 4889 fb48  ........AU.@...ATA...N...U..H.5eA..SH..H
2021-03-15T22:19:32.4187795Z 0000b400: 8d3d 9245 0100 4883 ec38 6448 8b04 2528 0000 0048 8944 2428 31c0 e891 9dff ff44 8b2b 4585 ed0f 8e25  .=.E..H..8dH..%(...H.D$(1......D.+E....%
2021-03-15T22:19:32.4188445Z 0000b428: 0200 0083 fdfe 0f84 7401 0000 4989 e583 fdfd 0f84 c000 0000 4c89 ee89 efe8 869f ffff 83f8 ff0f 843d  ........t...I...........L..............=
2021-03-15T22:19:32.4189078Z 0000b450: 0200 0045 84e4 0f84 2401 0000 4883 ec08 488d 052b 4101 0050 b946 0100 0048 8d35 ec40 0100 4d89 e94c  ...E....$...H...H..+A..P.F...H.5.@..M..L
2021-03-15T22:19:32.4189926Z 0000b478: 8d05 0341 0100 ba5c 0000 0048 8d3d 0e45 0100 31c0 e8ff a3ff ff59 5e83 fdff 0f8c f400 0000 83fd 090f  ...A...\...H.=.E..1......Y^.............
2021-03-15T22:19:32.4190878Z 0000b4a0: 84a4 0200 0083 fd0e 0f85 e700 0000 8b3b be01 0000 00e8 c6f7 ffff b940 0100 00ba 8100 0000 488d 3595  ...............;...........@........H.5.
2021-03-15T22:19:32.4191876Z 0000b4c8: 4001 0048 8d3d c644 0100 e849 a1ff ff48 8b44 2428 6448 2b04 2528 0000 000f 8568 0200 0048 83c4 385b  @..H.=.D...I...H.D$(dH+.%(.....h...H..8[
2021-03-15T22:19:32.4193278Z 0000b4f0: 5d41 5c41 5dc3 662e 0f1f 8400 0000 0000 ba20 0000 0048 8d35 6d40 0100 4c89 efe8 1ca0 ffff 4584 e474  ]A\A].f.......... ...H.5m@..L.......E..t
2021-03-15T22:19:32.4194063Z 0000b518: 6748 83ec 084d 89e9 b946 0100 00ba 5c00 0000 488d 0561 4001 004c 8d05 4940 0100 5048 8d3d 5844 0100  gH...M...F....\...H..a@..L..I@..PH.=XD..
2021-03-15T22:19:32.4194872Z 0000b540: 488d 3519 4001 0031 c0e8 42a3 ffff 5f41 588b 7308 8b3d c6da 0100 e8e1 a4ff ff83 f8ff 0f84 6801 0000  H.5.@..1..B..._AX.s..=..............h...
2021-03-15T22:19:32.4195538Z 0000b568: 8b3b be12 0000 00e8 5ca2 ffff e941 ffff ff0f 1f80 0000 0000 4883 ec08 488d 0588 8001 00e9 d7fe ffff  .;......\....A..........H...H...........
2021-03-15T22:19:32.4196630Z 0000b590: 83fd fd74 bc8b 3b89 eee8 32a2 ffff e917 ffff ff0f 1f44 0000 4889 e5ba 2000 0000 488d 35ba 3f01 0048  ...t..;...2..........D..H... ...H.5.?..H
2021-03-15T22:19:32.4197536Z 0000b5b8: 89ef e871 9fff ff45 84e4 0f84 f800 0000 4883 ec08 488d 05bf 3f01 0050 ba5c 0000 0031 c048 8d35 7e3f  ...q...E........H...H...?..P.\...1.H.5~?
2021-03-15T22:19:32.4198536Z 0000b5e0: 0100 488d 3daf 4301 0049 89e9 b946 0100 004c 8d05 893f 0100 e893 a2ff ff8b 7304 8b3d 1ada 0100 585a  ..H.=.C..I...F...L...?........s..=....XZ
2021-03-15T22:19:32.4199158Z 0000b608: e833 a4ff ff83 f8ff 0f84 fa00 0000 803d bbeb 0100 000f 8545 ffff ff8b 35f7 d901 008b 3df5 d901 00e8  .3.............=.......E....5.....=.....
2021-03-15T22:19:32.4199872Z 0000b630: 8ca4 ffff 84c0 0f84 2cff ffff c605 95eb 0100 01e9 20ff ffff 0f1f 8400 0000 0000 488b 4424 2864 482b  ........,........... ...........H.D$(dH+
2021-03-15T22:19:32.4200466Z 0000b658: 0425 2800 0000 0f85 ef00 0000 4883 c438 b940 0100 00ba 5200 0000 5b48 8d35 e63e 0100 488d 3d17 4301  .%(.........H..8.@....R...[H.5.>..H.=.C.
2021-03-15T22:19:32.4201036Z 0000b680: 005d 415c 415d e995 9fff ff0f 1f44 0000 4189 e94c 8d05 a23f 0100 4c89 ef31 c0b9 2000 0000 ba01 0000  .]A\A].......D..A..L...?..L..1.. .......
2021-03-15T22:19:32.4201663Z 0000b6a8: 00be 2000 0000 e8ad 99ff ffe9 9bfd ffff 0f1f 8400 0000 0000 4883 ec08 488d 0548 7f01 00e9 03ff ffff  .. .....................H...H..H........
2021-03-15T22:19:32.4202403Z 0000b6d0: 8b43 0848 83ec 084c 8d0d ba42 0100 4c8d 0553 4001 004c 89cf b952 0100 00ba 7300 0000 5048 8d35 663e  .C.H...L...B..L..S@..L...R....s...PH.5f>
2021-03-15T22:19:32.4203073Z 0000b6f8: 0100 31c0 e88f a1ff ff41 5941 5ae9 5efe ffff 660f 1f44 0000 8b43 0448 83ec 084c 8d0d 7a42 0100 4c8d  ..1......AYAZ.^...f..D...C.H...L..zB..L.
2021-03-15T22:19:32.4203767Z 0000b720: 05db 3f01 00b9 5201 0000 ba65 0000 0048 8d35 2a3e 0100 4c89 cf50 31c0 e84f a1ff ff41 5b5d e9cd feff  ..?...R....e...H.5*>..L..P1..O...A[]....
2021-03-15T22:19:32.4204389Z 0000b748: ffbf 0100 0000 e8ed 99ff ffe8 089c ffff 0f1f 8400 0000 0000 4154 b940 0100 0041 89fc 488d 35ef 3d01  ........................AT.@...A..H.5.=.
2021-03-15T22:19:32.4204939Z 0000b770: 0055 488d 3d07 4201 0048 89d5 ba5d 0100 0048 83ec 2864 488b 0425 2800 0000 4889 4424 1831 c0e8 169a  .UH.=.B..H...]...H..(dH..%(...H.D$.1....
2021-03-15T22:19:32.4205518Z 0000b798: ffff 4889 e6b9 0001 0000 4489 e7ba 0800 0000 e8e1 98ff ff48 83f8 080f 84ef 0000 0048 83f8 ff74 6148  ..H.......D............H.........H...taH
2021-03-15T22:19:32.4206144Z 0000b7c0: 8b55 1048 83f8 0119 c0c7 0201 0000 0083 e063 83c0 0589 4204 488b 7d18 e84f a0ff ffb9 4001 0000 ba7d  .U.H.............c....B.H.}..O....@....}
2021-03-15T22:19:32.4206719Z 0000b7e8: 0100 0048 8d35 6e3d 0100 488d 3d87 4101 00e8 229e ffff 488b 4424 1864 482b 0425 2800 0000 0f85 2402  ...H.5n=..H.=.A..."...H.D$.dH+.%(.....$.
2021-03-15T22:19:32.4207306Z 0000b810: 0000 4883 c428 5d41 5cc3 660f 1f44 0000 e8db 98ff ff8b 0083 f804 0f84 c801 0000 83f8 0b0f 84bf 0100  ..H..(]A\.f..D..........................
2021-03-15T22:19:32.4207915Z 0000b838: 0048 8d35 5f3d 0100 31ff e839 98ff ffba 6801 0000 4c8d 050c 6901 00b9 7301 0000 4989 c148 8d35 fe3c  .H.5_=..1..9....h...L...i...s...I..H.5.<
2021-03-15T22:19:32.4208525Z 0000b860: 0100 488d 3d17 4101 0031 c0e8 20a0 ffff 488d 3528 3d01 0031 ffe8 0298 ffff 488d 3dda 6801 0048 89c6  ..H.=.A..1.. ...H.5(=..1......H.=.h..H..
2021-03-15T22:19:32.4209124Z 0000b888: 31c0 e821 a2ff ff48 8b55 10b8 0500 0000 c702 0100 0000 e932 ffff ff0f 1f44 0000 448b 2424 4183 fc03  1..!...H.U.............2.....D..D.$$A...
2021-03-15T22:19:32.4209726Z 0000b8b0: 0f84 6a01 0000 4183 fc05 0f85 e000 0000 ba8c 0000 00b9 4001 0000 448b 6424 0448 8d35 8a3c 0100 488d  ..j...A...............@...D.d$.H.5.<..H.
2021-03-15T22:19:32.4210295Z 0000b8d8: 3d93 4001 00e8 ce98 ffff 8b3d 38d7 0100 31c0 488d 5424 10be 1354 0000 4489 6424 08e8 b29b ffff 85c0  =.@........=8...1.H.T$...T..D.d$........
2021-03-15T22:19:32.4210908Z 0000b900: 757a 0fb7 5424 080f b744 2410 0fb7 4c24 0a44 0fb7 4c24 1266 39c2 7506 6644 39c9 745a 4883 ec08 4c8d  uz..T$...D$...L$.D..L$.f9.u.fD9.tZH...L.
2021-03-15T22:19:32.4211519Z 0000b928: 0543 3e01 0048 8d35 2c3c 0100 5248 8d3d 3440 0100 ba95 0000 0051 b946 0100 0050 31c0 e841 9fff ff48  .C>..H.5,<..RH.=4@.......Q.F...P1..A...H
2021-03-15T22:19:32.4212126Z 0000b950: 83c4 20be 1454 0000 31c0 8b3d c0d6 0100 488d 5424 08e8 469b ffff ba01 0000 00be 1c00 0000 4889 efe8  .. ..T..1..=....H.T$..F.............H...
2021-03-15T22:19:32.4212728Z 0000b978: 64fa ffff b940 0100 00ba 9d00 0000 488d 35d3 3b01 0048 8d3d dc3f 0100 e887 9cff ffe9 43fe ffff 6690  d....@........H.5.;..H.=.?........C...f.
2021-03-15T22:19:32.4213353Z 0000b9a0: 31ff 488d 35ef 3d01 00e8 d296 ffff 4589 e1b9 6301 0000 ba79 0100 0049 89c0 488d 359b 3b01 0031 c048  1.H.5.=.......E...c....y...I..H.5.;..1.H
2021-03-15T22:19:32.4214056Z 0000b9c8: 8d3d b23f 0100 e8bd 9eff ff8b 2c24 31ff 488d 35b9 3d01 00e8 9c96 ffff 4889 c789 ee31 c0e8 7098 ffff  .=.?........,$1.H.5.=.......H....1..p...
2021-03-15T22:19:32.4214734Z 0000b9f0: e9ec fdff ff0f 1f00 b940 0100 00ba 6701 0000 488d 3557 3b01 0048 8d3d 703f 0100 e80b 9cff ffe9 e4fd  .........@....g...H.5W;..H.=p?..........
2021-03-15T22:19:32.4215375Z 0000ba18: ffff 660f 1f44 0000 8b74 2404 ba01 0000 0048 89ef e8af f9ff ffe9 abfd ffff e825 99ff ff0f 1f44 0000  ..f..D...t$......H.............%.....D..
2021-03-15T22:19:32.4216071Z 0000ba40: 5548 8d35 183b 0100 89fd b940 0100 0053 488d 3d09 3f01 0048 89d3 ba31 0100 0048 83ec 1864 488b 0425  UH.5.;.....@...SH.=.?..H...1...H...dH..%
2021-03-15T22:19:32.4216640Z 0000ba68: 2800 0000 4889 4424 0831 c0e8 3897 ffff 488d 7424 04ba 0400 0000 89ef e8e7 9aff ff48 83f8 ff0f 84cd  (...H.D$.1..8...H.t$.............H......
2021-03-15T22:19:32.4217371Z 0000ba90: 0000 0048 85c0 0f84 9400 0000 8b7c 2404 e8ab a1ff ffba 4b01 0000 4c8d 053c 3b01 00b9 4601 0000 4989  ...H.........|$.......K...L..<;...F...I.
2021-03-15T22:19:32.4217924Z 0000bab8: c148 8d35 a03a 0100 31c0 488d 3d97 3e01 00e8 c29d ffff 488b 4310 8b54 2404 c700 0100 0000 8950 0448  .H.5.:..1.H.=.>.......H.C..T$........P.H
2021-03-15T22:19:32.4218508Z 0000bae0: 8b7b 1848 8b73 20e8 349f ffff 89ef e8fd 99ff ffb9 4001 0000 ba54 0100 0048 8d35 5c3a 0100 488d 3d55  .{.H.s .4...........@....T...H.5\:..H.=U
2021-03-15T22:19:32.4219065Z 0000bb08: 3e01 00e8 109b ffff 488b 4424 0864 482b 0425 2800 0000 0f85 9a00 0000 4883 c418 5b5d c30f 1f44 0000  >.......H.D$.dH+.%(.........H...[]...D..
2021-03-15T22:19:32.4219631Z 0000bb30: 4c8d 05a4 3a01 00b9 4601 0000 ba48 0100 0048 8d35 183a 0100 488d 3d11 3e01 00e8 3c9d ffff eb89 662e  L...:...F....H...H.5.:..H.=.>...<.....f.
2021-03-15T22:19:32.4220228Z 0000bb58: 0f1f 8400 0000 0000 e89b 95ff ff8b 1083 fa0b 7487 83fa 0474 8248 8b53 108b 4a04 85c9 750b c702 0100  ..................t....t.H.S..J...u.....
2021-03-15T22:19:32.4220793Z 0000bb80: 0000 8b00 8942 044c 8d0d d23d 0100 4c8d 0528 3a01 0031 c0b9 5201 0000 4c89 cfba 4001 0000 488d 35b5  .....B.L...=..L..(:..1..R...L...@...H.5.
2021-03-15T22:19:32.4221393Z 0000bba8: 3901 00e8 e09c ffff 488b 7b18 e877 9cff ffe9 35ff ffff e89d 97ff ff66 662e 0f1f 8400 0000 0000 6690  9.......H.{..w....5........ff.........f.
2021-03-15T22:19:32.4222004Z 0000bbd0: 55b9 4001 0000 89fd baa8 0000 0053 488d 3d6b 3d01 0048 89f3 488d 3571 3901 0048 83ec 08e8 b895 ffff  U.@..........SH.=k=..H..H.5q9..H........
2021-03-15T22:19:32.4222616Z 0000bbf8: 448b 0b45 85c9 0f84 ac00 0000 8b43 0448 83ec 08b9 4601 0000 4c8d 05b1 3b01 00ba ab00 0000 488d 353d  D..E.........C.H....F...L...;.......H.5=
2021-03-15T22:19:32.4223562Z 0000bc20: 3901 0048 8d3d 263d 0100 5031 c0e8 5e9c ffff 31c9 ba08 0000 0089 ef48 89de e86d 97ff ff5a 5989 c583  9..H.=&=..P1..^...1........H...m...ZY...
2021-03-15T22:19:32.4224184Z 0000bc48: f808 7534 c703 0000 0000 4883 c408 4189 e8b9 4001 0000 bab5 0000 005b 488d 35f5 3801 0048 8d3d de3c  ..u4......H...A...@........[H.5.8..H.=.<
2021-03-15T22:19:32.4224918Z 0000bc70: 0100 5de9 f89f ffff 0f1f 8400 0000 0000 4c8d 0dc9 3c01 004c 8d05 6a3b 0100 31c0 b952 0100 00ba b000  ..].............L...<..L..j;..1..R......
2021-03-15T22:19:32.4225722Z 0000bc98: 0000 488d 35bf 3801 004c 89cf e8e7 9bff ffeb a10f 1f44 0000 bdff ffff ffeb 9b66 0f1f 8400 0000 0000  ..H.5.8..L...........D.........f........
2021-03-15T22:19:32.4226793Z 0000bcc0: 4155 b940 0100 0048 8d35 9238 0100 4154 5589 fd48 8d3d ee3c 0100 5348 89d3 4883 ec48 4c8b 22ba 0901  AU.@...H.5.8..ATU..H.=.<..SH..H..HL."...
2021-03-15T22:19:32.4227946Z 0000bce8: 0000 6448 8b04 2528 0000 0048 8944 2438 31c0 e8b1 94ff ff83 fd11 0f84 9800 0000 488b 4308 4885 c074  ..dH..%(...H.D$81...............H.C.H..t
2021-03-15T22:19:32.4228587Z 0000bd10: 078b 5008 85d2 7448 31d2 89ee 4c89 e7e8 bcf6 ffff 488b 4424 3864 482b 0425 2800 0000 0f85 ec03 0000  ..P...tH1...L.......H.D$8dH+.%(.........
2021-03-15T22:19:32.4229673Z 0000bd38: b940 0100 00ba 2701 0000 4883 c448 488d 3513 3801 0048 8d3d 743c 0100 5b5d 415c 415d e9c1 98ff ff90  .@....'...H..HH.5.8..H.=t<..[]A\A]......
2021-03-15T22:19:32.4230413Z 0000bd60: 8b78 1085 ff74 b1e8 b49d ffff 83f8 ff0f 843b 0200 0041 3944 2404 759c 488b 4424 3864 482b 0425 2800  .x...t...........;...A9D$.u.H.D$8dH+.%(.
2021-03-15T22:19:32.4231526Z 0000bd88: 0000 0f85 9403 0000 b940 0100 00ba 2001 0000 eba6 0f1f 4000 b940 0100 00ba c300 0000 488d 35af 3701  .........@.... .......@..@........H.5.7.
2021-03-15T22:19:32.4232074Z 0000bdb0: 0048 8d3d f83b 0100 488d 5c24 0ce8 ee93 ffff eb0e 0f1f 4000 e833 93ff ff83 3804 7529 418b 3c24 ba0b  .H.=.;..H.\$..........@..3....8.u)A.<$..
2021-03-15T22:19:32.4233441Z 0000bdd8: 0000 0048 89de e82d 9cff ff83 f8ff 74e0 85c0 0f85 b000 0000 e80b 93ff ffc7 000a 0000 0048 8d35 3f35  ...H...-......t....................H.5?5
2021-03-15T22:19:32.4234516Z 0000be00: 0100 31ff 4c8d 2df7 3701 00e8 7092 ffff 4883 ec08 b973 0100 004c 8d0d 903b 0100 4155 4c89 cf49 89c0  ..1.L.-.7...p...H....s...L...;..AUL..I..
2021-03-15T22:19:32.4235212Z 0000be28: bace 0000 0048 8d35 2c37 0100 31c0 e855 9aff ff48 8d35 ff34 0100 31ff e837 92ff ff4c 89ea 488d 355d  .....H.5,7..1..U...H.5.4..1..7...L..H.5]
2021-03-15T22:19:32.4235840Z 0000be50: 3b01 0048 89c7 31c0 e853 9cff ffb9 4001 0000 bacf 0000 0048 8d35 f236 0100 488d 3d3b 3b01 00e8 a697  ;..H..1..S....@........H.5.6..H.=;;.....
2021-03-15T22:19:32.4236879Z 0000be78: ffff 4159 415a 4183 3c24 ff0f 859b feff ff49 8b7c 2418 e82d 99ff ffe9 8cfe ffff 0f1f 8400 0000 0000  ..AYAZA.<$.......I.|$..-................
2021-03-15T22:19:32.4237471Z 0000bea0: 8b44 240c 3dff ff00 000f 84ac 0100 003c 7f0f 84a5 0000 0089 c783 e77f 8d57 0180 fa01 0f8f 5a01 0000  .D$.=..........<.............W......Z...
2021-03-15T22:19:32.4238445Z 0000bec8: 418b 1424 85ff 0f85 ad01 0000 0fb6 c44c 8d0d d23a 0100 b946 0100 0050 4c8d 0538 3701 0052 bae1 0000  A..$...........L...:...F...PL..87..R....
2021-03-15T22:19:32.4239414Z 0000bef0: 004c 89cf 488d 3565 3601 0031 c0e8 8e99 ffff 41c7 0424 ffff ffff 5f41 5849 8b44 2410 8b54 240c 8b08  .L..H.5e6..1......A..$...._AXI.D$..T$...
2021-03-15T22:19:32.4240010Z 0000bf18: 85c9 0f85 c800 0000 81fa ffff 0000 7412 c700 0200 0000 8950 0480 fa7f 0f84 6601 0000 b940 0100 00ba  ..............t........P......f....@....
2021-03-15T22:19:32.4240576Z 0000bf40: 0101 0000 488d 3515 3601 0048 8d3d 5e3a 0100 e8c9 96ff ffe9 22ff ffff 488d 5c24 100f b6fc 4889 dee8  ....H.5.6..H.=^:........"...H.\$....H...
2021-03-15T22:19:32.4241158Z 0000bf68: 6494 ffff 83f8 ff0f 8484 0100 0053 418b 0424 b946 0100 004c 8d0d 2a3a 0100 4c8d 0593 3801 00ba d800  d............SA..$.F...L..*:..L...8.....
2021-03-15T22:19:32.4241771Z 0000bf90: 0000 5048 8d35 c635 0100 4c89 cf31 c0e8 ec98 ffff 595e e962 ffff ff0f 1f44 0000 488b 4308 418b 0c24  ..PH.5.5..L..1......Y^.b.....D..H.C.A..$
2021-03-15T22:19:32.4242389Z 0000bfb8: 3948 100f 8557 fdff ff48 8b44 2438 6448 2b04 2528 0000 000f 854f 0100 00b9 4001 0000 ba22 0100 00e9  9H...W...H.D$8dH+.%(.....O....@...."....
2021-03-15T22:19:32.4243022Z 0000bfe0: 5efd ffff 0f1f 4000 524c 8d0d c039 0100 4c8d 0599 3801 00ba fc00 0000 6a02 8b40 0448 8d35 5835 0100  ^.....@.RL...9..L...8.......j..@.H.5X5..
2021-03-15T22:19:32.4243650Z 0000c008: 4c89 cf50 31c0 51b9 4301 0000 e877 98ff ff48 83c4 20e9 18ff ffff 488d 5c24 1048 89de e8a1 93ff ff83  L..P1.Q.C....w...H.. .....H.\$.H........
2021-03-15T22:19:32.4244329Z 0000c030: f8ff 0f84 9300 0000 5341 8b04 24b9 4601 0000 4c8d 0d67 3901 004c 8d05 f037 0100 badd 0000 0050 e996  ........SA..$.F...L..g9..L...7.......P..
2021-03-15T22:19:32.4244953Z 0000c058: feff ff41 8b04 2448 83ec 084c 8d0d 4639 0100 4c8d 0599 3501 00b9 4601 0000 bad3 0000 0050 e912 ffff  ...A..$H...L..F9..L...5...F........P....
2021-03-15T22:19:32.4245635Z 0000c080: ff52 b943 0100 00ba e500 0000 4c8d 0d1d 3901 0050 4c8d 05c5 3701 00e9 f3fe ffff 8b3d 7acf 0100 e8a5  .R.C........L...9..PL...7........=z.....
2021-03-15T22:19:32.4246270Z 0000c0a8: 96ff ff41 3b44 2408 7405 4189 4424 0449 8b74 2410 418b 7c24 0ce8 0afb ffff e96f feff ff44 8b4c 240c  ...A;D$.t.A.D$.I.t$.A.|$.......o...D.L$.
2021-03-15T22:19:32.4247499Z 0000c0d0: b920 0000 0048 89df 31c0 4c8d 055b 3501 00ba 0100 0000 be20 0000 0041 83e1 7fe8 6c8f ffff e93f ffff  . ...H..1.L..[5........ ...A....l....?..
2021-03-15T22:19:32.4248314Z 0000c0f8: ff44 0fb6 4c24 0db9 2000 0000 4889 df31 c04c 8d05 2c35 0100 ba01 0000 00be 2000 0000 e841 8fff ffe9  .D..L$.. ...H..1.L..,5........ ....A....
2021-03-15T22:19:32.4249180Z 0000c120: 51fe ffff e837 92ff ff0f 1f80 0000 0000 4157 4989 f748 8d35 2434 0100 4156 4989 fe41 5541 5455 89cd  Q....7..........AWI..H.5$4..AVI..AUATU..
2021-03-15T22:19:32.4249768Z 0000c148: b90e 0000 0053 89d3 ba28 0200 0048 81ec 5801 0000 6448 8b04 2528 0000 0048 8984 2448 0100 0031 c04c  .....S...(...H..X...dH..%(...H..$H...1.L
2021-03-15T22:19:32.4250568Z 0000c170: 8d6c 2430 4c89 eff3 48ab 488d 3d8f 3801 00b9 4001 0000 e825 90ff ff8b 3d8b ce01 0083 ffff 7405 e855  .l$0L...H.H.=.8...@....%....=.......t..U
2021-03-15T22:19:32.4251197Z 0000c198: 93ff ff4c 8da4 24b0 0000 0031 c0b9 1300 0000 4c89 e7f3 48ab 488d bc24 b800 0000 e8a3 94ff ff31 d24c  ...L..$....1......L...H.H..$.........1.L
2021-03-15T22:19:32.4251748Z 0000c1c0: 89e6 bf15 0000 00c7 8424 3801 0000 0000 0010 48c7 8424 b000 0000 0100 0000 e87d cb00 0085 c00f 8575  .........$8.......H..$.........}.......u
2021-03-15T22:19:32.4252293Z 0000c1e8: 0600 0031 d24c 89e6 bf16 0000 00e8 66cb 0000 85c0 0f85 fe05 0000 84db 7407 c605 cbdf 0100 01e8 ee92  ...1.L........f.............t...........
2021-03-15T22:19:32.4252881Z 0000c210: ffff 83f8 ff0f 84a5 0600 00e8 8059 0000 83f8 ff0f 84d7 0600 0048 8dbc 24a8 0000 00be 0000 0800 e845  .............Y...........H..$..........E
2021-03-15T22:19:32.4253417Z 0000c238: 99ff ff85 c00f 8519 0e00 004c 8d64 2418 0f1f 8400 0000 0000 b900 0100 00ba 0800 0000 4c89 e689 efe8  ...........L.d$...................L.....
2021-03-15T22:19:32.4254056Z 0000c260: 2c8e ffff 4883 f8ff 756e e891 8eff ff8b 0083 f804 74da 83f8 0b74 d548 8d35 4636 0100 31ff e8f7 8dff  ,...H...un..........t....t.H.5F6..1.....
2021-03-15T22:19:32.4254722Z 0000c288: ffb9 7201 0000 ba56 0200 0048 8d35 c632 0100 4989 c14c 8d05 bb5e 0100 488d 3d65 3701 0031 c0e8 de95  ..r....V...H.5.2..I..L...^..H.=e7..1....
2021-03-15T22:19:32.4255911Z 0000c2b0: ffff 488d 350f 3601 0031 ffe8 c08d ffff 488d 3d98 5e01 0048 89c6 31c0 e87f 95ff ff0f 1f80 0000 0000  ..H.5.6..1......H.=.^..H..1.............
2021-03-15T22:19:32.4257400Z 0000c2d8: e8f3 97ff ff89 4424 3083 f8ff 0f85 a700 0000 488d 3594 3301 0031 ffe8 888d ffff b973 0100 00ba 6402  ......D$0.........H.5.3..1.......s....d.
2021-03-15T22:19:32.4258217Z 0000c300: 0000 488d 3557 3201 0049 89c1 4c8d 054c 5e01 0048 8d3d f636 0100 31c0 e86f 95ff ff48 8d35 5d33 0100  ..H.5W2..I..L..L^..H.=.6..1..o...H.5]3..
2021-03-15T22:19:32.4259105Z 0000c328: 31ff e851 8dff ff48 8d3d 295e 0100 4889 c631 c0e8 7097 ffff 41b8 ffff ffff b940 0100 00ba d202 0000  1..Q...H.=)^..H..1..p...A......@........
2021-03-15T22:19:32.4260119Z 0000c350: 488d 3509 3201 0048 8d3d b236 0100 e80d 99ff ff48 8b84 2448 0100 0064 482b 0425 2800 0000 0f85 dd0c  H.5.2..H.=.6.......H..$H...dH+.%(.......
2021-03-15T22:19:32.4261256Z 0000c378: 0000 4881 c458 0100 00b8 ffff ffff 5b5d 415c 415d 415e 415f c385 c00f 84aa 0500 008b bc24 ac00 0000  ..H..X........[]A\A]A^A_...........$....
2021-03-15T22:19:32.4262243Z 0000c3a0: e84b 91ff ff41 8b7e 3483 ffff 740d e83d 91ff ff41 c746 34ff ffff ff8b 4424 304c 89e6 89ef c744 2418  .K...A.~4...t..=...A.F4.....D$0L.....D$.
2021-03-15T22:19:32.4263313Z 0000c3c8: 0400 0000 8944 241c e8fb f7ff ffb9 4001 0000 448b 8424 a800 0000 babd 0100 0048 8d35 7231 0100 488d  .....D$.......@...D..$.........H.5r1..H.
2021-03-15T22:19:32.4263946Z 0000c3f0: 3deb 3501 0044 8944 240c e8b1 8dff ff4c 8964 2440 896c 243c e823 96ff ff89 4424 38e8 ba8c ffff 448b  =.5..D.D$......L.d$@.l$<.#....D$8.....D.
2021-03-15T22:19:32.4264769Z 0000c418: 4424 0c48 85c0 4889 4424 480f 8443 0b00 00be 0a00 0000 4c89 e948 8d15 08f6 ffff 4489 c7e8 7094 ffff  D$.H..H.D$H..C........L..H......D...p...
2021-03-15T22:19:32.4265426Z 0000c440: 4889 4424 5048 89c6 4885 c00f 84e1 0a00 0048 8b7c 2448 31c9 31d2 e8c1 94ff ff83 c001 0f84 a30a 0000  H.D$PH..H........H.|$H1.1...............
2021-03-15T22:19:32.4266392Z 0000c468: be0a 0000 004c 89e9 488d 15e9 f2ff ff89 efe8 3294 ffff 4889 4424 5848 89c6 4885 c00f 8442 0a00 0048  .....L..H.........2...H.D$XH..H....B...H
2021-03-15T22:19:32.4267468Z 0000c490: 8b7c 2448 31c9 31d2 e883 94ff ff83 c001 0f84 040a 0000 be20 0000 004c 89e9 bf02 0000 0048 8d15 06f8  .|$H1.1................ ...L.......H....
2021-03-15T22:19:32.4268503Z 0000c4b8: ffff e8f1 93ff ff48 8944 2460 4889 c648 85c0 0f84 9f09 0000 488b 7c24 4831 c931 d2e8 4294 ffff 83c0  .......H.D$`H..H........H.|$H1.1..B.....
2021-03-15T22:19:32.4269437Z 0000c4e0: 010f 8461 0900 00be 2000 0000 4c89 e9bf 0300 0000 488d 15c5 f7ff ffe8 b093 ffff 4889 4424 6848 89c6  ...a.... ...L.......H...........H.D$hH..
2021-03-15T22:19:32.4270259Z 0000c508: 4885 c00f 84fc 0800 0048 8b7c 2448 31c9 31d2 e801 94ff ff83 c001 0f84 be08 0000 be20 0000 004c 89e9  H........H.|$H1.1................ ...L..
2021-03-15T22:19:32.4271083Z 0000c530: bf14 0000 0048 8d15 84f7 ffff e86f 93ff ff48 8944 2470 4889 c648 85c0 0f84 5908 0000 488b 7c24 4831  .....H.......o...H.D$pH..H....Y...H.|$H1
2021-03-15T22:19:32.4272715Z 0000c558: c931 d2e8 c093 ffff 83c0 010f 841b 0800 00be 2000 0000 4c89 e9bf 0f00 0000 488d 1543 f7ff ffe8 2e93  .1................ ...L.......H..C......
2021-03-15T22:19:32.4273764Z 0000c580: ffff 4889 4424 7848 89c6 4885 c00f 84b6 0700 0048 8b7c 2448 31c9 31d2 e87f 93ff ff83 c001 0f84 7807  ..H.D$xH..H........H.|$H1.1...........x.
2021-03-15T22:19:32.4274473Z 0000c5a8: 0000 be20 0000 004c 89e9 bf01 0000 0048 8d15 02f7 ffff e8ed 92ff ff48 8984 2480 0000 0048 89c6 4885  ... ...L.......H...........H..$....H..H.
2021-03-15T22:19:32.4275160Z 0000c5d0: c00f 8411 0700 0048 8b7c 2448 31c9 31d2 e83b 93ff ff83 c001 0f84 d306 0000 be20 0000 004c 89e9 bf0a  .......H.|$H1.1..;............. ...L....
2021-03-15T22:19:32.4276016Z 0000c5f8: 0000 0048 8d15 bef6 ffff e8a9 92ff ff48 8984 2488 0000 0048 89c6 4885 c00f 846b 0600 0048 8b7c 2448  ...H...........H..$....H..H....k...H.|$H
2021-03-15T22:19:32.4277513Z 0000c620: 31c9 31d2 e8f7 92ff ff83 c001 0f84 2d06 0000 be20 0000 004c 89e9 bf0c 0000 0048 8d15 7af6 ffff e865  1.1...........-.... ...L.......H..z....e
2021-03-15T22:19:32.4278124Z 0000c648: 92ff ff48 8984 2490 0000 0048 89c6 4885 c00f 84c5 0500 0048 8b7c 2448 31c9 31d2 e8b3 92ff ff83 c001  ...H..$....H..H........H.|$H1.1.........
2021-03-15T22:19:32.4278683Z 0000c670: 0f84 8705 0000 be20 0000 004c 89e9 bf11 0000 0048 8d15 36f6 ffff e821 92ff ff48 8984 2498 0000 0048  ....... ...L.......H..6....!...H..$....H
2021-03-15T22:19:32.4279266Z 0000c698: 89c6 4885 c00f 84e0 0400 0048 8b7c 2448 31c9 31d2 e86f 92ff ff83 c001 0f84 8604 0000 31ff e8af 94ff  ..H........H.|$H1.1..o............1.....
2021-03-15T22:19:32.4279854Z 0000c6c0: ffb9 4001 0000 ba15 0200 0048 8d35 8e2e 0100 488d 3d07 3301 00e8 428f ffff 31d2 bf02 0000 004c 89fe  ..@........H.5....H.=.3...B...1......L..
2021-03-15T22:19:32.4281013Z 0000c6e8: e863 89ff ff8b 3d1d c901 003b 3d27 c901 0074 05e8 f08d ffff 8b3d 0ec9 0100 3b3d 14c9 0100 7405 e8dd  .c....=....;='...t.......=....;=....t...
2021-03-15T22:19:32.4281833Z 0000c710: 8dff ff8b 3dff c801 003b 3d01 c901 0074 05e8 ca8d ffff 8b7c 2430 89fe 897c 2434 e82b 94ff ff84 db74  ....=....;=....t.......|$0...|$4.+.....t
2021-03-15T22:19:32.4282461Z 0000c738: 0b41 f646 3140 0f84 ad03 0000 48c7 4424 1800 0000 0048 8b7c 2448 e889 8dff ff83 7c24 30ff 7452 4c8d  .A.F1@......H.D$.....H.|$H......|$0.tRL.
2021-03-15T22:19:32.4283824Z 0000c760: 05ab 3101 00b9 4201 0000 31c0 bab2 0200 0048 8d35 e82d 0100 488d 3d91 3201 00e8 0c91 ffff 8b7c 2430  ..1...B...1......H.5.-..H.=.2........|$0
2021-03-15T22:19:32.4284715Z 0000c788: be01 0000 00e8 eee4 ffff eb0a e867 89ff ff83 3804 7512 8b7c 2430 31d2 31f6 e865 92ff ff83 f8ff 74e4  .............g....8.u..|$01.1..e......t.
2021-03-15T22:19:32.4285401Z 0000c7b0: 8b74 2438 8b3d 66c8 0100 e881 92ff ff83 c001 0f84 8c09 0000 4c89 e689 efe8 fef3 ffff 41b8 0100 0000  .t$8.=f.................L.........A.....
2021-03-15T22:19:32.4286584Z 0000c7d8: b940 0100 00ba ce02 0000 488d 3577 2d01 0048 8d3d 2032 0100 e87b 94ff ffe9 ed02 0000 660f 1f44 0000  .@........H.5w-..H.= 2...{........f..D..
2021-03-15T22:19:32.4287656Z 0000c800: 31ff 488d 3527 2c01 00e8 7288 ffff 41b9 1600 0000 b973 0100 00ba 3602 0000 4989 c048 8d35 382d 0100  1.H.5',...r...A......s....6...I..H.58-..
2021-03-15T22:19:32.4288283Z 0000c828: 31c0 488d 3ddf 3101 00e8 5a90 ffff 31ff 488d 35f1 2b01 00e8 3c88 ffff be16 0000 0048 89c7 31c0 e85d  1.H.=.1...Z...1.H.5.+...<........H..1..]
2021-03-15T22:19:32.4288880Z 0000c850: 92ff ffe9 aaf9 ffff 0f1f 8400 0000 0000 31ff 488d 35c7 2b01 00e8 1288 ffff 41b9 1500 0000 b973 0100  ................1.H.5.+.......A......s..
2021-03-15T22:19:32.4289583Z 0000c878: 00ba 3402 0000 4989 c048 8d35 d82c 0100 31c0 488d 3d7f 3101 00e8 fa8f ffff 31ff 488d 3591 2b01 00e8  ..4...I..H.5.,..1.H.=.1.......1.H.5.+...
2021-03-15T22:19:32.4290177Z 0000c8a0: dc87 ffff be15 0000 0048 89c7 31c0 e8fd 91ff ffe9 33f9 ffff 0f1f 8400 0000 0000 31c0 b973 0100 004c  .........H..1.......3...........1..s...L
2021-03-15T22:19:32.4291081Z 0000c8c8: 8d05 7c2d 0100 ba42 0200 0048 8d35 862c 0100 488d 3d2f 3101 00e8 aa8f ffff 488d 3d5d 2d01 0031 c0e8  ..|-...B...H.5.,..H.=/1.......H.=]-..1..
2021-03-15T22:19:32.4291968Z 0000c8f0: bc91 ffff e947 faff ff0f 1f80 0000 0000 488d 354a 2d01 0031 ffe8 7287 ffff b973 0100 00ba 4602 0000  .....G..........H.5J-..1..r....s....F...
2021-03-15T22:19:32.4293085Z 0000c918: 488d 3541 2c01 0049 89c1 4c8d 0536 5801 0048 8d3d e030 0100 31c0 e859 8fff ff48 8d35 132d 0100 e9e5  H.5A,..I..L..6X..H.=.0..1..Y...H.5.-....
2021-03-15T22:19:32.4293761Z 0000c940: f9ff ff31 d24c 89fe bf02 0000 00e8 fe86 ffff 89ef e897 8bff ff8b bc24 a800 0000 e88b 8bff ff8b 3db9  ...1.L.....................$..........=.
2021-03-15T22:19:32.4294412Z 0000c968: c601 0083 ffff 7405 e87b 8bff ffe8 56c0 0000 8bac 24ac 0000 00e8 9a88 ffff b940 0100 00ba 8801 0000  ......t..{....V.....$..........@........
2021-03-15T22:19:32.4294996Z 0000c990: 488d 35c9 2b01 0048 8d3d 6230 0100 8944 2414 e809 88ff ff48 8d3d 8251 0000 e83d 90ff ff8b 7424 1431  H.5.+..H.=b0...D$......H.=.Q...=....t$.1
2021-03-15T22:19:32.4295628Z 0000c9b8: ffe8 a291 ffff 8b3d 4cc6 0100 31d2 31f6 e8a3 88ff ff83 c001 0f84 6b07 0000 8b3d 34c6 0100 3b3d 3ec6  .......=L...1.1...........k....=4...;=>.
2021-03-15T22:19:32.4296257Z 0000c9e0: 0100 7405 e807 8bff ff8b 3d25 c601 0031 d2be 0100 0000 e875 88ff ff83 c001 0f84 f606 0000 8b3d 0ac6  ..t.......=%...1.......u.............=..
2021-03-15T22:19:32.4296889Z 0000ca08: 0100 3b3d 10c6 0100 7405 e8d9 8aff ff8b 3dfb c501 0031 d2be 0200 0000 e847 88ff ff83 c001 0f84 fc06  ..;=....t.......=....1.......G..........
2021-03-15T22:19:32.4297528Z 0000ca30: 0000 8b3d e0c5 0100 3b3d e2c5 0100 7405 e8ab 8aff ff84 db0f 84ea 0500 0041 f646 3140 0f84 4e05 0000  ...=....;=....t..............A.F1@..N...
2021-03-15T22:19:32.4298153Z 0000ca58: 8b3d c2c5 0100 83ff ff74 05e8 888a ffff 488d 1dd0 2b01 0050 4c8d 053a 2c01 0031 c0b9 4601 0000 534d  .=.......t......H...+..PL..:,..1..F...SM
2021-03-15T22:19:32.4298831Z 0000ca80: 8b4e 58ba ae01 0000 488d 35d1 2a01 0048 8d3d 6a2f 0100 e8f5 8dff ff89 ee4c 89f7 e8bb d7ff ffb9 4001  .NX.....H.5.*..H.=j/.........L........@.
2021-03-15T22:19:32.4299491Z 0000caa8: 0000 bab2 0100 0048 8d35 aa2a 0100 488d 3d43 2f01 00e8 5e8b ffff e839 86ff ff8b bc24 bc00 0000 ba04  .......H.5.*..H.=C/...^....9.....$......
2021-03-15T22:19:32.4300119Z 0000cad0: 0000 0048 89c6 e825 87ff ff5a 5948 83c0 010f 84b8 0500 00bf 0100 0000 e84f 86ff ff8b 7424 348b 3d25  ...H...%...ZYH...............O....t$4.=%
2021-03-15T22:19:32.4300750Z 0000caf8: c501 00e8 408f ffff 83c0 010f 853b fcff ff56 8b44 243c b952 0100 004c 8d0d f62e 0100 4c8d 05df 2b01  ....@........;...V.D$<.R...L......L...+.
2021-03-15T22:19:32.4301565Z 0000cb20: 004c 89cf baa0 0200 0050 488d 352f 2a01 0031 c0e8 588d ffff 5f41 58e9 04fc ffff 488d 3596 2b01 0031  .L.......PH.5/*..1..X..._AX.....H.5.+..1
2021-03-15T22:19:32.4302178Z 0000cb48: ffe8 3285 ffff b972 0100 00ba 1002 0000 4c8d 0500 5601 0049 89c1 488d 35f7 2901 0048 8d3d 702e 0100  ..2....r........L...V..I..H.5.)..H.=p...
2021-03-15T22:19:32.4303417Z 0000cb70: 31c0 e819 8dff ff48 8d35 5f2b 0100 e936 f7ff ff48 8d35 7a24 0100 31ff e8ef 84ff ff48 8d35 a927 0100  1......H.5_+...6...H.5z$..1......H.5.'..
2021-03-15T22:19:32.4304082Z 0000cb98: 31ff 4889 c3e8 de84 ffff b962 0100 00ba 0e02 0000 4151 4989 c04c 8d0d 282e 0100 534c 89cf 488d 359d  1.H........b........AQI..L..(...SL..H.5.
2021-03-15T22:19:32.4305015Z 0000cbc0: 2901 0031 c0e8 c68c ffff 488d 3533 2401 0031 ffe8 a884 ffff 488d 3562 2701 0031 ff49 89c4 e897 84ff  )..1......H.53$..1......H.5b'..1.I......
2021-03-15T22:19:32.4306027Z 0000cbe8: ff4c 89e2 488d 35ed 2d01 0048 89c7 31c0 e823 89ff ff48 8d35 d92a 0100 31ff e875 84ff ffb9 7201 0000  .L..H.5.-..H..1..#...H.5.*..1..u....r...
2021-03-15T22:19:32.4306931Z 0000cc10: ba09 0200 004c 8d05 4355 0100 4989 c1e9 3eff ffff 488d 35d9 2301 0031 ffe8 4e84 ffff 488d 3508 2701  .....L..CU..I...>...H.5.#..1..N...H.5.'.
2021-03-15T22:19:32.4307823Z 0000cc38: 0031 ff48 89c3 e83d 84ff ffb9 6201 0000 ba07 0200 004c 8d0d 8c2d 0100 4152 4989 c053 e95a ffff ff48  .1.H...=....b........L...-..ARI..S.Z...H
2021-03-15T22:19:32.4308506Z 0000cc60: 8d35 772a 0100 31ff e813 84ff ffb9 7201 0000 ba02 0200 004c 8d05 e154 0100 4989 c1e9 dcfe ffff 488d  .5w*..1.......r........L...T..I.......H.
2021-03-15T22:19:32.4309129Z 0000cc88: 3577 2301 0031 ffe8 ec83 ffff 488d 35a6 2601 0031 ff48 89c3 e8db 83ff ffb9 6201 0000 ba00 0200 004c  5w#..1......H.5.&..1.H........b........L
2021-03-15T22:19:32.4310029Z 0000ccb0: 8d0d 2a2d 0100 4153 4989 c053 e9f8 feff ff48 8d35 152a 0100 31ff e8b1 83ff ffb9 7201 0000 bafb 0100  ..*-..ASI..S.....H.5.*..1.......r.......
2021-03-15T22:19:32.4310688Z 0000ccd8: 004c 8d05 7f54 0100 4989 c1e9 7afe ffff 488d 3515 2301 0031 ffe8 8a83 ffff 488d 3544 2601 0031 ff48  .L...T..I...z...H.5.#..1......H.5D&..1.H
2021-03-15T22:19:32.4311372Z 0000cd00: 89c3 e879 83ff ffb9 6201 0000 55ba f901 0000 5349 89c0 4c8d 0dc3 2c01 00e9 97fe ffff 488d 35b4 2901  ...y....b...U.....SI..L...,.......H.5.).
2021-03-15T22:19:32.4312068Z 0000cd28: 0031 ffe8 5083 ffff b972 0100 00ba f401 0000 4c8d 051e 5401 0049 89c1 e919 feff ff48 8d35 b422 0100  .1..P....r........L...T..I.......H.5."..
2021-03-15T22:19:32.4312733Z 0000cd50: 31ff e829 83ff ff48 8d35 e325 0100 31ff 4889 c3e8 1883 ffff 4c8d 0d71 2c01 0041 54b9 6201 0000 5349  1..)...H.5.%..1.H.......L..q,..AT.b...SI
2021-03-15T22:19:32.4313360Z 0000cd78: 89c0 baf2 0100 00e9 35fe ffff 488d 3552 2901 0031 ffe8 ee82 ffff b972 0100 00ba ed01 0000 4c8d 05bc  ........5...H.5R)..1.......r........L...
2021-03-15T22:19:32.4313986Z 0000cda0: 5301 0049 89c1 e9b7 fdff ff48 8d35 5222 0100 31ff e8c7 82ff ff48 8d35 8125 0100 31ff 4889 c3e8 b682  S..I.......H.5R"..1......H.5.%..1.H.....
2021-03-15T22:19:32.4314651Z 0000cdc8: ffff 4c8d 0d0f 2c01 0041 55b9 6201 0000 5349 89c0 baeb 0100 00e9 d3fd ffff 488d 35f0 2801 0031 ffe8  ..L...,..AU.b...SI............H.5.(..1..
2021-03-15T22:19:32.4315363Z 0000cdf0: 8c82 ffff b972 0100 00ba e601 0000 4c8d 055a 5301 0049 89c1 e955 fdff ff48 8d35 f021 0100 31ff e865  .....r........L..ZS..I...U...H.5.!..1..e
2021-03-15T22:19:32.4316043Z 0000ce18: 82ff ff48 8d35 1f25 0100 31ff 4889 c3e8 5482 ffff 4c8d 0dad 2b01 0041 56b9 6201 0000 5349 89c0 bae4  ...H.5.%..1.H...T...L...+..AV.b...SI....
2021-03-15T22:19:32.4316705Z 0000ce40: 0100 00e9 71fd ffff 488d 358e 2801 0031 ffe8 2a82 ffff b972 0100 00ba df01 0000 4c8d 05f8 5201 0049  ....q...H.5.(..1..*....r........L...R..I
2021-03-15T22:19:32.4317330Z 0000ce68: 89c1 e9f3 fcff ff48 8d35 8e21 0100 31ff e803 82ff ff48 8d35 bd24 0100 31ff 4889 c3e8 f281 ffff 4c8d  .......H.5.!..1......H.5.$..1.H.......L.
2021-03-15T22:19:32.4318016Z 0000ce90: 0d4b 2b01 0041 57b9 6201 0000 5349 89c0 badd 0100 00e9 0ffd ffff 488d 352c 2801 0031 ffe8 c881 ffff  .K+..AW.b...SI............H.5,(..1......
2021-03-15T22:19:32.4318799Z 0000ceb8: b972 0100 00ba d701 0000 4c8d 0596 5201 0049 89c1 e991 fcff ff48 8d35 2c21 0100 31ff e8a1 81ff ff48  .r........L...R..I.......H.5,!..1......H
2021-03-15T22:19:32.4319438Z 0000cee0: 8d35 5b24 0100 31ff 4889 c3e8 9081 ffff b962 0100 00ba d501 0000 4c8d 0ddf 2a01 0049 89c0 5053 e9ae  .5[$..1.H........b........L...*..I..PS..
2021-03-15T22:19:32.4320421Z 0000cf08: fcff ff48 8d35 cb27 0100 31ff e867 81ff ffb9 7201 0000 bacf 0100 004c 8d05 3552 0100 4989 c1e9 30fc  ...H.5.'..1..g....r........L..5R..I...0.
2021-03-15T22:19:32.4321068Z 0000cf30: ffff 488d 35cb 2001 0031 ffe8 4081 ffff 488d 35fa 2301 0031 ff48 89c3 e82f 81ff ffb9 6201 0000 bacd  ..H.5. ..1..@...H.5.#..1.H.../....b.....
2021-03-15T22:19:32.4321680Z 0000cf58: 0100 004c 8d0d 7e2a 0100 4989 c050 53e9 4dfc ffff 488d 3591 2001 0031 ffe8 0681 ffff 488d 35c0 2301  ...L..~*..I..PS.M...H.5. ..1......H.5.#.
2021-03-15T22:19:32.4323288Z 0000cf80: 0031 ff48 89c3 e8f5 80ff ffb9 6201 0000 bac7 0100 004c 8d0d 442a 0100 4989 c050 53e9 13fc ffff 4c8d  .1.H........b........L..D*..I..PS.....L.
2021-03-15T22:19:32.4324023Z 0000cfa8: 0d53 2a01 004c 8d05 3c29 0100 31c0 b948 0100 00ba a101 0000 488d 3599 2501 004c 89cf 48c7 4424 2000  .S*..L..<)..1..H........H.5.%..L..H.D$ .
2021-03-15T22:19:32.4324724Z 0000cfd0: 0000 0048 c744 2428 e803 0000 488d 5c24 20e8 aa88 ffff eb0a 31f6 4889 dfe8 ee83 ffff 8b3d 28c0 0100  ...H.D$(....H.\$ .......1.H........=(...
2021-03-15T22:19:32.4325468Z 0000cff8: e853 87ff ff41 89c0 8b44 2414 4139 c075 df4c 8d0d f029 0100 4c8d 0582 2601 0031 c0b9 4801 0000 baa5  .S...A...D$.A9.u.L...)..L...&..1..H.....
2021-03-15T22:19:32.4326710Z 0000d020: 0100 0048 8d35 3625 0100 4c89 cfe8 5e88 ffff e921 faff ff8b 3de3 bf01 0048 8d1d 033e 0100 83ff ff0f  ...H.56%..L...^....!....=....H...>......
2021-03-15T22:19:32.4327486Z 0000d048: 8422 faff ffe8 9e84 ffff e918 faff ffe8 0483 ffff 488d 350c 2601 0031 ffe8 1680 ffff b972 0100 00ba  ."..................H.5.&..1.......r....
2021-03-15T22:19:32.4328103Z 0000d070: 4e02 0000 488d 35e5 2401 0049 89c1 4c8d 05da 5001 0048 8d3d 8429 0100 31c0 e8fd 87ff ff48 8d35 d525  N...H.5.$..I..L...P..H.=.)..1......H.5.%
2021-03-15T22:19:32.4328734Z 0000d098: 0100 e91a f2ff ff49 8b5e 5831 ff48 8d35 1c26 0100 e8cf 7fff ffb9 7301 0000 ba78 0200 0048 8d35 9e24  .......I.^X1.H.5.&........s....x...H.5.$
2021-03-15T22:19:32.4329791Z 0000d0c0: 0100 4989 c049 89d9 488d 3d41 2901 0031 c0e8 ba87 ffff 498b 6e58 31ff 488d 35e5 2501 00e8 987f ffff  ..I..I..H.=A)..1......I.nX1.H.5.%.......
2021-03-15T22:19:32.4330667Z 0000d0e8: 4889 c748 89ee 31c0 e8bb 89ff ffe9 edf9 ffff 4c8d 0593 2501 00b9 7201 0000 ba96 0100 0048 8d3d ee28  H..H..1...........L...%...r........H.=.(
2021-03-15T22:19:32.4331958Z 0000d110: 0100 31c0 488d 3545 2401 00e8 7087 ffff 488d 3d6d 2501 0031 c0e8 2287 ffff 4c8d 055f 2501 00b9 7201  ..1.H.5E$...p...H.=m%..1.."...L.._%...r.
2021-03-15T22:19:32.4332912Z 0000d138: 0000 ba9a 0100 00eb ca4c 8d05 4c25 0100 b972 0100 00ba 9201 0000 ebb7 508b 4424 40b9 5201 0000 4c8d  .........L..L%...r..........P.D$@.R...L.
2021-03-15T22:19:32.4333743Z 0000d160: 0dab 2801 00ba c002 0000 4c8d 05c7 2501 0048 8d35 e823 0100 4c89 cf50 31c0 e80d 87ff ff5a 59e9 3ef6  ..(.......L...%..H.5.#..L..P1......ZY.>.
2021-03-15T22:19:32.4334741Z 0000d188: ffff 660f 1f44 0000 5548 8d35 8528 0100 89fd b940 0100 0053 488d 3db1 2901 0048 89d3 ba46 0000 0048  ..f..D..UH.5.(.....@...SH.=.)..H...F...H
2021-03-15T22:19:32.4335528Z 0000d1b0: 83ec 1864 488b 0425 2800 0000 4889 4424 0831 c0e8 e87f ffff 488d 7424 04ba 0400 0000 89ef e897 83ff  ...dH..%(...H.D$.1......H.t$............
2021-03-15T22:19:32.4336101Z 0000d1d8: ff48 83f8 ff0f 84cd 0000 0048 85c0 0f84 9400 0000 8b7c 2404 e85b 8aff ffba 6000 0000 4c8d 05ec 2301  .H.........H.........|$..[....`...L...#.
2021-03-15T22:19:32.4336866Z 0000d200: 00b9 4601 0000 4989 c148 8d35 0d28 0100 31c0 488d 3d3f 2901 00e8 7286 ffff 488b 4308 8b54 2404 c700  ..F...I..H.5.(..1.H.=?)...r...H.C..T$...
2021-03-15T22:19:32.4337480Z 0000d228: 0100 0000 8950 0448 8b7b 1848 8b73 20e8 e487 ffff 89ef e8ad 82ff ffb9 4001 0000 ba69 0000 0048 8d35  .....P.H.{.H.s .............@....i...H.5
2021-03-15T22:19:32.4338562Z 0000d250: c927 0100 488d 3dfd 2801 00e8 c083 ffff 488b 4424 0864 482b 0425 2800 0000 0f85 9a00 0000 4883 c418  .'..H.=.(.......H.D$.dH+.%(.........H...
2021-03-15T22:19:32.4339673Z 0000d278: 5b5d c30f 1f44 0000 4c8d 0554 2301 00b9 4601 0000 ba5d 0000 0048 8d35 8527 0100 488d 3db9 2801 00e8  []...D..L..T#...F....]...H.5.'..H.=.(...
2021-03-15T22:19:32.4340414Z 0000d2a0: ec85 ffff eb89 662e 0f1f 8400 0000 0000 e84b 7eff ff8b 1083 fa0b 7487 83fa 0474 8248 8b53 088b 4a04  ......f..........K~.......t....t.H.S..J.
2021-03-15T22:19:32.4341043Z 0000d2c8: 85c9 750b c702 0100 0000 8b00 8942 044c 8d0d 7a28 0100 4c8d 05d8 2201 0031 c0b9 5201 0000 4c89 cfba  ..u..........B.L..z(..L..."..1..R...L...
2021-03-15T22:19:32.4341947Z 0000d2f0: 5500 0000 488d 3522 2701 00e8 9085 ffff 488b 7b18 e827 85ff ffe9 35ff ffff e84d 80ff ff66 662e 0f1f  U...H.5"'.......H.{..'....5....M...ff...
2021-03-15T22:19:32.4342695Z 0000d318: 8400 0000 0000 6690 4157 b940 0100 00ba ce01 0000 488d 35ea 2601 0041 5641 5541 5455 5348 89fb 488d  ......f.AW.@........H.5.&..AVAUATUSH..H.
2021-03-15T22:19:32.4343405Z 0000d340: 3d2b 2801 0048 81ec 8801 0000 6448 8b04 2528 0000 0048 8984 2478 0100 0031 c048 8d6c 240c e847 7eff  =+(..H......dH..%(...H..$x...1.H.l$..G~.
2021-03-15T22:19:32.4344011Z 0000d368: ffeb 130f 1f44 0000 e88b 7dff ff83 3804 0f85 1201 0000 8b3b ba03 0000 0048 89ee e883 86ff ff83 f8ff  .....D....}...8........;.....H..........
2021-03-15T22:19:32.4344918Z 0000d390: 74de 85c0 754a b940 0100 00ba d701 0000 488d 3576 2601 0048 8d3d c227 0100 e86d 82ff ff48 8b84 2478  t...uJ.@........H.5v&..H.=.'...m...H..$x
2021-03-15T22:19:32.4345503Z 0000d3b8: 0100 0064 482b 0425 2800 0000 0f85 8405 0000 4881 c488 0100 005b 5d41 5c41 5d41 5e41 5fc3 0f1f 4000  ...dH+.%(.........H......[]A\A]A^A_...@.
2021-03-15T22:19:32.4346066Z 0000d3e0: 8b44 240c 3c7f 0f84 9201 0000 89c2 83e2 7f83 c201 80fa 010f 8e23 0100 0083 e07f 4c8d a424 5001 0000  .D$.<....................#......L..$P...
2021-03-15T22:19:32.4346945Z 0000d408: 89c7 4c89 e6e8 be7f ffff 83f8 ff0f 847d 0300 008b 0341 544c 8d0d 4a27 0100 b946 0100 004c 8d05 0e24  ..L............}.....ATL..J'...F...L...$
2021-03-15T22:19:32.4347576Z 0000d430: 0100 ba30 0200 0050 4c89 cf31 c048 8d35 d925 0100 e847 84ff ff48 8b43 085f 4158 8b4c 240c 8b10 85d2  ...0...PL..1.H.5.%...G...H.C._AX.L$.....
2021-03-15T22:19:32.4348353Z 0000d458: 0f85 e600 0000 c700 0200 0000 8948 04c7 03ff ffff ffb9 4001 0000 ba42 0200 0048 8d35 9f25 0100 488d  .............H........@....B...H.5.%..H.
2021-03-15T22:19:32.4348959Z 0000d480: 3deb 2601 00e8 9681 ffff e924 ffff ff90 488d 35aa 1e01 0031 ff4c 8d25 6221 0100 e8db 7bff ff48 83ec  =.&........$....H.5....1.L.%b!....{..H..
2021-03-15T22:19:32.4349582Z 0000d4a8: 08b9 7301 0000 4c8d 0dbb 2601 0041 5449 89c0 4c89 cfba d901 0000 488d 3554 2501 0031 c0e8 c083 ffff  ..s...L...&..ATI..L.......H.5T%..1......
2021-03-15T22:19:32.4350252Z 0000d4d0: 488d 356a 1e01 0031 ffe8 a27b ffff 4c89 e248 8d35 8826 0100 4889 c731 c0e8 be85 ffff b940 0100 00ba  H.5j...1...{..L..H.5.&..H..1.......@....
2021-03-15T22:19:32.4350867Z 0000d4f8: da01 0000 488d 351a 2501 0048 8d3d 6626 0100 e811 81ff ff41 5f58 e99c feff ff66 0f1f 8400 0000 0000  ....H.5.%..H.=f&.......A_X.....f........
2021-03-15T22:19:32.4351499Z 0000d520: 0fb6 c4b9 4601 0000 ba33 0200 0050 8b03 4c8d 0d39 2601 004c 8d05 e520 0100 50e9 f4fe ffff 514c 8d0d  ....F....3...P..L..9&..L... ..P.....QL..
2021-03-15T22:19:32.4352087Z 0000d548: 2426 0100 4c8d 053d 2301 00b9 4301 0000 6a02 8b40 0448 8d35 b924 0100 4c89 cf50 31c0 52ba 3b02 0000  $&..L..=#...C...j..@.H.5.$..L..P1.R.;...
2021-03-15T22:19:32.4352716Z 0000d570: e81b 83ff ff48 83c4 20e9 e9fe ffff 0fb6 ec4c 8da4 2450 0100 004c 89e6 89ef e83d 7eff ff83 f8ff 0f84  .....H.. ........L..$P...L.....=~.......
2021-03-15T22:19:32.4353354Z 0000d598: cc02 0000 8b03 4154 4c8d 0dc9 2501 00b9 4601 0000 4c89 cf4c 8d05 6a22 0100 baec 0100 0050 488d 355a  ......ATL...%...F...L..L..j".......PH.5Z
2021-03-15T22:19:32.4353992Z 0000d5c0: 2401 0031 c0e8 c682 ffff be02 0000 0048 8d3d 5a1a 0100 31c0 e893 84ff ff41 5b41 5e41 beff ffff ff41  $..1...........H.=Z...1......A[A^A.....A
2021-03-15T22:19:32.4354623Z 0000d5e8: 89c5 83f8 ff75 4783 fd14 0f84 c800 0000 e823 7cff ff89 ee89 c7e8 0a81 ffff 85c0 0f85 ef01 0000 4183  .....uG..........#|...................A.
2021-03-15T22:19:32.4355424Z 0000d610: feff 0f84 55fe ffff 4439 7304 740b 4489 f644 89ef e8f7 fa00 0044 89ef e8bf 7eff ffe9 37fe ffff 89c7  ....U...D9s.t.D..D.......D....~...7.....
2021-03-15T22:19:32.4356156Z 0000d638: e813 81ff ff41 89c6 83f8 ff0f 8447 0200 008d 45eb 83f8 0177 9e44 3973 040f 846b 0100 00e8 c07b ffff  .....A.......G....E....w.D9s...k.....{..
2021-03-15T22:19:32.4356829Z 0000d660: 89ee 89c7 e8a7 80ff ff85 c074 abe8 ae7b ffff 4883 ec08 b973 0100 004c 8d05 bc23 0100 4154 4189 c131  ...........t...{..H....s...L...#..ATA..1
2021-03-15T22:19:32.4357531Z 0000d688: c0ba 1802 0000 488d 3588 2301 0048 8d3d d424 0100 e8ef 81ff ffe8 7a7b ffff 4c89 e248 8d3d 8e23 0100  ......H.5.#..H.=.$........z{..L..H.=.#..
2021-03-15T22:19:32.4358163Z 0000d6b0: 89c6 31c0 e8f7 83ff ff58 5ae9 4eff ffff 4c8d 7c24 1031 c0b9 1300 0000 4c89 ff48 8dac 24b0 0000 00f3  ..1......XZ.N...L.|$.1......L..H..$.....
2021-03-15T22:19:32.4358767Z 0000d6d8: 48ab 488d 7c24 18e8 7c7f ffff 4889 ea4c 89fe bf14 0000 00c7 8424 9800 0000 0000 0010 48c7 4424 1000  H.H.|$..|...H..L.........$........H.D$..
2021-03-15T22:19:32.4359368Z 0000d700: 0000 00e8 58b6 0000 85c0 0f85 e601 0000 e80b 7bff ffbe 1400 0000 89c7 e8ef 7fff ff85 c00f 857a 0100  ....X.............{..................z..
2021-03-15T22:19:32.4359960Z 0000d728: 0031 d248 89ee bf14 0000 00e8 28b6 0000 85c0 0f84 cefe ffff 31ff 488d 355f 2301 00e8 3279 ffff 41b9  .1.H........(...........1.H.5_#...2y..A.
2021-03-15T22:19:32.4360545Z 0000d750: 1400 0000 b973 0100 00ba 1b02 0000 4989 c048 8d35 b522 0100 31c0 488d 3dff 2301 00e8 1a81 ffff 31ff  .....s........I..H.5."..1.H.=.#.......1.
2021-03-15T22:19:32.4361149Z 0000d778: 488d 3529 2301 00e8 fc78 ffff be14 0000 0048 89c7 31c0 e81d 83ff ffe9 76fe ffff 448b 4c24 0cb9 2000  H.5)#....x.......H..1.......v...D.L$.. .
2021-03-15T22:19:32.4361818Z 0000d7a0: 0000 4c89 e731 c04c 8d05 8e1e 0100 ba01 0000 00be 2000 0000 4183 e17f e89f 78ff ffe9 55fc ffff 8b3b  ..L..1.L............ ...A.....x...U....;
2021-03-15T22:19:32.4362517Z 0000d7c8: e853 83ff ff41 89c7 3943 0474 1289 c644 89ef e841 f900 0085 c00f 846c 0100 00e8 347a ffff 89ee 89c7  .S...A..9C.t...D...A.......l....4z......
2021-03-15T22:19:32.4363232Z 0000d7f0: e81b 7fff ff85 c00f 841b feff ffe8 1e7a ffff 4883 ec08 b973 0100 004c 8d05 2c22 0100 4154 4189 c131  ...............z..H....s...L..,"..ATA..1
2021-03-15T22:19:32.4363871Z 0000d818: c0ba 1802 0000 488d 35f8 2101 0048 8d3d 4423 0100 e85f 80ff ffe8 ea79 ffff 4c89 e248 8d3d fe21 0100  ......H.5.!..H.=D#..._.....y..L..H.=.!..
2021-03-15T22:19:32.4364538Z 0000d840: 89c6 31c0 e867 82ff ff41 5941 5a83 fd14 0f85 b8fd ffff 488d ac24 b000 0000 e9c6 feff ff0f 1f44 0000  ..1..g...AYAZ.........H..$...........D..
2021-03-15T22:19:32.4365197Z 0000d868: 4189 e94c 8d05 ca1d 0100 4c89 e731 c0b9 2000 0000 ba01 0000 00be 2000 0000 e8d5 77ff ffe9 0cfd ffff  A..L......L..1.. ......... .....w.......
2021-03-15T22:19:32.4365894Z 0000d890: 4489 ef41 bdff ffff ffe8 527c ffff e94c fdff ffe8 7879 ffff 4883 ec08 b973 0100 004c 8d05 8621 0100  D..A......R|...L....xy..H....s...L...!..
2021-03-15T22:19:32.4366584Z 0000d8b8: 4154 4189 c131 c0ba 1802 0000 488d 3552 2101 0048 8d3d 9e22 0100 e8b9 7fff ffe8 4479 ffff 4c89 e248  ATA..1......H.5R!..H.=."........Dy..L..H
2021-03-15T22:19:32.4367230Z 0000d8e0: 8d3d 5821 0100 89c6 31c0 e8c1 81ff ff59 5ee9 33fe ffff 31ff 488d 3531 1b01 00e8 7c77 ffff 41b9 1400  .=X!....1......Y^.3...1.H.51....|w..A...
2021-03-15T22:19:32.4367827Z 0000d908: 0000 b973 0100 00ba 1302 0000 4989 c048 8d35 ff20 0100 31c0 488d 3d49 2201 00e8 647f ffff 31ff 488d  ...s........I..H.5. ..1.H.=I"...d...1.H.
2021-03-15T22:19:32.4368641Z 0000d930: 35fb 1a01 00e8 4677 ffff be14 0000 0048 89c7 31c0 e867 81ff ffe9 c2fd ffff e80d 7aff ffbe 1200 0000  5.....Fw.......H..1..g..........z.......
2021-03-15T22:19:32.4369286Z 0000d958: 4489 ffe8 707e ffff 85c0 0f84 c1fc ffff 31c0 4589 f9b9 7301 0000 ba03 0200 004c 8d05 ae20 0100 488d  D...p~..........1.E...s........L... ..H.
2021-03-15T22:19:32.4369900Z 0000d980: 3598 2001 0048 8d3d e421 0100 e8ff 7eff ff44 89fe 488d 3d91 2001 0031 c0e8 0e81 ffff e982 fcff ff66  5. ..H.=.!....~..D..H.=. ..1...........f
2021-03-15T22:19:32.4370549Z 0000d9a8: 0f1f 8400 0000 0000 4155 b940 0100 0048 8d35 5f20 0100 4154 4989 d455 89fd 488d 3dc3 2101 0053 4883  ........AU.@...H.5_ ..ATI..U..H.=.!..SH.
2021-03-15T22:19:32.4371114Z 0000d9d0: ec38 488b 1aba 7300 0000 6448 8b04 2528 0000 0048 8944 2428 31c0 e8c1 77ff ff83 3bff 0f84 7801 0000  .8H...s...dH..%(...H.D$(1...w...;...x...
2021-03-15T22:19:32.4371760Z 0000d9f8: 4989 e589 ef4c 89ee e8cb 79ff ff83 f8ff 0f84 1a02 0000 4883 ec08 ff73 08b9 4501 0000 4c8d 0d6f 2101  I....L....y...........H....s..E...L..o!.
2021-03-15T22:19:32.4372518Z 0000da20: 0055 4c8d 05a7 2001 00ba 7a00 0000 4c89 cf41 558b 0348 8d35 e11f 0100 5031 c0ff 7318 e849 7eff ff48  .UL... ...z...L..AU..H.5....P1..s..I~..H
2021-03-15T22:19:32.4373143Z 0000da48: 83c4 3083 fd11 0f84 ec00 0000 7e62 83fd 1475 6549 8b44 2408 4885 c00f 8497 0100 008b 7008 85f6 0f85  ..0.........~b...ueI.D$.H.........p.....
2021-03-15T22:19:32.4374019Z 0000da70: 8c01 0000 8b78 1085 ff74 65e8 a080 ffff 83f8 ff0f 8427 0200 0039 4304 7406 8b3b 39c7 754e b940 0100  .....x...te..........'...9C.t..;9.uN.@..
2021-03-15T22:19:32.4374622Z 0000da98: 00ba 9900 0000 488d 3578 1f01 0048 8d3d e420 0100 e86f 7bff ffeb 640f 1f44 0000 8d45 fe83 f801 769b  ......H.5x...H.=. ...o{...d..D...E....v.
2021-03-15T22:19:32.4375216Z 0000dac0: 498b 4424 0848 85c0 7416 8b48 0885 c975 0f8b 7810 85ff 0f85 9401 0000 0f1f 4000 8b3b 83fd 0e0f 8465  I.D$.H..t..H...u..x...........@..;.....e
2021-03-15T22:19:32.4375808Z 0000dae8: 0100 0089 eee8 1e7c ffff 85c0 0f85 b600 0000 b940 0100 00ba b900 0000 488d 3512 1f01 0048 8d3d 7e20  .......|...........@........H.5....H.=~ 
2021-03-15T22:19:32.4376365Z 0000db10: 0100 e809 7bff ff48 8b44 2428 6448 2b04 2528 0000 000f 85ef 0100 0048 83c4 385b 5d41 5c41 5dc3 662e  ....{..H.D$(dH+.%(.........H..8[]A\A].f.
2021-03-15T22:19:32.4376924Z 0000db38: 0f1f 8400 0000 0000 4889 dfe8 d8f7 ffff 833b ff0f 840f 0100 00b9 4001 0000 ba85 0000 0048 8d35 bb1e  ........H........;........@........H.5..
2021-03-15T22:19:32.4377730Z 0000db60: 0100 488d 3d27 2001 00e8 b27a ffff eba7 488b 4424 2864 482b 0425 2800 0000 0f85 9601 0000 4883 c438  ..H.=' ....z....H.D$(dH+.%(.........H..8
2021-03-15T22:19:32.4378310Z 0000db88: b940 0100 00ba 7600 0000 5b48 8d35 831e 0100 488d 3def 1f01 005d 415c 415d e975 7aff ff0f 1f44 0000  .@....v...[H.5....H.=....]A\A].uz....D..
2021-03-15T22:19:32.4378946Z 0000dbb0: 4883 ec08 b973 0100 00ba b600 0000 31c0 4155 448b 0b4c 8d05 721e 0100 488d 354a 1e01 0048 8d3d b61f  H....s........1.AUD..L..r...H.5J...H.=..
2021-03-15T22:19:32.4379636Z 0000dbd8: 0100 e8b1 7cff ff8b 334c 89ea 31c0 488d 3d51 1e01 00e8 be7e ffff 585a e901 ffff ff0f 1f80 0000 0000  ....|...3L..1.H.=Q.....~..XZ............
2021-03-15T22:19:32.4380263Z 0000dc00: b940 0100 00ba 9400 0000 488d 350c 1e01 0048 8d3d 781f 0100 e803 7aff ffe9 f5fe ffff 660f 1f44 0000  .@........H.5....H.=x.....z.......f..D..
2021-03-15T22:19:32.4380885Z 0000dc28: 4189 e94c 8d05 0a1a 0100 4c89 ef31 c0b9 2000 0000 ba01 0000 00be 2000 0000 e815 74ff ffe9 befd ffff  A..L......L..1.. ......... .....t.......
2021-03-15T22:19:32.4381909Z 0000dc50: 31f6 e829 d0ff ffe9 9efe ffff 0f1f 4000 488b 7b18 e857 7bff ffe9 e3fe ffff 6690 e8ab 7eff ff83 f8ff  1..)..........@.H.{..W{.......f...~.....
2021-03-15T22:19:32.4382827Z 0000dc78: 746e 3943 0474 0a8b 3b39 c70f 8559 feff ffb9 4001 0000 baaa 0000 0048 8d35 831d 0100 488d 3def 1e01  tn9C.t..;9...Y....@........H.5....H.=...
2021-03-15T22:19:32.4383856Z 0000dca0: 00e8 7a79 ffff e96c feff ff0f 1f44 0000 498b 4424 088b 3b39 7810 0f85 22fe ffff b940 0100 00ba 9b00  ..zy...l.....D..I.D$..;9x..."....@......
2021-03-15T22:19:32.4384718Z 0000dcc8: 0000 488d 354c 1d01 0048 8d3d b81e 0100 e843 79ff ffe9 35fe ffff 660f 1f44 0000 498b 4424 088b 3b39  ..H.5L...H.=.....Cy...5...f..D..I.D$..;9
2021-03-15T22:19:32.4385520Z 0000dcf0: 7810 0f85 eafd ffff b940 0100 00ba ac00 0000 488d 3514 1d01 0048 8d3d 801e 0100 e80b 79ff ffe9 fdfd  x........@........H.5....H.=......y.....
2021-03-15T22:19:32.4386324Z 0000dd18: ffff e841 76ff ff90 4156 b911 0000 00ba 5901 0000 4155 4154 4989 fc55 5348 89f3 488d 35de 1c01 0048  ...Av...AV......Y...AUATI..USH..H.5....H
2021-03-15T22:19:32.4387016Z 0000dd40: 81ec a001 0000 6448 8b04 2528 0000 0048 8984 2498 0100 0031 c048 89e5 4889 eff3 48ab 488d 3d4f 1e01  ......dH..%(...H..$....1.H..H...H.H.=O..
2021-03-15T22:19:32.4387603Z 0000dd68: 00b9 4001 0000 e83d 74ff ff4c 89e7 e845 d600 0083 f801 0f85 af06 0000 488d bc24 8800 0000 be00 0008  ..@....=t..L...E............H..$........
2021-03-15T22:19:32.4388200Z 0000dd90: 00e8 ea7d ffff 85c0 0f85 f006 0000 4c8d b424 9000 0000 4c8d ac24 1001 0000 4c89 f7e8 fa78 ffff 31ff  ...}..........L..$....L..$....L....x..1.
2021-03-15T22:19:32.4388956Z 0000ddb8: 4c89 ea4c 89f6 e88d 72ff ff48 89df e8e5 c9ff ff84 c00f 85cd 0500 00e8 f87c ffff 8904 2483 f8ff 0f84  L..L....r..H.................|....$.....
2021-03-15T22:19:32.4389597Z 0000dde0: ba08 0000 85c0 0f84 8007 0000 4883 ec08 4d8b 4c24 58ba 9101 0000 4c8d 054d 1c01 0050 b946 0100 0048  ............H...M.L$X.....L..M...P.F...H
2021-03-15T22:19:32.4390207Z 0000de08: 8d35 0f1c 0100 31c0 488d 3da1 1d01 00e8 747a ffff 8bbc 249c 0000 00e8 c876 ffff 418b 7c24 3458 5a83  .5....1.H.=.....tz....$......v..A.|$4XZ.
2021-03-15T22:19:32.4390764Z 0000de30: ffff 0f85 f804 0000 41f6 4424 3101 0f85 0605 0000 b940 0100 00ba c500 0000 488d 35c8 1b01 0044 8bb4  ........A.D$1........@........H.5....D..
2021-03-15T22:19:32.4391492Z 0000de58: 2488 0000 0048 8d3d 3c1d 0100 e847 73ff ffe8 c27b ffff be0a 0000 0048 89e9 4489 f789 4424 0449 8b84  $....H.=<....Gs....{.......H..D...D$.I..
2021-03-15T22:19:32.4392030Z 0000de80: 24b0 0000 0048 8d15 04f3 ffff 49c7 8424 b000 0000 0000 0000 4889 5c24 084c 8964 2410 4889 4424 18e8  $....H......I..$........H.\$.L.d$.H.D$..
2021-03-15T22:19:32.4392575Z 0000dea8: 047a ffff 4889 4424 2048 89c6 4885 c00f 842f 0700 0048 8b7c 2418 31c9 31d2 e855 7aff ff83 f8ff 0f84  .z..H.D$ H..H..../...H.|$.1.1..Uz.......
2021-03-15T22:19:32.4393172Z 0000ded0: f10a 0000 4589 f1b9 4601 0000 bad7 0000 0031 c04c 8d05 781b 0100 488d 352c 1b01 0048 8d3d a81c 0100  ....E...F........1.L..x...H.5,...H.=....
2021-03-15T22:19:32.4393772Z 0000def8: e893 79ff ffbe 2000 0000 4889 e948 8d15 a4fa ffff bf02 0000 00e8 9a79 ffff 4889 4424 2848 89c6 4885  ..y... ...H..H.............y..H.D$(H..H.
2021-03-15T22:19:32.4394364Z 0000df20: c00f 843f 0700 0048 8b7c 2418 31c9 31d2 e8eb 79ff ff83 f8ff 0f84 0009 0000 be20 0000 0048 89e9 bf03  ...?...H.|$.1.1...y............ ...H....
2021-03-15T22:19:32.4394923Z 0000df48: 0000 0048 8d15 5efa ffff e859 79ff ff48 8944 2430 4889 c648 85c0 0f84 e50a 0000 488b 7c24 1831 c931  ...H..^....Yy..H.D$0H..H........H.|$.1.1
2021-03-15T22:19:32.4395531Z 0000df70: d2e8 aa79 ffff 83f8 ff0f 84a7 0a00 00be 2000 0000 4889 e9bf 1400 0000 488d 151d faff ffe8 1879 ffff  ...y............ ...H.......H........y..
2021-03-15T22:19:32.4396637Z 0000df98: 4889 4424 3848 89c6 4885 c00f 8443 0a00 0048 8b7c 2418 31c9 31d2 e869 79ff ff83 f8ff 0f84 6405 0000  H.D$8H..H....C...H.|$.1.1..iy.......d...
2021-03-15T22:19:32.4397256Z 0000dfc0: be20 0000 0048 89e9 bf0f 0000 0048 8d15 dcf9 ffff e8d7 78ff ff48 8944 2440 4889 c648 85c0 0f84 a009  . ...H.......H........x..H.D$@H..H......
2021-03-15T22:19:32.4398004Z 0000dfe8: 0000 488b 7c24 1831 c931 d2e8 2879 ffff 83f8 ff0f 8462 0900 00be 2000 0000 4889 e9bf 0100 0000 488d  ..H.|$.1.1..(y.......b.... ...H.......H.
2021-03-15T22:19:32.4398768Z 0000e010: 159b f9ff ffe8 9678 ffff 4889 4424 4848 89c6 4885 c00f 84fd 0800 0048 8b7c 2418 31c9 31d2 e8e7 78ff  .......x..H.D$HH..H........H.|$.1.1...x.
2021-03-15T22:19:32.4399544Z 0000e038: ff83 f8ff 0f84 bf08 0000 be20 0000 0048 89e9 bf0e 0000 0048 8d15 5af9 ffff e855 78ff ff48 8944 2450  ........... ...H.......H..Z....Ux..H.D$P
2021-03-15T22:19:32.4400143Z 0000e060: 4889 c648 85c0 0f84 5a08 0000 488b 7c24 1831 c931 d2e8 a678 ffff 83f8 ff0f 841c 0800 00be 2000 0000  H..H....Z...H.|$.1.1...x............ ...
2021-03-15T22:19:32.4400716Z 0000e088: 4889 e9bf 0d00 0000 488d 1519 f9ff ffe8 1478 ffff 4889 4424 5848 89c6 4885 c00f 84b8 0700 0048 8b7c  H.......H........x..H.D$XH..H........H.|
2021-03-15T22:19:32.4401391Z 0000e0b0: 2418 31c9 31d2 e865 78ff ff83 f8ff 0f84 8404 0000 be20 0000 0048 89e9 bf0a 0000 0048 8d15 d8f8 ffff  $.1.1..ex............ ...H.......H......
2021-03-15T22:19:32.4401984Z 0000e0d8: e8d3 77ff ff48 8944 2460 4889 c648 85c0 0f84 1607 0000 488b 7c24 1831 c931 d2e8 2478 ffff 83f8 ff0f  ..w..H.D$`H..H........H.|$.1.1..$x......
2021-03-15T22:19:32.4402748Z 0000e100: 84d8 0600 00be 2000 0000 4889 e9bf 0c00 0000 488d 1597 f8ff ffe8 9277 ffff 4889 4424 6848 89c6 4885  ...... ...H.......H........w..H.D$hH..H.
2021-03-15T22:19:32.4404022Z 0000e128: c00f 8474 0600 0048 8b7c 2418 31c9 31d2 e8e3 77ff ff83 f8ff 0f84 3606 0000 be20 0000 0048 89e9 bf11  ...t...H.|$.1.1...w.......6.... ...H....
2021-03-15T22:19:32.4404825Z 0000e150: 0000 0048 8d15 56f8 ffff e851 77ff ff48 8944 2470 4889 c648 85c0 0f84 d205 0000 488b 7c24 1831 c931  ...H..V....Qw..H.D$pH..H........H.|$.1.1
2021-03-15T22:19:32.4405674Z 0000e178: d2e8 a277 ffff 83f8 ff0f 8494 0500 00be 2000 0000 4889 e9bf 1200 0000 488d 1515 f8ff ffe8 1077 ffff  ...w............ ...H.......H........w..
2021-03-15T22:19:32.4406662Z 0000e1a0: 4889 4424 7848 89c6 4885 c00f 8430 0500 0048 8b7c 2418 31c9 31d2 e861 77ff ff83 f8ff 0f84 1c03 0000  H.D$xH..H....0...H.|$.1.1..aw...........
2021-03-15T22:19:32.4407442Z 0000e1c8: 488b 7c24 18e8 9e79 ffff b940 0100 00ba 3301 0000 488d 353a 1801 0048 8d3d b619 0100 e831 74ff ff31  H.|$...y...@....3...H.5:...H.=.....1t..1
2021-03-15T22:19:32.4408458Z 0000e1f0: d2bf 0200 0000 4c89 eee8 526e ffff 488b 7c24 18e8 d872 ffff 83f8 ff0f 84c7 0100 0048 8b7c 2418 e8c5  ......L...Rn..H.|$...r...........H.|$...
2021-03-15T22:19:32.4409214Z 0000e218: 75ff ff84 c00f 853d 0100 00b9 4001 0000 ba3c 0100 0048 8d35 e917 0100 488d 3d05 1901 00e8 706f ffff  u......=....@....<...H.5....H.=.....po..
2021-03-15T22:19:32.4409785Z 0000e240: 488b 7c24 18e8 3676 ffff 488b 7c24 20e8 0c78 ffff 488b 7c24 28e8 0278 ffff 488b 7c24 30e8 f877 ffff  H.|$..6v..H.|$ ..x..H.|$(..x..H.|$0..w..
2021-03-15T22:19:32.4410395Z 0000e268: 488b 7c24 38e8 ee77 ffff 488b 7c24 40e8 e477 ffff 488b 7c24 48e8 da77 ffff 488b 7c24 50e8 d077 ffff  H.|$8..w..H.|$@..w..H.|$H..w..H.|$P..w..
2021-03-15T22:19:32.4411042Z 0000e290: 488b 7c24 58e8 c677 ffff 488b 7c24 60e8 bc77 ffff 488b 7c24 68e8 b277 ffff 488b 7c24 70e8 a877 ffff  H.|$X..w..H.|$`..w..H.|$h..w..H.|$p..w..
2021-03-15T22:19:32.4411634Z 0000e2b8: 488b 7c24 78e8 9e77 ffff 488b bc24 8000 0000 e891 77ff ffb9 4001 0000 ba4d 0100 0048 8d35 3d17 0100  H.|$x..w..H..$......w...@....M...H.5=...
2021-03-15T22:19:32.4412204Z 0000e2e0: 488d 3d59 1801 00e8 3473 ffff b940 0100 00ba bf01 0000 488d 3520 1701 0048 8d3d b418 0100 e817 73ff  H.=Y....4s...@........H.5 ...H.=......s.
2021-03-15T22:19:32.4412735Z 0000e308: ff48 8b84 2498 0100 0064 482b 0425 2800 0000 0f85 6901 0000 4881 c4a0 0100 005b 5d41 5c41 5d41 5ec3  .H..$....dH+.%(.....i...H......[]A\A]A^.
2021-03-15T22:19:32.4413308Z 0000e330: e8bb 71ff ff41 c744 2434 ffff ffff 41f6 4424 3101 0f84 fafa ffff 418b 7c24 28e8 7c71 ffff e9eb faff  ..q..A.D$4....A.D$1.......A.|$(.|q......
2021-03-15T22:19:32.4413882Z 0000e358: ff0f 1f80 0000 0000 4c8d 0521 1701 00b9 4201 0000 31c0 bab0 0100 0048 8d35 a316 0100 488d 3d37 1801  ........L..!....B...1......H.5....H.=7..
2021-03-15T22:19:32.4414464Z 0000e380: 00e8 0a75 ffff 8b3c 24be 0100 0000 e8ed c8ff ffc7 0424 ffff ffff e984 feff ff90 31d2 4c89 eebf 0200  ...u...<$............$..........1.L.....
2021-03-15T22:19:32.4415063Z 0000e3a8: 0000 e8a1 6cff ffb9 4001 0000 ba72 0100 0048 8d35 5d16 0100 488d 3df1 1701 00e8 5472 ffff e938 ffff  ....l...@....r...H.5]...H.=.....Tr...8..
2021-03-15T22:19:32.4415652Z 0000e3d0: ff0f 1f80 0000 0000 31ff 488d 3593 1601 00e8 9a6c ffff b973 0100 004c 8d05 6d3d 0100 baad 0100 0049  ........1.H.5......l...s...L..m=.......I
2021-03-15T22:19:32.4416236Z 0000e3f8: 89c1 488d 351c 1601 0031 c048 8d3d ae17 0100 e881 74ff ff31 ff48 8d35 5c16 0100 e863 6cff ff48 8d3d  ..H.5....1.H.=......t..1.H.5\....cl..H.=
2021-03-15T22:19:32.4417098Z 0000e420: 3b3d 0100 4889 c631 c0e8 8276 ffff e9de fdff ff48 8d35 ce16 0100 31ff e83f 6cff ffb9 6201 0000 4c8d  ;=..H..1...v.......H.5....1..?l...b...L.
2021-03-15T22:19:32.4417736Z 0000e448: 0512 3d01 00ba 6001 0000 4989 c148 8d35 c115 0100 488d 3d55 1701 0031 c0e8 2674 ffff 488d 3597 1601  ..=...`...I..H.5....H.=U...1..&t..H.5...
2021-03-15T22:19:32.4418342Z 0000e470: 0031 ffe8 086c ffff 488d 3de0 3c01 0048 89c6 31c0 e897 70ff ffe8 d26e ffff 488d 35da 1101 0031 ffe8  .1...l..H.=.<..H..1...p....n..H.5....1..
2021-03-15T22:19:32.4419162Z 0000e498: e46b ffff b972 0100 00ba 6601 0000 488d 3570 1501 0049 89c1 4c8d 05a8 3c01 0048 8d3d fa16 0100 31c0  .k...r....f...H.5p...I..L...<..H.=....1.
2021-03-15T22:19:32.4419865Z 0000e4c0: e8cb 73ff ff48 8d35 a311 0100 31ff e8ad 6bff ff48 8d3d 853c 0100 4889 c631 c0e8 6c73 ffff 488d 35f2  ..s..H.5....1...k..H.=.<..H..1..ls..H.5.
2021-03-15T22:19:32.4421115Z 0000e4e8: 1101 0031 ffe8 8e6b ffff b972 0100 00ba 2501 0000 4c8d 055c 3c01 0049 89c1 488d 3510 1501 0048 8d3d  ...1...k...r....%...L..\<..I..H.5....H.=
2021-03-15T22:19:32.4421900Z 0000e510: 8c16 0100 31c0 e875 73ff ff48 8d35 bb11 0100 eba8 488d 35b2 1101 0031 ffe8 4e6b ffff b972 0100 00ba  ....1..us..H.5......H.5....1..Nk...r....
2021-03-15T22:19:32.4422544Z 0000e538: ed00 0000 4c8d 051c 3c01 0049 89c1 ebbe 488d 358e 1101 0031 ffe8 2a6b ffff b972 0100 00ba 0901 0000  ....L...<..I....H.5....1..*k...r........
2021-03-15T22:19:32.4423242Z 0000e560: 4c8d 05f8 3b01 0049 89c1 eb9a 31d2 4c89 eebf 0200 0000 e8d5 6aff ff8b bc24 8800 0000 e869 6fff ff8b  L...;..I....1.L.........j....$.....io...
2021-03-15T22:19:32.4423887Z 0000e588: b424 8c00 0000 4c89 e7e8 cabc ffff e865 6bff ff48 89c3 eb05 833b 0475 1a8b bc24 8c00 0000 ba04 0000  .$....L........ek..H.....;.u...$........
2021-03-15T22:19:32.4424507Z 0000e5b0: 0048 89de e847 6cff ff48 83f8 ff74 e141 b801 0000 00b9 4001 0000 488d 3de7 1501 00ba 8e01 0000 488d  .H...Gl..H...t.A......@...H.=.........H.
2021-03-15T22:19:32.4425147Z 0000e5d8: 3540 1401 00e8 8e76 ffff bf01 0000 00e8 546b ffff 488d 3511 0a01 0031 ffe8 866a ffff 488d 3540 0d01  5@.....v........Tk..H.5....1...j..H.5@..
2021-03-15T22:19:32.4425828Z 0000e600: 0031 ff48 89c3 e875 6aff ff41 56b9 6201 0000 4c8d 0d87 1501 0053 4989 c0ba d400 0000 4c89 cf48 8d35  .1.H...uj..AV.b...L......SI.......L..H.5
2021-03-15T22:19:32.4426713Z 0000e628: f113 0100 31c0 e85d 72ff ff48 8d35 ca09 0100 31ff e83f 6aff ff48 8d35 f90c 0100 31ff 4989 c4e8 2e6a  ....1..]r..H.5....1..?j..H.5....1.I....j
2021-03-15T22:19:32.4427860Z 0000e650: ffff 4c89 e248 8d35 4415 0100 4889 c731 c0e8 ba6e ffff 488d 3597 0901 0031 ffe8 0c6a ffff 488d 35c6  ..L..H.5D...H..1...n..H.5....1...j..H.5.
2021-03-15T22:19:32.4428687Z 0000e678: 0c01 0031 ff48 89c3 e8fb 69ff ff4c 8d0d 1415 0100 4155 b962 0100 0053 4989 c0ba dd00 0000 eb84 488d  ...1.H....i..L......AU.b...SI.........H.
2021-03-15T22:19:32.4429594Z 0000e6a0: 35e0 0f01 0031 ffe8 d469 ffff b972 0100 00ba 8301 0000 488d 3560 1301 0049 89c1 4c8d 0598 3a01 0048  5....1...i...r........H.5`...I..L...:..H
2021-03-15T22:19:32.4430489Z 0000e6c8: 8d3d ea14 0100 31c0 e8bb 71ff ff48 8d35 a90f 0100 e9eb fdff ff48 8d35 1c09 0100 31ff e891 69ff ff48  .=....1...q..H.5.........H.5....1...i..H
2021-03-15T22:19:32.4431848Z 0000e6f0: 8d35 4b0c 0100 31ff 4889 c3e8 8069 ffff b962 0100 00ba 2301 0000 4c8d 0d8f 1401 0049 89c0 5053 e907  .5K...1.H....i...b....#...L......I..PS..
2021-03-15T22:19:32.4432661Z 0000e718: ffff ff48 8d35 bb0f 0100 31ff e857 69ff ffb9 7201 0000 ba1e 0100 004c 8d05 253a 0100 4989 c1e9 c4fd  ...H.5....1..Wi...r........L..%:..I.....
2021-03-15T22:19:32.4433711Z 0000e740: ffff 488d 35bb 0801 0031 ffe8 3069 ffff 488d 35ea 0b01 0031 ff48 89c3 e81f 69ff ff4c 8d0d 3814 0100  ..H.5....1..0i..H.5....1.H....i..L..8...
2021-03-15T22:19:32.4434728Z 0000e768: b962 0100 0052 4989 c0ba 1c01 0000 53e9 a6fe ffff 488d 355a 0f01 0031 ffe8 f668 ffff b972 0100 00ba  .b...RI.......S.....H.5Z...1...h...r....
2021-03-15T22:19:32.4436105Z 0000e790: 1701 0000 4c8d 05c4 3901 0049 89c1 e963 fdff ff48 8d35 5a08 0100 31ff e8cf 68ff ff48 8d35 890b 0100  ....L...9..I...c...H.5Z...1...h..H.5....
2021-03-15T22:19:32.4437355Z 0000e7b8: 31ff 4889 c3e8 be68 ffff 4c8d 0dd7 1301 00ba 1501 0000 5149 89c0 b962 0100 0053 e945 feff ff48 8d35  1.H....h..L...........QI...b...S.E...H.5
2021-03-15T22:19:32.4438204Z 0000e7e0: f90e 0100 31ff e895 68ff ffb9 7201 0000 ba10 0100 004c 8d05 6339 0100 4989 c1e9 02fd ffff 488d 35f9  ....1...h...r........L..c9..I.......H.5.
2021-03-15T22:19:32.4438831Z 0000e808: 0701 0031 ffe8 6e68 ffff 488d 3528 0b01 0031 ff48 89c3 e85d 68ff ffb9 6201 0000 ba0e 0100 004c 8d0d  ...1..nh..H.5(...1.H...]h...b........L..
2021-03-15T22:19:32.4439477Z 0000e830: 6c13 0100 5649 89c0 53e9 e4fd ffff 488d 3598 0e01 0031 ffe8 3468 ffff b972 0100 00ba df00 0000 4c8d  l...VI..S.....H.5....1..4h...r........L.
2021-03-15T22:19:32.4440231Z 0000e858: 0502 3901 0049 89c1 e9a1 fcff ff48 8d35 9807 0100 31ff e80d 68ff ff31 ff48 8d35 c50a 0100 4889 c3e8  ..9..I.......H.5....1...h..1.H.5....H...
2021-03-15T22:19:32.4440876Z 0000e880: fc67 ffff b962 0100 00ba 0701 0000 4c8d 0d0b 1301 0057 4989 c053 e983 fdff ff48 8d35 370e 0100 31ff  .g...b........L......WI..S.....H.57...1.
2021-03-15T22:19:32.4441525Z 0000e8a8: e8d3 67ff ffb9 7201 0000 ba02 0100 004c 8d05 a138 0100 4989 c1e9 40fc ffff 488d 3537 0701 0031 ffe8  ..g...r........L...8..I...@...H.57...1..
2021-03-15T22:19:32.4442175Z 0000e8d0: ac67 ffff 488d 3566 0a01 0031 ff48 89c3 e89b 67ff ffb9 6201 0000 ba00 0100 0041 5149 89c0 4c8d 0da5  .g..H.5f...1.H....g...b........AQI..L...
2021-03-15T22:19:32.4442850Z 0000e8f8: 1201 0053 e921 fdff ff48 8d35 d50d 0100 31ff e871 67ff ffb9 7201 0000 bafb 0000 004c 8d05 3f38 0100  ...S.!...H.5....1..qg...r........L..?8..
2021-03-15T22:19:32.4444109Z 0000e920: 4989 c1e9 defb ffff 488d 35d5 0601 0031 ffe8 4a67 ffff 488d 3504 0a01 0031 ff48 89c3 e839 67ff ffb9  I.......H.5....1..Jg..H.5....1.H...9g...
2021-03-15T22:19:32.4445247Z 0000e948: 6201 0000 baf9 0000 004c 8d0d 4812 0100 4152 4989 c053 e9bf fcff ff48 8d35 730d 0100 31ff e80f 67ff  b........L..H...ARI..S.....H.5s...1...g.
2021-03-15T22:19:32.4445985Z 0000e970: ffb9 7201 0000 baf4 0000 004c 8d05 dd37 0100 4989 c1e9 7cfb ffff 488d 3573 0601 0031 ffe8 e866 ffff  ..r........L...7..I...|...H.5s...1...f..
2021-03-15T22:19:32.4446982Z 0000e998: 488d 35a2 0901 0031 ff48 89c3 e8d7 66ff ffb9 6201 0000 baf2 0000 004c 8d0d e611 0100 4153 4989 c053  H.5....1.H....f...b........L......ASI..S
2021-03-15T22:19:32.4447648Z 0000e9c0: e95d fcff ff48 8d35 110d 0100 31ff e8ad 66ff ffb9 7201 0000 bad6 0000 004c 8d05 7b37 0100 4989 c1e9  .]...H.5....1...f...r........L..{7..I...
2021-03-15T22:19:32.4448425Z 0000e9e8: 1afb ffff 488d 3511 0601 0031 ffe8 8666 ffff 488d 3540 0901 0031 ff48 89c3 e875 66ff ffb9 6201 0000  ....H.5....1...f..H.5@...1.H...uf...b...
2021-03-15T22:19:32.4449130Z 0000ea10: 55ba eb00 0000 5349 89c0 4c8d 0d7f 1101 00e9 fcfb ffff 488d 35b0 0c01 0031 ffe8 4c66 ffff b972 0100  U.....SI..L...........H.5....1..Lf...r..
2021-03-15T22:19:32.4449792Z 0000ea38: 00ba e600 0000 4c8d 051a 3701 0049 89c1 e9b9 faff ff48 8d35 b005 0100 31ff e825 66ff ff48 8d35 df08  ......L...7..I.......H.5....1..%f..H.5..
2021-03-15T22:19:32.4450780Z 0000ea60: 0100 31ff 4889 c3e8 1466 ffff 4c8d 0d2d 1101 0041 54b9 6201 0000 5349 89c0 bae4 0000 00e9 9afb ffff  ..1.H....f..L..-...AT.b...SI............
2021-03-15T22:19:32.4451380Z 0000ea88: 0f1f 8400 0000 0000 c705 4ab7 0100 0100 0000 c30f 1f44 0000 c705 36b7 0100 0100 0000 c30f 1f44 0000  ..........J..........D....6..........D..
2021-03-15T22:19:32.4451948Z 0000eab0: 4156 b940 0100 00ba b201 0000 4155 4989 fd48 8d3d 101a 0100 4154 5589 f548 8d35 ef10 0100 5348 81ec  AV.@........AUI..H.=....ATU..H.5....SH..
2021-03-15T22:19:32.4452499Z 0000ead8: b000 0000 6448 8b04 2528 0000 0048 8984 24a8 0000 0031 c04c 8d74 2420 48c7 4424 1800 0000 00e8 ae66  ....dH..%(...H..$....1.L.t$ H.D$.......f
2021-03-15T22:19:32.4453069Z 0000eb00: ffff 4c89 f248 8d35 f4b6 0100 31ff e83d 65ff ff48 8b1d 36b6 0100 4885 db74 3d4c 8d64 2418 0f1f 4000  ..L..H.5....1..=e..H..6...H..t=L.d$...@.
2021-03-15T22:19:32.4453666Z 0000eb28: 488b 4340 8178 040c 0001 0076 1f48 8378 6000 7418 8b7b 38e8 ec6a ffff 488b 4340 4c89 e689 efff 5060  H.C@.x.....v.H.x`.t..{8..j..H.C@L.....P`
2021-03-15T22:19:32.4454395Z 0000eb50: 85c0 7e6c 488b 1b48 85db 75cc 8b3d beb5 0100 e8c9 6aff ff31 d24c 89f6 bf02 0000 00e8 da64 ffff b940  ..~lH..H..u..=......j..1.L.........d...@
2021-03-15T22:19:32.4455020Z 0000eb78: 0100 00ba ca01 0000 488d 353c 1001 0048 8d3d 4a19 0100 e88d 6aff ff48 8b84 24a8 0000 0064 482b 0425  ........H.5<...H.=J.....j..H..$....dH+.%
2021-03-15T22:19:32.4455768Z 0000eba0: 2800 0000 7570 4881 c4b0 0000 005b 5d41 5c41 5d41 5ec3 662e 0f1f 8400 0000 0000 488b 4340 488b 5424  (...upH......[]A\A]A^.f.........H.C@H.T$
2021-03-15T22:19:32.4456604Z 0000ebc8: 1848 c740 6000 0000 0049 8b45 1848 8b88 b800 0000 4885 d274 1348 8b7b 18be 0200 0000 e8b1 cb00 00e9  .H.@`....I.E.H......H..t.H.{............
2021-03-15T22:19:32.4457243Z 0000ebf0: 68ff ffff ba05 0000 0048 8d35 d00f 0100 31ff 4889 4c24 08e8 f466 ffff 488b 4c24 0848 89c2 ebcb e845  h........H.5....1.H.L$...f..H.L$.H.....E
2021-03-15T22:19:32.4457891Z 0000ec18: 67ff ff0f 1f44 0000 4157 b940 0100 0041 5641 5541 5449 89fc 488d 3dd9 1901 0055 89f5 488d 3582 0f01  g....D..AW.@...AVAUATI..H.=....U..H.5...
2021-03-15T22:19:32.4458500Z 0000ec40: 0053 4881 ecb8 0000 0048 8954 2408 4c8d 7c24 20ba f200 0000 4c8d 6c24 1864 488b 0425 2800 0000 4889  .SH......H.T$.L.|$ .....L.l$.dH..%(...H.
2021-03-15T22:19:32.4459797Z 0000ec68: 8424 a800 0000 31c0 48c7 4424 1800 0000 00e8 3265 ffff 4c89 fa48 8d35 78b5 0100 31ff e8c1 63ff ff48  .$....1.H.D$......2e..L..H.5x...1...c..H
2021-03-15T22:19:32.4460735Z 0000ec90: 8b1d bab4 0100 4885 db74 360f 1f44 0000 488b 4340 4883 7830 0074 1e8b 7b38 e87d 69ff ff48 8b43 404c  ......H..t6..D..H.C@H.x0.t..{8.}i..H.C@L
2021-03-15T22:19:32.4461372Z 0000ecb8: 89ea 89ee 4c89 e7ff 5030 4189 c685 c07e 7f48 8b1b 4885 db75 cf41 be01 0000 0041 bc01 0000 008b 3d3d  ....L...P0A....~.H..H..u.A.....A......==
2021-03-15T22:19:32.4462388Z 0000ece0: b401 00e8 4869 ffff 31d2 4c89 febf 0200 0000 e859 63ff ff45 89f0 b940 0100 00ba 0f01 0000 488d 35b8  ....Hi..1.L........Yc..E...@........H.5.
2021-03-15T22:19:32.4463535Z 0000ed08: 0e01 0048 8d3d fe18 0100 e889 6cff ff48 8b84 24a8 0000 0064 482b 0425 2800 0000 0f85 c100 0000 4881  ...H.=......l..H..$....dH+.%(.........H.
2021-03-15T22:19:32.4464303Z 0000ed30: c4b8 0000 0044 89e0 5b5d 415c 415d 415e 415f c30f 1f44 0000 488b 4424 0848 8b54 2418 488b 4008 488b  .....D..[]A\A]A^A_...D..H.D$.H.T$.H.@.H.
2021-03-15T22:19:32.4465208Z 0000ed58: 4018 488b 88b8 0000 0074 2d48 8b43 4048 c740 3000 0000 0048 85d2 7459 488b 7b18 be02 0000 0045 31f6  @.H......t-H.C@H.@0....H..tYH.{......E1.
2021-03-15T22:19:32.4466262Z 0000ed80: 4531 e4e8 18ca 0000 e950 ffff ff0f 1f00 4885 d274 1648 8b7b 18be 0200 0000 4531 e4e8 aac7 0000 e932  E1.......P......H..t.H.{......E1.......2
2021-03-15T22:19:32.4467488Z 0000eda8: ffff ffba 0500 0000 488d 3539 1001 0031 ff48 894c 2408 e83d 65ff ff48 8b4c 2408 4889 c2eb c8ba 0500  ........H.59...1.H.L$..=e..H.L$.H.......
2021-03-15T22:19:32.4468143Z 0000edd0: 0000 488d 350d 0e01 0031 ff48 894c 2408 e81b 65ff ff48 8b4c 2408 4889 c2eb 85e8 6c65 ffff 6666 2e0f  ..H.5....1.H.L$...e..H.L$.H.....le..ff..
2021-03-15T22:19:32.4468927Z 0000edf8: 1f84 0000 0000 0090 4157 b940 0100 0041 5641 5541 5449 89fc 488d 3dd9 1701 0055 89f5 488d 35a2 0d01  ........AW.@...AVAUATI..H.=....U..H.5...
2021-03-15T22:19:32.4469852Z 0000ee20: 0053 4881 ecb8 0000 0048 8954 2408 4c8d 7c24 20ba ca00 0000 4c8d 6c24 1864 488b 0425 2800 0000 4889  .SH......H.T$.L.|$ .....L.l$.dH..%(...H.
2021-03-15T22:19:32.4470802Z 0000ee48: 8424 a800 0000 31c0 48c7 4424 1800 0000 00e8 5263 ffff 4c89 fa48 8d35 98b3 0100 31ff e8e1 61ff ff48  .$....1.H.D$......Rc..L..H.5....1...a..H
2021-03-15T22:19:32.4471605Z 0000ee70: 8b1d dab2 0100 4885 db74 360f 1f44 0000 488b 4340 4883 7820 0074 1e8b 7b38 e89d 67ff ff48 8b43 404c  ......H..t6..D..H.C@H.x .t..{8..g..H.C@L
2021-03-15T22:19:32.4473194Z 0000ee98: 89ea 89ee 4c89 e7ff 5020 4189 c685 c07e 7f48 8b1b 4885 db75 cf41 be01 0000 0041 bc01 0000 008b 3d5d  ....L...P A....~.H..H..u.A.....A......=]
2021-03-15T22:19:32.4474436Z 0000eec0: b201 00e8 6867 ffff 31d2 4c89 febf 0200 0000 e879 61ff ff45 89f0 b940 0100 00ba e700 0000 488d 35d8  ....hg..1.L........ya..E...@........H.5.
2021-03-15T22:19:32.4475301Z 0000eee8: 0c01 0048 8d3d fe16 0100 e8a9 6aff ff48 8b84 24a8 0000 0064 482b 0425 2800 0000 0f85 c100 0000 4881  ...H.=......j..H..$....dH+.%(.........H.
2021-03-15T22:19:32.4476422Z 0000ef10: c4b8 0000 0044 89e0 5b5d 415c 415d 415e 415f c30f 1f44 0000 488b 4424 0848 8b54 2418 488b 4008 488b  .....D..[]A\A]A^A_...D..H.D$.H.T$.H.@.H.
2021-03-15T22:19:32.4478242Z 0000ef38: 4018 488b 88b8 0000 0074 2d48 8b43 4048 c740 2000 0000 0048 85d2 7459 488b 7b18 be02 0000 0045 31f6  @.H......t-H.C@H.@ ....H..tYH.{......E1.
2021-03-15T22:19:32.4482198Z 0000ef60: 4531 e4e8 38c8 0000 e950 ffff ff0f 1f00 4885 d274 1648 8b7b 18be 0200 0000 4531 e4e8 cac5 0000 e932  E1..8....P......H..t.H.{......E1.......2
2021-03-15T22:19:32.4483411Z 0000ef88: ffff ffba 0500 0000 488d 3559 0e01 0031 ff48 894c 2408 e85d 63ff ff48 8b4c 2408 4889 c2eb c8ba 0500  ........H.5Y...1.H.L$..]c..H.L$.H.......
2021-03-15T22:19:32.4485035Z 0000efb0: 0000 488d 352d 0c01 0031 ff48 894c 2408 e83b 63ff ff48 8b4c 2408 4889 c2eb 85e8 8c63 ffff 6666 2e0f  ..H.5-...1.H.L$..;c..H.L$.H......c..ff..
2021-03-15T22:19:32.4485938Z 0000efd8: 1f84 0000 0000 0090 4157 b940 0100 0041 5649 89d6 ba80 0100 0041 5541 5449 89fc 488d 3d31 1601 0055  ........AW.@...AVI.......AUATI..H.=1...U
2021-03-15T22:19:32.4486935Z 0000f000: 89f5 488d 35ba 0b01 0053 4881 ecb8 0000 0064 488b 0425 2800 0000 4889 8424 a800 0000 31c0 4c8d 7c24  ..H.5....SH......dH..%(...H..$....1.L.|$
2021-03-15T22:19:32.4487826Z 0000f028: 204c 8d6c 2418 48c7 4424 1800 0000 00e8 7461 ffff 4c89 fa48 8d35 bab1 0100 31ff e803 60ff ff48 8b1d   L.l$.H.D$......ta..L..H.5....1...`..H..
2021-03-15T22:19:32.4488572Z 0000f050: fcb0 0100 4885 db74 350f 1f80 0000 0000 488b 4340 4883 7840 0074 1b8b 7b38 e8bd 65ff ff48 8b43 404c  ....H..t5.......H.C@H.x@.t..{8..e..H.C@L
2021-03-15T22:19:32.4489476Z 0000f078: 89ea 89ee 4c89 e7ff 5040 85c0 7e7a 488b 1b48 85db 75d2 8b3d 8cb0 0100 bb01 0000 0041 bc01 0000 00e8  ....L...P@..~zH..H..u..=.........A......
2021-03-15T22:19:32.4490503Z 0000f0a0: 8c65 ffff 31d2 4c89 febf 0200 0000 e89d 5fff ff41 89d8 b940 0100 00ba a801 0000 488d 35fc 0a01 0048  .e..1.L........._..A...@........H.5....H
2021-03-15T22:19:32.4491293Z 0000f0c8: 8d3d 6215 0100 e8cd 68ff ff48 8b84 24a8 0000 0064 482b 0425 2800 0000 0f85 1c01 0000 4881 c4b8 0000  .=b.....h..H..$....dH+.%(.........H.....
2021-03-15T22:19:32.4492179Z 0000f0f0: 0044 89e0 5b5d 415c 415d 415e 415f c390 498b 4608 488b 5424 1848 8b40 1848 8b88 b800 0000 757a 4885  .D..[]A\A]A^A_..I.F.H.T$.H.@.H......uzH.
2021-03-15T22:19:32.4493821Z 0000f118: d20f 84a0 0000 0048 8b7b 18be 0200 0000 e823 c400 008b 3ded af01 00e8 f864 ffff 4883 ec08 41ff 7618  .......H.{.......#....=......d..H...A.v.
2021-03-15T22:19:32.4494842Z 0000f140: baa0 0100 0031 c04c 8d0d e214 0100 4c8d 05bb 0c01 00b9 4601 0000 31db 4c89 cf48 8d35 5d0a 0100 4531  .....1.L......L.......F...1.L..H.5]...E1
2021-03-15T22:19:32.4495789Z 0000f168: e4e8 2267 ffff 498b 7e18 e8e9 68ff ff58 5a49 c746 1800 0000 0049 c746 2800 0000 00e9 16ff ffff 6690  .."g..I.~...h..XZI.F.....I.F(.........f.
2021-03-15T22:19:32.4496509Z 0000f190: 488b 4340 48c7 4040 0000 0000 4885 d274 4348 8b7b 18be 0200 0000 e8f1 c500 008b 3d6b af01 00e8 7664  H.C@H.@@....H..tCH.{............=k....vd
2021-03-15T22:19:32.4497404Z 0000f1b8: ffff e979 ffff ffba 0500 0000 488d 3525 0c01 0031 ff48 894c 2408 e829 61ff ff48 8b4c 2408 4889 c2e9  ...y........H.5%...1.H.L$..)a..H.L$.H...
2021-03-15T22:19:32.4498652Z 0000f1e0: 3bff ffff ba05 0000 0048 8d35 f609 0100 31ff 4889 4c24 08e8 0461 ffff 488b 4c24 0848 89c2 eb9b e855  ;........H.5....1.H.L$...a..H.L$.H.....U
2021-03-15T22:19:32.4499304Z 0000f208: 61ff ff0f 1f44 0000 4157 b940 0100 0041 5649 89d6 ba4d 0100 0041 5541 5449 89fc 488d 3df1 1301 0055  a....D..AW.@...AVI...M...AUATI..H.=....U
2021-03-15T22:19:32.4499905Z 0000f230: 89f5 488d 358a 0901 0053 4881 ecb8 0000 0064 488b 0425 2800 0000 4889 8424 a800 0000 31c0 4c8d 7c24  ..H.5....SH......dH..%(...H..$....1.L.|$
2021-03-15T22:19:32.4500630Z 0000f258: 204c 8d6c 2418 48c7 4424 1800 0000 00e8 445f ffff 4c89 fa48 8d35 8aaf 0100 31ff e8d3 5dff ff48 8b1d   L.l$.H.D$......D_..L..H.5....1...]..H..
2021-03-15T22:19:32.4501271Z 0000f280: ccae 0100 4885 db74 350f 1f80 0000 0000 488b 4340 4883 7838 0074 1b8b 7b38 e88d 63ff ff48 8b43 404c  ....H..t5.......H.C@H.x8.t..{8..c..H.C@L
2021-03-15T22:19:32.4501914Z 0000f2a8: 89ea 89ee 4c89 e7ff 5038 85c0 7e7a 488b 1b48 85db 75d2 8b3d 5cae 0100 bb01 0000 0041 bc01 0000 00e8  ....L...P8..~zH..H..u..=\........A......
2021-03-15T22:19:32.4502631Z 0000f2d0: 5c63 ffff 31d2 4c89 febf 0200 0000 e86d 5dff ff41 89d8 b940 0100 00ba 7501 0000 488d 35cc 0801 0048  \c..1.L........m]..A...@....u...H.5....H
2021-03-15T22:19:32.4503406Z 0000f2f8: 8d3d 2213 0100 e89d 66ff ff48 8b84 24a8 0000 0064 482b 0425 2800 0000 0f85 1c01 0000 4881 c4b8 0000  .=".....f..H..$....dH+.%(.........H.....
2021-03-15T22:19:32.4504338Z 0000f320: 0044 89e0 5b5d 415c 415d 415e 415f c390 498b 4608 488b 5424 1848 8b40 1848 8b88 b800 0000 757a 4885  .D..[]A\A]A^A_..I.F.H.T$.H.@.H......uzH.
2021-03-15T22:19:32.4505422Z 0000f348: d20f 84a0 0000 0048 8b7b 18be 0200 0000 e8f3 c100 008b 3dbd ad01 00e8 c862 ffff 4883 ec08 41ff 7618  .......H.{............=......b..H...A.v.
2021-03-15T22:19:32.4506988Z 0000f370: ba6d 0100 0031 c04c 8d0d a212 0100 4c8d 05bb 0a01 00b9 4601 0000 31db 4c89 cf48 8d35 2d08 0100 4531  .m...1.L......L.......F...1.L..H.5-...E1
2021-03-15T22:19:32.4507676Z 0000f398: e4e8 f264 ffff 498b 7e18 e8b9 66ff ff58 5a49 c746 1800 0000 0049 c746 2800 0000 00e9 16ff ffff 6690  ...d..I.~...f..XZI.F.....I.F(.........f.
2021-03-15T22:19:32.4508530Z 0000f3c0: 488b 4340 48c7 4038 0000 0000 4885 d274 4348 8b7b 18be 0200 0000 e8c1 c300 008b 3d3b ad01 00e8 4662  H.C@H.@8....H..tCH.{............=;....Fb
2021-03-15T22:19:32.4509486Z 0000f3e8: ffff e979 ffff ffba 0500 0000 488d 35f5 0901 0031 ff48 894c 2408 e8f9 5eff ff48 8b4c 2408 4889 c2e9  ...y........H.5....1.H.L$...^..H.L$.H...
2021-03-15T22:19:32.4510129Z 0000f410: 3bff ffff ba05 0000 0048 8d35 c607 0100 31ff 4889 4c24 08e8 d45e ffff 488b 4c24 0848 89c2 eb9b e825  ;........H.5....1.H.L$...^..H.L$.H.....%
2021-03-15T22:19:32.4510746Z 0000f438: 5fff ff0f 1f44 0000 4157 b940 0100 0041 5649 89d6 ba1a 0100 0041 5541 5449 89fc 488d 3da1 1101 0055  _....D..AW.@...AVI.......AUATI..H.=....U
2021-03-15T22:19:32.4511354Z 0000f460: 89f5 488d 355a 0701 0053 4881 ecb8 0000 0064 488b 0425 2800 0000 4889 8424 a800 0000 31c0 4c8d 7c24  ..H.5Z...SH......dH..%(...H..$....1.L.|$
2021-03-15T22:19:32.4511950Z 0000f488: 204c 8d6c 2418 48c7 4424 1800 0000 00e8 145d ffff 4c89 fa48 8d35 5aad 0100 31ff e8a3 5bff ff48 8b1d   L.l$.H.D$.......]..L..H.5Z...1...[..H..
2021-03-15T22:19:32.4512578Z 0000f4b0: 9cac 0100 4885 db74 350f 1f80 0000 0000 488b 4340 4883 7828 0074 1b8b 7b38 e85d 61ff ff48 8b43 404c  ....H..t5.......H.C@H.x(.t..{8.]a..H.C@L
2021-03-15T22:19:32.4513382Z 0000f4d8: 89ea 89ee 4c89 e7ff 5028 85c0 7e7a 488b 1b48 85db 75d2 8b3d 2cac 0100 bb01 0000 0041 bc01 0000 00e8  ....L...P(..~zH..H..u..=,........A......
2021-03-15T22:19:32.4514028Z 0000f500: 2c61 ffff 31d2 4c89 febf 0200 0000 e83d 5bff ff41 89d8 b940 0100 00ba 4201 0000 488d 359c 0601 0048  ,a..1.L........=[..A...@....B...H.5....H
2021-03-15T22:19:32.4514778Z 0000f528: 8d3d d210 0100 e86d 64ff ff48 8b84 24a8 0000 0064 482b 0425 2800 0000 0f85 1c01 0000 4881 c4b8 0000  .=.....md..H..$....dH+.%(.........H.....
2021-03-15T22:19:32.4515353Z 0000f550: 0044 89e0 5b5d 415c 415d 415e 415f c390 498b 4608 488b 5424 1848 8b40 1848 8b88 b800 0000 757a 4885  .D..[]A\A]A^A_..I.F.H.T$.H.@.H......uzH.
2021-03-15T22:19:32.4515933Z 0000f578: d20f 84a0 0000 0048 8b7b 18be 0200 0000 e8c3 bf00 008b 3d8d ab01 00e8 9860 ffff 4883 ec08 41ff 7618  .......H.{............=......`..H...A.v.
2021-03-15T22:19:32.4516557Z 0000f5a0: ba3a 0100 0031 c04c 8d0d 5210 0100 4c8d 05bb 0801 00b9 4601 0000 31db 4c89 cf48 8d35 fd05 0100 4531  .:...1.L..R...L.......F...1.L..H.5....E1
2021-03-15T22:19:32.4517201Z 0000f5c8: e4e8 c262 ffff 498b 7e18 e889 64ff ff58 5a49 c746 1800 0000 0049 c746 2800 0000 00e9 16ff ffff 6690  ...b..I.~...d..XZI.F.....I.F(.........f.
2021-03-15T22:19:32.4518123Z 0000f5f0: 488b 4340 48c7 4028 0000 0000 4885 d274 4348 8b7b 18be 0200 0000 e891 c100 008b 3d0b ab01 00e8 1660  H.C@H.@(....H..tCH.{............=......`
2021-03-15T22:19:32.4518754Z 0000f618: ffff e979 ffff ffba 0500 0000 488d 35c5 0701 0031 ff48 894c 2408 e8c9 5cff ff48 8b4c 2408 4889 c2e9  ...y........H.5....1.H.L$...\..H.L$.H...
2021-03-15T22:19:32.4519397Z 0000f640: 3bff ffff ba05 0000 0048 8d35 9605 0100 31ff 4889 4c24 08e8 a45c ffff 488b 4c24 0848 89c2 eb9b e8f5  ;........H.5....1.H.L$...\..H.L$.H......
2021-03-15T22:19:32.4520089Z 0000f668: 5cff ff0f 1f44 0000 4154 b940 0100 00ba 9406 0000 488d 3540 0501 0055 4889 fd48 8d3d ea0d 0100 53e8  \....D..AT.@........H.5@...UH..H.=....S.
2021-03-15T22:19:32.4520707Z 0000f690: 1c5b ffff 488b 1d55 ab01 0048 85db 0f84 4c01 0000 4c8d 25f5 0701 00eb 0f0f 1f00 488b 1b48 85db 0f84  .[..H..U...H....L...L.%.........H..H....
2021-03-15T22:19:32.4521331Z 0000f6b8: 3401 0000 4c8b 4b10 4d85 c974 6683 3db4 ab01 0001 740c 418b 4138 3905 4c99 0100 7451 817b 2800 0001  4...L.K.M..tf.=.....t.A.A89.L...tQ.{(...
2021-03-15T22:19:32.4521965Z 0000f6e0: 0074 4841 0fbf 413c 4d89 e0b9 4601 0000 baa0 0600 0048 8d35 c704 0100 488d 3d75 0d01 0050 418b 4138  .tHA..A<M...F........H.5....H.=u...PA.A8
2021-03-15T22:19:32.4522651Z 0000f708: 5031 c0e8 8061 ffff 488b 7310 4889 ef31 c931 d2e8 0062 ffff 5e5f 83f8 ff0f 84e6 0000 004c 8b4b 184d  P1...a..H.s.H..1.1...b..^_.........L.K.M
2021-03-15T22:19:32.4523341Z 0000f730: 85c9 0f84 78ff ffff 8b43 2c39 4328 0f8e 6cff ffff 410f bf41 3cb9 4601 0000 4c8d 0573 0701 00ba aa06  ....x....C,9C(..l...A..A<.F...L..s......
2021-03-15T22:19:32.4524012Z 0000f758: 0000 488d 3562 0401 0048 8d3d 100d 0100 5041 8b41 3850 31c0 e81b 61ff ff48 8b73 1831 c931 d248 89ef  ..H.5b...H.=....PA.A8P1...a..H.s.1.1.H..
2021-03-15T22:19:32.4524725Z 0000f780: e89b 61ff ff5a 5983 f8ff 0f85 20ff ffff 488d 3546 ff00 0031 ffe8 e258 ffff b972 0100 00ba ae06 0000  ..a..ZY..... ...H.5F...1...X...r........
2021-03-15T22:19:32.4525380Z 0000f7a8: 4c8d 05b0 2901 0049 89c1 488d 350a 0401 0048 8d3d b80c 0100 31c0 e8c9 60ff ff48 8d35 0fff 0000 31ff  L...)..I..H.5....H.=....1...`..H.5....1.
2021-03-15T22:19:32.4525999Z 0000f7d0: e8ab 58ff ff48 8d3d 8329 0100 4889 c631 c0e8 6a60 ffff 662e 0f1f 8400 0000 0000 5bb9 4001 0000 5dba  ..X..H.=.)..H..1..j`..f.........[.@...].
2021-03-15T22:19:32.4526631Z 0000f7f8: b206 0000 488d 35c0 0301 0048 8d3d 6e0c 0100 415c e90f 5eff ff48 8d35 c5fe 0000 31ff e861 58ff ffb9  ....H.5....H.=n...A\..^..H.5....1..aX...
2021-03-15T22:19:32.4527262Z 0000f820: 7201 0000 baa4 0600 004c 8d05 2f29 0100 4989 c1e9 7aff ffff 0f1f 8400 0000 0000 4154 b940 0100 0041  r........L../)..I...z...........AT.@...A
2021-03-15T22:19:32.4528060Z 0000f848: 89f4 488d 3572 0301 0055 89d5 ba81 0300 0053 4889 fb48 8d3d 2c0d 0100 e847 59ff ffbe 1800 0000 bf01  ..H.5r...U.......SH..H.=,....GY.........
2021-03-15T22:19:32.4528842Z 0000f870: 0000 00e8 585d ffff 4885 c074 6a48 8b93 9000 0000 4489 6010 b901 0000 0048 8b73 3048 8b7b 2089 6814  ....X]..H..tjH......D.`......H.s0H.{ .h.
2021-03-15T22:19:32.4529427Z 0000f898: 4889 5008 48c7 0000 0000 0048 8902 31d2 4889 8390 0000 00e8 6c60 ffff 83f8 ff0f 84a3 0000 0048 8b7b  H.P.H......H..1.H.......l`...........H.{
2021-03-15T22:19:32.4530026Z 0000f8c0: 20e8 ea59 ffff 5bb9 4001 0000 5dba 8f03 0000 488d 35ea 0201 0048 8d3d b00c 0100 415c e939 5dff ff48   ..Y..[.@...].....H.5....H.=....A\.9]..H
2021-03-15T22:19:32.4530691Z 0000f8e8: 8d35 16f7 0000 31ff e88b 57ff ff48 8d35 45fa 0000 31ff 4889 c3e8 7a57 ffff ba84 0300 004c 8d0d 7e0c  .5....1...W..H.5E...1.H...zW.......L..~.
2021-03-15T22:19:32.4531370Z 0000f910: 0100 b962 0100 0049 89c0 504c 89cf 488d 359e 0201 0053 31c0 e863 5fff ff48 8d35 d0f6 0000 31ff e845  ...b...I..PL..H.5....S1..c_..H.5....1..E
2021-03-15T22:19:32.4532051Z 0000f938: 57ff ff48 8d35 fff9 0000 31ff 4989 c4e8 3457 ffff 4c89 e248 8d35 3a0c 0100 4889 c731 c0e8 c05b ffff  W..H.5....1.I...4W..L..H.5:...H..1...[..
2021-03-15T22:19:32.4533129Z 0000f960: 488d 3576 fd00 0031 ffe8 1257 ffff b972 0100 004c 8d05 e527 0100 ba8a 0300 0049 89c1 488d 353a 0201  H.5v...1...W...r...L...'.......I..H.5:..
2021-03-15T22:19:32.4534063Z 0000f988: 0048 8d3d 000c 0100 31c0 e8f9 5eff ff48 8d35 3ffd 0000 31ff e8db 56ff ff48 8d3d b327 0100 4889 c631  .H.=....1...^..H.5?...1...V..H.=.'..H..1
2021-03-15T22:19:32.4534661Z 0000f9b0: c0e8 9a5e ffff 662e 0f1f 8400 0000 0000 4154 b940 0100 0041 89f4 ba99 0300 0055 488d 35ec 0101 0048  ...^..f.........AT.@...A.......UH.5....H
2021-03-15T22:19:32.4535268Z 0000f9d8: 89fd 488d 3dcf 0b01 0053 4883 ec30 6448 8b04 2528 0000 0048 8944 2428 31c0 e8b5 57ff ff45 85e4 0f84  ..H.=....SH..0dH..%(...H.D$(1...W..E....
2021-03-15T22:19:32.4536006Z 0000fa00: c400 0000 4889 e341 83fc fe0f 84ef 0000 0041 83fc fd0f 848d 0000 0048 89de 4489 e7e8 aa59 ffff 83f8  ....H..A.........A.........H..D....Y....
2021-03-15T22:19:32.4536662Z 0000fa28: ff0f 84f1 0000 00b9 4501 0000 31c0 4989 d9ba a403 0000 4c8d 05b2 0101 0048 8d35 7701 0100 488d 3d5d  ........E...1.I.......L......H.5w...H.=]
2021-03-15T22:19:32.4537277Z 0000fa50: 0b01 00e8 385e ffff 4489 e2be 0300 0000 4889 efe8 d8fd ffff b940 0100 00ba a803 0000 488d 354a 0101  ....8^..D.......H........@........H.5J..
2021-03-15T22:19:32.4538105Z 0000fa78: 0048 8d3d 300b 0100 e89b 5bff ff48 8b44 2428 6448 2b04 2528 0000 000f 85af 0000 0048 83c4 305b 5d41  .H.=0.....[..H.D$(dH+.%(.........H..0[]A
2021-03-15T22:19:32.4538943Z 0000faa0: 5cc3 660f 1f44 0000 ba20 0000 0048 8d35 c5fa 0000 4889 dfe8 745a ffff e96e ffff ff0f 1f80 0000 0000  \.f..D... ...H.5....H...tZ...n..........
2021-03-15T22:19:32.4539880Z 0000fac8: 488b 4424 2864 482b 0425 2800 0000 7570 4883 c430 b940 0100 00ba 9c03 0000 5b48 8d35 d500 0100 488d  H.D$(dH+.%(...upH..0.@........[H.5....H.
2021-03-15T22:19:32.4540710Z 0000faf0: 3dbb 0a01 005d 415c e923 5bff ff0f 1f00 ba20 0000 0048 8d35 65fa 0000 4889 dfe8 1c5a ffff e916 ffff  =....]A\.#[...... ...H.5e...H....Z......
2021-03-15T22:19:32.4541521Z 0000fb18: ff0f 1f80 0000 0000 4589 e14c 8d05 12fb 0000 4889 df31 c0b9 2000 0000 ba01 0000 00be 2000 0000 e81d  ........E..L......H..1.. ......... .....
2021-03-15T22:19:32.4542153Z 0000fb40: 55ff ffe9 e7fe ffff e813 58ff ff0f 1f00 4157 ba1f 0700 00b9 4001 0000 488d 3560 0001 0041 5641 5541  U.........X.....AW......@...H.5`...AVAUA
2021-03-15T22:19:32.4543389Z 0000fb68: 5455 5348 89fb 488d 3d33 0901 0048 81ec b800 0000 6448 8b04 2528 0000 0048 8984 24a8 0000 0031 c0e8  TUSH..H.=3...H......dH..%(...H..$....1..
2021-03-15T22:19:32.4544151Z 0000fb90: 1c56 ffff 8b3d 8a94 0100 31c0 488d 5424 18be 1354 0000 e805 59ff ff85 c00f 8508 0100 0044 0fb7 6424  .V...=....1.H.T$...T....Y..........D..d$
2021-03-15T22:19:32.4544973Z 0000fbb8: 180f bf43 0c0f b76c 241a 4139 c475 0c0f bf43 0e39 e80f 84e8 0000 008b 4424 18b9 4001 0000 bad4 0100  ...C...l$.A9.u...C.9........D$..@.......
2021-03-15T22:19:32.4545597Z 0000fbe0: 0048 8d35 dbff 0000 488d 3da9 0801 004c 8d74 2420 48c7 4424 1000 0000 0089 4424 0c4c 8d6c 2410 e8a5  .H.5....H.=....L.t$ H.D$......D$.L.l$...
2021-03-15T22:19:32.4546937Z 0000fc08: 55ff ff4c 89f2 488d 35eb a501 0031 ffe8 3454 ffff 4c8b 3d2d a501 004d 85ff 7444 0f1f 8400 0000 0000  U..L..H.5....1..4T..L.=-...M..tD........
2021-03-15T22:19:32.4547878Z 0000fc30: 498b 4740 8178 040b 0001 0076 2748 8378 5800 7420 418b 7f38 e8e3 59ff ff49 8b47 404c 89ea 89ee 4489  I.G@.x.....v'H.xX.t A..8..Y..I.G@L....D.
2021-03-15T22:19:32.4548861Z 0000fc58: e7ff 5058 85c0 0f8e 9c00 0000 4d8b 3f4d 85ff 75c4 8b3d aea4 0100 e8b9 59ff ff31 d24c 89f6 bf02 0000  ..PX........M.?M..u..=......Y..1.L......
2021-03-15T22:19:32.4549733Z 0000fc80: 00e8 ca53 ffff b940 0100 00ba ec01 0000 488d 352c ff00 0048 8d3d fa07 0100 e87d 59ff ff8b 5424 0cbe  ...S...@........H.5,...H.=.....}Y...T$..
2021-03-15T22:19:32.4550543Z 0000fca8: 0500 0000 4889 dfe8 8cfb ffff 8b44 2418 8943 0cb9 4001 0000 ba32 0700 0048 8d35 f7fe 0000 488d 3dd5  ....H........D$..C..@....2...H.5....H.=.
2021-03-15T22:19:32.4551340Z 0000fcd0: 0701 00e8 4859 ffff 488b 8424 a800 0000 6448 2b04 2528 0000 0075 6448 81c4 b800 0000 5b5d 415c 415d  ....HY..H..$....dH+.%(...udH......[]A\A]
2021-03-15T22:19:32.4552283Z 0000fcf8: 415e 415f c30f 1f00 498b 4740 488b 5424 1048 c740 5800 0000 0048 8b43 184c 8ba0 b800 0000 4885 d274  A^A_....I.G@H.T$.H.@X....H.C.L......H..t
2021-03-15T22:19:32.4553057Z 0000fd20: 1649 8b7f 184c 89e1 be02 0000 00e8 6eba 0000 e935 ffff ffba 0500 0000 488d 35d0 fe00 0031 ffe8 b655  .I...L........n....5........H.5....1...U
2021-03-15T22:19:32.4554032Z 0000fd48: ffff 4889 c2eb d2e8 0c56 ffff 6666 2e0f 1f84 0000 0000 0090 4154 b940 0100 00ba f901 0000 4531 e455  ..H......V..ff..........AT.@........E1.U
2021-03-15T22:19:32.4555146Z 0000fd70: 488d 354c fe00 0048 89fd 488d 3d3f 0701 0048 83ec 08e8 2654 ffff 8b3d 9492 0100 83ff ff75 2b45 89e0  H.5L...H..H.=?...H....&T...=.......u+E..
2021-03-15T22:19:32.4556240Z 0000fd98: b940 0100 00ba 0302 0000 488d 351a fe00 0048 8d3d 1007 0100 e8bb 5eff ff48 83c4 0844 89e0 5d41 5cc3  .@........H.5....H.=......^..H...D..]A\.
2021-03-15T22:19:32.4557156Z 0000fdc0: e88b 59ff ff41 89c4 83f8 ff74 c839 4508 4889 ef0f 9405 aba4 0100 e871 fdff ffeb b466 662e 0f1f 8400  ..Y..A.....t.9E.H..........q.....ff.....
2021-03-15T22:19:32.4557966Z 0000fde8: 0000 0000 0f1f 4000 4155 b940 0100 0048 8d35 c5fd 0000 4154 4189 fc48 8d3d 2e07 0100 5553 4889 d3ba  ......@.AU.@...H.5....ATA..H.=....USH...
2021-03-15T22:19:32.4558824Z 0000fe10: 7904 0000 4883 ec38 6448 8b04 2528 0000 0048 8944 2428 31c0 e883 53ff ff48 8bab 8800 0000 4885 ed0f  y...H..8dH..%(...H.D$(1...S..H......H...
2021-03-15T22:19:32.4560005Z 0000fe38: 8444 0100 0049 89e5 e97d 0000 000f 1f00 4883 ec08 b946 0100 00ba 8d04 0000 574c 8d05 0201 0100 31c0  .D...I...}......H....F........WL......1.
2021-03-15T22:19:32.4560694Z 0000fe60: 488d 355c fd00 0048 8d3d ca06 0100 e81d 5aff ff58 488b 4500 5a48 8b55 0848 85c0 0f84 d700 0000 4889  H.5\...H.=......Z..XH.E.ZH.U.H........H.
2021-03-15T22:19:32.4561436Z 0000fe88: 5008 4889 0231 c948 8d75 10ba 0800 0000 4489 e7e8 1055 ffff 4883 f808 0f85 c600 0000 4889 efe8 be51  P.H..1.H.u......D....U..H.........H....Q
2021-03-15T22:19:32.4562163Z 0000feb0: ffff 488b ab88 0000 0048 85ed 0f84 bf00 0000 448b 4d10 8b7d 1441 83f9 0374 3141 83f9 050f 856f ffff  ..H......H........D.M..}.A...t1A.....o..
2021-03-15T22:19:32.4562853Z 0000fed8: ff89 f848 83ec 0844 0fb7 cfb9 4601 0000 c1e8 104c 8d05 2e00 0100 ba88 0400 0050 e961 ffff ff0f 1f00  ...H...D....F......L...........P.a......
2021-03-15T22:19:32.4563562Z 0000ff00: 83ff fe0f 84b7 0000 0083 fffd 0f84 8e00 0000 4c89 eee8 b654 ffff 83f8 ff0f 84bd 0000 00ba 8404 0000  ..................L....T................
2021-03-15T22:19:32.4564207Z 0000ff28: 31c0 4d89 e9b9 4601 0000 4c8d 05b7 ff00 0048 8d35 83fc 0000 488d 3df1 0501 00e8 4459 ffff 488b 4500  1.M...F...L......H.5....H.=.....DY..H.E.
2021-03-15T22:19:32.4564863Z 0000ff50: 488b 5508 4885 c00f 8529 ffff ff48 8993 9000 0000 e921 ffff ff0f 1f80 0000 0000 e88b 51ff ff83 3820  H.U.H....)...H.......!............Q...8 
2021-03-15T22:19:32.4565442Z 0000ff78: 4989 c40f 848f 0000 0048 8b44 2428 6448 2b04 2528 0000 000f 850a 0100 0048 83c4 385b 5d41 5c41 5dc3  I........H.D$(dH+.%(.........H..8[]A\A].
2021-03-15T22:19:32.4566233Z 0000ffa0: ba20 0000 0048 8d35 cdf5 0000 4c89 efe8 7c55 ffff e96a ffff ff0f 1f80 0000 0000 ba20 0000 0048 8d35  . ...H.5....L...|U...j........... ...H.5
2021-03-15T22:19:32.4566950Z 0000ffc8: a5f5 0000 4c89 efe8 5c55 ffff e94a ffff ff0f 1f80 0000 0000 448b 4d14 4c8d 0551 f600 004c 89ef 31c0  ....L...\U...J..........D.M.L..Q...L..1.
2021-03-15T22:19:32.4567659Z 0000fff0: b920 0000 00ba 0100 0000 be20 0000 00e8 5c50 ffff e91a ffff ff0f 1f80 0000 0000 4c8d 0589 ff00 00b9  . ......... ....\P..............L.......
2021-03-15T22:19:32.4568494Z 00010018: 4201 0000 31c0 ba96 0400 0048 8d35 99fb 0000 488d 3d07 0501 00e8 5a58 ffff 4889 efe8 3250 ffff 488b  B...1......H.5....H.=.....ZX..H...2P..H.
2021-03-15T22:19:32.4569712Z 00010040: bb88 0000 0048 85ff 751e eb34 0f1f 4000 4889 5008 4889 02e8 1450 ffff 488b bb88 0000 0048 85ff 7418  .....H..u..4..@.H.P.H....P..H......H..t.
2021-03-15T22:19:32.4571840Z 00010068: 488b 0748 8b57 0848 85c0 75dc 4889 9390 0000 00eb d70f 1f00 488b 4310 488b 7b20 c700 0100 0000 418b  H..H.W.H..u.H...........H.C.H.{ ......A.
2021-03-15T22:19:32.4572665Z 00010090: 1424 8950 04e8 9657 ffff e9e2 feff ffe8 bc52 ffff 6666 2e0f 1f84 0000 0000 0090 4154 b940 0100 0041  .$.P...W.........R..ff..........AT.@...A
2021-03-15T22:19:32.4573444Z 000100b8: 89fc babe 0600 0055 488d 35fc fa00 0048 8d3d 1a04 0100 53e8 dc50 ffff 488b 1d15 a101 0048 85db 0f84  .......UH.5....H.=....S..P..H......H....
2021-03-15T22:19:32.4574788Z 000100e0: a400 0000 488d 2de5 fe00 000f 1f44 0000 4c8b 4b10 4d85 c974 3c41 0fbf 413c 4989 e8b9 4601 0000 bac3  ....H.-......D..L.K.M..t<A..A<I...F.....
2021-03-15T22:19:32.4576762Z 00010108: 0600 0048 8d35 b1fa 0000 488d 3dcf 0301 0050 418b 4138 5031 c0e8 6a57 ffff 488b 7310 31ff e8ef 58ff  ...H.5....H.=....PA.A8P1..jW..H.s.1...X.
2021-03-15T22:19:32.4578090Z 00010130: ff41 5841 594c 8b4b 184d 85c9 743e 410f bf41 3cb9 4601 0000 4c8d 05a9 fe00 00ba c906 0000 488d 3568  .AXAYL.K.M..t>A..A<.F...L...........H.5h
2021-03-15T22:19:32.4579254Z 00010158: fa00 0048 8d3d 8603 0100 5041 8b41 3850 31c0 e821 57ff ff48 8b73 1831 ffe8 a658 ffff 5e5f 488b 1b48  ...H.=....PA.A8P1..!W..H.s.1...X..^_H..H
2021-03-15T22:19:32.4580088Z 00010180: 85db 0f85 68ff ffff e843 4fff ff48 89c5 4885 c00f 84bc 0200 0048 8b1d 50a0 0100 4885 db75 17e9 c600  ....h....CO..H..H........H..P...H..u....
2021-03-15T22:19:32.4580878Z 000101a8: 0000 660f 1f44 0000 488b 1b48 85db 0f84 b400 0000 488b 7310 4885 f674 298b 4638 3905 568e 0100 741e  ..f..D..H..H........H.s.H..t).F89.V...t.
2021-03-15T22:19:32.4581693Z 000101d0: 817b 2800 0001 0074 1531 c931 d248 89ef e83b 57ff ff83 f8ff 0f84 4002 0000 488b 7318 4885 f674 b98b  .{(....t.1.1.H...;W.......@...H.s.H..t..
2021-03-15T22:19:32.4582788Z 000101f8: 432c 3943 287e b131 c931 d248 89ef e815 57ff ff83 f8ff 75a0 488d 35c6 f400 0031 ffe8 624e ffff b972  C,9C(~.1.1.H....W.....u.H.5....1..bN...r
2021-03-15T22:19:32.4584248Z 00010220: 0100 00ba e206 0000 4c8d 0530 1f01 0049 89c1 488d 358a f900 0048 8d3d a802 0100 31c0 e849 56ff ff48  ........L..0...I..H.5....H.=....1..IV..H
2021-03-15T22:19:32.4584971Z 00010248: 8d35 8ff4 0000 31ff e82b 4eff ff48 8d3d 031f 0100 4889 c631 c0e8 ea55 ffff 662e 0f1f 8400 0000 0000  .5....1..+N..H.=....H..1...U..f.........
2021-03-15T22:19:32.4585783Z 00010270: 4c8d 0d71 0201 0048 8d35 45f9 0000 31c0 b946 0100 004c 89cf 4c8d 0591 fd00 00ba e606 0000 e8f7 55ff  L..q...H.5E...1..F...L..L.............U.
2021-03-15T22:19:32.4586574Z 00010298: ffbe 0200 0000 4889 efe8 5a58 ffff 4584 e40f 85b9 0000 0048 8b1d 3a9f 0100 4885 db0f 84d9 0000 0090  ......H...ZX..E........H..:...H.........
2021-03-15T22:19:32.4587798Z 000102c0: 488b 7310 4885 f674 138b 4638 3905 528d 0100 7408 4889 efe8 4457 ffff 488b 7318 4885 f674 0848 89ef  H.s.H..t..F89.R...t.H...DW..H.s.H..t.H..
2021-03-15T22:19:32.4588849Z 000102e8: e833 57ff ff48 8b1b 4885 db75 cb48 8b1d f49e 0100 4885 db75 1be9 9200 0000 662e 0f1f 8400 0000 0000  .3W..H..H..u.H......H..u......f.........
2021-03-15T22:19:32.4589855Z 00010310: 488b 1b48 85db 0f84 7c00 0000 488b 7318 4885 f674 eb8b 432c 3943 287e e331 c931 d248 89ef e8e7 55ff  H..H....|...H.s.H..t..C,9C(~.1.1.H....U.
2021-03-15T22:19:32.4590744Z 00010338: ff83 f8ff 75d2 488d 3598 f300 0031 ffe8 344d ffff b972 0100 00ba fd06 0000 4c8d 0502 1e01 0049 89c1  ....u.H.5....1..4M...r........L......I..
2021-03-15T22:19:32.4591438Z 00010360: e9cd feff ff0f 1f00 4889 efe8 1055 ffff 5bb9 4001 0000 5dba 1407 0000 488d 3540 f800 0048 8d3d 5e01  ........H....U..[.@...].....H.5@...H.=^.
2021-03-15T22:19:32.4592128Z 00010388: 0100 415c e98f 52ff ff0f 1f80 0000 0000 4c8d 0d49 0101 004c 8d05 b2fc 0000 31c0 b946 0100 004c 89cf  ..A\..R.........L..I...L......1..F...L..
2021-03-15T22:19:32.4593032Z 000103b0: ba01 0700 0048 8d35 07f8 0000 e8cf 54ff ff48 89ef e817 51ff ff48 8b1d 209e 0100 4885 db74 934c 8d25  .....H.5......T..H....Q..H.. ...H..t.L.%
2021-03-15T22:19:32.4593976Z 000103d8: acfc 0000 eb0e 6690 488b 1b48 85db 0f84 7cff ffff 4c8b 4b18 4d85 c974 eb8b 432c 3943 287e e341 0fbf  ......f.H..H....|...L.K.M..t..C,9C(~.A..
2021-03-15T22:19:32.4594792Z 00010400: 413c ba09 0700 004d 89e0 b942 0100 0048 8d35 adf7 0000 488d 3dcb 0001 0050 418b 4138 5031 c0e8 6654  A<.....M...B...H.5....H.=....PA.A8P1..fT
2021-03-15T22:19:32.4595576Z 00010428: ffff 585a ebb2 488d 35a8 f200 0031 ffe8 444c ffff b972 0100 00ba db06 0000 4c8d 0512 1d01 0049 89c1  ..XZ..H.5....1..DL...r........L......I..
2021-03-15T22:19:32.4596390Z 00010450: e9dd fdff ff48 8d35 a8eb 0000 31ff e81d 4cff ff48 8d35 d7ee 0000 31ff 4889 c3e8 0c4c ffff 4c8d 0d6d  .....H.5....1...L..H.5....1.H....L..L..m
2021-03-15T22:19:32.4597169Z 00010478: 0001 00ba d306 0000 488d 353c f700 0051 4989 c04c 89cf b962 0100 0053 31c0 e8f5 53ff ff48 8d35 62eb  ........H.5<...QI..L...b...S1...S..H.5b.
2021-03-15T22:19:32.4597979Z 000104a0: 0000 31ff e8d7 4bff ff48 8d35 91ee 0000 31ff 4989 c4e8 c64b ffff 4c89 e248 8d35 2400 0100 4889 c731  ..1...K..H.5....1.I....K..L..H.5$...H..1
2021-03-15T22:19:32.4598695Z 000104c8: c0e8 5250 ffff 6690 4156 b940 0100 00ba 1102 0000 4155 4989 fd48 8d3d 1000 0100 4154 5589 f548 8d35  ..RP..f.AV.@........AUI..H.=....ATU..H.5
2021-03-15T22:19:32.4599362Z 000104f0: cff6 0000 4881 ec78 0100 0064 488b 0425 2800 0000 4889 8424 6801 0000 31c0 e89d 4cff ff83 fd14 7e48  ....H..x...dH..%(...H..$h...1...L.....~H
2021-03-15T22:19:32.4600009Z 00010518: 8d45 eb45 31e4 83f8 0177 4580 3d5b 9d01 0000 0f84 8800 0000 833d 499d 0100 0174 1b8b 3de5 8a01 0031  .E.E1....wE.=[...........=I....t..=....1
2021-03-15T22:19:32.4600676Z 00010540: f6e8 9a56 ffff 84c0 740a c705 2c9d 0100 0100 0000 41bc feff ffff eb0c 0f1f 4000 83fd 127f 6d45 31e4  ...V....t...,.......A.........@.....mE1.
2021-03-15T22:19:32.4601378Z 00010568: 4589 e0b9 4001 0000 ba6c 0200 0048 8d35 47f6 0000 488d 3d75 ff00 00e8 e856 ffff 488b 8424 6801 0000  E...@....l...H.5G...H.=u.....V..H..$h...
2021-03-15T22:19:32.4601995Z 00010590: 6448 2b04 2528 0000 000f 8543 0300 0048 81c4 7801 0000 4489 e05d 415c 415d 415e c30f 1f80 0000 0000  dH+.%(.....C...H..x...D..]A\A]A^........
2021-03-15T22:19:32.4602659Z 000105b8: 4c89 efe8 a0f7 ffff 83f8 ff74 a080 3db9 9c01 0000 0f85 5eff ffff bf01 0000 00e8 d4fa ffff 8b3d 9e9c  L..........t..=.......^..............=..
2021-03-15T22:19:32.4603380Z 000105e0: 0100 85ff 0f85 de01 0000 89ee 4c89 ef4c 8da4 2440 0100 00e8 b4e4 ffff 4c89 e689 efe8 ca4d ffff 83f8  ............L..L..$@........L......M....
2021-03-15T22:19:32.4604113Z 00010608: ff0f 8451 0200 0083 fd13 7447 4989 e631 c0b9 1300 0000 4c89 f7f3 48ab 488d 7c24 08e8 3250 ffff 488d  ...Q......tGI..1......L...H.H.|$..2P..H.
2021-03-15T22:19:32.4604736Z 00010630: 9424 a000 0000 4c89 f689 efc7 8424 8800 0000 0000 0010 48c7 0424 0000 0000 e80d 8700 0085 c00f 8515  .$....L......$........H..$..............
2021-03-15T22:19:32.4605352Z 00010658: 0100 0031 c04d 89e1 b946 0100 00ba 4102 0000 488d 3552 f500 0048 8d3d 80fe 0000 4c8d 05af f500 00e8  ...1.M...F....A...H.5R...H.=....L.......
2021-03-15T22:19:32.4606065Z 00010680: 0c52 ffff 418b 7d08 89ee e841 51ff ff85 c00f 8549 0100 004c 89ef be12 0000 00e8 0ce4 ffff 4c89 efe8  .R..A.}....AQ......I...L............L...
2021-03-15T22:19:32.4606813Z 000106a8: b4f6 ffff 83f8 ff0f 84b0 feff ff0f b615 c99b 0100 8b05 be9b 0100 4c8d 0d76 ef00 004c 8d05 e8f9 0000  ..........................L..v...L......
2021-03-15T22:19:32.4607513Z 000106d0: b946 0100 0048 8d35 e7f4 0000 488d 3d15 fe00 0052 84d2 ba56 0200 0050 488d 0554 0701 004c 0f44 c831  .F...H.5....H.=....R...V...PH..T...L.D.1
2021-03-15T22:19:32.4608185Z 000106f8: c0e8 9251 ffff 803d 809b 0100 0058 5a0f 8523 0100 00c7 0569 9b01 0000 0000 0083 fd13 751c 41bc fdff  ...Q...=.....XZ..#.....i..........u.A...
2021-03-15T22:19:32.4609027Z 00010720: ffff e941 feff ff66 0f1f 8400 0000 0000 83fd 1374 1c0f 1f00 31d2 488d b424 a000 0000 89ef e817 8600  ...A...f...........t....1.H..$..........
2021-03-15T22:19:32.4609979Z 00010748: 0085 c00f 853f 0100 0083 3d28 9b01 0001 0f84 f6fd ffff 41bc fdff ffff e9ff fdff ff0f 1f80 0000 0000  .....?....=(..........A.................
2021-03-15T22:19:32.4610689Z 00010770: 31ff 488d 35b7 ec00 00e8 0249 ffff 4189 e9b9 7301 0000 ba3f 0200 0049 89c0 488d 352e f400 0031 c048  1.H.5......I..A...s....?...I..H.5....1.H
2021-03-15T22:19:32.4611602Z 00010798: 8d3d 5afd 0000 e8ed 50ff ff31 ff48 8d35 84ec 0000 e8cf 48ff ff89 ee48 89c7 31c0 e8f3 52ff ffe9 99fe  .=Z.....P..1.H.5......H....H..1...R.....
2021-03-15T22:19:32.4612806Z 000107c0: ffff 660f 1f44 0000 8b3d 5688 0100 31f6 e81b 4eff ffe9 10fe ffff 660f 1f44 0000 4883 ec08 458b 4d08  ..f..D...=V...1...N.......f..D..H...E.M.
2021-03-15T22:19:32.4613792Z 000107e8: b973 0100 0031 c041 544c 8d05 48f4 0000 ba43 0200 0048 8d35 bff3 0000 488d 3ded fc00 00e8 8050 ffff  .s...1.ATL..H....C...H.5....H.=......P..
2021-03-15T22:19:32.4614684Z 00010810: 418b 7508 4c89 e231 c048 8d3d 20f4 0000 e88b 52ff ff59 5ee9 6bfe ffff 0f1f 4000 8b3d ee87 0100 31f6  A.u.L..1.H.= .....R..Y^.k.....@..=....1.
2021-03-15T22:19:32.4615593Z 00010838: e8a3 53ff ff84 c00f 84eb feff ffc7 0531 9a01 0001 0000 0083 fd13 0f84 fcfc ffff e9db feff ff0f 1f00  ..S............1........................
2021-03-15T22:19:32.4616859Z 00010860: 4189 e94c 8d05 d2ed 0000 4c89 e731 c0b9 2000 0000 ba01 0000 00be 2000 0000 e8dd 47ff ffe9 87fd ffff  A..L......L..1.. ......... .....G.......
2021-03-15T22:19:32.4617569Z 00010888: 0f1f 8400 0000 0000 31ff 488d 350f f200 00e8 e247 ffff 4189 e9b9 7301 0000 ba65 0200 0049 89c0 488d  ........1.H.5......G..A...s....e...I..H.
2021-03-15T22:19:32.4618535Z 000108b0: 350e f300 0031 c048 8d3d 3afc 0000 e8cd 4fff ff31 ff48 8d35 dcf1 0000 e8af 47ff ff89 ee48 89c7 31c0  5....1.H.=:.....O..1.H.5......G....H..1.
2021-03-15T22:19:32.4619281Z 000108d8: e8d3 51ff ffe9 6ffe ffff e879 4aff ff66 0f1f 8400 0000 0000 4155 b940 0100 0048 8d35 c5f2 0000 4154  ..Q...o....yJ..f........AU.@...H.5....AT
2021-03-15T22:19:32.4620001Z 00010900: 5589 fd48 8d3d 1efc 0000 5348 89d3 4883 ec68 4c8b 22ba 4404 0000 6448 8b04 2528 0000 0048 8944 2458  U..H.=....SH..H..hL.".D...dH..%(...H.D$X
2021-03-15T22:19:32.4620677Z 00010928: 31c0 e881 48ff ff41 833c 24ff 0f84 be01 0000 4c8d 6c24 1089 ef4c 89ee e887 4aff ff83 f8ff 0f84 e601  1...H..A.<$.......L.l$...L....J.........
2021-03-15T22:19:32.4621402Z 00010950: 0000 4883 ec08 41ff 7424 10b9 4501 0000 4c8d 0dc1 fb00 0055 4c8d 0571 f700 00ba 4b04 0000 4c89 cf41  ..H...A.t$..E...L......UL..q....K...L..A
2021-03-15T22:19:32.4622114Z 00010978: 5541 8b04 2448 8d35 3ff2 0000 5031 c041 ff74 2420 e8ff 4eff ff48 83c4 3083 fd11 7476 83fd 1c75 494c  UA..$H.5?...P1.A.t$ ..N..H..0...tv...uIL
2021-03-15T22:19:32.4622827Z 000109a0: 89e7 e8a9 f1ff ffb9 4001 0000 ba6b 0400 0048 8d35 0bf2 0000 488d 3d69 fb00 00e8 5c4c ffff 488b 4424  ........@....k...H.5....H.=i....\L..H.D$
2021-03-15T22:19:32.4623580Z 000109c8: 5864 482b 0425 2800 0000 0f85 4d03 0000 4883 c468 5b5d 415c 415d c30f 1f44 0000 488b 4308 4885 c074  XdH+.%(.....M...H..h[]A\A]...D..H.C.H..t
2021-03-15T22:19:32.4624280Z 000109f0: 128b 5008 85d2 750b 8b78 1085 ff0f 85f5 0100 0089 ee4c 89e7 e8b3 efff ffeb 9890 b940 0100 00ba 1004  ..P...u..x...........L...........@......
2021-03-15T22:19:32.4624993Z 00010a18: 0000 488d 35a2 f100 0048 8d3d e8fa 0000 488d 5c24 0ce8 7e47 ffff eb0e 0f1f 4000 e8c3 46ff ff83 3804  ..H.5....H.=....H.\$..~G......@...F...8.
2021-03-15T22:19:32.4625729Z 00010a40: 752b 418b 3c24 ba03 0000 0048 89de e8bd 4fff ff89 c583 f8ff 74de 85c0 0f85 fe00 0000 e899 46ff ffc7  u+A.<$.....H....O.......t...........F...
2021-03-15T22:19:32.4626453Z 00010a68: 000a 0000 0048 8d35 cde8 0000 31ff 4c8d 2585 eb00 00e8 fe45 ffff 4883 ec08 b973 0100 004c 8d0d 7efa  .....H.5....1.L.%......E..H....s...L..~.
2021-03-15T22:19:32.4627232Z 00010a90: 0000 4154 4989 c04c 89cf ba1d 0400 0048 8d35 1df1 0000 31c0 e8e3 4dff ff48 8d35 8de8 0000 31ff e8c5  ..ATI..L.......H.5....1...M..H.5....1...
2021-03-15T22:19:32.4628376Z 00010ab8: 45ff ff4c 89e2 488d 354b fa00 0048 89c7 31c0 e8e1 4fff ffb9 4001 0000 488d 3d35 fa00 00ba 1e04 0000  E..L..H.5K...H..1...O...@...H.=5........
2021-03-15T22:19:32.4629281Z 00010ae0: 488d 35dc f000 00e8 344b ffff 5f41 58e9 b3fe ffff 0f1f 4000 488b 4424 5864 482b 0425 2800 0000 0f85  H.5.....4K.._AX.......@.H.D$XdH+.%(.....
2021-03-15T22:19:32.4630173Z 00010b08: 1902 0000 4883 c468 b940 0100 00ba 4704 0000 5b48 8d35 a1f0 0000 488d 3dff f900 005d 415c 415d e9ed  ....H..h.@....G...[H.5....H.=....]A\A]..
2021-03-15T22:19:32.4630867Z 00010b30: 4aff ff0f 1f44 0000 4189 e94c 8d05 faea 0000 4c89 ef31 c0b9 2000 0000 ba01 0000 00be 2000 0000 e805  J....D..A..L......L..1.. ......... .....
2021-03-15T22:19:32.4631540Z 00010b58: 45ff ffe9 f2fd ffff 8b7c 240c 4080 ff7f 0f84 f900 0000 89fa 83e2 7f83 c201 80fa 010f 8ec1 0000 0048  E........|$.@..........................H
2021-03-15T22:19:32.4632213Z 00010b80: 8d5c 2430 83e7 7f48 89de e841 48ff ff83 f8ff 0f84 5f01 0000 5341 8b04 24b9 4601 0000 4c8d 0d67 f900  .\$0...H...AH......._...SA..$.F...L..g..
2021-03-15T22:19:32.4633000Z 00010ba8: 004c 8d05 90f5 0000 ba32 0400 0050 488d 3506 f000 004c 89cf 31c0 e8c9 4cff ff41 c704 24ff ffff ff59  .L.......2...PH.5....L..1...L..A..$....Y
2021-03-15T22:19:32.4634084Z 00010bd0: 5eb9 4001 0000 ba3a 0400 0048 8d35 e1ef 0000 488d 3d27 f900 00e8 324a ffff e9b4 fdff ff0f 1f44 0000  ^.@....:...H.5....H.='....2J.........D..
2021-03-15T22:19:32.4637205Z 00010bf8: e823 4fff ff83 f8ff 0f84 bd00 0000 4139 4424 0874 0b41 3944 2404 0f85 ebfd ffff b940 0100 00ba 6104  .#O...........A9D$.t.A9D$........@....a.
2021-03-15T22:19:32.4638030Z 00010c20: 0000 488d 359a ef00 0048 8d3d f8f8 0000 e8eb 49ff ffe9 8afd ffff 660f 1f44 0000 89f8 4883 ec08 b946  ..H.5....H.=......I.......f..D....H....F
2021-03-15T22:19:32.4638819Z 00010c48: 0100 00ba 3604 0000 0fb6 c44c 8d0d b6f8 0000 4c8d 05f1 ef00 0050 e94f ffff ff4c 8d05 aaf4 0000 b946  ....6......L......L......P.O...L.......F
2021-03-15T22:19:32.4640006Z 00010c70: 0100 00ba 2704 0000 31c0 488d 3542 ef00 0048 8d3d 88f8 0000 e803 4cff ff0f b674 240d 4c89 e7e8 36f8  ....'...1.H.5B...H.=......L....t$.L...6.
2021-03-15T22:19:32.4640800Z 00010c98: ffff 89ef be12 0000 0041 89c5 e867 4aff ff4c 89e7 4489 eee8 0ced ffff 498b 7c24 20e8 b2e9 ffff e90e  .........A...gJ..L..D.......I.|$ .......
2021-03-15T22:19:32.4641802Z 00010cc0: ffff ff48 8b43 0841 8b4c 2404 3948 100f 852e fdff ffb9 4001 0000 ba63 0400 0048 8d35 ddee 0000 488d  ...H.C.A.L$.9H........@....c...H.5....H.
2021-03-15T22:19:32.4642502Z 00010ce8: 3d3b f800 00e8 2e49 ffff e9cd fcff ff44 8b4c 240c b920 0000 0048 89df 31c0 4c8d 052f e900 00ba 0100  =;.....I.......D.L$.. ...H..1.L../......
2021-03-15T22:19:32.4643224Z 00010d10: 0000 be20 0000 0041 83e1 7fe8 4043 ffff e973 feff ffe8 3646 ffff 660f 1f44 0000 55b9 4001 0000 89fd  ... ...A....@C...s....6F..f..D..U.@.....
2021-03-15T22:19:32.4643924Z 00010d38: 488d 3584 ee00 0053 488d 3d41 f700 0048 89d3 bab1 0300 0048 83ec 1864 488b 0425 2800 0000 4889 4424  H.5....SH.=A...H.......H...dH..%(...H.D$
2021-03-15T22:19:32.4644604Z 00010d60: 0831 c0e8 4844 ffff 4889 e6b9 0001 0000 89ef ba08 0000 00e8 1443 ffff 4885 c00f 843b 0100 0048 83f8  .1..HD..H................C..H....;...H..
2021-03-15T22:19:32.4645294Z 00010d88: 080f 84c1 0000 0048 83f8 ff74 4b48 8b43 108b 5004 85d2 0f84 b401 0000 0f1f 4000 b940 0100 00ba 0504  .......H...tKH.C..P...........@..@......
2021-03-15T22:19:32.4645949Z 00010db0: 0000 488d 350a ee00 0048 8d3d c8f6 0000 e85b 48ff ff48 8b44 2408 6448 2b04 2528 0000 000f 8552 0200  ..H.5....H.=.....[H..H.D$.dH+.%(.....R..
2021-03-15T22:19:32.4646709Z 00010dd8: 0048 83c4 185b 5dc3 e81b 43ff ff8b 1083 fa04 74bc 83fa 0b74 b748 8b53 1044 8b52 0445 85d2 75aa c702  .H...[]...C.......t....t.H.S.D.R.E..u...
2021-03-15T22:19:32.4647491Z 00010e00: 0100 0000 8b38 897a 04e8 424e ffff 4883 ec08 b942 0100 004c 8d0d 6af6 0000 504c 89cf 4c8d 0537 f300  .....8.z..BN..H....B...L..j...PL..L..7..
2021-03-15T22:19:32.4648297Z 00010e28: 00ba c303 0000 488d 358e ed00 0031 c0e8 544a ffff 488b 7b20 e8eb 49ff ff41 5841 59e9 5aff ffff 6690  ......H.5....1..TJ..H.{ ..I..AXAY.Z...f.
2021-03-15T22:19:32.4649002Z 00010e50: 8b04 2483 f802 0f84 4401 0000 83f8 040f 84ab 0000 0083 f801 0f85 3aff ffff 8b7c 2404 e8d9 4dff ffb9  ..$.....D.................:....|$...M...
2021-03-15T22:19:32.4649924Z 00010e78: 4601 0000 baf2 0300 0048 8d3d 00f6 0000 4989 c14c 8d05 fbed 0000 488d 352a ed00 0031 c0e8 f049 ffff  F........H.=....I..L......H.5*...1...I..
2021-03-15T22:19:32.4650810Z 00010ea0: 488b 7b20 e887 49ff ff48 8b43 1048 8b14 2448 8910 e9ef feff ff0f 1f80 0000 0000 488d 3dc1 f500 0031  H.{ ..I..H.C.H..$H..............H.=....1
2021-03-15T22:19:32.4651649Z 00010ec8: c0b9 4601 0000 bacd 0300 004c 8d05 aef2 0000 488d 35e2 ec00 00e8 aa49 ffff 488b 4310 8b38 85ff 750d  ..F........L......H.5......I..H.C..8..u.
2021-03-15T22:19:32.4652430Z 00010ef0: 48b9 0100 0000 6800 0000 4889 0848 8b7b 20e8 ba48 ffff e99d feff ff0f 1f44 0000 8b44 2404 488b 5318  H.....h...H..H.{ ..H.........D...D$.H.S.
2021-03-15T22:19:32.4653328Z 00010f18: 4883 ec08 b946 0100 0048 8d35 9bec 0000 4c8d 051f eb00 004c 8b4a 5889 4304 badb 0300 0048 8d3d 46f5  H....F...H.5....L......L.JX.C......H.=F.
2021-03-15T22:19:32.4654126Z 00010f40: 0000 5031 c0e8 4649 ffff 595e e957 feff ff0f 1f80 0000 0000 48b9 0100 0000 0500 0000 4c8d 0d1f f500  ..P1..FI..Y^.W..........H.........L.....
2021-03-15T22:19:32.4654886Z 00010f68: 004c 8d05 68f2 0000 baff 0300 0048 8908 4c89 cfb9 4201 0000 31c0 488d 353a ec00 00e8 0249 ffff 488b  .L..h........H..L...B...1.H.5:.....I..H.
2021-03-15T22:19:32.4655676Z 00010f90: 7b20 e899 48ff ffe9 0cfe ffff 0f1f 4000 807c 2404 7f74 394c 8d05 c2ec 0000 b946 0100 0031 c0ba eb03  { ..H.........@..|$..t9L.......F...1....
2021-03-15T22:19:32.4656460Z 00010fb8: 0000 488d 3502 ec00 0048 8d3d c0f4 0000 e8c3 48ff ff48 8b7b 20e8 ea47 ffff e9ce feff ff0f 1f44 0000  ..H.5....H.=......H..H.{ ..G.........D..
2021-03-15T22:19:32.4657305Z 00010fe0: 4c8d 05c9 f100 00b9 4601 0000 bae3 0300 0031 c048 8d35 c9eb 0000 488d 3d87 f400 00e8 8a48 ffff 0fb6  L.......F........1.H.5....H.=......H....
2021-03-15T22:19:32.4658118Z 00011008: 7424 0548 89df e8bd f4ff ff48 89df 89c6 e8a3 e9ff ff48 8b7b 20e8 4ae6 ffff e97e feff ffe8 3043 ffff  t$.H.......H.........H.{ .J....~....0C..
2021-03-15T22:19:32.4658901Z 00011030: 4156 4989 ceb9 4001 0000 4155 4989 d5ba 3603 0000 4154 4189 fc48 8d3d 80f5 0000 5589 f548 8d35 69eb  AVI...@...AUI...6...ATA..H.=....U..H.5i.
2021-03-15T22:19:32.4659700Z 00011058: 0000 53e8 5041 ffff 31d2 31c0 be03 0000 0044 89e7 e87f 41ff ff83 f8ff 7409 f6c4 080f 84e1 0000 0031  ..S.PA..1.1......D....A.....t..........1
2021-03-15T22:19:32.4660489Z 00011080: d231 c0be 0300 0000 89ef e861 41ff ff83 f8ff 7409 f6c4 080f 84a3 0000 00bf 3000 0100 e8f9 46ff ff48  .1.........aA.....t...........0.....F..H
2021-03-15T22:19:32.4661789Z 000110a8: 89c3 4885 c00f 843f 0100 004c 8970 0848 89c1 be02 0000 0044 89e7 488d 1567 0300 00e8 e247 ffff 4889  ..H....?...L.p.H.......D..H..g.....G..H.
2021-03-15T22:19:32.4662714Z 000110d0: d9be 0400 0000 89ef 4889 4310 488d 15bd 0600 00e8 c847 ffff 4883 7b10 004c 896b 2048 8943 1848 c743  ........H.C.H........G..H.{..L.k H.C.H.C
2021-03-15T22:19:32.4663517Z 000110f8: 2800 0000 00c6 4330 0074 7648 85c0 7471 488b 05e1 9001 00b9 4001 0000 4889 1dd5 9001 00ba 4e03 0000  (.....C0.tvH..tqH.......@...H.......N...
2021-03-15T22:19:32.4664169Z 00011120: 488d 359c ea00 0048 8d3d a2f4 0000 4889 035b 5d41 5c41 5d41 5ee9 e244 ffff 6690 80cc 08be 0400 0000  H.5....H.=....H..[]A\A]A^..D..f.........
2021-03-15T22:19:32.4664847Z 00011148: 89ef 89c2 31c0 e89d 40ff ffe9 45ff ffff 0f1f 8400 0000 0000 80cc 08be 0400 0000 4489 e789 c231 c0e8  ....1...@...E...................D....1..
2021-03-15T22:19:32.4665540Z 00011170: 7c40 ffff e906 ffff ff48 8d35 84de 0000 31ff e8f9 3eff ff48 8d35 b3e1 0000 31ff 4889 c3e8 e83e ffff  |@.......H.5....1...>..H.5....1.H....>..
2021-03-15T22:19:32.4666651Z 00011198: b962 0100 00ba 4b03 0000 4c8d 0d27 f400 0049 89c0 5053 4c89 cf48 8d35 0bea 0000 31c0 e8d1 46ff ff48  .b....K...L..'...I..PSL..H.5....1...F..H
2021-03-15T22:19:32.4667404Z 000111c0: 8d35 3ede 0000 31ff e8b3 3eff ff48 8d35 6de1 0000 31ff 4989 c4e8 a23e ffff 4c89 e248 8d35 e8f3 0000  .5>...1...>..H.5m...1.I....>..L..H.5....
2021-03-15T22:19:32.4668190Z 000111e8: 4889 c731 c0e8 2e43 ffff 488d 350b de00 0031 ffe8 803e ffff 488d 353a e100 0031 ff48 89c3 e86f 3eff  H..1...C..H.5....1...>..H.5:...1.H...o>.
2021-03-15T22:19:32.4668916Z 00011210: ff4c 8d0d b8f3 0000 b962 0100 0052 4989 c0ba 4203 0000 53eb 850f 1f80 0000 0000 4154 b940 0100 00ba  .L.......b...RI...B...S.........AT.@....
2021-03-15T22:19:32.4669720Z 00011238: 3d07 0000 488d 3580 e900 0055 89fd 488d 3d1b f200 0053 e85d 3fff ff48 8b1d 968f 0100 4885 db0f 84bb  =...H.5....U..H.=....S.]?..H......H.....
2021-03-15T22:19:32.4670423Z 00011260: 0000 004c 8d25 fef1 0000 eb1e 0f1f 4000 488b 4318 4885 c074 053b 6838 745a 488b 1b48 85db 0f84 9400  ...L.%........@.H.C.H..t.;h8tZH..H......
2021-03-15T22:19:32.4671193Z 00011288: 0000 488b 4310 4885 c074 dd39 6838 75d8 55b9 4601 0000 488d 351e e900 004d 89e1 504c 8d05 58ef 0000  ..H.C.H..t.9h8u.U.F...H.5....M..PL..X...
2021-03-15T22:19:32.4672096Z 000112b0: ba43 0700 004c 89e7 31c0 e8d1 45ff ff48 8b7b 10e8 9847 ffff 48c7 4310 0000 0000 595e eb9c 0f1f 4000  .C...L..1...E..H.{...G..H.C.....Y^....@.
2021-03-15T22:19:32.4672888Z 000112d8: 55ba 4c07 0000 4d89 e14c 8d05 50ef 0000 50b9 4601 0000 31c0 488d 35cc e800 004c 89e7 e891 45ff ff48  U.L...M..L..P...P.F...1.H.5....L....E..H
2021-03-15T22:19:32.4673716Z 00011300: 8b7b 18e8 5847 ffff 48c7 4318 0000 0000 488b 1b58 5a48 85db 0f85 6cff ffff 5bb9 4001 0000 5dba 5407  .{..XG..H.C.....H..XZH....l...[.@...].T.
2021-03-15T22:19:32.4674402Z 00011328: 0000 488d 3592 e800 0048 8d3d 30f1 0000 415c e9e1 42ff ff90 55b9 4001 0000 89fd ba5e 0700 0048 8d35  ..H.5....H.=0...A\..B...U.@......^...H.5
2021-03-15T22:19:32.4675392Z 00011350: 6fe8 0000 488d 3d1d f200 00e8 503e ffff 83fd 027e 633b 2db9 7c01 0074 5b48 83ec 08b9 4601 0000 ba67  o...H.=.....P>.....~c;-.|..t[H....F....g
2021-03-15T22:19:32.4676125Z 00011378: 0700 0031 c055 4c8d 0df3 f100 004c 8d05 33e9 0000 488d 3530 e800 004c 89cf e8f5 44ff ff89 efe8 4e41  ...1.UL......L..3...H.50...L....D.....NA
2021-03-15T22:19:32.4676861Z 000113a0: ffff b940 0100 0048 8d35 15e8 0000 488d 3dc3 f100 0041 89c0 585a ba68 0700 005d e9ab 48ff ff0f 1f00  ...@...H.5....H.=....A..XZ.h...]..H.....
2021-03-15T22:19:32.4677599Z 000113c8: 488d 0561 dc00 00b9 4601 0000 ba62 0700 0050 4c8d 0d97 f100 004c 8d05 bce8 0000 31c0 5548 8d35 d1e7  H..a....F....b...PL......L......1.UH.5..
2021-03-15T22:19:32.4678526Z 000113f0: 0000 4c89 cfe8 9644 ffff e801 3dff ff41 b8ff ffff ffba 6507 0000 488d 3d67 f100 00c7 0016 0000 0059  ..L....D....=..A......e...H.=g.........Y
2021-03-15T22:19:32.4679239Z 00011418: b940 0100 005e 488d 359e e700 005d e945 48ff ff0f 1f44 0000 4157 4156 4155 4154 4189 fc55 5348 89d3  .@...^H.5....].EH....D..AWAVAUATA..USH..
2021-03-15T22:19:32.4679950Z 00011440: 4881 ec58 0100 004c 8b7a 1064 488b 0425 2800 0000 4889 8424 4801 0000 31c0 4d85 ff74 044d 8b7f 30ba  H..X...L.z.dH..%(...H..$H...1.M..t.M..0.
2021-03-15T22:19:32.4680582Z 00011468: 8502 0000 488d 3550 e700 004c 8d73 30b9 4001 0000 488d 6c24 1048 8d3d e0f0 0000 e823 3dff ff31 c048  ....H.5P...L.s0.@...H.l$.H.=.....#=..1.H
2021-03-15T22:19:32.4681238Z 00011490: 89ef b913 0000 00f3 48ab 488d 7c24 18e8 bc41 ffff 4c8d 8424 b000 0000 4889 ee48 8d05 dad5 ffff 4c89  ........H.H.|$...A..L..$....H..H......L.
2021-03-15T22:19:32.4681844Z 000114b8: c2bf 1500 0000 4c89 4424 0848 8944 2410 c705 128d 0100 0000 0000 e8b9 3cff ff48 6373 28ba 0000 0100  ......L.D$.H.D$.............<..Hcs(.....
2021-03-15T22:19:32.4682461Z 000114e0: 4489 e748 29f2 4c01 f6e8 8240 ffff 4889 c5e8 0a3c ffff 4c8b 4424 0831 d2bf 1500 0000 448b 0849 89c5  D..H).L....@..H....<..L.D$.1......D..I..
2021-03-15T22:19:32.4683579Z 00011508: 4c89 c644 894c 2404 e87b 3cff ff44 8b4c 2404 4589 4d00 4883 fdff 0f84 8800 0000 4885 ed0f 85df 0000  L..D.L$..{<..D.L$.E.M.H.........H.......
2021-03-15T22:19:32.4684285Z 00011530: 0045 89e1 b946 0100 00ba a502 0000 31c0 4c8d 05bc e700 0048 8d35 75e6 0000 488d 3d13 f000 00e8 3643  .E...F........1.L......H.5u...H.=.....6C
2021-03-15T22:19:32.4684978Z 00011558: ffff 4489 e7e8 defd ffff 4489 e7e8 c6fc ffff 488b 4318 4885 c074 0c8b 4b28 394b 2c0f 8481 0100 0048  ..D.......D.......H.C.H..t..K(9K,......H
2021-03-15T22:19:32.4685635Z 00011580: 8b84 2448 0100 0064 482b 0425 2800 0000 0f85 db01 0000 4881 c458 0100 005b 5d41 5c41 5d41 5e41 5fc3  ..$H...dH+.%(.........H..X...[]A\A]A^A_.
2021-03-15T22:19:32.4686340Z 000115a8: 0f1f 8400 0000 0000 8b05 2e8c 0100 85c0 0f85 7201 0000 4183 f90b 74bb 4183 f904 74b5 4489 cfe8 7e46  ..................r...A...t.A...t.D...~F
2021-03-15T22:19:32.4687070Z 000115d0: ffff 4883 ec08 4589 e1b9 4201 0000 5048 8d35 dde5 0000 31c0 488d 3d79 ef00 004c 8d05 dbe6 0000 ba9f  ..H...E...B...PH.5....1.H.=y...L........
2021-03-15T22:19:32.4687785Z 000115f8: 0200 00e8 9042 ffff 5e5f e953 ffff ff66 0f1f 8400 0000 0000 4883 ec08 b946 0100 0049 89e9 31c0 4154  .....B..^_.S...f........H....F...I..1.AT
2021-03-15T22:19:32.4688474Z 00011620: 4c8d 05c2 e600 00ba b202 0000 488d 3590 e500 0048 8d3d 2eef 0000 e851 42ff ff48 637b 2848 89da 89ee  L...........H.5....H.=.....QB..Hc{(H....
2021-03-15T22:19:32.4689221Z 00011648: 4c01 f7ff 5320 5a59 84c0 0f84 f800 0000 488b 7318 036b 2889 6b28 4885 f674 1831 c931 d24c 89ff e8ad  L...S ZY........H.s..k(.k(H..t.1.1.L....
2021-03-15T22:19:32.4689890Z 00011670: 42ff ff83 f8ff 0f84 fa00 0000 8b6b 2881 fd00 0001 000f 84f4 feff ff48 8b73 1031 c931 d24c 89ff e885  B............k(............H.s.1.1.L....
2021-03-15T22:19:32.4690583Z 00011698: 42ff ff83 f8ff 0f85 dbfe ffff 488d 3532 e000 0031 ffe8 ce39 ffff b972 0100 00ba c102 0000 4c8d 059c  B...........H.52...1...9...r........L...
2021-03-15T22:19:32.4691692Z 000116c0: 0a01 0049 89c1 488d 35f6 e400 0048 8d3d 94ee 0000 31c0 e8b5 41ff ff48 8d35 fbdf 0000 31ff e897 39ff  ...I..H.5....H.=....1...A..H.5....1...9.
2021-03-15T22:19:32.4692832Z 000116e8: ff48 8d3d 6f0a 0100 4889 c631 c0e8 5641 ffff 660f 1f44 0000 8b78 38e8 38fc ffff 488b 4318 bfff ffff  .H.=o...H..1..VA..f..D...x8.8...H.C.....
2021-03-15T22:19:32.4693590Z 00011710: ff48 85c0 7403 8b78 38e8 12fb ffff 48c7 4328 0000 0000 e954 feff ff0f 1f44 0000 488b 7b08 be15 0000  .H..t..x8.....H.C(.....T.....D..H.{.....
2021-03-15T22:19:32.4694413Z 00011738: 00e8 82e2 ffff 458b 4d00 e977 feff ff66 0f1f 8400 0000 0000 488b 4308 be01 0000 008b 7804 e81f 95ff  ......E.M..w...f........H.C.......x.....
2021-03-15T22:19:32.4695139Z 00011760: ff48 8b43 08c7 4004 ffff ffff e9e7 feff ffe8 ea3b ffff 488d 3560 df00 0031 ffe8 fc38 ffff b972 0100  .H.C..@............;..H.5`...1...8...r..
2021-03-15T22:19:32.4695894Z 00011788: 00ba bc02 0000 4c8d 05ca 0901 0049 89c1 e929 ffff ff0f 1f00 4157 4156 4155 4154 4189 fc55 5348 89d3  ......L......I...)......AWAVAUATA..USH..
2021-03-15T22:19:32.4696572Z 000117b0: 4881 ec58 0100 004c 8b6a 1864 488b 0425 2800 0000 4889 8424 4801 0000 31c0 4d85 ed74 044d 8b6d 30ba  H..X...L.j.dH..%(...H..$H...1.M..t.M.m0.
2021-03-15T22:19:32.4697223Z 000117d8: dd02 0000 488d 6c24 1048 8d35 dbe3 0000 b940 0100 0048 8d3d cced 0000 4c8d bc24 b000 0000 e8af 39ff  ....H.l$.H.5.....@...H.=....L..$......9.
2021-03-15T22:19:32.4697876Z 00011800: ff31 c048 89ef b913 0000 00f3 48ab 488d 7c24 18e8 483e ffff 4889 ee4c 89fa bf16 0000 0048 8d05 76d2  .1.H........H.H.|$..H>..H..L.......H..v.
2021-03-15T22:19:32.4698514Z 00011828: ffff c705 ac89 0100 0000 0000 4889 4424 10e8 5239 ffff 4863 432c 8b53 2844 89e7 29c2 488d 7403 3048  ............H.D$..R9..HcC,.S(D..).H.t.0H
2021-03-15T22:19:32.4699166Z 00011850: 63d2 e8a9 39ff ff48 89c5 e8a1 38ff ff31 d24c 89fe bf16 0000 008b 0849 89c6 894c 240c e819 39ff ff8b  c...9..H....8..1.L.........I...L$...9...
2021-03-15T22:19:32.4699865Z 00011878: 4c24 0c41 890e 4883 fdff 751c 83e9 0483 f91c 0f87 b800 0000 488d 1529 eb00 0048 6304 8a48 01d0 ffe0  L$.A..H...u.............H..)...Hc..H....
2021-03-15T22:19:32.4700577Z 000118a0: 4883 ec08 4989 e9b9 4601 0000 31c0 4154 ba13 0300 004c 8d05 73e4 0000 488d 3500 e300 0048 8d3d f6ec  H...I...F...1.AT.....L..s...H.5....H.=..
2021-03-15T22:19:32.4701309Z 000118c8: 0000 e8c1 3fff ff8b 4328 036b 2c5a 5989 6b2c 39c5 0f84 0e02 0000 39c5 0f8c b600 0000 488b 7310 4885  ....?...C(.k,ZY.k,9.......9.......H.s.H.
2021-03-15T22:19:32.4701918Z 000118f0: f674 2583 3d86 8901 0001 740b 8b46 3839 051f 7701 0074 1181 7b28 0000 0100 0f85 cc00 0000 0f1f 4000  .t%.=.....t..F89..w..t..{(............@.
2021-03-15T22:19:32.4702473Z 00011918: 488b 8424 4801 0000 6448 2b04 2528 0000 000f 85f1 0100 0048 81c4 5801 0000 5b5d 415c 415d 415e 415f  H..$H...dH+.%(.........H..X...[]A\A]A^A_
2021-03-15T22:19:32.4703252Z 00011940: c30f 1f80 0000 0000 488b 4308 488b 4010 c700 0100 0000 418b 3e89 7804 e8ef 42ff ff48 83ec 0845 89e1  ........H.C.H.@.......A.>.x...B..H...E..
2021-03-15T22:19:32.4703947Z 00011968: 488d 3554 e200 0050 4c8d 05a0 e300 0031 c0b9 4201 0000 ba0d 0300 0048 8d3d 36ec 0000 e801 3fff ff4c  H.5T...PL......1..B........H.=6.....?..L
2021-03-15T22:19:32.4704677Z 00011990: 89ef e899 3eff ff5e 5fe9 7aff ffff 6690 488b 7318 31c9 31d2 4c89 efe8 703f ffff 83f8 ff0f 8531 ffff  ....>..^_.z...f.H.s.1.1.L...p?.......1..
2021-03-15T22:19:32.4705470Z 000119b8: ff48 8d35 1ddd 0000 31ff e8b9 36ff ffb9 7201 0000 ba22 0300 004c 8d05 8707 0100 4989 c1eb 3a0f 1f00  .H.5....1...6...r...."...L......I...:...
2021-03-15T22:19:32.4706131Z 000119e0: 31c9 31d2 4c89 efe8 343f ffff 83f8 ff0f 8523 ffff ff48 8d35 e1dc 0000 31ff e87d 36ff ffb9 7201 0000  1.1.L...4?.......#...H.5....1..}6...r...
2021-03-15T22:19:32.4707409Z 00011a08: ba29 0300 004c 8d05 4b07 0100 4989 c148 8d35 a5e1 0000 488d 3d9b eb00 0031 c0e8 643e ffff 488d 35aa  .)...L..K...I..H.5....H.=....1..d>..H.5.
2021-03-15T22:19:32.4708348Z 00011a30: dc00 0031 ffe8 4636 ffff 488d 3d1e 0701 0048 89c6 31c0 e805 3eff ff0f 1f44 0000 4883 ec08 448b 4b28  ...1..F6..H.=....H..1...>....D..H...D.K(
2021-03-15T22:19:32.4709138Z 00011a58: 31c0 442b 4b2c 4154 b946 0100 004c 8d05 fce7 0000 baf5 0200 0048 8d35 4be1 0000 488d 3d41 eb00 00e8  1.D+K,AT.F...L...........H.5K...H.=A....
2021-03-15T22:19:32.4710050Z 00011a80: 0c3e ffff 488b 4310 4158 4159 4885 c074 1e8b 7838 e8a7 f8ff ff48 8b43 10bf ffff ffff 4885 c074 038b  .>..H.C.AXAYH..t..x8.....H.C......H..t..
2021-03-15T22:19:32.4711924Z 00011aa8: 7838 e881 f7ff ff44 89e7 e889 f8ff ff44 89e7 e871 f7ff ffe9 54fe ffff 0f1f 4000 8b05 1287 0100 85c0  x8.....D.......D...q....T.....@.........
2021-03-15T22:19:32.4712665Z 00011ad0: 0f84 42fe ffff 488b 7b08 be16 0000 00e8 dcde ffff e92f feff ff0f 1f80 0000 0000 488b 7310 48c7 4328  ..B...H.{............/..........H.s.H.C(
2021-03-15T22:19:32.4713515Z 00011af8: 0000 0000 4885 f60f 85ee fdff ff44 89e7 e833 f8ff ff44 89e7 e81b f7ff ff8b 4328 8b6b 2ce9 c2fd ffff  ....H........D...3...D........C(.k,.....
2021-03-15T22:19:32.4714215Z 00011b20: e83b 38ff ff66 662e 0f1f 8400 0000 0000 488d 3d19 eb00 0048 83ec 08b9 4001 0000 ba7b 0000 0048 8d35  .;8..ff.........H.=....H....@....{...H.5
2021-03-15T22:19:32.4714911Z 00011b48: 77e0 0000 e85f 36ff ff8b 3dcd 7401 0083 ffff 7407 31f6 e88d 3aff ff48 833d 7d86 0100 0074 0e31 f648  w...._6...=.t.....t.1...:..H.=}....t.1.H
2021-03-15T22:19:32.4715560Z 00011b70: 8d3d 2a87 0100 e8c5 cd00 00b9 4001 0000 ba82 0000 0048 83c4 0848 8d35 33e0 0000 488d 3db9 ea00 00e9  .=*.........@........H...H.53...H.=.....
2021-03-15T22:19:32.4716271Z 00011b98: 843a ffff 0f1f 4000 8b3d 7a74 0100 31c0 83ff ff75 03c3 6690 4883 ec08 31d2 be0e 5400 00e8 f038 ffff  .:....@..=zt..1....u..f.H...1...T....8..
2021-03-15T22:19:32.4717053Z 00011bc0: 85c0 0f95 c048 83c4 080f b6c0 f7d8 c390 4157 b913 0000 00ba 5305 0000 4156 4155 4989 fd41 5449 89f4  .....H..........AW......S...AVAUI..ATI..
2021-03-15T22:19:32.4717750Z 00011be8: 488d 35d4 df00 0055 5348 81ec 0803 0000 6448 8b04 2528 0000 0048 8984 24f8 0200 0031 c048 8d6c 2410  H.5....USH......dH..%(...H..$....1.H.l$.
2021-03-15T22:19:32.4718392Z 00011c10: 48c7 8424 b000 0000 ffff ffff 48c7 8424 b800 0000 ffff ffff 4889 ef48 c784 24c0 0000 00ff ffff fff3  H..$........H..$........H..H..$.........
2021-03-15T22:19:32.4719064Z 00011c38: 48ab b940 0100 0048 8d3d fae9 0000 e865 35ff ffb9 4001 0000 ba8d 0000 0048 8d35 67df 0000 488d 3d7d  H..@...H.=.....e5...@........H.5g...H.=}
2021-03-15T22:19:32.4719738Z 00011c60: e900 004c 8b35 5ea2 0100 e841 35ff ffbe 0200 0000 488d 3db5 d300 0031 c0e8 ee3d ffff 8905 9c73 0100  ...L.5^....A5.......H.=....1...=.....s..
2021-03-15T22:19:32.4720646Z 00011c88: 83f8 ff0f 840f 0500 0048 8d35 8873 0100 458b 4504 b900 1000 0048 8d15 f885 0100 488d 7efc e85f 1900  .........H.5.s..E.E......H......H.~.._..
2021-03-15T22:19:32.4721467Z 00011cb0: 0084 c00f 8473 1400 0048 8d35 e085 0100 4989 b598 0000 0041 f645 3120 0f85 9e05 0000 8b05 4873 0100  .....s...H.5....I......A.E1 ........Hs..
2021-03-15T22:19:32.4722221Z 00011cd8: b946 0100 00ba a400 0000 4c8d 0df7 e800 004c 8d05 c0e5 0000 488d 35cc de00 004c 89cf 508b 051b 7301  .F........L......L......H.5....L..P...s.
2021-03-15T22:19:32.4722941Z 00011d00: 0050 8b05 1c73 0100 5048 8d05 20d3 0000 5031 c0e8 783b ffff 4883 c420 41b8 0100 0000 b940 0100 00ba  .P...s..PH.. ...P1..x;..H.. A......@....
2021-03-15T22:19:32.4723581Z 00011d28: a900 0000 488d 3590 de00 0048 8d3d a6e8 0000 e861 3cff ff31 d2be 0100 0000 bf01 0000 0048 8d8c 24a8  ....H.5....H.=.....a<..1...........H..$.
2021-03-15T22:19:32.4724301Z 00011d50: 0000 00e8 7839 ffff 83f8 ff0f 84f5 1000 008b bc24 a800 0000 31c0 ba01 0000 00be 0200 0000 e877 34ff  ....x9.............$....1............w4.
2021-03-15T22:19:32.4724918Z 00011d78: ff83 f8ff 0f84 d410 0000 8bbc 24ac 0000 0031 c0ba 0100 0000 be02 0000 00e8 5634 ffff 83f8 ff0f 84b3  ............$....1............V4........
2021-03-15T22:19:32.4725567Z 00011da0: 1000 004c 8db4 2460 0200 0031 c0b9 1300 0000 4c89 f7f3 48ab 488d bc24 6802 0000 e89b 38ff ff31 d24c  ...L..$`...1......L...H.H..$h.....8..1.L
2021-03-15T22:19:32.4726170Z 00011dc8: 89f6 bf15 0000 00c7 8424 e802 0000 0000 0010 48c7 8424 6002 0000 0100 0000 e875 6f00 0085 c00f 854d  .........$........H..$`........uo......M
2021-03-15T22:19:32.4726805Z 00011df0: 0f00 0031 d24c 89f6 bf16 0000 00e8 5e6f 0000 85c0 0f85 d60e 0000 4c89 efe8 ae95 0000 83f8 010f 857e  ...1.L........^o..........L............~
2021-03-15T22:19:32.4727489Z 00011e18: 1000 0048 8d3d de83 0100 4531 f645 31ff 31db e831 38ff ffbe 0200 0000 488d 3dc5 8301 00e8 703e ffff  ...H.=....E1.E1.1..18.......H.=.....p>..
2021-03-15T22:19:32.4728175Z 00011e40: be03 0000 0048 8d3d b483 0100 e85f 3eff ffbe 1400 0000 488d 3da3 8301 00e8 4e3e ffff be15 0000 0048  .....H.=....._>.......H.=.....N>.......H
2021-03-15T22:19:32.4728827Z 00011e68: 8d3d 9283 0100 e83d 3eff ffbe 1600 0000 488d 3d81 8301 00e8 2c3e ffff e8a7 3bff ff89 4424 0c48 8b05  .=.....=>.......H.=.....,>....;...D$.H..
2021-03-15T22:19:32.4729908Z 00011e90: bc82 0100 4885 c074 2db9 0100 0000 6690 488b 5040 488b 0048 837a 3000 0f45 d948 837a 3800 440f 45f9  ....H..t-.....f.H.P@H..H.z0..E.H.z8.D.E.
2021-03-15T22:19:32.4730666Z 00011eb8: 4883 7a40 0044 0f45 f148 85c0 75da 8b05 5471 0100 448b 0d51 7101 0041 f645 3104 0f84 5203 0000 8905  H.z@.D.E.H..u...Tq..D..Qq..A.E1...R.....
2021-03-15T22:19:32.4731441Z 00011ee0: 3071 0100 8905 2e71 0100 4183 f9ff 742e 8b3d 2671 0100 4889 e948 8d15 40d5 ffff 4489 cee8 28f1 ffff  0q.....q..A...t..=&q..H..H..@...D...(...
2021-03-15T22:19:32.4732147Z 00011f08: 8b3d 1671 0100 e83d 38ff ff3b 4424 0c0f 9405 6783 0100 8b05 ec70 0100 83f8 ff74 0b31 ffe8 5032 ffff  .=.q...=8..;D$....g......p.....t.1..P2..
2021-03-15T22:19:32.4732822Z 00011f30: 85c0 7560 84db 0f85 1c0c 0000 bab4 0500 0048 8d35 7bdc 0000 31c0 b946 0100 0048 8d3d eae6 0000 4c8d  ..u`.............H.5{...1..F...H.=....L.
2021-03-15T22:19:32.4733453Z 00011f58: 051b de00 00e8 2e39 ffff 31f6 bf01 0000 0048 8d94 24d0 0100 00e8 aa38 ffff 85c0 0f84 820e 0000 31ff  .......9..1......H..$......8..........1.
2021-03-15T22:19:32.4734126Z 00011f80: e89b 34ff ff89 0585 7001 0083 f8ff 0f84 5b0f 0000 833d 7970 0100 ff74 0ebf 0100 0000 e8d9 31ff ff85  ..4.....p.......[....=yp...t........1...
2021-03-15T22:19:32.4734816Z 00011fa8: c075 6745 84ff 0f85 2c0b 0000 bac9 0500 0048 8d35 03dc 0000 31c0 b946 0100 0048 8d3d 72e6 0000 4c8d  .ugE....,........H.5....1..F...H.=r...L.
2021-03-15T22:19:32.4735492Z 00011fd0: 05c4 dd00 00e8 b638 ffff be01 0000 00bf 0100 0000 488d 9424 d001 0000 e82f 38ff ff85 c00f 84df 0d00  .......8............H..$...../8.........
2021-03-15T22:19:32.4736426Z 00011ff8: 00bf 0100 0000 e81d 34ff ff89 050b 7001 0083 f8ff 0f84 2712 0000 833d ff6f 0100 ff74 0ebf 0200 0000  ........4.....p.......'....=.o...t......
2021-03-15T22:19:32.4737117Z 00012020: e85b 31ff ff85 c075 6745 84f6 0f85 9e0b 0000 bade 0500 0048 8d35 85db 0000 31c0 b946 0100 0048 8d3d  .[1....ugE.............H.5....1..F...H.=
2021-03-15T22:19:32.4737900Z 00012048: f4e5 0000 4c8d 0564 dd00 00e8 3838 ffff be02 0000 00bf 0100 0000 488d 9424 d001 0000 e8b1 37ff ff85  ....L..d....88............H..$......7...
2021-03-15T22:19:32.4738568Z 00012070: c00f 8439 0d00 00bf 0200 0000 e89f 33ff ff89 0591 6f01 0083 f8ff 0f84 bf11 0000 803d ee81 0100 000f  ...9..........3.....o............=......
2021-03-15T22:19:32.4739401Z 00012098: 85a8 0b00 004c 8dbc 24d0 0000 004c 8db4 2450 0100 004c 89ff e8fb 35ff ff4c 89fe 4c89 f231 ffe8 8e2f  .....L..$....L..$P...L....5..L..L..1.../
2021-03-15T22:19:32.4740565Z 000120c0: ffff 4c89 e7e8 e686 ffff 4189 c784 c00f 85cb 0b00 00e8 f639 ffff 8944 2410 4189 c783 f8ff 0f84 540f  ..L.......A............9...D$.A.......T.
2021-03-15T22:19:32.4741631Z 000120e8: 0000 85c0 0f84 8f0f 0000 8b3d 286f 0100 83ff ff74 0fe8 ee33 ffff c705 146f 0100 ffff ffff 49c7 0424  ...........=(o.....t...3.....o......I..$
2021-03-15T22:19:32.4742342Z 00012110: 0300 0000 0f1f 4000 8bbc 24a8 0000 0031 c9ba 0800 0000 4c89 e6e8 8232 ffff 4883 f8ff 0f85 6801 0000  ......@...$....1......L....2..H.....h...
2021-03-15T22:19:32.4743138Z 00012138: e8c3 2fff ff8b 0083 f804 74d4 83f8 0b74 cf48 8d35 40e2 0000 31ff e829 2fff ffb9 7201 0000 ba3a 0600  ../.......t....t.H.5@...1..)/...r....:..
2021-03-15T22:19:32.4744018Z 00012160: 0048 8d35 5bda 0000 4989 c14c 8d05 edff 0000 488d 3dc7 e400 0031 c0e8 1037 ffff 488d 3509 e200 0031  .H.5[...I..L......H.=....1...7..H.5....1
2021-03-15T22:19:32.4745088Z 00012188: ffe8 f22e ffff 488d 3dca ff00 0048 89c6 31c0 e8b1 36ff ff90 4883 ec08 488d 0585 ce00 004c 8d0d 2ee4  ......H.=....H..1...6...H...H......L....
2021-03-15T22:19:32.4746644Z 000121b0: 0000 b946 0100 0050 4c89 cf31 c04c 8d05 cce0 0000 ba91 0000 0048 8d35 f3d9 0000 e8bb 36ff ff45 31c0  ...F...PL..1.L...........H.5......6..E1.
2021-03-15T22:19:32.4747530Z 000121d8: ba93 0000 00b9 4001 0000 488d 35da d900 0048 8d3d f0e3 0000 e8ab 37ff ff48 833d 537f 0100 0058 5a0f  ......@...H.5....H.=......7..H.=S....XZ.
2021-03-15T22:19:32.4748431Z 00012200: 853a fbff ff45 31c0 b940 0100 00ba 5b05 0000 4531 ff48 8d35 a7d9 0000 488d 3d1d e400 00e8 7837 ffff  .:...E1..@....[...E1.H.5....H.=.....x7..
2021-03-15T22:19:32.4749362Z 00012228: e981 0800 000f 1f00 8905 da6d 0100 8905 d86d 0100 8905 d66d 0100 4183 f9ff 0f84 d8fc ffff 8b35 ca6d  ...........m.....m.....m..A..........5.m
2021-03-15T22:19:32.4750166Z 00012250: 0100 4489 cf48 89e9 488d 15a1 cbff ffe8 cced ffff 448b 0db9 6d01 00e9 80fc ffff 498b 8d90 0000 008b  ..D..H..H...........D...m.......I.......
2021-03-15T22:19:32.4751546Z 00012278: 15a3 6d01 004c 89f7 4885 c948 0f44 0d2d 9c01 0048 890d 567f 0100 e849 c300 00e9 36fa ffff 0f1f 4000  ..m..L..H..H.D.-...H..V....I....6.....@.
2021-03-15T22:19:32.4752302Z 000122a0: 8bbc 24b0 0000 0083 ffff 7405 e83f 32ff ff8b bc24 bc00 0000 83ff ff74 05e8 2e32 ffff 8bbc 24c4 0000  ..$.......t..?2....$.......t...2....$...
2021-03-15T22:19:32.4753020Z 000122c8: 0083 ffff 7405 e81d 32ff ff8b bc24 ac00 0000 e811 32ff ff41 8b7d 3483 ffff 740d e803 32ff ff41 c745  ....t...2....$......2..A.}4...t...2..A.E
2021-03-15T22:19:32.4753710Z 000122f0: 34ff ffff ff41 f645 3101 0f85 a00a 0000 b940 0100 00ba b204 0000 488d 35b2 d800 0044 8bbc 24a8 0000  4....A.E1........@........H.5....D..$...
2021-03-15T22:19:32.4754414Z 00012318: 0048 8d3d 30e2 0000 e88b 2eff ff8b 4424 0c48 89e9 4489 ffbe 0a00 0000 488d 15f5 e9ff ff4c 8964 2420  .H.=0.........D$.H..D.......H......L.d$ 
2021-03-15T22:19:32.4755063Z 00012340: 8944 2418 8b05 969b 0100 c744 2414 ffff ffff 6689 4424 1c8b 0587 9b01 0049 c704 2400 0000 0066 8944  .D$........D$.....f.D$.......I..$....f.D
2021-03-15T22:19:32.4755661Z 00012368: 241e 488d 8424 9800 0000 4889 8424 a000 0000 498b 85b0 0000 0049 c785 b000 0000 0000 0000 4c89 6c24  $.H..$....H..$....I......I..........L.l$
2021-03-15T22:19:32.4756259Z 00012390: 2848 c784 2498 0000 0000 0000 0048 8944 2430 e809 35ff ff48 8944 2438 4889 c648 85c0 0f84 1f0e 0000  (H..$........H.D$0..5..H.D$8H..H........
2021-03-15T22:19:32.4756933Z 000123b8: 488b 7c24 3031 c931 d2e8 5a35 ffff 83f8 ff0f 8443 0e00 0045 89f9 b946 0100 00ba cc04 0000 31c0 4c8d  H.|$01.1..Z5.......C...E...F........1.L.
2021-03-15T22:19:32.4757753Z 000123e0: 05f0 d900 0048 8d35 d7d7 0000 488d 3d5d e100 00e8 9834 ffff be20 0000 0048 89e9 488d 15e9 e4ff ffbf  .....H.5....H.=].....4... ...H..H.......
2021-03-15T22:19:32.4758472Z 00012408: 0200 0000 e89f 34ff ff48 8944 2448 4889 c648 85c0 0f84 1c11 0000 488b 7c24 3031 c931 d2e8 f034 ffff  ......4..H.D$HH..H........H.|$01.1...4..
2021-03-15T22:19:32.4759143Z 00012430: 83f8 ff0f 8440 1100 00be 2000 0000 4889 e9bf 0300 0000 488d 15a3 e4ff ffe8 5e34 ffff 4889 4424 5048  .....@.... ...H.......H.......^4..H.D$PH
2021-03-15T22:19:32.4759890Z 00012458: 89c6 4885 c00f 843d 1100 0048 8b7c 2430 31c9 31d2 e8af 34ff ff83 f8ff 0f84 6111 0000 be20 0000 0048  ..H....=...H.|$01.1...4.......a.... ...H
2021-03-15T22:19:32.4760741Z 00012480: 89e9 bf14 0000 0048 8d15 62e4 ffff e81d 34ff ff48 8944 2458 4889 c648 85c0 0f84 7f0a 0000 488b 7c24  .......H..b.....4..H.D$XH..H........H.|$
2021-03-15T22:19:32.4761442Z 000124a8: 3031 c931 d2e8 6e34 ffff 83f8 ff0f 84e2 0a00 00be 2000 0000 4889 e9bf 0f00 0000 488d 1521 e4ff ffe8  01.1..n4............ ...H.......H..!....
2021-03-15T22:19:32.4762440Z 000124d0: dc33 ffff 4889 4424 6048 89c6 4885 c00f 84fb 0a00 0048 8b7c 2430 31c9 31d2 e82d 34ff ff83 f8ff 0f84  .3..H.D$`H..H........H.|$01.1..-4.......
2021-03-15T22:19:32.4763135Z 000124f8: 1e0b 0000 be20 0000 0048 89e9 bf01 0000 0048 8d15 e0e3 ffff e89b 33ff ff48 8944 2468 4889 c648 85c0  ..... ...H.......H........3..H.D$hH..H..
2021-03-15T22:19:32.4763801Z 00012520: 0f84 cf0d 0000 488b 7c24 3031 c931 d2e8 ec33 ffff 83f8 ff0f 84f3 0d00 00be 2000 0000 4889 e9bf 0e00  ......H.|$01.1...3............ ...H.....
2021-03-15T22:19:32.4764484Z 00012548: 0000 488d 159f e3ff ffe8 5a33 ffff 4889 4424 7048 89c6 4885 c00f 84f0 0d00 0048 8b7c 2430 31c9 31d2  ..H.......Z3..H.D$pH..H........H.|$01.1.
2021-03-15T22:19:32.4765163Z 00012570: e8ab 33ff ff83 f8ff 0f84 140e 0000 be20 0000 0048 89e9 bf0a 0000 0048 8d15 5ee3 ffff e819 33ff ff48  ..3............ ...H.......H..^.....3..H
2021-03-15T22:19:32.4765845Z 00012598: 8944 2478 4889 c648 85c0 0f84 110e 0000 488b 7c24 3031 c931 d2e8 6a33 ffff 83f8 ff0f 8435 0e00 00be  .D$xH..H........H.|$01.1..j3.......5....
2021-03-15T22:19:32.4766500Z 000125c0: 2000 0000 4889 e9bf 0c00 0000 488d 151d e3ff ffe8 d832 ffff 4889 8424 8000 0000 4889 c648 85c0 0f84   ...H.......H........2..H..$....H..H....
2021-03-15T22:19:32.4767532Z 000125e8: 2f0e 0000 488b 7c24 3031 c931 d2e8 2633 ffff 83f8 ff0f 8452 0e00 00be 2000 0000 4889 e9bf 1100 0000  /...H.|$01.1..&3.......R.... ...H.......
2021-03-15T22:19:32.4768163Z 00012610: 488d 15d9 e2ff ffe8 9432 ffff 4889 8424 8800 0000 4889 c648 85c0 0f84 4c0e 0000 488b 7c24 3031 c931  H........2..H..$....H..H....L...H.|$01.1
2021-03-15T22:19:32.4768855Z 00012638: d2e8 e232 ffff 83f8 ff0f 846f 0e00 00be 2000 0000 4889 e9bf 1c00 0000 488d 1595 e2ff ffe8 5032 ffff  ...2.......o.... ...H.......H.......P2..
2021-03-15T22:19:32.4769527Z 00012660: 4889 8424 9000 0000 4889 c648 85c0 0f84 690e 0000 488b 7c24 3031 c931 d2e8 9e32 ffff 83f8 ff0f 848c  H..$....H..H....i...H.|$01.1...2........
2021-03-15T22:19:32.4770166Z 00012688: 0e00 0048 89e9 488d 155b d7ff ffbe 0400 0000 4489 ffe8 0e32 ffff 4889 4424 4048 85c0 0f84 bf0a 0000  ...H..H..[........D....2..H.D$@H........
2021-03-15T22:19:32.4770821Z 000126b0: 488b 7c24 30bb 0200 0000 e8b1 34ff ffb9 4001 0000 ba1e 0500 0048 8d35 f3d4 0000 488d 3d79 de00 00e8  H.|$0.......4...@........H.5....H.=y....
2021-03-15T22:19:32.4771476Z 000126d8: 442f ffff 31d2 4c89 f6bf 0200 0000 e865 29ff ff48 8d35 f6d6 0000 bf06 0000 00e8 6432 ffff 488b 7c24  D/..1.L........e)..H.5..........d2..H.|$
2021-03-15T22:19:32.4772449Z 00012700: 30e8 6acf ffff 488b 7c24 30e8 d02d ffff 83f8 ff0f 849f 0200 000f 1f80 0000 0000 488b 7c24 30e8 b630  0.j...H.|$0..-..................H.|$0..0
2021-03-15T22:19:32.4773106Z 00012728: ffff 84c0 0f84 2602 0000 31c0 b942 0100 004c 8d05 48d3 0000 ba6a 0600 0048 8d35 77d4 0000 488d 3ded  ......&...1..B...L..H....j...H.5w...H.=.
2021-03-15T22:19:32.4773851Z 00012750: de00 00e8 3831 ffff 418b 4424 0485 c00f 84cb 0200 0048 8d3d ecdc 0000 b940 0100 00ba 5903 0000 488d  ....81..A.D$.........H.=.....@....Y...H.
2021-03-15T22:19:32.4774516Z 00012778: 3546 d400 00e8 2e2a ffff 8b3d 9c68 0100 83ff ff74 3331 d231 c0be 0300 0000 e855 2aff ff83 f8ff 7420  5F.....*...=.h.....t31.1.......U*.....t 
2021-03-15T22:19:32.4775217Z 000127a0: f6c4 0874 1b80 e4f7 8b3d 7668 0100 be04 0000 0089 c231 c0e8 342a ffff 0f1f 4000 31ff e8e9 d8ff ff48  ...t.....=vh.........1..4*....@.1......H
2021-03-15T22:19:32.4776749Z 000127c8: 8b2d 227a 0100 4885 ed74 400f 1f44 0000 488b 4500 488b 7d10 4889 0509 7a01 0048 85ff 7405 e86f 32ff  .-"z..H..t@..D..H.E.H.}.H...z..H..t..o2.
2021-03-15T22:19:32.4778054Z 000127f0: ff48 8b7d 1848 85ff 7405 e861 32ff ff48 89ef e869 28ff ff48 8b2d e279 0100 4885 ed75 c58b 3d0b 6801  .H.}.H..t..a2..H...i(..H.-.y..H..u..=.h.
2021-03-15T22:19:32.4779001Z 00012818: 0083 ffff 7407 31f6 e8cb 2dff ff48 833d bb79 0100 0074 1a31 f641 833c 2402 7505 418b 7424 0448 8d3d  ....t.1...-..H.=.y...t.1.A.<$.u.A.t$.H.=
2021-03-15T22:19:32.4779920Z 00012840: 5c7a 0100 e8f7 c000 00b9 4001 0000 ba77 0300 0048 8d35 69d3 0000 488d 3df7 db00 00e8 ba2d ffff b940  \z........@....w...H.5i...H.=......-...@
2021-03-15T22:19:32.4780827Z 00012868: 0100 00ba 2805 0000 488d 354c d300 0048 8d3d c2db 0000 e82d 29ff ff48 8b7c 2430 e8f3 2fff ff48 8b7c  ....(...H.5L...H.=.....-)..H.|$0../..H.|
2021-03-15T22:19:32.4781509Z 00012890: 2438 e8c9 31ff ff48 8b7c 2440 e8bf 31ff ff48 8b7c 2448 e8b5 31ff ff48 8b7c 2450 e8ab 31ff ff48 8b7c  $8..1..H.|$@..1..H.|$H..1..H.|$P..1..H.|
2021-03-15T22:19:32.4782189Z 000128b8: 2458 e8a1 31ff ff48 8b7c 2460 e897 31ff ff48 8b7c 2468 e88d 31ff ff48 8b7c 2470 e883 31ff ff48 8b7c  $X..1..H.|$`..1..H.|$h..1..H.|$p..1..H.|
2021-03-15T22:19:32.4782874Z 000128e0: 2478 e879 31ff ff48 8bbc 2480 0000 00e8 6c31 ffff 488b bc24 8800 0000 e85f 31ff ff48 8bbc 2490 0000  $x.y1..H..$.....l1..H..$....._1..H..$...
2021-03-15T22:19:32.4783913Z 00012908: 00e8 5231 ffff 488b bc24 9800 0000 4885 ff75 22e9 4801 0000 4889 5008 4889 02e8 4427 ffff 488b bc24  ..R1..H..$....H..u".H...H.P.H...D'..H..$
2021-03-15T22:19:32.4784561Z 00012930: 9800 0000 4885 ff0f 842b 0100 0048 8b07 488b 5708 4885 c075 d748 8994 24a0 0000 00eb d10f 1f44 0000  ....H....+...H..H.W.H..u.H..$........D..
2021-03-15T22:19:32.4785443Z 00012958: 488b 7c24 30e8 5e32 ffff 84c0 0f85 fbfd ffff e891 27ff ff8b 0083 f806 0f8f 9e00 0000 83f8 040f 8ee2  H.|$0.^2............'...................
2021-03-15T22:19:32.4786116Z 00012980: fdff ff83 fb01 0f84 d9fd ffff 8b3d 9266 0100 83ff ff0f 84ca fdff ffe8 90e8 ffff 488b 7c24 30bb 0100  .............=.f................H.|$0...
2021-03-15T22:19:32.4786795Z 000129a8: 0000 e831 2bff ff83 f8ff 0f85 68fd ffff 31ff 488d 35b3 d000 00e8 ba26 ffff b973 0100 004c 8d05 8df7  ...1+.......h...1.H.5......&...s...L....
2021-03-15T22:19:32.4787481Z 000129d0: 0000 ba67 0600 0049 89c1 488d 35e2 d100 0031 c048 8d3d 56dc 0000 e8a1 2eff ff31 ff48 8d35 7cd0 0000  ...g...I..H.5....1.H.=V........1.H.5|...
2021-03-15T22:19:32.4788166Z 000129f8: e883 26ff ff48 8d3d 5bf7 0000 4889 c631 c0e8 a230 ffff e90d fdff ff0f 1f44 0000 83f8 090f 8544 fdff  ..&..H.=[...H..1...0.........D.......D..
2021-03-15T22:19:32.4788849Z 00012a20: ffe9 5dff ffff 662e 0f1f 8400 0000 0000 8b7c 2414 83ff ff0f 8428 fdff ffbe 0100 0000 e839 82ff ffc7  ..]...f..........|$......(.........9....
2021-03-15T22:19:32.4789475Z 00012a48: 4424 14ff ffff ff48 b802 0000 0009 0100 0049 8904 24e9 03fd ffff 660f 1f44 0000 b940 0100 00ba 3d05  D$.....H.........I..$.....f..D...@....=.
2021-03-15T22:19:32.4790101Z 00012a70: 0000 488d 354a d100 0041 bf01 0000 0048 8d3d bad9 0000 e895 2bff ff41 b801 0000 00b9 4001 0000 ba89  ..H.5J...A.....H.=......+..A......@.....
2021-03-15T22:19:32.4792484Z 00012a98: 0600 0048 8d35 21d1 0000 488d 3d97 db00 00e8 f22e ffff 488b 8424 f802 0000 6448 2b04 2528 0000 000f  ...H.5!...H.=.........H..$....dH+.%(....
2021-03-15T22:19:32.4793292Z 00012ac0: 85a0 0700 0048 81c4 0803 0000 4489 f85b 5d41 5c41 5d41 5e41 5fc3 660f 1f44 0000 488d 35dc d000 0048  .....H......D..[]A\A]A^A_.f..D..H.5....H
2021-03-15T22:19:32.4794582Z 00012ae8: 8d3d 52db 0000 31c0 b946 0100 004c 8d05 14d8 0000 bad1 0500 00e8 8a2d ffff 488d bc24 b800 0000 be00  .=R...1..F...L.............-..H..$......
2021-03-15T22:19:32.4796024Z 00012b10: 0008 00c6 056a 7701 0001 e861 30ff ff85 c00f 8543 0700 008b bc24 b800 0000 4889 e9be 0100 0000 488d  .....jw....a0......C.....$....H.......H.
2021-03-15T22:19:32.4796675Z 00012b38: 15d3 c6ff ffe8 eee4 ffff 8b84 24bc 0000 0089 05c5 6401 00e9 bef4 ffff 0f1f 4000 488d 3564 d000 0048  ............$.......d.........@.H.5d...H
2021-03-15T22:19:32.4797767Z 00012b60: 8d3d dada 0000 31c0 b946 0100 004c 8d05 74d7 0000 babc 0500 00e8 122d ffff 488d bc24 b000 0000 be00  .=....1..F...L..t..........-..H..$......
2021-03-15T22:19:32.4798439Z 00012b88: 0008 00c6 05f2 7601 0001 e8e9 2fff ff85 c00f 850e 0700 008b b424 b400 0000 4889 e948 8d15 70c0 ffff  ......v...../............$....H..H..p...
2021-03-15T22:19:32.4799092Z 00012bb0: 31ff e879 e4ff ff8b 8424 b000 0000 8905 4c64 0100 e9cb f3ff ff0f 1f80 0000 0000 488d 35ec cf00 0048  1..y.....$......Ld..............H.5....H
2021-03-15T22:19:32.4799806Z 00012bd8: 8d3d 62da 0000 31c0 b946 0100 004c 8d05 4cd7 0000 bae6 0500 00e8 9a2c ffff 488d bc24 c000 0000 be00  .=b...1..F...L..L..........,..H..$......
2021-03-15T22:19:32.4800470Z 00012c00: 0008 00e8 782f ffff 85c0 0f85 c106 0000 8bbc 24c0 0000 0048 89e9 be02 0000 0048 8d15 bac3 ffff e805  ....x/............$....H.......H........
2021-03-15T22:19:32.4801128Z 00012c28: e4ff ff8b 8424 c400 0000 803d 4c76 0100 0089 05d9 6301 000f 8458 f4ff ff8b 35d5 6301 008b 3dd3 6301  .....$.....=Lv......c....X....5.c...=.c.
2021-03-15T22:19:32.4802057Z 00012c50: 00e8 6a2e ffff 84c0 0f84 c501 0000 803d 1f76 0100 000f 8532 f4ff ff41 f645 3140 0f85 27f4 ffff 8b3d  ..j............=.v.....2...A.E1@..'....=
2021-03-15T22:19:32.4802711Z 00012c78: a863 0100 31f6 e85d 2fff ff84 c00f 8412 f4ff ffc7 05eb 7501 0001 0000 00e9 03f4 ffff 660f 1f44 0000  .c..1..]/.............u...........f..D..
2021-03-15T22:19:32.4803343Z 00012ca0: 31d2 4c89 f6bf 0200 0000 e8a1 23ff ff41 b801 0000 00b9 4001 0000 ba09 0600 0048 8d35 fdce 0000 488d  1.L.........#..A......@........H.5....H.
2021-03-15T22:19:32.4804005Z 00012cc8: 3d73 d900 00e8 9e2f ffff e9d7 fdff ff66 0f1f 8400 0000 0000 31ff 488d 3547 c700 00e8 9223 ffff 41b9  =s...../.......f........1.H.5G.....#..A.
2021-03-15T22:19:32.4804670Z 00012cf0: 1600 0000 b973 0100 00ba 7305 0000 4989 c048 8d35 bbce 0000 31c0 488d 3d2f d900 00e8 7a2b ffff 31ff  .....s....s...I..H.5....1.H.=/....z+..1.
2021-03-15T22:19:32.4806031Z 00012d18: 488d 3511 c700 00e8 5c23 ffff be16 0000 0048 89c7 31c0 e87d 2dff ffe9 d2f0 ffff 0f1f 8400 0000 0000  H.5.....\#.......H..1..}-...............
2021-03-15T22:19:32.4806943Z 00012d40: 31ff 488d 35e7 c600 00e8 3223 ffff 41b9 1500 0000 b973 0100 00ba 7105 0000 4989 c048 8d35 5bce 0000  1.H.5.....2#..A......s....q...I..H.5[...
2021-03-15T22:19:32.4807626Z 00012d68: 31c0 488d 3dcf d800 00e8 1a2b ffff 31ff 488d 35b1 c600 00e8 fc22 ffff be15 0000 0048 89c7 31c0 e81d  1.H.=......+..1.H.5......".......H..1...
2021-03-15T22:19:32.4808574Z 00012d90: 2dff ffe9 5bf0 ffff 0f1f 8400 0000 0000 418b 7d28 e827 27ff ffe9 52f5 ffff 6690 8b84 24e8 0100 0025  -...[...........A.}(.''...R...f...$....%
2021-03-15T22:19:32.4809233Z 00012db8: 00f0 0000 3d00 1000 000f 85b0 f2ff ffc6 05b6 7401 0001 e9a4 f2ff ff0f 1f44 0000 8b84 24e8 0100 0025  ....=.............t..........D....$....%
2021-03-15T22:19:32.4809863Z 00012de0: 00f0 0000 3d00 1000 000f 850a f2ff ffc6 058e 7401 0001 e9fe f1ff ff0f 1f44 0000 8b84 24e8 0100 0025  ....=.............t..........D....$....%
2021-03-15T22:19:32.4810602Z 00012e08: 00f0 0000 3d00 1000 000f 8567 f1ff ffc6 0566 7401 0001 e95b f1ff ff4c 8d0d 16d8 0000 b952 0100 004c  ....=......g.....ft....[...L.......R...L
2021-03-15T22:19:32.4811266Z 00012e30: 8d05 2ad5 0000 baf3 0500 0048 8d35 81cd 0000 4c89 cfe8 462a ffff c605 3474 0100 00e9 47f2 ffff 488d  ..*........H.5....L...F*....4t....G...H.
2021-03-15T22:19:32.4811966Z 00012e58: 3502 cf00 0031 ffe8 1c22 ffff b972 0100 00ba 6605 0000 488d 354e cd00 0049 89c1 4c8d 05e0 f200 0048  5....1..."...r....f...H.5N...I..L......H
2021-03-15T22:19:32.4812817Z 00012e80: 8d3d bad7 0000 31c0 e803 2aff ff48 8d35 cbce 0000 e9ee f2ff ff48 8d35 68cc 0000 31ff e8d9 21ff ffb9  .=....1...*..H.5.........H.5h...1...!...
2021-03-15T22:19:32.4813597Z 00012ea8: 6201 0000 4c8d 05ac f200 00ba 7a05 0000 4989 c148 8d35 01cd 0000 488d 3d77 d700 0031 c0e8 c029 ffff  b...L.......z...I..H.5....H.=w...1...)..
2021-03-15T22:19:32.4814304Z 00012ed0: 488d 3531 cc00 0031 ffe8 a221 ffff 488d 3d7a f200 0048 89c6 31c0 e831 26ff ff4c 8d05 9fce 0000 b972  H.51...1...!..H.=z...H..1..1&..L.......r
2021-03-15T22:19:32.4815406Z 00012ef8: 0100 00ba ba05 0000 488d 3d39 d700 0031 c048 8d35 b3cc 0000 e87b 29ff ff48 8d3d 79ce 0000 31c0 e82d  ........H.=9...1.H.5.....{)..H.=y...1..-
2021-03-15T22:19:32.4816092Z 00012f20: 29ff ff48 8d35 dac0 0000 31ff e84f 21ff ff48 8d35 09c4 0000 31ff 4889 c3e8 3e21 ffff 4154 b962 0100  )..H.5....1..O!..H.5....1.H...>!..AT.b..
2021-03-15T22:19:32.4816799Z 00012f48: 004c 8d0d 00d6 0000 5349 89c0 bae0 0400 004c 89cf 488d 3560 cc00 0031 c0e8 2629 ffff 488d 3593 c000  .L......SI.......L..H.5`...1..&)..H.5...
2021-03-15T22:19:32.4817480Z 00012f70: 0031 ffe8 0821 ffff 488d 35c2 c300 0031 ff49 89c4 e8f7 20ff ff4c 89e2 488d 35bd d500 0048 89c7 31c0  .1...!..H.5....1.I.... ..L..H.5....H..1.
2021-03-15T22:19:32.4818172Z 00012f98: e883 25ff ff48 8d35 39c7 0000 31ff e8d5 20ff ffb9 7201 0000 bae2 0400 004c 8d05 a3f1 0000 4989 c148  ..%..H.59...1... ...r........L......I..H
2021-03-15T22:19:32.4818995Z 00012fc0: 8d35 fdcb 0000 488d 3d83 d500 0031 c0e8 bc28 ffff 488d 3502 c700 00e9 a7f1 ffff 488d 351d c000 0031  .5....H.=....1...(..H.5.........H.5....1
2021-03-15T22:19:32.4819686Z 00012fe8: ffe8 9220 ffff 488d 354c c300 0031 ff48 89c3 e881 20ff ffb9 6201 0000 55ba e704 0000 5349 89c0 4c8d  ... ..H.5L...1.H.... ...b...U.....SI..L.
2021-03-15T22:19:32.4820347Z 00013010: 0d3b d500 00e9 3fff ffff 488d 35bc c600 0031 ffe8 5820 ffff b972 0100 00ba e904 0000 4c8d 0526 f100  .;....?...H.5....1..X ...r........L..&..
2021-03-15T22:19:32.4820998Z 00013038: 0049 89c1 eb81 488d 3540 c600 0031 ffe8 3420 ffff b972 0100 00ba 0f06 0000 488d 3566 cb00 0049 89c1  .I....H.5@...1..4 ...r........H.5f...I..
2021-03-15T22:19:32.4821629Z 00013060: 4c8d 05f8 f000 0048 8d3d d2d5 0000 31c0 e81b 28ff ff48 8d35 09c6 0000 e906 f1ff ff8b bc24 a800 0000  L......H.=....1...(..H.5...........$....
2021-03-15T22:19:32.4822283Z 00013088: e863 24ff ff8b bc24 b400 0000 83ff ff74 05e8 5224 ffff 8bbc 24b8 0000 0083 ffff 7405 e841 24ff ff8b  .c$....$.......t..R$....$.......t..A$...
2021-03-15T22:19:32.4822929Z 000130b0: bc24 c000 0000 83ff ff74 05e8 3024 ffff 803d be71 0100 008b 8c24 ac00 0000 7410 440f b63d ac71 0100  .$.......t..0$...=.q.....$....t.D..=.q..
2021-03-15T22:19:32.4823728Z 000130d8: 4183 f701 450f b6ff 4489 fa4c 89f6 4c89 efe8 4290 ffff 41c7 0424 0100 0000 e805 20ff ff31 c9ba 0800  A...E...D..L..L...B...A..$...... ..1....
2021-03-15T22:19:32.4824392Z 00013100: 0000 4c89 e68b 008b bc24 ac00 0000 4189 4424 04e8 9822 ffff 4883 c001 0f84 8700 0000 bf01 0000 00e8  ..L......$....A.D$..."..H...............
2021-03-15T22:19:32.4825032Z 00013128: 1420 ffff 488d 3515 cc00 0031 ffe8 461f ffff b972 0100 00ba 9800 0000 488d 3578 ca00 0049 89c1 4c8d  . ..H.5....1..F....r........H.5x...I..L.
2021-03-15T22:19:32.4826026Z 00013150: 050a f000 0048 8d3d 84d4 0000 31c0 e82d 27ff ff48 8d35 decb 0000 e918 f0ff ff48 8d35 8ebe 0000 31ff  .....H.=....1..-'..H.5.........H.5....1.
2021-03-15T22:19:32.4826724Z 00013178: e803 1fff ff48 8d35 bdc1 0000 31ff 4889 c3e8 f21e ffff 4c8d 0dbb d300 00b9 6201 0000 5249 89c0 ba19  .....H.5....1.H.......L.......b...RI....
2021-03-15T22:19:32.4827443Z 000131a0: 0500 0053 e9b0 fdff ff4c 8d0d 90d4 0000 4c8d 0541 c600 0031 c0b9 5201 0000 ba25 0600 0048 8d35 f9c9  ...S.....L......L..A...1..R....%...H.5..
2021-03-15T22:19:32.4828131Z 000131c8: 0000 4c89 cfe8 be26 ffff e94b ffff ff48 8d35 26be 0000 31ff e89b 1eff ff48 8d35 55c1 0000 31ff 4889  ..L....&...K...H.5&...1......H.5U...1.H.
2021-03-15T22:19:32.4828998Z 000131f0: c3e8 8a1e ffff 4c8d 0d53 d300 0041 57b9 6201 0000 5349 89c0 bac9 0400 00e9 47fd ffff 488d 35c4 c400  ......L..S...AW.b...SI........G...H.5...
2021-03-15T22:19:32.4829768Z 00013218: 0031 ffe8 601e ffff b972 0100 00ba cb04 0000 4c8d 052e ef00 0049 89c1 e986 fdff ff4c 8d05 55cb 0000  .1..`....r........L......I.......L..U...
2021-03-15T22:19:32.4830473Z 00013240: b972 0100 00ba cf05 0000 e9b1 fcff ff4c 8d05 3fcb 0000 b972 0100 00ba e405 0000 e99b fcff ffe8 f620  .r.............L..?....r............... 
2021-03-15T22:19:32.4831156Z 00013268: ffff 488d 35fe c300 0031 ffe8 081e ffff b972 0100 00ba d505 0000 4c8d 05d6 ee00 0049 89c1 488d 3530  ..H.5....1.......r........L......I..H.50
2021-03-15T22:19:32.4831944Z 00013290: c900 0048 8d3d a6d3 0000 31c0 e8ef 25ff ff48 8d35 c7c3 0000 e9da eeff ff48 8d35 bbc3 0000 31ff e8c5  ...H.=....1...%..H.5.........H.5....1...
2021-03-15T22:19:32.4832654Z 000132b8: 1dff ffb9 7201 0000 bac0 0500 004c 8d05 93ee 0000 4989 c1eb bb48 8d35 97c3 0000 31ff e8a1 1dff ffb9  ....r........L......I....H.5....1.......
2021-03-15T22:19:32.4833389Z 000132e0: 7201 0000 bae9 0500 004c 8d05 6fee 0000 4989 c1eb 9748 8d35 08bd 0000 31ff e87d 1dff ff48 8d35 37c0  r........L..o...I....H.5....1..}...H.57.
2021-03-15T22:19:32.4834106Z 00013308: 0000 31ff 4889 c3e8 6c1d ffff b962 0100 00ba ee04 0000 4c8d 0d2b d200 0041 5349 89c0 53e9 29fc ffff  ..1.H...l....b........L..+...ASI..S.)...
2021-03-15T22:19:32.4834849Z 00013330: 488d 35a6 c300 0031 ffe8 421d ffff b972 0100 00ba f004 0000 4c8d 0510 ee00 0049 89c1 e968 fcff ff48  H.5....1..B....r........L......I...h...H
2021-03-15T22:19:32.4835549Z 00013358: 8d35 a6bc 0000 31ff e81b 1dff ff48 8d35 d5bf 0000 31ff 4889 c3e8 0a1d ffff b962 0100 00ba f504 0000  .5....1......H.5....1.H........b........
2021-03-15T22:19:32.4836303Z 00013380: 4c8d 0dc9 d100 0041 5249 89c0 53e9 c7fb ffff 488d 3544 c300 0031 ffe8 e01c ffff b972 0100 00ba f704  L......ARI..S.....H.5D...1.......r......
2021-03-15T22:19:32.4837082Z 000133a8: 0000 4c8d 05ae ed00 0049 89c1 e906 fcff ff48 8d35 44bc 0000 31ff e8b9 1cff ff48 8d35 73bf 0000 31ff  ..L......I.......H.5D...1......H.5s...1.
2021-03-15T22:19:32.4838103Z 000133d0: 4889 c3e8 a81c ffff b962 0100 00ba fc04 0000 4151 4989 c04c 8d0d 62d1 0000 53e9 65fb ffff 488d 35e2  H........b........AQI..L..b...S.e...H.5.
2021-03-15T22:19:32.4838847Z 000133f8: c200 0031 ffe8 7e1c ffff b972 0100 00ba fe04 0000 4c8d 054c ed00 0049 89c1 e9a4 fbff ff48 8d35 e2bb  ...1..~....r........L..L...I.......H.5..
2021-03-15T22:19:32.4839560Z 00013420: 0000 31ff e857 1cff ff31 ff48 8d35 0fbf 0000 4889 c3e8 461c ffff b962 0100 00ba 0305 0000 4c8d 0d05  ..1..W...1.H.5....H...F....b........L...
2021-03-15T22:19:32.4840261Z 00013448: d100 0057 4989 c053 e904 fbff ff48 8d35 81c2 0000 31ff e81d 1cff ffb9 7201 0000 ba05 0500 004c 8d05  ...WI..S.....H.5....1.......r........L..
2021-03-15T22:19:32.4840997Z 00013470: ebec 0000 4989 c1e9 43fb ffff 488d 3581 bb00 0031 ffe8 f61b ffff 488d 35b0 be00 0031 ff48 89c3 e8e5  ....I...C...H.5....1......H.5....1.H....
2021-03-15T22:19:32.4841703Z 00013498: 1bff ffb9 6201 0000 ba0a 0500 004c 8d0d a4d0 0000 5649 89c0 53e9 a3fa ffff 488d 3520 c200 0031 ffe8  ....b........L......VI..S.....H.5 ...1..
2021-03-15T22:19:32.4842386Z 000134c0: bc1b ffff b972 0100 00ba 0c05 0000 4c8d 058a ec00 0049 89c1 e9e2 faff ff48 8d35 20bb 0000 31ff e895  .....r........L......I.......H.5 ...1...
2021-03-15T22:19:32.4843076Z 000134e8: 1bff ff48 8d35 4fbe 0000 31ff 4889 c3e8 841b ffff 4c8d 0d4d d000 00ba 1105 0000 5149 89c0 b962 0100  ...H.5O...1.H.......L..M........QI...b..
2021-03-15T22:19:32.4843784Z 00013510: 0053 e942 faff ff48 8d35 bfc1 0000 31ff e85b 1bff ffb9 7201 0000 ba13 0500 004c 8d05 29ec 0000 4989  .S.B...H.5....1..[....r........L..)...I.
2021-03-15T22:19:32.4844459Z 00013538: c1e9 81fa ffff 488d 35bf ba00 0031 ffe8 341b ffff 488d 35ee bd00 0031 ff48 89c3 e823 1bff ff4c 8d0d  ......H.5....1..4...H.5....1.H...#...L..
2021-03-15T22:19:32.4845169Z 00013560: eccf 0000 4156 b962 0100 0053 4989 c0ba d204 0000 e9e0 f9ff ff48 8d35 5dc1 0000 31ff e8f9 1aff ffb9  ....AV.b...SI............H.5]...1.......
2021-03-15T22:19:32.4845988Z 00013588: 7201 0000 bad4 0400 004c 8d05 c7eb 0000 4989 c1e9 1ffa ffff 488d 355d ba00 0031 ffe8 d21a ffff 488d  r........L......I.......H.5]...1......H.
2021-03-15T22:19:32.4846711Z 000135b0: 358c bd00 0031 ff48 89c3 e8c1 1aff ff4c 8d0d 8acf 0000 4155 b962 0100 0053 4989 c0ba d904 0000 e97e  5....1.H.......L......AU.b...SI........~
2021-03-15T22:19:32.4847429Z 000135d8: f9ff ff48 8d35 fbc0 0000 31ff e897 1aff ffb9 7201 0000 badb 0400 004c 8d05 65eb 0000 4989 c1e9 bdf9  ...H.5....1.......r........L..e...I.....
2021-03-15T22:19:32.4848194Z 00013600: ffff 662e 0f1f 8400 0000 0000 0f1f 4000 4157 b9c0 0200 0041 bfff ffff ff41 5645 89c6 4155 4989 f548  ..f...........@.AW.....A.....AVE..AUI..H
2021-03-15T22:19:32.4848870Z 00013628: 8d35 2ed0 0000 4154 4989 fc48 8d3d 2ed0 0000 5548 89d5 ba3c 0000 00e8 681b ffff 488d 3d41 ed00 00e8  .5....ATI..H.=....UH...<....h...H.=A....
2021-03-15T22:19:32.4849572Z 00013650: 8c20 ffff 4885 c074 0444 8b78 1045 31c0 4c89 e731 c948 89ea 4c89 ee45 31e4 e8ad 20ff ff45 31c0 85c0  . ..H..t.D.x.E1.L..1.H..L..E1... ..E1...
2021-03-15T22:19:32.4850290Z 00013678: 742e b9c0 0200 00ba 4600 0000 488d 35d1 cf00 0048 8d3d d6cf 0000 e809 23ff ff5d 4489 e041 5c41 5d41  t.......F...H.5....H.=......#..]D..A\A]A
2021-03-15T22:19:32.4850948Z 000136a0: 5e41 5fc3 0f1f 4000 4489 fa44 89f6 4889 efe8 5a22 ffff 85c0 410f 94c0 410f 94c4 450f b6c0 ebb4 662e  ^A_...@.D..D..H...Z"....A...A...E.....f.
2021-03-15T22:19:32.4851892Z 000136c8: 0f1f 8400 0000 0000 4154 b980 0100 0049 89f4 488d 358f cf00 0055 4889 d5ba 8300 0000 5348 89fb 488d  ........AT.....I..H.5....UH.......SH..H.
2021-03-15T22:19:32.4852552Z 000136f0: 3dbb cf00 00e8 b61a ffff be18 0000 00bf 0100 0000 e8c7 1eff ff48 85c0 7438 488b 134c 8960 0845 31c0  =........................H..t8H..L.`.E1.
2021-03-15T22:19:32.4853452Z 00013718: b980 0100 0048 8968 1048 8d35 48cf 0000 488d 3d81 cf00 0048 8910 ba8e 0000 0048 8903 e831 25ff ff31  .....H.h.H.5H...H.=....H.......H...1%..1
2021-03-15T22:19:32.4854094Z 00013740: c05b 5d41 5cc3 4c8d 05b7 b800 00b9 a201 0000 ba86 0000 0048 8d35 12cf 0000 488d 3d4b cf00 00e8 2621  .[]A\.L................H.5....H.=K....&!
2021-03-15T22:19:32.4854776Z 00013768: ffff 4183 c8ff b980 0100 00ba 8800 0000 488d 35f1 ce00 0048 8d3d 2acf 0000 e8e5 24ff ff83 c8ff ebb1  ..A.............H.5....H.=*.....$.......
2021-03-15T22:19:32.4856265Z 00013790: 4154 b980 0100 0049 89fc 488d 3ddf ce00 0055 4889 d5ba bf00 0000 5348 89f3 488d 35bb ce00 00e8 f619  AT.....I..H.=....UH.......SH..H.5.......
2021-03-15T22:19:32.4856936Z 000137b8: ffff 498b 0c24 4885 c974 3a48 89cf 31d2 eb14 660f 1f44 0000 488b 0748 89fa 4885 c074 2248 89c7 4839  ..I..$H..t:H..1...f..D..H..H..H..t"H..H9
2021-03-15T22:19:32.4857596Z 000137e0: 5f08 75ec 4839 6f10 75e6 4885 d274 2f48 8b02 488b 0048 8902 e873 18ff ff5b b980 0100 005d bace 0000  _.u.H9o.u.H..t/H..H..H...s...[.....]....
2021-03-15T22:19:32.4858235Z 00013808: 0048 8d35 60ce 0000 488d 3d69 ce00 0041 5ce9 021e ffff 488b 0149 8904 24eb d166 0f1f 8400 0000 0000  .H.5`...H.=i...A\.....H..I..$..f........
2021-03-15T22:19:32.4859006Z 00013830: 4155 4154 5553 4883 ec08 488b 1d77 7a01 0048 85db 7434 4989 fd49 89f4 89d5 eb08 488b 1b48 85db 7417  AUATUSH...H..wz..H..t4I..I......H..H..t.
2021-03-15T22:19:32.4859868Z 00013858: 89ea 488b 4b10 4c89 e64c 89ef ff53 088d 5001 83e2 fd75 e148 83c4 085b 5d41 5c41 5dc3 31c0 ebf1 6690  ..H.K.L..L...S..P....u.H...[]A\A].1...f.
2021-03-15T22:19:32.4860574Z 00013880: 5553 4883 ec08 488b 1d13 7a01 0048 85db 742f 4889 fdeb 1166 0f1f 8400 0000 0000 488b 1b48 85db 7412  USH...H...z..H..t/H....f........H..H..t.
2021-03-15T22:19:32.4861629Z 000138a8: 488b 7310 4889 efff 5308 8d50 0183 e2fd 75e6 4883 c408 5b5d c331 c0eb f566 662e 0f1f 8400 0000 0000  H.s.H...S..P....u.H...[].1...ff.........
2021-03-15T22:19:32.4862309Z 000138d0: 4155 4154 5553 4883 ec18 488b 1dc7 7901 0064 488b 0425 2800 0000 4889 4424 0831 c048 c704 2400 0000  AUATUSH...H...y..dH..%(...H.D$.1.H..$...
2021-03-15T22:19:32.4863150Z 000138f8: 0048 85db 7457 4889 fd49 89f5 4989 e4eb 0f0f 1f80 0000 0000 488b 1b48 85db 7415 488b 5310 4c89 e648  .H..tWH..I..I...........H..H..t.H.S.L..H
2021-03-15T22:19:32.4863970Z 00013920: 89ef ff53 088d 5001 83e2 fd75 e348 8b14 2448 85d2 7404 4989 5500 488b 4c24 0864 482b 0c25 2800 0000  ...S..P....u.H..$H..t.I.U.H.L$.dH+.%(...
2021-03-15T22:19:32.4864658Z 00013948: 750f 4883 c418 5b5d 415c 415d c331 c0eb e1e8 021a ffff 6690 5553 4883 ec08 488b 1d43 7901 0048 85db  u.H...[]A\A].1........f.USH...H..Cy..H..
2021-03-15T22:19:32.4865364Z 00013970: 742f 4889 fdeb 1166 0f1f 8400 0000 0000 488b 1b48 85db 7412 488b 7310 4889 efff 5308 8d50 0183 e2fd  t/H....f........H..H..t.H.s.H...S..P....
2021-03-15T22:19:32.4866205Z 00013998: 75e6 4883 c408 5b5d c331 c0eb f566 662e 0f1f 8400 0000 0000 4154 b980 0100 00ba 9600 0000 488d 35ad  u.H...[].1...ff.........AT..........H.5.
2021-03-15T22:19:32.4866834Z 000139c0: cc00 0053 4889 fb48 8d3d facc 0000 4883 ec08 e8d9 17ff ff66 837b 0201 0f85 de00 0000 8b43 0483 f803  ...SH..H.=....H........f.{.........C....
2021-03-15T22:19:32.4867506Z 000139e8: 7476 7754 83f8 010f 848b 0000 0083 f802 0f85 a200 0000 488b 5310 488b 7308 488d 3da3 7801 00e8 befc  tvwT..................H.S.H.s.H.=.x.....
2021-03-15T22:19:32.4868519Z 00013a10: ffff 4189 c445 89e0 b980 0100 00ba b600 0000 488d 3547 cc00 0048 8d3d 98cc 0000 e83b 22ff ff48 83c4  ..A..E............H.5G...H.=.....;"..H..
2021-03-15T22:19:32.4869934Z 00013a38: 0844 89e0 5b41 5cc3 83f8 0475 5b48 8b53 1048 8b73 0848 8d3d 5478 0100 e877 fcff ff41 89c4 ebb7 6690  .D..[A\....u[H.S.H.s.H.=Tx...w...A....f.
2021-03-15T22:19:32.4870780Z 00013a60: 488b 5310 488b 7308 488d 3d31 7801 00e8 5cfc ffff 4189 c4eb 9c0f 1f80 0000 0000 488b 5310 488b 7308  H.S.H.s.H.=1x...\...A...........H.S.H.s.
2021-03-15T22:19:32.4871849Z 00013a88: 488d 3d29 7801 00e8 3cfc ffff 4189 c4e9 79ff ffff 0f1f 4000 e85b 16ff ff41 bc01 0000 00c7 005f 0000  H.=)x...<...A...y.....@..[...A......._..
2021-03-15T22:19:32.4872721Z 00013ab0: 00e9 5fff ffff 662e 0f1f 8400 0000 0000 e83b 16ff ff41 bcff ffff ffc7 0016 0000 00e9 3fff ffff 662e  .._...f..........;...A............?...f.
2021-03-15T22:19:32.4873546Z 00013ad8: 0f1f 8400 0000 0000 4154 b980 0100 00ba d600 0000 488d 357d cb00 0053 4889 fb48 8d3d a2cb 0000 41bc  ........AT..........H.5}...SH..H.=....A.
2021-03-15T22:19:32.4874203Z 00013b00: ffff ffff 4883 ec08 e8a3 16ff ff66 837b 0201 742c 4589 e0b9 8001 0000 baf4 0000 0048 8d35 48cb 0000  ....H........f.{..t,E............H.5H...
2021-03-15T22:19:32.4874865Z 00013b28: 488d 3d71 cb00 00e8 3c21 ffff 4883 c408 4489 e05b 415c c390 8b43 0483 f803 7458 772e 83f8 0174 7183  H.=q....<!..H...D..[A\...C....tXw....tq.
2021-03-15T22:19:32.4875526Z 00013b50: f802 0f85 8400 0000 488b 5310 488b 7308 488d 3d49 7701 0045 31e4 e821 fcff ffeb a30f 1f80 0000 0000  ........H.S.H.s.H.=Iw..E1..!............
2021-03-15T22:19:32.4876189Z 00013b78: 41bc 0100 0000 83f8 0475 9148 8b53 1048 8b73 0848 8d3d 1677 0100 4531 e4e8 f6fb ffff e975 ffff ff90  A........u.H.S.H.s.H.=.w..E1.......u....
2021-03-15T22:19:32.4876903Z 00013ba0: 488b 5310 488b 7308 488d 3df1 7601 0045 31e4 e8d9 fbff ffe9 58ff ffff 0f1f 4000 488b 5310 488b 7308  H.S.H.s.H.=.v..E1.......X.....@.H.S.H.s.
2021-03-15T22:19:32.4878001Z 00013bc8: 488d 3de9 7601 0045 31e4 e8b9 fbff ffe9 38ff ffff 41bc 0100 0000 e92d ffff ff66 0f1f 8400 0000 0000  H.=.v..E1.......8...A......-...f........
2021-03-15T22:19:32.4878687Z 00013bf0: 4883 ec28 b940 0300 00ba 7700 0000 6448 8b04 2528 0000 0048 8944 2418 31c0 488d 35c1 ca00 0048 8d3d  H..(.@....w...dH..%(...H.D$.1.H.5....H.=
2021-03-15T22:19:32.4879271Z 00013c18: c4cd 0000 48c7 0424 0000 0000 48c7 4424 0800 0000 00e8 7e15 ffff 488d 35b7 7601 00bf 0400 0000 e8ad  ....H..$....H.D$......~...H.5.v.........
2021-03-15T22:19:32.4880039Z 00013c40: 1fff ff83 f8ff 0f84 d400 0000 4883 ec08 b946 0300 00ba 7b00 0000 31c0 ff35 9676 0100 4c8b 0d87 7601  ............H....F....{...1..5.v..L...v.
2021-03-15T22:19:32.4880651Z 00013c68: 004c 8d05 a0cb 0000 488d 355f ca00 0048 8d3d 62cd 0000 e80d 1cff ff48 8d74 2410 bf04 0000 00e8 5e1c  .L......H.5_...H.=b........H.t$.......^.
2021-03-15T22:19:32.4881387Z 00013c90: ffff 5a59 83f8 ff0f 8433 0100 0045 31c0 31c9 31d2 31f6 bf03 0000 0031 c0e8 3e1a ffff 8905 0876 0100  ..ZY.....3...E1.1.1.1......1..>......v..
2021-03-15T22:19:32.4882019Z 00013cb8: 83f8 ff0f 84d7 0000 0045 31c0 31c9 31d2 31f6 31c0 bf04 0000 00e8 1a1a ffff 83f8 ff0f 8481 0000 00b9  .........E1.1.1.1.1.....................
2021-03-15T22:19:32.4882635Z 00013ce0: 4003 0000 ba8d 0000 0048 8d35 e6c9 0000 c605 e975 0100 0148 8d3d e2cc 0000 e81d 19ff ff48 8b44 2418  @........H.5.......u...H.=.........H.D$.
2021-03-15T22:19:32.4883220Z 00013d08: 6448 2b04 2528 0000 000f 85f2 0000 0048 83c4 28c3 0f1f 4000 31c0 b973 0300 004c 8d05 b3c9 0000 ba7a  dH+.%(.........H..(...@.1..s...L.......z
2021-03-15T22:19:32.4883914Z 00013d30: 0000 0048 8d35 9cc9 0000 488d 3d9f cc00 00e8 4a1b ffff 488d 3d94 c900 0031 c0e8 5c1d ffff e9f3 feff  ...H.5....H.=.....J...H.=....1..\.......
2021-03-15T22:19:32.4884557Z 00013d58: ff0f 1f80 0000 0000 448b 0d59 7501 004c 8d05 f2ca 0000 31c0 b952 0300 00ba 8700 0000 488d 3555 c900  ........D..Yu..L......1..R........H.5U..
2021-03-15T22:19:32.4885259Z 00013d80: 0048 8d3d 58cc 0000 e803 1bff ffe9 4dff ffff 660f 1f44 0000 4c8d 0599 ca00 00b9 5203 0000 31c0 ba82  .H.=X.........M...f..D..L.......R...1...
2021-03-15T22:19:32.4886230Z 00013da8: 0000 0048 8d35 24c9 0000 488d 3d27 cc00 00e8 d21a ffff c705 f874 0100 0000 0000 e9f4 feff ff0f 1f00  ...H.5$...H.='...........t..............
2021-03-15T22:19:32.4886876Z 00013dd0: 31c0 b973 0300 004c 8d05 1ac9 0000 ba7e 0000 0048 8d35 ecc8 0000 488d 3def cb00 00e8 9a1a ffff 488d  1..s...L.......~...H.5....H.=.........H.
2021-03-15T22:19:32.4887529Z 00013df8: 3dfb c800 0031 c0e8 ac1c ffff e994 feff ffe8 5215 ffff 6690 55b9 4003 0000 bab9 0000 0048 8d35 b4c8  =....1............R...f.U.@........H.5..
2021-03-15T22:19:32.4888161Z 00013e20: 0000 488d 3d9f cb00 0048 83ec 2064 488b 0425 2800 0000 4889 4424 1831 c048 c704 24ff ffff ff48 c744  ..H.=....H.. dH..%(...H.D$.1.H..$....H.D
2021-03-15T22:19:32.4888792Z 00013e48: 2408 ffff ffff e85d 13ff ff48 8d35 7674 0100 bf06 0000 00e8 8c1d ffff 85c0 0f85 8c00 0000 4883 ec08  $......]...H.5vt....................H...
2021-03-15T22:19:32.4889491Z 00013e70: b946 0300 00ba bd00 0000 31c0 ff35 5674 0100 4c8b 0d47 7401 004c 8d05 f8c9 0000 488d 353f c800 0048  .F........1..5Vt..L..Gt..L......H.5?...H
2021-03-15T22:19:32.4890155Z 00013e98: 8d3d 2acb 0000 e8ed 19ff ff48 8d6c 2410 bf06 0000 0048 89ee e83b 1aff ff48 89ec 83f8 ff74 7bb9 4003  .=*........H.l$......H...;...H.....t{.@.
2021-03-15T22:19:32.4891139Z 00013ec0: 0000 bac8 0000 0048 8d35 08c8 0000 488d 3df3 ca00 00e8 4617 ffff 488b 4424 1864 482b 0425 2800 0000  .......H.5....H.=.....F...H.D$.dH+.%(...
2021-03-15T22:19:32.4891731Z 00013ee8: 0f85 e000 0000 4883 c420 5dc3 0f1f 4000 31c0 b973 0300 004c 8d05 09c8 0000 babc 0000 0048 8d35 c4c7  ......H.. ]...@.1..s...L...........H.5..
2021-03-15T22:19:32.4892364Z 00013f10: 0000 488d 3daf ca00 00e8 7219 ffff 488d 3dea c700 0031 c0e8 841b ffff e93b ffff ff0f 1f80 0000 0000  ..H.=.....r...H.=....1.......;..........
2021-03-15T22:19:32.4893004Z 00013f38: 488b 0599 7301 0048 83ec 084c 8b0d 8673 0100 488d 3585 c700 0048 8d3d 70ca 0000 b946 0300 00ba c100  H...s..H...L...s..H.5....H.=p....F......
2021-03-15T22:19:32.4893682Z 00013f60: 0000 4889 4424 104c 8d05 42c9 0000 4889 4424 0850 5050 31c0 e813 19ff ff48 89ec 4889 eebf 0600 0000  ..H.D$.L..B...H.D$.PPP1......H..H.......
2021-03-15T22:19:32.4894597Z 00013f88: e863 19ff ff85 c00f 8428 ffff ff31 c0b9 7303 0000 4c8d 0584 c700 00ba c600 0000 488d 3527 c700 0048  .c.......(...1..s...L...........H.5'...H
2021-03-15T22:19:32.4895274Z 00013fb0: 8d3d 12ca 0000 e8d5 18ff ff48 8d3d 65c7 0000 31c0 e8e7 1aff ffe9 effe ffff e88d 13ff ff66 662e 0f1f  .=.........H.=e...1................ff...
2021-03-15T22:19:32.4895935Z 00013fd8: 8400 0000 0000 6690 4883 ec08 b940 0300 00ba d300 0000 488d 35e1 c600 0048 8d3d bcc9 0000 e8af 11ff  ......f.H....@........H.5....H.=........
2021-03-15T22:19:32.4896553Z 00014000: ff48 8d35 c872 0100 bf06 0000 00e8 de18 ffff 85c0 752a b940 0300 00ba db00 0000 4883 c408 488d 35ab  .H.5.r..............u*.@........H...H.5.
2021-03-15T22:19:32.4897261Z 00014028: c600 0048 8d3d 86c9 0000 e9e9 15ff ff66 0f1f 8400 0000 0000 4883 ec08 bad6 0000 0031 c0b9 5203 0000  ...H.=.........f........H........1..R...
2021-03-15T22:19:32.4897892Z 00014050: ff35 8272 0100 4c8b 0d73 7201 004c 8d05 7cc8 0000 488d 356b c600 0048 8d3d 46c9 0000 e819 18ff ff58  .5.r..L..sr..L..|...H.5k...H.=F........X
2021-03-15T22:19:32.4899028Z 00014078: 5aeb 9b0f 1f44 0000 4154 b940 0300 00ba e800 0000 488d 3543 c600 0055 488d 3d0d c900 004c 8d25 66c8  Z....D..AT.@........H.5C...UH.=....L.%f.
2021-03-15T22:19:32.4899746Z 000140a0: 0000 5348 8d1d ce4f 0100 488d ab68 0200 00e8 fa10 ffff 662e 0f1f 8400 0000 0000 8b7b f048 8d73 10e8  ..SH...O..H..h........f..........{.H.s..
2021-03-15T22:19:32.4900438Z 000140c8: 241b ffff 83f8 ff0f 8483 0000 0048 83ec 08ff 7318 4c8b 4b10 31c0 4d89 e0b9 4603 0000 baef 0000 0048  $............H....s.L.K.1.M...F........H
2021-03-15T22:19:32.4901097Z 000140f0: 8d35 e0c5 0000 488d 3dab c800 00e8 8e17 ffff 807b f400 4159 c643 f501 415a 7448 488b 0348 83f8 ff74  .5....H.=..........{..AY.C..AZtHH..H...t
2021-03-15T22:19:32.4901828Z 00014118: 1248 8b53 1048 83fa ff74 0548 39d0 7303 4889 1348 8b43 0848 83f8 ff74 1348 8b53 1848 39d0 7206 4883  .H.S.H...t.H9.s.H..H.C.H...t.H.S.H9.r.H.
2021-03-15T22:19:32.4902547Z 00014140: faff 7504 4889 5308 8b7b f048 89de e89d 17ff ff83 f8ff 7438 4883 c338 4839 eb0f 855b ffff ff5b b940  ..u.H.S..{.H..........t8H..8H9...[...[.@
2021-03-15T22:19:32.4903261Z 00014168: 0300 005d ba21 0100 0048 8d35 5ec5 0000 488d 3d29 c800 0041 5ce9 9a14 ffff 662e 0f1f 8400 0000 0000  ...].!...H.5^...H.=)...A\.....f.........
2021-03-15T22:19:32.4903880Z 00014190: ff73 084c 8b4b e84c 8d05 a1c5 0000 31c0 ff33 b952 0300 00ba 0501 0000 488d 3523 c500 0048 8d3d eec7  .s.L.K.L......1..3.R........H.5#...H.=..
2021-03-15T22:19:32.4904562Z 000141b8: 0000 e8d1 16ff ff48 8b73 f85f 4158 4885 f674 458b 7bf0 e81d 17ff ff83 f8ff 7580 488b 43f8 4c8b 4be8  .......H.s._AXH..tE.{.........u.H.C.L.K.
2021-03-15T22:19:32.4905214Z 000141e0: b952 0300 0048 8d35 eac4 0000 4c8d 054c c500 00ba 0b01 0000 488d 3da9 c700 00ff 7008 ff30 31c0 e885  .R...H.5....L..L........H.=.....p..01...
2021-03-15T22:19:32.4906634Z 00014208: 16ff ff59 5e0f 1f00 488b 4318 8b7b f048 89de 4889 0348 8943 08e8 ca16 ffff 83f8 ff0f 8529 ffff ffff  ...Y^...H.C..{.H..H..H.C...........)....
2021-03-15T22:19:32.4907995Z 00014230: 7308 4c8b 4be8 4c8d 0502 c500 0031 c0ff 33b9 5203 0000 ba16 0100 0048 8d35 84c4 0000 488d 3d4f c700  s.L.K.L......1..3.R........H.5....H.=O..
2021-03-15T22:19:32.4909191Z 00014258: 00e8 3216 ffff 4c8b 4be8 ba1d 0100 0031 c04c 8d05 ebc4 0000 b973 0300 0048 8d35 5ac4 0000 488d 3d25  ..2...L.K......1.L.......s...H.5Z...H.=%
2021-03-15T22:19:32.4910100Z 00014280: c700 00e8 0816 ffff 488b 73e8 31c0 488d 3dc6 c400 00e8 1618 ffff 585a e9b7 feff ff66 662e 0f1f 8400  ........H.s.1.H.=.........XZ.....ff.....
2021-03-15T22:19:32.4911300Z 000142a8: 0000 0000 0f1f 4000 4157 b940 0300 00ba 2b01 0000 488d 3513 c400 0041 5648 8d3d ccc6 0000 49bf ffff  ......@.AW.@....+...H.5....AVH.=....I...
2021-03-15T22:19:32.4912087Z 000142d0: ffff ffff ff3f 4155 4154 5553 488d 1d7d 4d01 004c 8db3 6802 0000 4883 ec28 6448 8b04 2528 0000 0048  .....?AUATUSH..}M..L..h...H..(dH..%(...H
2021-03-15T22:19:32.4912739Z 000142f8: 8944 2418 31c0 e8ad 0eff ffeb 100f 1f00 4883 c338 4c39 f30f 841b 0100 0080 7b0c 0074 ed80 7b0d 0074  .D$.1...........H..8L9........{..t..{..t
2021-03-15T22:19:32.4913358Z 00014320: e7f3 0f6f 4328 41bc 0a00 0000 4989 e50f 1104 240f 1f44 0000 8b7b 084c 89ee e8ad 15ff ff83 f8ff 75c0  ...oC(A.....I.....$..D...{.L..........u.
2021-03-15T22:19:32.4913987Z 00014348: e8b3 0dff ff4c 8b0b 8338 1648 89c5 0f85 8800 0000 ff74 2408 b952 0300 0031 c0ba 3901 0000 ff74 2408  .....L...8.H.........t$..R...1..9....t$.
2021-03-15T22:19:32.4914575Z 00014370: 488d 355f c300 004c 8d05 c1c3 0000 488d 3d13 c600 00e8 0615 ffff 488b 4424 1059 5e4c 39f8 774b 488b  H.5_...L......H.=.........H.D$.Y^L9.wKH.
2021-03-15T22:19:32.4915278Z 00014398: 5318 4801 c048 39d0 480f 47c2 488b 5424 0848 8904 2448 83fa ff74 0a48 39c2 7305 4889 4424 088b 7b08  S.H..H9.H.G.H.T$.H..$H...t.H9.s.H.D$..{.
2021-03-15T22:19:32.4915948Z 000143c0: 4c89 eee8 2815 ffff 83f8 ff0f 8537 ffff ff83 7d00 1675 0a41 83ec 010f 8557 ffff ff4c 8b0b b973 0300  L...(........7....}..u.A.....W...L...s..
2021-03-15T22:19:32.4916602Z 000143e8: 00ba 5101 0000 31c0 4883 c338 4c8d 0560 c300 0048 8d35 d4c2 0000 488d 3d8f c500 00e8 8214 ffff 488b  ..Q...1.H..8L..`...H.5....H.=.........H.
2021-03-15T22:19:32.4917208Z 00014410: 73c8 488d 3d42 c300 0031 c0e8 9016 ffff 4c39 f30f 85ec feff ff0f 1f80 0000 0000 b940 0300 00ba 9600  s.H.=B...1......L9...............@......
2021-03-15T22:19:32.4917902Z 00014438: 0000 488d 3595 c200 0048 8d3d 38c5 0000 e863 0dff ff80 3d8c 6e01 0000 7562 b940 0300 00ba a900 0000  ..H.5....H.=8....c....=.n...ub.@........
2021-03-15T22:19:32.4918470Z 00014460: 488d 356f c200 0048 8d3d 12c5 0000 e8ad 11ff ff48 8b44 2418 6448 2b04 2528 0000 000f 85d7 0000 0048  H.5o...H.=.........H.D$.dH+.%(.........H
2021-03-15T22:19:32.4919250Z 00014488: 83c4 28b9 4003 0000 ba56 0100 005b 488d 3539 c200 0048 8d3d f4c4 0000 5d41 5c41 5d41 5e41 5fe9 6e11  ..(.@....V...[H.59...H.=....]A\A]A^A_.n.
2021-03-15T22:19:32.4920176Z 000144b0: ffff 660f 1f44 0000 488d 3531 6e01 00bf 0400 0000 e827 14ff ff83 f8ff 7452 8b1d ec6d 0100 4531 c031  ..f..D..H.51n........'......tR...m..E1.1
2021-03-15T22:19:32.4920825Z 000144d8: c931 d231 c0bf 0400 0000 89de e807 12ff ff83 f8ff 0f85 64ff ffff 4189 d9b9 5203 0000 baa4 0000 0031  .1.1..................d...A...R........1
2021-03-15T22:19:32.4921464Z 00014500: c04c 8d05 58c3 0000 488d 35c7 c100 0048 8d3d 6ac4 0000 e875 13ff ffe9 36ff ffff 4883 ec08 ba9e 0000  .L..X...H.5....H.=j....u....6...H.......
2021-03-15T22:19:32.4922151Z 00014528: 0031 c0b9 5203 0000 ff35 c26d 0100 4c8b 0db3 6d01 004c 8d05 ecc3 0000 488d 358b c100 0048 8d3d 2ec4  .1..R....5.m..L...m..L......H.5....H.=..
2021-03-15T22:19:32.4922845Z 00014550: 0000 e839 13ff ff58 5ae9 70ff ffff e8fd 0dff ff66 662e 0f1f 8400 0000 0000 6690 4157 b940 0300 00ba  ...9...XZ.p........ff.........f.AW.@....
2021-03-15T22:19:32.4923551Z 00014578: 5e01 0000 4156 4c8d 35db 4a01 0041 5541 5455 5331 db48 83ec 6848 893c 2448 8d3d c4c3 0000 4c8d 7c24  ^...AVL.5.J..AUATUS1.H..hH.<$H.=....L.|$
2021-03-15T22:19:32.4924195Z 000145a0: 1848 8974 2408 488d 3529 c100 0064 488b 0425 2800 0000 4889 4424 5831 c0e8 ee0b ffff e9a4 0000 0066  .H.t$.H.5)...dH..%(...H.D$X1...........f
2021-03-15T22:19:32.4924746Z 000145c8: 0f1f 8400 0000 0000 b918 0000 00ba 0100 0000 4c89 e731 c04c 8d05 8cc1 0000 be18 0000 004c 8d6c 2440  ..................L..1.L...........L.l$@
2021-03-15T22:19:32.4925390Z 000145f0: e86b 0aff ff4d 8b4e 3049 83f9 ff0f 84b6 0000 00b9 1800 0000 ba01 0000 004c 89ef 31c0 4c8d 0559 c100  .k...M.N0I...................L..1.L..Y..
2021-03-15T22:19:32.4926077Z 00014618: 00be 1800 0000 e83d 0aff ff49 8b0e 31c0 4d89 e94d 89e0 488d 1542 c100 00be 0100 0000 4c89 ffe8 7e0f  .......=...I..1.M..M..H..B........L...~.
2021-03-15T22:19:32.4926724Z 00014640: ffff 83f8 ff0f 84d5 0000 0048 8b44 2418 488b 0c24 83c3 0148 8904 e949 83c6 3848 8d05 624c 0100 4939  ...........H.D$.H..$...H...I..8H..bL..I9
2021-03-15T22:19:32.4927305Z 00014668: c674 6d41 807e 0d00 74e9 89dd 483b 6c24 080f 84a1 0000 004d 8b4e 284c 8d64 2420 4983 f9ff 0f85 3eff  .tmA.~..t...H;l$.......M.N(L.d$ I.....>.
2021-03-15T22:19:32.4927950Z 00014690: ffff ba18 0000 0048 8d35 cbc0 0000 4c89 e7e8 8a0e ffff 4d8b 4e30 4c8d 6c24 4049 83f9 ff0f 854a ffff  .......H.5....L.......M.N0L.l$@I.....J..
2021-03-15T22:19:32.4928624Z 000146b8: ffba 1800 0000 488d 35a4 c000 004c 89ef e863 0eff ffe9 51ff ffff 660f 1f44 0000 4189 d8b9 4003 0000  ......H.5....L...c....Q...f..D..A...@...
2021-03-15T22:19:32.4929287Z 000146e0: ba7c 0100 0041 89dc 488d 35e7 bf00 0048 8d3d 6ac2 0000 e875 15ff ff48 8b44 2458 6448 2b04 2528 0000  .|...A..H.5....H.=j....u...H.D$XdH+.%(..
2021-03-15T22:19:32.4929911Z 00014708: 0075 6d48 83c4 6844 89e0 5b5d 415c 415d 415e 415f c30f 1f00 488b 1424 8d43 ff48 8d2c c285 db74 1e48  .umH..hD..[]A\A]A^A_....H..$.C.H.,...t.H
2021-03-15T22:19:32.4930649Z 00014730: 8b1c 240f 1f44 0000 488b 7d00 e82f 09ff ff48 89e8 4883 ed08 4839 d875 eb41 b8ff ffff ffb9 4003 0000  ..$..D..H.}../...H..H...H9.u.A......@...
2021-03-15T22:19:32.4931340Z 00014758: ba80 0100 0041 bcff ffff ff48 8d35 6cbf 0000 488d 3def c100 00e8 fa14 ffff eb83 e8e3 0bff ff0f 1f00  .....A.....H.5l...H.=...................
2021-03-15T22:19:32.4932213Z 00014780: 5548 89fd 5348 83ec 0848 8b7f 10e8 de08 ffff 488b 7d18 e8d5 08ff ff4c 8b45 204d 85c0 742c 498b 3848  UH..SH...H........H.}......L.E M..t,I.8H
2021-03-15T22:19:32.4933063Z 000147a8: 85ff 741c 31db 6690 e8bb 08ff ff83 c301 4c8b 4520 4863 c349 8b3c c048 85ff 75e8 4c89 c7e8 a008 ffff  ..t.1.f.........L.E Hc.I.<.H..u.L.......
2021-03-15T22:19:32.4933823Z 000147d0: 4883 c408 4889 ef5b 5de9 9208 ffff 6690 55b9 8002 0000 4889 f5ba cc00 0000 5348 8d35 fbc1 0000 4889  H...H..[].....f.U.....H.......SH.5....H.
2021-03-15T22:19:32.4934463Z 000147f8: fb48 8d3d b8c4 0000 4883 ec08 e8a7 09ff ffeb 150f 1f44 0000 488b 7b18 4889 eee8 c40d ffff 85c0 7438  .H.=....H............D..H.{.H.........t8
2021-03-15T22:19:32.4935757Z 00014820: 488b 1b48 85db 75e8 4531 c0b9 8002 0000 bad2 0000 0048 8d35 b5c1 0000 488d 3d75 c400 00e8 5811 ffff  H..H..u.E1...........H.5....H.=u....X...
2021-03-15T22:19:32.4936802Z 00014848: 4883 c408 31c0 5b5d c30f 1f80 0000 0000 41b8 0100 0000 b980 0200 00ba d000 0000 488d 3582 c100 0048  H...1.[]........A...............H.5....H
2021-03-15T22:19:32.4937466Z 00014870: 8d3d 42c4 0000 e825 11ff ff48 83c4 08b8 0100 0000 5b5d c366 0f1f 8400 0000 0000 4156 4989 d6ba a000  .=B....%...H........[].f........AVI.....
2021-03-15T22:19:32.4938777Z 00014898: 0000 4155 4989 f548 8d35 4bc1 0000 4154 4989 ccb9 8002 0000 554c 89c5 5348 89fb 488d 3d29 c400 00e8  ..AUI..H.5K...ATI.......UL..SH..H.=)....
2021-03-15T22:19:32.4939832Z 000148c0: ec08 ffff 4c89 f7e8 5413 ffff 4889 4320 4885 c074 6c48 8b45 184c 896b 304c 89f7 4889 4318 488b 4520  ....L...T...H.C H..tlH.E.L.k0L..H.C.H.E 
2021-03-15T22:19:32.4940609Z 000148e8: c743 38ff ffff ff48 8943 284c 8963 40e8 b407 ffff 41b8 0100 0000 b980 0200 00ba b100 0000 4889 4310  .C8....H.C(L.c@.....A...............H.C.
2021-03-15T22:19:32.4941302Z 00014910: 488d 35da c000 0048 8d3d cac3 0000 48c7 4518 0000 0000 48c7 4520 0000 0000 e86d 10ff ffb8 0100 0000  H.5....H.=....H.E.....H.E .....m........
2021-03-15T22:19:32.4942018Z 00014938: 5b5d 415c 415d 415e c348 8d35 bca6 0000 31ff e831 07ff ff48 8d35 eba9 0000 31ff 4889 c3e8 2007 ffff  []A\A]A^.H.5....1..1...H.5....1.H... ...
2021-03-15T22:19:32.4942805Z 00014960: b9a3 0200 004c 8d0d 7cc3 0000 baa3 0000 0049 89c0 504c 89cf 488d 3572 c000 0053 31c0 e809 0fff ff48  .....L..|........I..PL..H.5r...S1......H
2021-03-15T22:19:32.4943734Z 00014988: 8d35 76a6 0000 31ff e8eb 06ff ff48 8d35 a5a9 0000 31ff 4989 c4e8 da06 ffff 4c89 e248 8d35 38c3 0000  .5v...1......H.5....1.I.......L..H.58...
2021-03-15T22:19:32.4944494Z 000149b0: 4889 c731 c0e8 a608 ffff b980 0200 0045 31c0 baa4 0000 0048 8d35 23c0 0000 488d 3d13 c300 00e8 c60f  H..1...........E1......H.5#...H.=.......
2021-03-15T22:19:32.4945423Z 000149d8: ffff 5a31 c059 e955 ffff ff66 662e 0f1f 8400 0000 0000 6690 4154 b980 0200 0049 89f4 bada 0000 0055  ..Z1.Y.U...ff.........f.AT.....I.......U
2021-03-15T22:19:32.4946662Z 00014a00: 488d 35ea bf00 0048 89fd 488d 3d6f c300 0048 83ec 1864 488b 0425 2800 0000 4889 4424 0831 c0e8 8607  H.5....H..H.=o...H...dH..%(...H.D$.1....
2021-03-15T22:19:32.4949403Z 00014a28: ffff 31c0 4889 e74c 89e1 488d 15c9 bf00 00be 0100 0000 48c7 0424 0000 0000 e875 0bff ff85 c078 6948  ..1.H..L..H...........H..$.....u.....xiH
2021-03-15T22:19:32.4950231Z 00014a50: 8b34 2448 89ef e885 08ff ff48 85c0 7450 ffd0 4989 c448 8b3c 24e8 0206 ffff 4d89 e0b9 8002 0000 baea  .4$H.......H..tP..I..H.<$.....M.........
2021-03-15T22:19:32.4950983Z 00014a78: 0000 0048 8d35 6fbf 0000 488d 3df7 c200 00e8 720b ffff 488b 4424 0864 482b 0425 2800 0000 0f85 9c00  ...H.5o...H.=.....r...H.D$.dH+.%(.......
2021-03-15T22:19:32.4951710Z 00014aa0: 0000 4883 c418 4c89 e05d 415c c30f 1f00 4531 e4eb b00f 1f00 488d 3545 a500 0031 ffe8 ba05 ffff 488d  ..H...L..]A\....E1......H.5E...1......H.
2021-03-15T22:19:32.4953009Z 00014ac8: 3574 a800 0031 ff48 89c5 e8a9 05ff ff48 83ec 08b9 a302 0000 4c8d 0d99 c200 0055 4989 c04c 89cf badf  5t...1.H.......H........L......UI..L....
2021-03-15T22:19:32.4954385Z 00014af0: 0000 0048 8d35 f7be 0000 31c0 e88f 0dff ff48 8d35 fca4 0000 31ff e871 05ff ff48 8d35 2ba8 0000 31ff  ...H.5....1......H.5....1..q...H.5+...1.
2021-03-15T22:19:32.4955784Z 00014b18: 4989 c4e8 6005 ffff 4c89 e248 8d35 56c2 0000 4531 e448 89c7 31c0 e829 07ff ff58 5ae9 27ff ffff e81d  I...`...L..H.5V...E1.H..1..)...XZ.'.....
2021-03-15T22:19:32.4957076Z 00014b40: 08ff ff66 662e 0f1f 8400 0000 0000 6690 4157 4989 d7ba f200 0000 4156 4989 f648 8d35 8bbe 0000 4155  ...ff.........f.AWI.......AVI..H.5....AU
2021-03-15T22:19:32.4958238Z 00014b68: 4d89 c541 5449 89cc b980 0200 0055 5348 89fb 488d 3d4f c100 0048 83ec 08e8 2606 ffff 498b 7518 4889  M..ATI.......USH..H.=O...H....&...I.u.H.
2021-03-15T22:19:32.4959202Z 00014b90: dfe8 4afc ffff 84c0 7418 498b 7518 4c89 f7e8 4afe ffff 4989 c448 85c0 0f84 9e01 0000 b980 0200 00ba  ..J.....t.I.u.L...J...I..H..............
2021-03-15T22:19:32.4960221Z 00014bb8: b900 0000 488d 352e be00 0048 8d3d dec0 0000 e8e1 05ff ffbe 4800 0000 bf01 0000 00e8 f209 ffff 4889  ....H.5....H.=..........H.............H.
2021-03-15T22:19:32.4961510Z 00014be0: c548 85c0 0f84 8a00 0000 4d89 e84c 89e1 4c89 fa4c 89f6 4889 c7e8 92fc ffff 84c0 0f84 e900 0000 4989  .H........M..L..L..L..H...............I.
2021-03-15T22:19:32.4962292Z 00014c08: e8b9 8002 0000 bac2 0000 0048 8d35 d7bd 0000 488d 3d87 c000 00e8 da09 ffff 488b 4308 48c7 4500 0000  ...........H.5....H.=.........H.C.H.E...
2021-03-15T22:19:32.4962993Z 00014c30: 0000 4889 4508 4889 2848 896b 0841 b801 0000 00b9 8002 0000 ba03 0100 0048 8d35 9dbd 0000 488d 3d75  ..H.E.H.(H.k.A...............H.5....H.=u
2021-03-15T22:19:32.4963710Z 00014c58: c000 00e8 400d ffff 4883 c408 b801 0000 005b 5d41 5c41 5d41 5e41 5fc3 488d 3589 a300 0031 ffe8 fe03  ....@...H........[]A\A]A^A_.H.5....1....
2021-03-15T22:19:32.4964461Z 00014c80: ffff 488d 35b8 a600 0031 ff48 89c3 e8ed 03ff ffb9 a302 0000 4c8d 0d09 c000 00ba bc00 0000 4989 c050  ..H.5....1.H............L...........I..P
2021-03-15T22:19:32.4965269Z 00014ca8: 4c89 cf48 8d35 3fbd 0000 5331 c0e8 d60b ffff 488d 3543 a300 0031 ffe8 b803 ffff 488d 3572 a600 0031  L..H.5?...S1......H.5C...1......H.5r...1
2021-03-15T22:19:32.4966568Z 00014cd0: ff49 89c4 e8a7 03ff ff4c 89e2 488d 35c5 bf00 0048 89c7 31c0 e873 05ff ff5a 5948 89ef e879 03ff ff45  .I.......L..H.5....H..1..s...ZYH...y...E
2021-03-15T22:19:32.4967296Z 00014cf8: 31c0 b980 0200 00ba c500 0000 488d 35e6 bc00 0048 8d3d 96bf 0000 e8e9 08ff ff45 31c0 b980 0200 00ba  1...........H.5....H.=.........E1.......
2021-03-15T22:19:32.4967926Z 00014d20: ff00 0000 488d 35c6 bc00 0048 8d3d 9ebf 0000 e869 0cff ff48 83c4 0831 c05b 5d41 5c41 5d41 5e41 5fc3  ....H.5....H.=.....i...H...1.[]A\A]A^A_.
2021-03-15T22:19:32.4968580Z 00014d48: 0f1f 8400 0000 0000 418b 6d28 488d 353d bd00 0031 ff4c 8d25 a7bc 0000 498b 5d18 e813 03ff ff55 b9a3  ........A.m(H.5=...1.L.%....I.]......U..
2021-03-15T22:19:32.4969238Z 00014d70: 0200 00ba f700 0000 4154 4989 c049 89d9 488d 356a bc00 0048 8d3d 42bf 0000 31c0 e8fb 0aff ff45 8b7d  ........ATI..I..H.5j...H.=B...1......E.}
2021-03-15T22:19:32.4969997Z 00014d98: 2849 8b6d 1831 ff48 8d35 f2bc 0000 e8d5 02ff ff48 89ee 4489 f94c 89e2 4889 c731 c0e8 a204 ffff 4c89  (I.m.1.H.5.........H..D..L..H..1......L.
2021-03-15T22:19:32.4971491Z 00014dc0: f7e8 7a07 ffff 5e5f e970 feff ff0f 1f00 4157 b980 0200 00ba 1001 0000 4156 4155 4189 f548 8d35 07bc  ..z...^_.p......AW..........AVAUA..H.5..
2021-03-15T22:19:32.4972591Z 00014de8: 0000 4154 5553 4889 fb48 8d3d 48bf 0000 4881 ecb8 1000 0064 488b 0425 2800 0000 4889 8424 a810 0000  ..ATUSH..H.=H...H......dH..%(...H..$....
2021-03-15T22:19:32.4973270Z 00014e10: 31c0 e899 03ff ffb9 8002 0000 ba70 0000 0048 8d35 c9bb 0000 488d 3df1 be00 00e8 7c03 ffff b980 0200  1............p...H.5....H.=.....|.......
2021-03-15T22:19:32.4974238Z 00014e38: 0048 8d35 b1bb 0000 ba2e 0000 0048 8d3d b4be 0000 e85f 03ff ff48 8b73 1080 3e2f 0f84 1a03 0000 e88d  .H.5.........H.=....._...H.s..>/........
2021-03-15T22:19:32.4975279Z 00014e60: 04ff ff48 85c0 0f84 db0c 0000 4c8b 6310 488d ac24 a000 0000 e873 04ff ff48 83ec 08b9 0010 0000 4889  ...H........L.c.H..$.....s...H........H.
2021-03-15T22:19:32.4976026Z 00014e88: ef41 5449 89c1 4c8d 0579 bf00 0031 c0ba 0100 0000 be00 1000 00e8 ba01 ffff 4158 4159 3dff 0f00 000f  .ATI..L..y...1................AXAY=.....
2021-03-15T22:19:32.4976767Z 00014eb0: 87b3 0a00 004c 8d74 2410 4889 eebf 0100 0000 4c89 f2e8 9608 ffff 4189 c485 c00f 85fb 0000 0045 31c0  .....L.t$.H.......L.......A..........E1.
2021-03-15T22:19:32.4977544Z 00014ed8: b980 0200 00ba 6800 0000 488d 3508 bb00 0048 8d3d 10be 0000 e87b 0dff ffe8 4609 ffff 4189 c484 c075  ......h...H.5....H.=.....{....F...A....u
2021-03-15T22:19:32.4978152Z 00014f00: 178b 4424 2c85 c00f 8503 0500 00f6 4424 2812 0f85 d806 0000 41b8 0100 0000 b980 0200 00ba 9000 0000  ..D$,.........D$(.......A...............
2021-03-15T22:19:32.4978811Z 00014f28: 488d 35c2 ba00 0048 8d3d eabd 0000 e865 0aff ffbe 0500 0000 4889 efe8 e802 ffff 4989 c648 85c0 0f84  H.5....H.=.....e........H.......I..H....
2021-03-15T22:19:32.4979872Z 00014f50: 3c03 0000 488b 7318 4889 c7e8 8003 ffff 4989 c448 85c0 0f84 9c05 0000 6683 7806 010f 85f9 0200 008b  <...H.s.H.......I..H........f.x.........
2021-03-15T22:19:32.4980515Z 00014f78: 0083 f803 0f84 be09 0000 0f87 1004 0000 83f8 010f 84f7 0800 0083 f802 0f85 0608 0000 4989 d84c 89e1  ..................................I..L..
2021-03-15T22:19:32.4981316Z 00014fa0: 4889 ea4c 89f6 488d 3da3 5101 00e8 9efb ffff 84c0 0f84 bf02 0000 41bf 0100 0000 41bc 0100 0000 e95e  H..L..H.=.Q...............A.....A......^
2021-03-15T22:19:32.4981965Z 00014fc8: 0100 000f 1f44 0000 be2f 0000 0048 89ef e813 04ff ff49 89c7 488d 8424 a400 0000 4939 c70f 87ef 0100  .....D.../...H.......I..H..$....I9......
2021-03-15T22:19:32.4982615Z 00014ff0: 0045 89e0 b980 0200 00ba 6800 0000 488d 35ec b900 0048 8d3d f4bc 0000 e85f 0cff ff4c 8b63 188b 6b28  .E........h...H.5....H.=....._...L.c..k(
2021-03-15T22:19:32.4983443Z 00015018: 31ff 488d 35a7 ba00 00e8 5a00 ffff b9a3 0200 004c 8d0d d9b9 0000 ba73 0000 0041 5449 89c0 31c0 488d  1.H.5.....Z........L.......s...ATI..1.H.
2021-03-15T22:19:32.4984136Z 00015040: 35ac b900 0055 488d 3dd3 bc00 00e8 3e08 ffff 31ff 4c8b 6b18 448b 6328 488d 3565 ba00 00e8 1800 ffff  5....UH.=.....>...1.L.k.D.c(H.5e........
2021-03-15T22:19:32.4984813Z 00015068: 488d 359c b900 004c 89e9 4489 e248 89c7 31c0 e8e1 01ff ff48 8b6b 105e 5f80 7d00 2f0f 8441 0300 00e8  H.5....L..D..H..1......H.k.^_.}./..A....
2021-03-15T22:19:32.4985562Z 00015090: 5c02 ffff 4c8d 0d78 e500 0048 85c0 7408 e84b 02ff ff49 89c1 4883 ec08 b9b3 0200 00ba 7800 0000 31c0  \...L..x...H..t..K...I..H.........x...1.
2021-03-15T22:19:32.4986306Z 000150b8: 5548 8d35 31b9 0000 4c8d 0547 bd00 0048 8d3d 52bc 0000 e8bd 07ff ff4c 8b63 10e8 1402 ffff 5a48 8d35  UH.51...L..G...H.=R........L.c......ZH.5
2021-03-15T22:19:32.4987660Z 000150e0: 2fe5 0000 5948 85c0 7408 e801 02ff ff48 89c6 4c89 e248 8d3d 12bd 0000 31c0 e8ad 09ff ff45 31c0 b980  /...YH..t......H..L..H.=....1......E1...
2021-03-15T22:19:32.4988398Z 00015108: 0200 00ba 9000 0000 4531 ff48 8d35 d7b8 0000 488d 3dff bb00 0045 31e4 e877 08ff ff45 89f8 b980 0200  ........E1.H.5....H.=....E1..w...E......
2021-03-15T22:19:32.4989103Z 00015130: 00ba 6d01 0000 488d 35b4 b800 0048 8d3d fcbb 0000 e857 08ff ff48 8b84 24a8 1000 0064 482b 0425 2800  ..m...H.5....H.=.....W...H..$....dH+.%(.
2021-03-15T22:19:32.4989759Z 00015158: 0000 0f85 330b 0000 4881 c4b8 1000 0044 89e0 5b5d 415c 415d 415e 415f c30f 1f00 488d ac24 a000 0000  ....3...H......D..[]A\A]A^A_....H..$....
2021-03-15T22:19:32.4990560Z 00015180: ba00 1000 0048 89ef e8a3 03ff ff48 3dff 0f00 000f 87e9 0900 0048 8d54 2410 4889 eebf 0100 0000 e8b5  .....H.......H=..........H.T$.H.........
2021-03-15T22:19:32.4991343Z 000151a8: 05ff ffb9 8002 0000 ba68 0000 0048 8d35 35b8 0000 4189 c441 89c0 488d 3d37 bb00 00e8 a20a ffff 4585  .........h...H.55...A..A..H.=7........E.
2021-03-15T22:19:32.4992260Z 000151d0: e40f 841e fdff ffe9 35fe ffff 0f1f 4000 4180 7ffb 2f0f 8506 feff ff41 807f fc73 0f85 fbfd ffff 4180  ........5.....@.A.../......A...s......A.
2021-03-15T22:19:32.4993138Z 000151f8: 7ffd 750f 85f0 fdff ff41 807f fe64 0f85 e5fd ffff 4180 7fff 6f0f 85da fdff ffe8 e4fe feff 498d 7ffc  ..u......A...d......A...o...........I...
2021-03-15T22:19:32.4993967Z 00015220: 488b 7310 448b 0048 8944 2408 4889 e848 29f8 488d 9000 1000 0044 8904 24e8 ee02 ffff 4c89 f248 89ee  H.s.D..H.D$.H..H).H......D..$.....L..H..
2021-03-15T22:19:32.4994760Z 00015248: bf01 0000 00e8 0e05 ffff 4189 c485 c00f 8478 fcff ff44 8b04 2448 8b4c 2408 4489 01e9 83fd ffff 6690  ..........A......x...D..$H.L$.D.......f.
2021-03-15T22:19:32.4995777Z 00015270: 4584 ed0f 843f 0400 0045 31ff 4531 e44c 89f7 e8b9 02ff ffe9 9dfe ffff 0f1f 4000 4531 ff45 31e4 4584  E....?...E1.E1.L..............@.E1.E1.E.
2021-03-15T22:19:32.4996713Z 00015298: ed0f 858a feff ffe8 dc04 ffff 488b 5318 31ff 448b 7328 488d 3513 b800 0049 89c5 4889 1424 e8bf fdfe  ............H.S.1.D.s(H.5....I..H..$....
2021-03-15T22:19:32.4998125Z 000152c0: ff48 8b14 244c 8d0d 3fb7 0000 b9a3 0200 0049 89c0 488d 3516 b700 0031 c052 488d 3d5b ba00 00ba 1b01  .H..$L..?........I..H.5....1.RH.=[......
2021-03-15T22:19:32.4998988Z 000152e8: 0000 4156 e89f 05ff ff48 8b4b 1844 8b73 2831 ff48 8d35 c6b7 0000 4889 4c24 10e8 74fd feff 488b 4c24  ..AV.....H.K.D.s(1.H.5....H.L$..t...H.L$
2021-03-15T22:19:32.4999704Z 00015310: 1044 89f2 488d 35f0 b600 0048 89c7 31c0 e83b fffe ff4d 85ed 415b 5b48 8d05 e8b6 0000 488d 3513 b700  .D..H.5....H..1..;...M..A[[H......H.5...
2021-03-15T22:19:32.5000432Z 00015338: 004c 0f44 e831 ffe8 3cfd feff 4883 ec08 4989 e9b9 a302 0000 4155 4989 c031 c0ba 1d01 0000 488d 358e  .L.D.1..<...H...I.......AUI..1......H.5.
2021-03-15T22:19:32.5002051Z 00015360: b600 0048 8d3d d6b9 0000 e821 05ff ff48 8d35 d6b6 0000 31ff e803 fdfe ff4c 89ea 4889 ee48 89c7 31c0  ...H.=.....!...H.5....1......L..H..H..1.
2021-03-15T22:19:32.5002886Z 00015388: e8d3 fefe ff5d 415d e994 fdff ff0f 1f00 83f8 040f 85ff 0300 0049 89d8 4c89 e148 89ea 4c89 f648 8d3d  .....]A].................I..L..H..L..H.=
2021-03-15T22:19:32.5003674Z 000153b0: 7c4d 0100 e897 f7ff ff84 c00f 85f9 fbff ffe9 b3fe ffff 662e 0f1f 8400 0000 0000 31c0 4989 e9b9 b302  |M....................f.........1.I.....
2021-03-15T22:19:32.5004425Z 000153d8: 0000 ba76 0000 004c 8d05 79cd 0000 488d 3504 b600 0048 8d3d 2cb9 0000 e897 04ff ff48 8b73 1048 8d3d  ...v...L..y...H.5....H.=,........H.s.H.=
2021-03-15T22:19:32.5005343Z 00015400: 5bcd 0000 31c0 e8a5 06ff ffe9 f3fc ffff 4c8b 7318 448b 6b28 488d 35a9 b600 0031 ffe8 5afc feff b9a3  [...1...........L.s.D.k(H.5....1..Z.....
2021-03-15T22:19:32.5006051Z 00015428: 0200 004c 8d0d d9b5 0000 ba81 0000 0041 5649 89c0 31c0 488d 35ac b500 0041 5548 8d3d d2b8 0000 e83d  ...L...........AVI..1.H.5....AUH.=.....=
2021-03-15T22:19:32.5006777Z 00015450: 04ff ff4c 8b73 1844 8b6b 2831 ff48 8d35 64b6 0000 e817 fcfe ff4c 89f1 4489 ea48 8d35 95b5 0000 4889  ...L.s.D.k(1.H.5d........L..D..H.5....H.
2021-03-15T22:19:32.5007518Z 00015478: c731 c0e8 e0fd feff 488d 35aa b500 0031 ffe8 f2fb feff ba83 0000 0049 89e9 b9a3 0200 0049 89c0 488d  .1......H.5....1...........I.......I..H.
2021-03-15T22:19:32.5008433Z 000154a0: 354c b500 0031 c0c7 0424 0000 0000 488d 3d6b b800 00e8 d603 ffff 488d 3570 b500 0031 ffe8 b8fb feff  5L...1...$....H.=k........H.5p...1......
2021-03-15T22:19:32.5009205Z 000154c8: 31d2 4889 ee48 89c7 31c0 e889 fdfe ff45 31c0 b980 0200 00ba 9000 0000 488d 3506 b500 0048 8d3d 2eb8  1.H..H..1......E1...........H.5....H.=..
2021-03-15T22:19:32.5010114Z 000154f0: 0000 e8a9 04ff ff41 5e41 5f45 31ff e926 fcff ff0f 1f44 0000 4584 ed0f 8568 fdff ff4c 8b6b 1844 8b63  .......A^A_E1..&.....D..E....h...L.k.D.c
2021-03-15T22:19:32.5010956Z 00015518: 2831 ff45 31ff 488d 35a3 b500 00e8 56fb feff 4155 b9a3 0200 004c 8d0d d3b4 0000 4154 4989 c031 c0ba  (1.E1.H.5.....V...AU.....L......ATI..1..
2021-03-15T22:19:32.5011726Z 00015540: 2501 0000 488d 35a6 b400 0048 8d3d eeb7 0000 e839 03ff ff44 8b63 284c 8b6b 1831 ff48 8d35 60b5 0000  %...H.5....H.=.....9...D.c(L.k.1.H.5`...
2021-03-15T22:19:32.5012760Z 00015568: e813 fbfe ff44 89e2 4c89 e948 8d35 91b4 0000 4889 c731 c0e8 dcfc feff 4c8b 6318 488d 3591 b500 0031  .....D..L..H.5....H..1......L.c.H.5....1
2021-03-15T22:19:32.5013902Z 00015590: ffe8 eafa feff b9a3 0200 0048 892c 24ba 2701 0000 4d89 e149 89c0 31c0 488d 353e b400 0048 8d3d 86b7  ...........H.,$.'...M..I..1.H.5>...H.=..
2021-03-15T22:19:32.5014697Z 000155b8: 0000 e8d1 02ff ff4c 8b63 1848 8d35 56b5 0000 31ff e8af fafe ff48 89ea 4889 c74c 89e6 31c0 4531 e4e8  .......L.c.H.5V...1......H..H..L..1.E1..
2021-03-15T22:19:32.5015655Z 000155e0: 7cfc feff 4159 415a e992 fcff ff0f 1f00 4c8b 7318 448b 6b28 31ff 488d 35c7 b400 00e8 7afa feff b9a3  |...AYAZ........L.s.D.k(1.H.5.....z.....
2021-03-15T22:19:32.5016437Z 00015608: 0200 004c 8d0d f9b3 0000 ba87 0000 0041 5649 89c0 31c0 488d 35cc b300 0041 5548 8d3d f2b6 0000 e85d  ...L...........AVI..1.H.5....AUH.=.....]
2021-03-15T22:19:32.5017170Z 00015630: 02ff ff4c 8b73 1844 8b6b 2831 ff48 8d35 84b4 0000 e837 fafe ff4c 89f1 4489 ea48 8d35 b5b3 0000 4889  ...L.s.D.k(1.H.5.....7...L..D..H.5....H.
2021-03-15T22:19:32.5017917Z 00015658: c731 c0e8 00fc feff 31ff 488d 358f b400 00e8 12fa feff 4989 e9b9 a302 0000 ba89 0000 0049 89c0 488d  .1......1.H.5.........I............I..H.
2021-03-15T22:19:32.5018624Z 00015680: 356c b300 0031 c048 8d3d 92b6 0000 e8fd 01ff ff31 ff48 8d35 5cb4 0000 e8df f9fe ff48 89ee 4889 c731  5l...1.H.=.........1.H.5\........H..H..1
2021-03-15T22:19:32.5019369Z 000156a8: c0e8 b2fb feff e924 feff ff0f 1f44 0000 4c8b 7b18 448b 6b28 488d 3501 b400 0031 ffe8 b2f9 feff b9a3  .......$.....D..L.{.D.k(H.5....1........
2021-03-15T22:19:32.5020095Z 000156d0: 0200 004c 8d0d 31b3 0000 ba2f 0100 0041 5749 89c0 31c0 488d 3504 b300 0041 5548 8d3d 4ab6 0000 e895  ...L..1..../...AWI..1.H.5....AUH.=J.....
2021-03-15T22:19:32.5020982Z 000156f8: 01ff ff4c 8b7b 1844 8b6b 2831 ff48 8d35 bcb3 0000 e86f f9fe ff4c 89f9 4489 ea48 8d35 edb2 0000 4889  ...L.{.D.k(1.H.5.....o...L..D..H.5....H.
2021-03-15T22:19:32.5021719Z 00015720: c731 c045 31ff e835 fbfe ff48 8d35 16b4 0000 31ff 410f b75c 2406 e841 f9fe ff55 b9a3 0200 00ba 3101  .1.E1..5...H.5....1.A..\$..A...U......1.
2021-03-15T22:19:32.5022415Z 00015748: 0000 6a01 4989 c041 89d9 488d 3598 b200 0048 8d3d e0b5 0000 31c0 e829 01ff ff45 0fb7 6424 0648 83c4  ..j.I..A..H.5....H.=....1..)...E..d$.H..
2021-03-15T22:19:32.5023237Z 00015770: 2031 ff48 8d35 ceb3 0000 e801 f9fe ff44 89e6 4889 e9ba 0100 0000 4889 c731 c045 31e4 e8c9 fafe ffe9   1.H.5.........D..H.......H..1.E1.......
2021-03-15T22:19:32.5024013Z 00015798: e3fa ffff 0f1f 4000 4584 ed0f 85d0 faff ff4c 8b7b 1844 8b6b 2848 8d35 10b3 0000 31ff e8c1 f8fe ffb9  ......@.E........L.{.D.k(H.5....1.......
2021-03-15T22:19:32.5024706Z 000157c0: a302 0000 4c8d 0d40 b200 00ba 5e01 0000 4157 4989 c031 c048 8d35 13b2 0000 4155 488d 3d59 b500 00e8  ....L..@....^...AWI..1.H.5....AUH.=Y....
2021-03-15T22:19:32.5025408Z 000157e8: a400 ffff 4c8b 7b18 448b 6b28 31ff 488d 35cb b200 00e8 7ef8 feff 4c89 f944 89ea 488d 35fc b100 0048  ....L.{.D.k(1.H.5.....~...L..D..H.5....H
2021-03-15T22:19:32.5026114Z 00015810: 89c7 31c0 4531 ffe8 44fa feff 418b 1c24 488d 35c1 b300 0031 ffe8 52f8 feff b9a3 0200 0048 892c 24ba  ..1.E1..D...A..$H.5....1..R........H.,$.
2021-03-15T22:19:32.5026802Z 00015838: 6001 0000 4989 c041 89d9 488d 35a8 b100 0031 c048 8d3d eeb4 0000 e839 00ff ff45 8b24 2448 8d35 86b3  `...I..A..H.5....1.H.=.....9...E.$$H.5..
2021-03-15T22:19:32.5027542Z 00015860: 0000 31ff e817 f8fe ff48 89ea 4889 c744 89e6 31c0 4531 e4e8 e4f9 feff 585a e9fc f9ff ff0f 1f44 0000  ..1......H..H..D..1.E1......XZ.......D..
2021-03-15T22:19:32.5028491Z 00015888: 4883 3da0 6601 0000 0f84 c702 0000 488b 6b18 488b 3d77 6601 0048 89ee e837 fdfe ff85 c00f 85bf 0100  H.=.f.........H.k.H.=wf..H...7..........
2021-03-15T22:19:32.5029424Z 000158b0: 0045 89ec 41bf 0100 0000 4584 ed0f 85bc f9ff ff44 8b63 2848 8d35 cab1 0000 31ff e8ab f7fe ff49 89e9  .E..A.....E........D.c(H.5....1......I..
2021-03-15T22:19:32.5030258Z 000158d8: b9a3 0200 00ba 3e01 0000 4154 4c8d 2520 b100 0049 89c0 31c0 4154 488d 35f8 b000 0048 8d3d 40b4 0000  ......>...ATL.% ...I..1.ATH.5....H.=@...
2021-03-15T22:19:32.5031059Z 00015900: e88b fffe ff44 8b6b 2848 8b6b 1831 ff48 8d35 82b1 0000 e865 f7fe ff4c 89e2 4489 e948 89ee 4889 c731  .....D.k(H.k.1.H.5.....e...L..D..H..H..1
2021-03-15T22:19:32.5031911Z 00015928: c041 bc01 0000 00e8 2cf9 feff 5f41 58e9 43f9 ffff 0f1f 4000 4989 d84c 89e1 4889 ea4c 89f6 488d 3ded  .A......,..._AX.C.....@.I..L..H..L..H.=.
2021-03-15T22:19:32.5032693Z 00015950: 4701 00e8 f8f1 ffff 84c0 0f85 5af6 ffff e914 f9ff ff0f 1f00 4c8b 6318 8b6b 2848 8d35 52b1 0000 31ff  G...........Z...........L.c..k(H.5R...1.
2021-03-15T22:19:32.5033584Z 00015978: e803 f7fe ffb9 a302 0000 4c8d 0d82 b000 00ba 5500 0000 4154 4989 c031 c048 8d35 55b0 0000 5548 8d3d  ..........L.......U...ATI..1.H.5U...UH.=
2021-03-15T22:19:32.5034525Z 000159a0: 5cb3 0000 e8e7 fefe ff4c 8b6b 1844 8b63 2831 ff48 8d35 0eb1 0000 e8c1 f6fe ff4c 89e9 4489 e248 8d35  \........L.k.D.c(1.H.5.........L..D..H.5
2021-03-15T22:19:32.5035316Z 000159c8: 3fb0 0000 4889 c731 c0e8 8af8 feff bf24 0000 00e8 7002 ffff 4c8b 6b10 4989 c4e8 04f9 feff 488d 3535  ?...H..1.......$....p...L.k.I.......H.55
2021-03-15T22:19:32.5036123Z 000159f0: b000 0031 ff48 89c5 e883 f6fe ff41 5449 89e9 b9a3 0200 0041 5549 89c0 31c0 ba57 0000 0048 8d35 d7af  ...1.H.......ATI.......AUI..1..W...H.5..
2021-03-15T22:19:32.5037107Z 00015a18: 0000 488d 3ddf b200 00e8 6afe feff 4883 c420 bf24 0000 00e8 1c02 ffff 4c8b 6b10 4989 c4e8 b0f8 feff  ..H.=.....j...H.. .$........L.k.I.......
2021-03-15T22:19:32.5037960Z 00015a40: 488d 35e1 af00 0031 ff48 89c5 e82f f6fe ff4c 89e1 4c89 ea48 89ee 4889 c731 c0e8 fcf7 feff 41b8 ffff  H.5....1.H.../...L..L..H..H..1......A...
2021-03-15T22:19:32.5039124Z 00015a68: ffff e985 f5ff ff90 4584 ed0f 8500 f8ff ff44 8b63 2848 8d35 04b1 0000 31ff 4531 ffe8 f2f5 feff 4989  ........E........D.c(H.5....1.E1......I.
2021-03-15T22:19:32.5039888Z 00015a90: e9b9 a302 0000 ba43 0100 0041 544c 8d25 67af 0000 4989 c031 c041 5448 8d35 3faf 0000 488d 3d87 b200  .......C...ATL.%g...I..1.ATH.5?...H.=...
2021-03-15T22:19:32.5040859Z 00015ab8: 00e8 d2fd feff 448b 6b28 488b 6b18 31ff 488d 35b9 b000 00e8 acf5 feff 4c89 e244 89e9 4889 ee48 89c7  ......D.k(H.k.1.H.5.........L..D..H..H..
2021-03-15T22:19:32.5041673Z 00015ae0: 31c0 4531 e4e8 76f7 feff 488d 35c7 b000 0031 ffe8 88f5 feff b9a3 0200 004c 8d05 5bc6 0000 ba45 0100  1.E1..v...H.5....1...........L..[....E..
2021-03-15T22:19:32.5042457Z 00015b08: 0049 89c1 488d 35de ae00 0048 8d3d 26b2 0000 31c0 e86f fdfe ff48 8d35 90b0 0000 31ff e851 f5fe ff48  .I..H.5....H.=&...1..o...H.5....1..Q...H
2021-03-15T22:19:32.5043411Z 00015b30: 8d3d 29c6 0000 4889 c631 c0e8 20f7 feff 595e e938 f7ff ffe8 b4f5 feff 41b8 ffff ffff c700 0200 0000  .=)...H..1.. ...Y^.8........A...........
2021-03-15T22:19:32.5044198Z 00015b58: e997 f4ff ff49 89d8 4c89 e148 89ea 4c89 f648 8d3d 9063 0100 e81b edff ff84 c00f 853d f4ff ffe9 f7f6  .....I..L..H..L..H.=.c...........=......
2021-03-15T22:19:32.5045169Z 00015b80: ffff 4c8b 6318 8b6b 2848 8d35 38af 0000 31ff e8e9 f4fe ffb9 a302 0000 4c8d 0d68 ae00 00ba 3200 0000  ..L.c..k(H.58...1...........L..h....2...
2021-03-15T22:19:32.5045920Z 00015ba8: 4154 4989 c031 c048 8d35 3bae 0000 5548 8d3d 42b1 0000 e8cd fcfe ff44 8b63 284c 8b6b 1831 ff48 8d35  ATI..1.H.5;...UH.=B........D.c(L.k.1.H.5
2021-03-15T22:19:32.5047079Z 00015bd0: f4ae 0000 e8a7 f4fe ff44 89e2 4c89 e948 8d35 25ae 0000 4889 c731 c0e8 70f6 feff bf24 0000 00e8 5600  .........D..L..H.5%...H..1..p....$....V.
2021-03-15T22:19:32.5047817Z 00015bf8: ffff 4c8b 6310 488d 353c 9700 0031 ff48 89c5 e871 f4fe ff4d 89e1 4889 2c24 b9a3 0200 0049 89c0 ba34  ..L.c.H.5<...1.H...q...M..H.,$.....I...4
2021-03-15T22:19:32.5048544Z 00015c20: 0000 0048 8d35 c7ad 0000 31c0 488d 3dcd b000 00e8 58fc feff bf24 0000 00e8 0e00 ffff 488b 6b10 488d  ...H.5....1.H.=.....X....$........H.k.H.
2021-03-15T22:19:32.5049289Z 00015c48: 35f4 9600 0031 ff49 89c4 e829 f4fe ff4c 89e2 4889 ee48 89c7 31c0 e8f9 f5fe ff41 b8ff ffff ffb9 8002  5....1.I...)...L..H..H..1......A........
2021-03-15T22:19:32.5050176Z 00015c70: 0000 ba68 0000 0048 8d35 73ad 0000 488d 3d7b b000 00e8 e6ff feff 415a 415b e97e f3ff ffe8 c8f6 feff  ...h...H.5s...H.={........AZA[.~........
2021-03-15T22:19:32.5050907Z 00015c98: 0f1f 8400 0000 0000 4154 b980 0200 0049 89fc bac2 0100 0055 488d 3da9 b000 0053 89f3 488d 3530 ad00  ........AT.....I.......UH.=....S..H.50..
2021-03-15T22:19:32.5051626Z 00015cc0: 00e8 eaf4 feff be30 0000 00bf 0100 0000 e8fb f8fe ff48 85c0 0f84 f600 0000 4c89 e748 89c5 e837 fffe  .......0.............H........L..H...7..
2021-03-15T22:19:32.5052699Z 00015ce8: ff48 8d3d 72ad 0000 4889 4518 4989 c4e8 24ff feff 4889 4510 4885 c074 444d 85e4 743f 4889 ef0f b6f3  .H.=r...H.E.I...$...H.E.H..tDM..t?H.....
2021-03-15T22:19:32.5053494Z 00015d10: e8bb f0ff ff48 89ef 4189 c4e8 60ea ffff 450f b6c4 b980 0200 00ba d601 0000 488d 35bc ac00 0048 8d3d  .....H..A...`...E.............H.5....H.=
2021-03-15T22:19:32.5054248Z 00015d38: 24b0 0000 e85f fcfe ff44 89e0 5b5d 415c c348 8d35 b492 0000 31ff e829 f3fe ff48 8d35 e395 0000 31ff  $...._...D..[]A\.H.5....1..)...H.5....1.
2021-03-15T22:19:32.5055288Z 00015d60: 4889 c3e8 18f3 feff b9a3 0200 004c 8d0d ecaf 0000 bacd 0100 0049 89c0 504c 89cf 488d 356a ac00 0053  H............L...........I..PL..H.5j...S
2021-03-15T22:19:32.5056119Z 00015d88: 31c0 e801 fbfe ff48 8d35 6e92 0000 31ff e8e3 f2fe ff48 8d35 9d95 0000 31ff 4989 c4e8 d2f2 feff 4c89  1......H.5n...1......H.5....1.I.......L.
2021-03-15T22:19:32.5057018Z 00015db0: e248 8d35 a8af 0000 4531 e448 89c7 31c0 e89b f4fe ff48 89ef e8b3 e9ff ff5a 59e9 4cff ffff 488d 3529  .H.5....E1.H..1......H.......ZY.L...H.5)
2021-03-15T22:19:32.5057879Z 00015dd8: 9200 0031 ffe8 9ef2 feff 488d 3558 9500 0031 ff48 89c3 e88d f2fe ffb9 a302 0000 bac7 0100 004c 8d0d  ...1......H.5X...1.H.................L..
2021-03-15T22:19:32.5058743Z 00015e00: 5caf 0000 5649 89c0 4c89 cf48 8d35 dfab 0000 5331 c0e8 76fa feff 488d 35e3 9100 0031 ffe8 58f2 feff  \...VI..L..H.5....S1..v...H.5....1..X...
2021-03-15T22:19:32.5059635Z 00015e28: 488d 3512 9500 0031 ff49 89c4 e847 f2fe ff4c 89e2 488d 351d af00 0045 31e4 4889 c731 c0e8 10f4 feff  H.5....1.I...G...L..H.5....E1.H..1......
2021-03-15T22:19:32.5060615Z 00015e50: 5f41 58e9 c8fe ffff 0f1f 8400 0000 0000 4155 b980 0200 00ba e201 0000 488d 357e ab00 0041 5448 8d3d  _AX.............AU..........H.5~...ATH.=
2021-03-15T22:19:32.5061375Z 00015e78: 14ae 0000 4531 e455 5348 83ec 08e8 26f3 feff e8e1 fafe ff48 8b18 4989 c548 85db 7513 eb5c 0f1f 4000  ....E1.USH....&........H..I..H..u..\..@.
2021-03-15T22:19:32.5062253Z 00015ea0: 4889 efe8 d8e8 ffff 4885 db74 4b48 89dd 31f6 488b 1b48 89ef e813 efff ff41 89c4 84c0 75dc 4531 c045  H.......H..tKH..1.H..H.......A....u.E1.E
2021-03-15T22:19:32.5063174Z 00015ec8: 31e4 b980 0200 00ba 2402 0000 488d 3516 ab00 0048 8d3d aead 0000 e8b9 fafe ff48 83c4 0844 89e0 5b5d  1.......$...H.5....H.=.........H...D..[]
2021-03-15T22:19:32.5063878Z 00015ef0: 415c 415d c30f 1f00 4883 3d30 6001 0000 49c7 4500 0000 0000 4d89 6d08 0f84 2e02 0000 488b 35ff 5f01  A\A]....H.=0`...I.E.....M.m.......H.5._.
2021-03-15T22:19:32.5064748Z 00015f18: 00b9 0f00 0000 488d 3d48 ab00 00f3 a60f 97c0 1c00 84c0 0f84 6402 0000 488b 0505 6001 0048 8378 2000  ......H.=H..............d...H...`..H.x .
2021-03-15T22:19:32.5065388Z 00015f40: 0f84 b802 0000 b980 0200 00ba a801 0000 488d 359a aa00 0048 8d3d 12ad 0000 e84d f2fe ff48 8b05 d65f  ................H.5....H.=.....M...H..._
2021-03-15T22:19:32.5066058Z 00015f68: 0100 8178 040e 0001 000f 87b9 0100 0048 8b05 d241 0100 4885 c074 250f 1f44 0000 488b 5040 817a 040e  ...x...........H...A..H..t%..D..H.P@.z..
2021-03-15T22:19:32.5066754Z 00015f90: 0001 0076 0b48 8d0d 2458 0000 4889 4a68 488b 0048 85c0 75e0 488b 0591 4101 0048 85c0 7424 0f1f 4000  ...v.H..$X..H.JhH..H..u.H...A..H..t$..@.
2021-03-15T22:19:32.5067543Z 00015fb8: 488b 5040 817a 0410 0001 0076 0b48 8d0d f457 0000 4889 4a48 488b 0048 85c0 75e0 b980 0200 00ba b601  H.P@.z.....v.H...W..H.JHH..H..u.........
2021-03-15T22:19:32.5068381Z 00015fe0: 0000 488d 3508 aa00 0048 8d3d 80ac 0000 e82b f6fe ffb9 8002 0000 ba82 0100 0048 8d35 eba9 0000 488d  ..H.5....H.=.....+.............H.5....H.
2021-03-15T22:19:32.5069465Z 00016008: 3d43 ac00 00e8 9ef1 feff 488b 0527 5f01 0081 7804 0100 0100 0f87 ca00 0000 488b 1d23 4101 0048 85db  =C........H..'_...x...........H..#A..H..
2021-03-15T22:19:32.5070436Z 00016030: 7448 660f 1f44 0000 488b 4340 8178 0401 0001 0076 2d48 8378 4800 7426 8b7b 38e8 dcf5 feff 488b 4340  tHf..D..H.C@.x.....v-H.xH.t&.{8.....H.C@
2021-03-15T22:19:32.5071183Z 00016058: bf00 0001 0048 8d35 4cd9 ffff ff50 488b 3db3 4001 00e8 bef5 feff 488b 1b48 85db 75be 488b 1dbf 4001  .....H.5L....PH.=.@.......H..H..u.H...@.
2021-03-15T22:19:32.5072026Z 00016080: 0048 85db 7443 662e 0f1f 8400 0000 0000 488b 4340 4883 7838 0074 268b 7b38 e88d f5fe ff48 8b43 40bf  .H..tCf.........H.C@H.x8.t&.{8.....H.C@.
2021-03-15T22:19:32.5072768Z 000160a8: 0000 0100 488d 35fd d8ff ffff 5038 8b3d 6440 0100 e86f f5fe ff48 8b1b 4885 db75 c7b9 8002 0000 baa1  ....H.5.....P8.=d@...o...H..H..u........
2021-03-15T22:19:32.5073509Z 000160d0: 0100 0048 8d35 17a9 0000 488d 3d6f ab00 00e8 3af5 feff 450f b6c4 e9db fdff ff90 4883 7848 000f 842b  ...H.5....H.=o....:...E.........H.xH...+
2021-03-15T22:19:32.5074503Z 000160f8: ffff ff8b 3d37 5e01 00e8 2af5 feff 488b 0533 5e01 00bf 0000 0100 488d 3597 d8ff ffff 5048 8b3d fe3f  ....=7^...*...H..3^.......H.5.....PH.=.?
2021-03-15T22:19:32.5075248Z 00016120: 0100 e809 f5fe ffe9 fafe ffff 0f1f 4000 488d 1589 5600 0048 8950 58e9 37fe ffff 31f6 488d 3d24 a900  ..............@.H...V..H.PX.7...1.H.=$..
2021-03-15T22:19:32.5076010Z 00016148: 00e8 52fb ffff 4189 c484 c00f 846b fdff ffbe 0100 0000 488d 3d17 a900 00e8 36fb ffff 4883 3dde 3f01  ..R...A......k........H.=.....6...H.=.?.
2021-03-15T22:19:32.5076737Z 00016170: 0000 0f85 bcfd ffff 31f6 488d 3d09 a900 00e8 1afb ffff 84c0 0f85 a6fd ffff e931 fdff ff0f 1f44 0000  ........1.H.=..................1.....D..
2021-03-15T22:19:32.5077511Z 00016198: 488d 35dd a800 0048 8d3d 9a3f 0100 e835 e6ff ff84 c00f 8581 fdff ffbe 0100 0000 488d 3dbd a800 00e8  H.5....H.=.?...5................H.=.....
2021-03-15T22:19:32.5078540Z 000161c0: dcfa ffff 84c0 0f84 68fd ffff 488b 0555 5d01 0048 85c0 0f84 58fd ffff 488b 1565 3f01 0048 8b52 0848  ........h...H..U]..H....X...H..e?..H.R.H
2021-03-15T22:19:32.5079414Z 000161e8: 8b12 4889 4228 48c7 052f 5d01 0000 0000 00e9 36fd ffff 488b 1d13 5d01 0031 ff48 8d35 02aa 0000 e86d  ..H.B(H../].......6...H...]..1.H.5.....m
2021-03-15T22:19:32.5080103Z 00016210: eefe ffb9 a302 0000 ba17 0200 0048 8d35 cda7 0000 4989 c049 89d9 488d 3d5f aa00 0031 c0e8 58f6 feff  .............H.5....I..I..H.=_...1..X...
2021-03-15T22:19:32.5082179Z 00016238: 488b 2dd9 5c01 0031 ff48 8d35 c8a9 0000 e833 eefe ff48 89c7 4889 ee31 c0e8 06f0 feff e965 fcff ff90  H.-.\..1.H.5.....3...H..H..1.......e....
2021-03-15T22:19:32.5083588Z 00016260: 4157 b900 0200 0049 89ff ba7d 0000 0041 5648 8d35 21ab 0000 488d 3d51 ab00 0041 5541 5455 5348 81ec  AW.....I...}...AVH.5!...H.=Q...AUATUSH..
2021-03-15T22:19:32.5084609Z 00016288: 9800 0000 6448 8b04 2528 0000 0048 8984 2488 0000 0031 c0e8 0cef feff e8b7 eefe ff84 c00f 84cf 0200  ....dH..%(...H..$....1..................
2021-03-15T22:19:32.5085410Z 000162b0: 0048 8d7c 2418 e835 f5fe ff41 89c4 83f8 ff0f 8429 0300 004c 8b6c 2418 4d85 ed0f 84e2 0200 004c 89e8  .H.|$..5...A.......)...L.l$.M........L..
2021-03-15T22:19:32.5086100Z 000162d8: 4531 e40f 1f44 0000 488b 4818 4885 c974 2548 8378 2000 741e 8b50 1083 e209 83fa 0175 130f b711 83e2  E1...D..H.H.H..t%H.x .t..P.......u......
2021-03-15T22:19:32.5086805Z 00016300: f766 83fa 020f 94c2 0fb6 d241 01d4 488b 0048 85c0 75ca 4585 e40f 8409 0200 0041 6bec 5c48 63ed 4889  .f.........A..H..H..u.E........Ak.\Hc.H.
2021-03-15T22:19:32.5087559Z 00016328: efe8 72f4 feff 4889 c348 85c0 0f84 e302 0000 4c89 f849 891f 4c8d 7424 204c 8d7c 2450 4489 6424 0c4d  ..r...H..H........L..I..L.t$ L.|$PD.d$.M
2021-03-15T22:19:32.5088269Z 00016350: 89ec 4989 c5e9 b300 0000 660f 1f44 0000 6683 f80a 0f85 9600 0000 4883 c608 b92e 0000 004c 89f2 bf0a  ..I.......f..D..f.........H........L....
2021-03-15T22:19:32.5089113Z 00016378: 0000 00e8 c0ec feff 4885 c074 7b49 8b44 2420 b92e 0000 004c 89fa bf0a 0000 0048 8d70 08e8 a0ec feff  ........H..t{I.D$ .....L.......H.p......
2021-03-15T22:19:32.5090066Z 000163a0: 4885 c074 5b49 395d 0048 8d05 63d2 0000 4157 4c8d 0d69 bf00 0041 564c 0f44 c848 c7c1 ffff ffff 4889  H..t[I9].H..c...AWL..i...AVL.D.H......H.
2021-03-15T22:19:32.5090899Z 000163c8: eeba 0100 0000 4c8d 05d0 a900 0048 89df 31c0 e881 ecfe ff5a 5985 c00f 88d6 0100 0048 9848 39e8 0f83  ......L......H..1......ZY........H.H9...
2021-03-15T22:19:32.5091614Z 000163f0: cb01 0000 4801 c348 29c5 660f 1f44 0000 4d8b 2424 4d85 e40f 849b 0100 0049 8b74 2418 4885 f674 e949  ....H..H).f..D..M.$$M........I.t$.H..t.I
2021-03-15T22:19:32.5092703Z 00016418: 837c 2420 0074 e141 8b44 2410 83e0 0983 f801 75d4 0fb7 0666 83f8 020f 8527 ffff ff48 83c6 04b9 2e00  .|$ .t.A.D$.......u....f.....'...H......
2021-03-15T22:19:32.5093642Z 00016440: 0000 4c89 f2bf 0200 0000 e8f1 ebfe ff48 85c0 74ac 498b 4424 20b9 2e00 0000 4c89 fabf 0200 0000 488d  ..L............H..t.I.D$ .....L.......H.
2021-03-15T22:19:32.5094410Z 00016468: 7004 e8d1 ebfe ff48 85c0 748c 4939 5d00 488d 0594 d100 0041 5748 89ee 4156 4889 df4c 8d0d 92be 0000  p......H..t.I9].H......AWH..AVH..L......
2021-03-15T22:19:32.5095228Z 00016490: 4c8d 050e a900 004c 0f44 c848 c7c1 ffff ffff ba01 0000 0031 c0e8 b2eb feff 5e5f 85c0 780b 4898 4839  L......L.D.H...........1......^_..x.H.H9
2021-03-15T22:19:32.5095976Z 000164b8: e80f 8235 ffff ff48 8d35 e7a8 0000 488d 3dfc a800 0044 8b64 240c e8a9 ebfe ffb9 2302 0000 bab3 0000  ...5...H.5....H.=....D.d$.......#.......
2021-03-15T22:19:32.5096745Z 000164e0: 004c 8d0d e8a8 0000 4989 c04c 89cf 488d 35a4 a800 0031 c0e8 94f3 feff 488d 35aa a800 0048 8d3d bfa8  .L......I..L..H.5....1......H.5....H.=..
2021-03-15T22:19:32.5097533Z 00016508: 0000 e871 ebfe ff48 8d35 baa8 0000 4889 c731 c0e8 40ed feff 4c8b 6c24 180f 1f00 4c89 efe8 80f4 feff  ...q...H.5....H..1..@...L.l$....L.......
2021-03-15T22:19:32.5098449Z 00016530: 4589 e0b9 0002 0000 bad5 0000 0048 8d35 55a8 0000 488d 3d85 a800 00e8 20f7 feff 488b 8424 8800 0000  E............H.5U...H.=..... ...H..$....
2021-03-15T22:19:32.5099088Z 00016558: 6448 2b04 2528 0000 000f 85b1 0000 0048 81c4 9800 0000 4489 e05b 5d41 5c41 5d41 5e41 5fc3 0f1f 4000  dH+.%(.........H......D..[]A\A]A^A_...@.
2021-03-15T22:19:32.5099753Z 00016580: 4531 c0b9 0002 0000 ba80 0000 0045 31e4 488d 3502 a800 0048 8d3d 32a8 0000 e8cd f6fe ffeb ab0f 1f00  E1...........E1.H.5....H.=2.............
2021-03-15T22:19:32.5100482Z 000165a8: 448b 6424 0c4c 8b6c 2418 e971 ffff ff45 31e4 e969 ffff ff48 8d35 e7a7 0000 488d 3dfc a700 0044 8b64  D.d$.L.l$..q...E1..i...H.5....H.=....D.d
2021-03-15T22:19:32.5101275Z 000165d0: 240c e8a9 eafe ffb9 2302 0000 bac5 0000 004c 8d0d e8a7 0000 4989 c0e9 fbfe ffff 41b8 ffff ffff b900  $.......#........L......I.......A.......
2021-03-15T22:19:32.5102009Z 000165f8: 0200 00ba 8300 0000 488d 3592 a700 0048 8d3d c2a7 0000 e85d f6fe ffe9 38ff ffff e843 edfe ffb9 2202  ........H.5....H.=.....]....8....C....".
2021-03-15T22:19:32.5102716Z 00016620: 0000 ba99 0000 0031 c041 83cc ff4c 8d05 d089 0000 488d 355e a700 0048 8d3d 8ea7 0000 e849 f2fe ff4c  .......1.A...L......H.5^...H.=.....I...L
2021-03-15T22:19:32.5104588Z 00016648: 8b6c 2418 e9d7 feff ff66 2e0f 1f84 0000 0000 000f 1f44 0000 4154 b940 0000 00ba ae00 0000 5548 89f5  .l$......f...........D..AT.@........UH..
2021-03-15T22:19:32.5105361Z 00016670: 488d 3565 a700 0053 4889 fb48 8d3d c6b9 0000 e829 ebfe ff48 8b4b 1048 8b73 0848 8d51 0148 39f2 7268  H.5e...SH..H.=.....)...H.K.H.s.H.Q.H9.rh
2021-03-15T22:19:32.5106163Z 00016698: 4885 f674 5348 8b3b ba10 0000 00e8 f6ea feff 4885 c074 5648 8b4b 1048 8903 48d1 6308 488d 5101 4889  H..tSH.;..........H..tVH.K.H..H.c.H.Q.H.
2021-03-15T22:19:32.5106923Z 000166c0: 5310 488d 3513 a700 0048 8d3d 78b9 0000 4889 2cc8 b940 0000 0048 c704 d000 0000 00ba bf00 0000 5b5d  S.H.5....H.=x...H.,..@...H............[]
2021-03-15T22:19:32.5107815Z 000166e8: 415c e931 effe ff90 48c7 4308 1000 0000 be10 0000 00eb 9e90 488b 03eb b948 8d35 f888 0000 31ff e86d  A\.1....H.C.............H....H.5....1..m
2021-03-15T22:19:32.5109062Z 00016710: e9fe ff48 8d35 278c 0000 31ff 4889 c3e8 5ce9 feff bab8 0000 004c 8d0d 18b9 0000 b962 0000 0049 89c0  ...H.5'...1.H...\........L.......b...I..
2021-03-15T22:19:32.5110532Z 00016738: 504c 89cf 488d 3599 a600 0053 31c0 e845 f1fe ff48 8d35 b288 0000 31ff e827 e9fe ff48 8d35 e18b 0000  PL..H.5....S1..E...H.5....1..'...H.5....
2021-03-15T22:19:32.5111405Z 00016760: 31ff 4989 c4e8 16e9 feff 4c89 e248 8d35 d4b8 0000 4889 c731 c0e8 a2ed feff 6690 4155 4989 fd41 5455  1.I.......L..H.5....H..1......f.AUI..ATU
2021-03-15T22:19:32.5112325Z 00016788: 5348 83ec 7864 488b 0425 2800 0000 4889 4424 6831 c0e8 9eeb feff b909 0000 0048 8d3d 50a6 0000 4889  SH..xdH..%(...H.D$h1...........H.=P...H.
2021-03-15T22:19:32.5113030Z 000167b0: c6f3 a60f 97c0 1c00 84c0 0f85 9700 0000 48c7 4424 3800 0000 004c 8d25 b3a8 0000 e86b ebfe ff48 89e5  ................H.D$8....L.%.....k...H..
2021-03-15T22:19:32.5114295Z 000167d8: 488d 5c24 3048 89c7 e82b ebfe ff4c 89ee 31c9 4889 ef44 8b05 f056 0100 8d50 084c 8d2d 09a6 0000 e84d  H.\$0H...+...L..1.H..D...V...P.L.-.....M
2021-03-15T22:19:32.5115183Z 00016800: f1fe ff0f 1f44 0000 e833 ebfe ff4c 89e1 4c89 ee48 89ef 4889 c231 c048 83c3 08e8 9cf1 feff 4889 efe8  .....D...3...L..L..H..H..1.H........H...
2021-03-15T22:19:32.5116452Z 00016828: 74f4 feff 4c8b 234d 85e4 75d4 4889 efe8 e4ea feff 488b 4424 6864 482b 0425 2800 0000 7550 4883 c478  t...L.#M..u.H.......H.D$hdH+.%(...uPH..x
2021-03-15T22:19:32.5117170Z 00016850: 5b5d 415c 415d c348 8d05 9aa8 0000 4c8d 2586 a500 0048 c744 2458 0000 0000 4889 4424 3848 8d05 b6a8  []A\A].H......L.%....H.D$X....H.D$8H....
2021-03-15T22:19:32.5118082Z 00016878: 0000 4889 4424 4048 8d05 faa8 0000 4889 4424 4848 8d05 eea7 0000 4889 4424 50e9 34ff ffff e8bf eafe  ..H.D$@H......H.D$HH......H.D$P.4.......
2021-03-15T22:19:32.5118817Z 000168a0: ff66 662e 0f1f 8400 0000 0000 0f1f 4000 488b 35a9 3801 00e9 b4eb feff 0f1f 4000 488b 35f9 3801 00e9  .ff...........@.H.5.8.........@.H.5.8...
2021-03-15T22:19:32.5119565Z 000168c8: a4eb feff 0f1f 4000 488d 3de9 ffff ff48 83ec 08e8 a0fe ffff bf01 0000 00e8 b6f2 feff 660f 1f44 0000  ......@.H.=....H..................f..D..
2021-03-15T22:19:32.5120346Z 000168f0: 4883 ec08 b940 0000 00ba fa02 0000 488d 35d7 a400 0048 8d3d 4cb7 0000 e89f e8fe ff48 8d35 f8a8 0000  H....@........H.5....H.=L........H.5....
2021-03-15T22:19:32.5121097Z 00016918: 31ff e861 e7fe ffb9 6300 0000 4c8d 0534 b800 00ba fc02 0000 4989 c148 8d35 a2a4 0000 488d 3d17 b700  1..a....c...L..4........I..H.5....H.=...
2021-03-15T22:19:32.5121904Z 00016940: 0031 c0e8 48ef feff 488d 35c1 a800 0031 ffe8 2ae7 feff 488d 3d02 b800 0048 89c6 31c0 e8f9 e8fe ffe8  .1..H...H.5....1..*...H.=....H..1.......
2021-03-15T22:19:32.5122904Z 00016968: 64ff ffff 0f1f 4000 4157 4156 4155 4154 5548 89f5 488d 3559 a400 0053 89fb 488d 3d03 b700 0048 81ec  d.....@.AWAVAUATUH..H.5Y...S..H.=....H..
2021-03-15T22:19:32.5123621Z 00016990: b800 0000 488b 8424 f000 0000 4889 5424 20ba fc00 0000 4889 4c24 28b9 4000 0000 4c89 4424 304c 894c  ....H..$....H.T$ .....H.L$(.@...L.D$0L.L
2021-03-15T22:19:32.5124243Z 000169b8: 2438 4889 4424 4064 488b 0425 2800 0000 4889 8424 a800 0000 31c0 e8d9 e7fe ff85 db0f 8e91 0a00 00e8  $8H.D$@dH..%(...H..$....1...............
2021-03-15T22:19:32.5125546Z 000169e0: 5ce9 feff 4889 c748 8944 2448 4989 c648 8905 922d 0100 e815 e9fe ff83 f804 0f8f a408 0000 c744 241c  \...H..H.D$HI..H...-.................D$.
2021-03-15T22:19:32.5126592Z 00016a08: 0000 f700 c744 2414 0000 0000 4c8d 6424 584c 89e7 e83f f8ff ff85 c07e 0c48 8b44 2458 4889 05b7 2d01  .....D$.....L.d$XL...?.....~.H.D$XH...-.
2021-03-15T22:19:32.5127358Z 00016a30: 00e8 9af2 feff 89c1 83f8 ff74 2b31 c048 8d15 f68b 0000 be01 0000 004c 89e7 e86d ebfe ff83 f8ff 0f84  ...........t+1.H...........L...m........
2021-03-15T22:19:32.5128564Z 00016a58: ae0f 0000 488b 4424 5848 8905 902d 0100 660f efc0 c744 2418 0000 0000 4c8d 7424 604c 8d25 c0b2 0000  ....H.D$XH...-..f....D$.....L.t$`L.%....
2021-03-15T22:19:32.5129365Z 00016a80: 48c7 4424 7000 0000 000f 1144 2460 6690 4531 c048 8d0d 4628 0100 4889 ee89 df48 8d15 fab5 0000 e8d5  H.D$p......D$`f.E1.H..F(..H....H........
2021-03-15T22:19:32.5130127Z 00016aa8: e8fe ff83 f8ff 0f84 1405 0000 83e8 413d bf00 0000 0f87 ae09 0000 4963 0484 4c01 e0ff e048 8b05 b636  ..............A=..........Ic..L....H...6
2021-03-15T22:19:32.5131117Z 00016ad0: 0100 4885 c00f 840d 1500 0080 3800 0f84 8c09 0000 4883 3d2c 2d01 0000 0f85 7e09 0000 4889 051f 2d01  ..H.........8.......H.=,-.....~...H...-.
2021-03-15T22:19:32.5132040Z 00016af8: 00eb 95f7 4424 14fb ffff ff0f 85da 1400 00c7 4424 1c00 0080 00c7 4424 1404 0000 00e9 72ff ffff 488b  ....D$............D$......D$......r...H.
2021-03-15T22:19:32.5132990Z 00016b20: 0563 3601 0048 85c0 0f84 9614 0000 8038 000f 8439 0900 0048 833d 392c 0100 000f 852b 0900 0048 8905  .c6..H.........8...9...H.=9,.....+...H..
2021-03-15T22:19:32.5133796Z 00016b48: 2c2c 0100 e93f ffff ff48 8d05 bba2 0000 814c 2418 0000 0200 4889 05b1 2b01 00e9 24ff ffff 488b 0515  ,,...?...H.......L$.....H...+...$...H...
2021-03-15T22:19:32.5134443Z 00016b70: 3601 0048 85c0 0f84 2914 0000 4883 3dc4 2b01 0000 0f85 e608 0000 4889 05b7 2b01 00e9 fafe ffff 488d  6..H....)...H.=.+.........H...+.......H.
2021-03-15T22:19:32.5135090Z 00016b98: 0576 a200 0081 4c24 1800 0080 0048 8905 0c2c 0100 e9df feff ff8b 4424 1485 c00f 84b3 0600 003d 8000  .v....L$.....H...,........D$.........=..
2021-03-15T22:19:32.5135710Z 00016bc0: 0000 0f85 1b14 0000 814c 2418 0000 0001 c744 241c 0000 8001 e9b3 feff ff48 8d05 2fa2 0000 4889 054d  .........L$......D$..........H../...H..M
2021-03-15T22:19:32.5136780Z 00016be8: 2b01 00e9 a0fe ffff 488b 0591 3501 0048 85c0 0f85 dbfe ffff 448b 2d75 3501 0041 83fd 017e 1441 8d45  +.......H...5..H........D.-u5..A...~.A.E
2021-03-15T22:19:32.5137766Z 00016c10: ff48 9848 8b44 c500 8038 2d0f 8454 0800 008b 4424 1483 e0bf 8944 241c 7427 488b 7424 48b9 0900 0000  .H.H.D...8-..T....D$.....D$.t'H.t$H.....
2021-03-15T22:19:32.5138434Z 00016c38: 488d 3dbf a100 00f3 a60f 97c0 1c00 0fbe c089 4424 1c85 c00f 858e 1300 00c7 4424 1440 0000 00e9 2efe  H.=...............D$..........D$.@......
2021-03-15T22:19:32.5139067Z 00016c60: ffff 488b 051f 3501 0048 85c0 0f84 d20d 0000 8038 000f 84f5 0700 0048 833d 752a 0100 000f 85e7 0700  ..H...5..H.........8.......H.=u*........
2021-03-15T22:19:32.5139717Z 00016c88: 0048 8905 682a 0100 e9fb fdff ff48 8d05 77a1 0000 814c 2418 0000 0400 4889 057d 2a01 00e9 e0fd ffff  .H..h*.......H..w....L$.....H..}*.......
2021-03-15T22:19:32.5140364Z 00016cb0: f744 2414 fdff ffff 0f85 2513 0000 488d 054e a100 00c7 4424 1c00 0080 0048 8905 f42a 0100 c744 2414  .D$.......%...H..N....D$.....H...*...D$.
2021-03-15T22:19:32.5141027Z 00016cd8: 0200 0000 e9af fdff ff81 4c24 1800 0001 00e9 a2fd ffff 8b44 2414 83e0 df89 4424 1c0f 85e4 1200 00c7  ..........L$...........D$.....D$........
2021-03-15T22:19:32.5142004Z 00016d00: 4424 1420 0000 00e9 84fd ffff 488b 0575 3401 0048 85c0 0f84 250c 0000 4883 3dc4 5101 0000 0f85 4607  D$. ........H..u4..H....%...H.=.Q.....F.
2021-03-15T22:19:32.5142711Z 00016d28: 0000 8038 000f 843d 0700 0048 8905 ae51 0100 e951 fdff ff48 8b05 4234 0100 4885 c00f 84d3 0b00 0048  ...8...=...H...Q...Q...H..B4..H........H
2021-03-15T22:19:32.5144090Z 00016d50: 833d d12a 0100 000f 8513 0700 0048 8905 c42a 0100 e927 fdff ff83 0df4 5001 0002 e91b fdff ff48 8b05  .=.*.........H...*...'......P........H..
2021-03-15T22:19:32.5145258Z 00016d78: 0c34 0100 4885 c00f 84d6 0900 0080 3800 0f84 e206 0000 4883 3da2 2a01 0000 0f85 d406 0000 4889 0595  .4..H.........8.......H.=.*.........H...
2021-03-15T22:19:32.5145918Z 00016da0: 2a01 00e9 e8fc ffff 488d 0564 a000 0081 4c24 1800 0020 0048 8905 ea29 0100 e9cd fcff ff48 8d05 49a0  *.......H..d....L$... .H...).......H..I.
2021-03-15T22:19:32.5146585Z 00016dc8: 0000 4889 0567 2901 008b 4424 1483 e0ef 8944 241c 0f85 0112 0000 c744 2414 1000 0000 e9a1 fcff ff48  ..H..g)...D$.....D$........D$..........H
2021-03-15T22:19:32.5147528Z 00016df0: 8d05 1da0 0000 814c 2418 0000 1000 4889 0503 2901 00e9 86fc ffff 4c8b 2d77 3301 004d 85ed 0f84 6e04  .......L$.....H...).......L.-w3..M....n.
2021-03-15T22:19:32.5148340Z 00016e18: 0000 b940 0000 00ba dd00 0000 488d 35b1 9f00 0048 8d3d 3eb2 0000 4c8d bc24 8000 0000 e871 e3fe ff4c  ...@........H.5....H.=>...L..$.....q...L
2021-03-15T22:19:32.5149106Z 00016e40: 89ef 4c89 fa48 8d35 db9f 0000 e8ff e6fe ff49 89c5 4885 c00f 84ac 0000 0048 896c 2408 660f 1f44 0000  ..L..H.5.........I..H........H.l$.f..D..
2021-03-15T22:19:32.5150081Z 00016e68: be3d 0000 004c 89ef e84b e5fe ff48 85c0 0f85 8a08 0000 4c89 efe8 0a30 ffff 4889 c548 85c0 7459 b940  .=...L...K...H........L....0..H..H..tY.@
2021-03-15T22:19:32.5151006Z 00016e90: 0000 00ba c900 0000 488d 353d 9f00 0048 8d3d c2b1 0000 e805 e3fe ff48 89ee 4c89 efe8 aae9 feff 4889  ........H.5=...H.=.........H..L.......H.
2021-03-15T22:19:32.5151734Z 00016eb8: c648 85c0 0f84 d708 0000 4c89 f7e8 96f7 ffff b940 0000 00ba d200 0000 488d 3501 9f00 0048 8d3d 86b1  .H........L........@........H.5....H.=..
2021-03-15T22:19:32.5152530Z 00016ee0: 0000 e839 e7fe ff4c 89fa 488d 3536 9f00 0031 ffe8 58e6 feff 4989 c548 85c0 0f85 64ff ffff 488b 6c24  ...9...L..H.56...1..X...I..H....d...H.l$
2021-03-15T22:19:32.5153350Z 00016f08: 08b9 4000 0000 bae8 0000 0048 8d35 c29e 0000 488d 3d4f b100 00e8 fae6 feff e965 fbff ff48 8b05 5632  ..@........H.5....H.=O.........e...H..V2
2021-03-15T22:19:32.5154043Z 00016f30: 0100 4885 c00f 843f 0800 0080 3800 0f84 2c05 0000 4883 3dfc 2801 0000 0f85 1e05 0000 4889 05ef 2801  ..H....?....8...,...H.=.(.........H...(.
2021-03-15T22:19:32.5154701Z 00016f58: 00e9 32fb ffff 488b 3d23 3201 0048 85ff 0f84 350a 0000 31c9 baff ffff 7fbe 0300 0000 e8f1 e7fe ff48  ..2...H.=#2..H....5...1................H
2021-03-15T22:19:32.5155405Z 00016f80: 85c0 0f84 d809 0000 4883 3d48 2801 0000 0f85 da04 0000 488b 05eb 3101 0048 8905 3428 0100 e9e7 faff  ........H.=H(.........H...1..H..4(......
2021-03-15T22:19:32.5156406Z 00016fa8: ff83 0db4 4e01 0020 e9db faff ff83 0da8 4e01 0004 e9cf faff ff0f 1f80 0000 0000 448b 3dad 3101 0041  ....N.. ........N...............D.=.1..A
2021-03-15T22:19:32.5157672Z 00016fd0: 83ff 017e 1041 8d47 ff48 9848 8b44 c500 8038 2d74 4b49 63c7 488d 54c5 0041 39df 7d5e 4c8b 2a41 807d  ...~.A.G.H.H.D...8-tKIc.H.T..A9.}^L.*A.}
2021-03-15T22:19:32.5158496Z 00016ff8: 002f 7454 be3d 0000 004c 89ef 4889 5424 08e8 b2e3 feff 488b 5424 0848 85c0 7438 4c89 ee4c 89f7 e83d  ./tT.=...L..H.T$......H.T$.H..t8L..L...=
2021-03-15T22:19:32.5159621Z 00017020: f6ff ff83 0552 3101 0001 e961 faff ff90 8078 012d 75af 8078 0200 75a9 4963 c74c 8d6c c500 eb0d 662e  .....R1....a.....x.-u..x..u.Ic.L.l....f.
2021-03-15T22:19:32.5160355Z 00017048: 0f1f 8400 0000 0000 4989 d548 8b44 2420 8b4c 2414 4429 fb44 8938 85c9 0f85 9602 0000 4883 3dc6 2601  ........I..H.D$ .L$.D).D.8........H.=.&.
2021-03-15T22:19:32.5160963Z 00017070: 0000 c744 2414 0100 0000 0f85 8304 0000 8b44 2418 a900 0004 0074 21a9 0000 0200 0f85 c207 0000 f744  ...D$............D$......t!............D
2021-03-15T22:19:32.5161519Z 00017098: 2418 0000 4000 0f85 f707 0000 814c 2418 0000 0200 8b44 241c 8b7c 2418 21f8 39f8 0f85 b203 0000 837c  $...@........L$......D$..|$.!.9........|
2021-03-15T22:19:32.5162088Z 000170c0: 2414 020f 8414 0300 0048 833d a726 0100 000f 8419 0400 00f7 4424 1407 0100 000f 848b 0300 0048 833d  $........H.=.&..........D$...........H.=
2021-03-15T22:19:32.5162843Z 000170e8: fb4d 0100 0074 128b 4424 1483 c080 a97f ffff ff0f 8512 0300 008b 055d 4d01 0083 e006 83f8 060f 8402  .M...t..D$.................]M...........
2021-03-15T22:19:32.5163565Z 00017110: 0700 0085 db0f 94c0 837c 2414 0275 0884 c00f 8549 0300 0085 db0f 8ef4 0100 00f7 4424 1403 0100 000f  .........|$..u.....I............D$......
2021-03-15T22:19:32.5164553Z 00017138: 8433 0300 00e8 aee1 feff 837c 2414 4048 8905 ba26 0100 0f84 1409 0000 f744 2418 0000 0600 740d 8b44  .3.........|$.@H...&.........D$.....t..D
2021-03-15T22:19:32.5165179Z 00017160: 2414 83e0 010f 85c9 0300 0083 7c24 1402 757b 83c3 02ba 0800 0000 31ff 4863 f3e8 1ce0 feff 4889 c548  $...........|$..u{........1.Hc......H..H
2021-03-15T22:19:32.5165815Z 00017188: 85c0 0f84 4e07 0000 4889 c6bf 0200 0000 e823 4700 0084 c00f 8473 0700 0048 8d05 529c 0000 4889 4500  ....N...H........#G......s...H..R...H.E.
2021-03-15T22:19:32.5166656Z 000171b0: 498b 5500 4885 d20f 84c0 0400 0031 c090 89c3 83c0 0148 63c8 4889 54cd 0049 8b54 cd00 4885 d275 e983  I.U.H........1.......Hc.H.T..I.T..H..u..
2021-03-15T22:19:32.5167436Z 000171d8: c302 4863 c348 c1e0 0348 c744 0500 0000 0000 4989 ed48 8b44 2438 488b 7424 40b9 4000 0000 488d 3dbd  ..Hc.H...H.D......I..H.D$8H.t$@.@...H.=.
2021-03-15T22:19:32.5168114Z 00017200: 2401 00ba b302 0000 4889 3848 8b44 2460 488d 3d79 ae00 0048 8906 488b 4424 2848 8d35 b69b 0000 8918  $.......H.8H.D$`H.=y...H..H.D$(H.5......
2021-03-15T22:19:32.5168839Z 00017228: 488b 4424 304c 8928 448b 6c24 1444 0b6c 2418 4589 e8e8 2eea feff 488b 8424 a800 0000 6448 2b04 2528  H.D$0L.(D.l$.D.l$.E.......H..$....dH+.%(
2021-03-15T22:19:32.5169487Z 00017250: 0000 000f 850a 0800 0048 81c4 b800 0000 4489 e85b 5d41 5c41 5d41 5e41 5fc3 6690 c744 241c 0000 8001  .........H......D..[]A\A]A^A_.f..D$.....
2021-03-15T22:19:32.5170105Z 00017278: c744 2414 8000 0000 e90b f8ff ff0f 1f00 488d 0584 9b00 0081 4c24 1800 0040 0048 8905 4a24 0100 e9ed  .D$.............H.......L$...@.H..J$....
2021-03-15T22:19:32.5170775Z 000172a0: f7ff ff0f 1f44 0000 4898 b905 0000 0048 8d3d 4c9b 0000 498d 7406 fcf3 a60f 97c0 1c00 84c0 0f85 3af7  .....D..H......H.=L...I.t.............:.
2021-03-15T22:19:32.5171457Z 000172c8: ffff 488d 0542 9b00 00c7 4424 1c00 0080 0048 8905 e824 0100 488d 0517 9b00 0048 8944 2448 c744 2414  ..H..B....D$.....H...$..H......H.D$H.D$.
2021-03-15T22:19:32.5172085Z 000172f0: 0200 0000 e91b f7ff ff0f 1f80 0000 0000 85db 0f8e 78fd ffff 8b7c 2414 b800 0100 0081 ff80 0000 000f  ....................x....|$.............
2021-03-15T22:19:32.5173017Z 00017318: 45c7 8944 2414 e95d fdff ff83 7c24 1401 0f85 0ffe ffff 84c0 0f84 07fe ffff 8b44 2418 a900 0002 0075  E..D$..]....|$.................D$......u
2021-03-15T22:19:32.5173648Z 00017340: 170d 0000 0a00 8944 2418 488d 05c2 9a00 0048 8905 4024 0100 e893 dffe ff8b 5c24 1848 8905 a024 0100  .......D$.H......H..@$........\$.H...$..
2021-03-15T22:19:32.5174317Z 00017368: 81e3 0000 0600 0f84 79fe ffff be02 0000 00bb 0100 0000 31ed ba08 0000 0031 ffe8 14de feff 4989 c548  ........y.............1......1......I..H
2021-03-15T22:19:32.5174965Z 00017390: 85c0 0f84 3806 0000 4889 c6bf 0200 0000 e81b 4500 0084 c00f 846b 0500 0048 8b05 244b 0100 4989 4500  ....8...H.........E......k...H..$K..I.E.
2021-03-15T22:19:32.5175749Z 000173b8: 4885 ed74 0f48 8d05 df9a 0000 4989 6d10 4989 4508 4863 c349 c744 c500 0000 0000 e98e fdff ff81 e700  H..t.H......I.m.I.E.Hc.I.D..............
2021-03-15T22:19:32.5176535Z 000173e0: 0040 0048 8b44 2470 0f85 190c 0000 4885 c00f 8519 0c00 0048 833d 7923 0100 000f 84e0 fcff ff48 833d  .@.H.D$p......H........H.=y#.........H.=
2021-03-15T22:19:32.5177246Z 00017408: db4a 0100 000f 84ee fcff ff48 8d35 469f 0000 31ff e85f dcfe ffb9 6300 0000 ba49 0200 0048 8d35 aa99  .J.........H.5F...1.._....c....I...H.5..
2021-03-15T22:19:32.5177984Z 00017430: 0000 4989 c14c 8d05 23ad 0000 488d 3d4d ac00 0031 c0e8 46e4 feff 488d 350f 9f00 0031 ffe8 28dc feff  ..I..L..#...H.=M...1..F...H.5....1..(...
2021-03-15T22:19:32.5178721Z 00017458: 488d 3d00 ad00 0048 89c6 31c0 e8f7 ddfe ff0f 1f80 0000 0000 e85b f4ff ff80 7801 680f 85a2 f7ff ff80  H.=....H..1..............[....x.h.......
2021-03-15T22:19:32.5179937Z 00017480: 7802 000f 8598 f7ff ff49 63c5 4c8b 7cc5 004d 85ff 0f84 87f7 ffff 410f b607 3c2d 0f84 7bf7 ffff 3c2f  x........Ic.L.|..M........A...<-..{...</
2021-03-15T22:19:32.5180646Z 000174a8: 741b 4139 dd7d 16be 3d00 0000 4c89 ffe8 04df feff 4885 c00f 855c f7ff ff48 833d 4b23 0100 0075 a141  t.A9.}..=...L.......H....\...H.=K#...u.A
2021-03-15T22:19:32.5181593Z 000174d0: 83c5 014c 893d 3e23 0100 4489 2d9b 2c01 00e9 aaf5 ffff 662e 0f1f 8400 0000 0000 4883 3d00 2201 0000  ...L.=>#..D.-.,.......f.........H.=."...
2021-03-15T22:19:32.5182247Z 000174f8: 0f85 d9fb ffff e9e2 fbff ff8b 4424 1825 0000 0600 09d8 0f85 6cfb ffff 48c7 0519 2201 0000 0000 00c7  ............D$.%........l...H...".......
2021-03-15T22:19:32.5183101Z 00017520: 4424 1c00 0000 00c7 4424 1408 0000 00e9 4cfb ffff 85db 0f84 8604 0000 498b 7d00 4c89 eb31 ed48 85ff  D$......D$......L...........I.}.L..1.H..
2021-03-15T22:19:32.5184057Z 00017548: 0f84 3e01 0000 6690 e8bb ddfe ff48 8b7b 0848 83c3 0848 8d6c 0501 4885 ff75 e948 85ed 0f84 1c01 0000  ..>...f......H.{.H...H.l..H..u.H........
2021-03-15T22:19:32.5184751Z 00017570: 4889 eeba 0200 0000 e823 dcfe ff48 89c5 4885 c00f 8403 0100 0048 89c6 bf02 0000 00e8 2a43 0000 84c0  H........#...H..H........H........*C....
2021-03-15T22:19:32.5185679Z 00017598: 0f84 7a03 0000 4d8b 6500 4989 ef48 89ea 49be 0102 0000 0000 0008 4d85 e40f 84b0 0000 000f 1f44 0000  ..z...M.e.I..H..I.........M..........D..
2021-03-15T22:19:32.5187131Z 000175c0: 410f b61c 2484 db74 79e8 12e7 feff 4c89 fa48 89c6 eb27 662e 0f1f 8400 0000 0000 4889 c848 89d1 4889  A...$..ty.....L..H...'f.........H..H..H.
2021-03-15T22:19:32.5187869Z 000175e8: c241 0fb6 0424 4983 c401 8801 410f b61c 2484 db74 5348 8b06 0fb6 cb0f b704 488d 4bdc 66c1 e803 83f0  .A...$I.....A...$..tSH........H.K.f.....
2021-03-15T22:19:32.5188615Z 00017610: 0183 e001 80f9 3b77 0e4c 89f3 48d3 eb48 89d9 48f7 d121 c848 8d4a 014c 8d7a 0284 c074 ad48 8d42 03c6  ......;w.L..H..H..H..!.H.J.L.z...t.H.B..
2021-03-15T22:19:32.5189368Z 00017638: 025c 4c89 fa49 89c7 eba7 4c89 fa49 83c7 010f 1f80 0000 0000 4983 c508 c602 204d 8b65 004d 85e4 0f85  .\L..I....L..I..........I..... M.e.M....
2021-03-15T22:19:32.5190095Z 00017660: 5cff ffff 4c39 fd48 0f44 d5c6 0200 be04 0000 00bb 0300 0000 e903 fdff ffbb 0100 0000 b808 0000 00e9  \...L9.H.D..............................
2021-03-15T22:19:32.5190863Z 00017688: 55fb ffff 488d 3571 7900 0031 ffe8 e6d9 feff 488d 35a0 7c00 0031 ff48 89c3 e8d5 d9fe ff48 83ec 08b9  U...H.5qy..1......H.5.|..1.H.......H....
2021-03-15T22:19:32.5191661Z 000176b0: 6200 0000 4c8d 0dd5 a900 0053 4989 c0ba 6e02 0000 4c89 cf48 8d35 0e97 0000 31c0 e8bb e1fe ff48 8d35  b...L......SI...n...L..H.5....1......H.5
2021-03-15T22:19:32.5192439Z 000176d8: 2879 0000 31ff e89d d9fe ff48 8d35 577c 0000 31ff 4989 c4e8 8cd9 feff 4c89 e248 8d35 92a9 0000 4889  (y..1......H.5W|..1.I.......L..H.5....H.
2021-03-15T22:19:32.5193407Z 00017700: c731 c0e8 18de feff 488d 3591 9b00 0031 ffe8 6ad9 feff 4d89 e9b9 6300 0000 bae2 0000 0049 89c0 488d  .1......H.5....1..j...M...c........I..H.
2021-03-15T22:19:32.5194145Z 00017728: 35af 9600 0048 8d3d 3ca9 0000 31c0 e855 e1fe ff48 8d35 5e9b 0000 31ff e837 d9fe ff4c 89ee 4889 c731  5....H.=<...1..U...H.5^...1..7...L..H..1
2021-03-15T22:19:32.5194857Z 00017750: c0e8 0adb feff e875 f1ff ff48 8d0d 1ea9 0000 bac9 0100 0048 8d35 6e96 0000 488d 3da3 9600 00e8 e6dc  .......u...H...........H.5n...H.=.......
2021-03-15T22:19:32.5195584Z 00017778: feff 488d 0dff a800 00ba 5b01 0000 488d 354f 9600 0048 8d3d 8496 0000 e8c7 dcfe ff48 8d35 6478 0000  ..H.......[...H.5O...H.=.........H.5dx..
2021-03-15T22:19:32.5196276Z 000177a0: 31ff e8d9 d8fe ff48 8d35 937b 0000 31ff 4889 c3e8 c8d8 feff 4883 ec08 bacd 0000 004c 8d0d a0a8 0000  1......H.5.{..1.H.......H........L......
2021-03-15T22:19:32.5197062Z 000177c8: 5349 89c0 4c89 cfb9 6200 0000 488d 3501 9600 0031 c0e8 aee0 feff 488d 351b 7800 0031 ffe8 90d8 feff  SI..L...b...H.5....1......H.5.x..1......
2021-03-15T22:19:32.5197850Z 000177f0: 488d 354a 7b00 0031 ff49 89c4 e87f d8fe ff4c 89e2 488d 355d a800 0048 89c7 31c0 e80b ddfe ff48 8d35  H.5J{..1.I.......L..H.5]...H..1......H.5
2021-03-15T22:19:32.5198541Z 00017818: 7c9b 0000 31ff e85d d8fe ffb9 6300 0000 ba4e 0200 0048 8d35 a895 0000 4989 c14c 8d05 21a9 0000 488d  |...1..]....c....N...H.5....I..L..!...H.
2021-03-15T22:19:32.5199465Z 00017840: 3d4b a800 0031 c0e8 44e0 feff 488d 3545 9b00 00e9 f9fb ffff 488d 3569 9a00 0031 ffe8 1ad8 feff b963  =K...1..D...H.5E........H.5i...1.......c
2021-03-15T22:19:32.5200508Z 00017868: 0000 00ba 2d02 0000 488d 3565 9500 0049 89c1 4c8d 05de a800 0048 8d3d 08a8 0000 31c0 e801 e0fe ff48  ....-...H.5e...I..L......H.=....1......H
2021-03-15T22:19:32.5201187Z 00017890: 8d35 329a 0000 e9b6 fbff ff48 8d35 569a 0000 31ff e8d7 d7fe ffb9 6300 0000 ba32 0200 0048 8d35 2295  .52........H.5V...1.......c....2...H.5".
2021-03-15T22:19:32.5201978Z 000178b8: 0000 4989 c14c 8d05 9ba8 0000 488d 3dc5 a700 0031 c0e8 bedf feff 488d 351f 9a00 00e9 73fb ffff 488d  ..I..L......H.=....1......H.5.....s...H.
2021-03-15T22:19:32.5202739Z 000178e0: 351f 7700 0031 ffe8 94d7 feff 488d 354e 7a00 0031 ff48 89c3 e883 d7fe ffb9 6200 0000 ba9d 0200 004c  5.w..1......H.5Nz..1.H........b........L
2021-03-15T22:19:32.5203475Z 00017908: 8d0d 82a7 0000 4989 c050 53e9 acfd ffff bf01 0000 00e8 7ee2 feff 488d 0d57 a700 00ba e401 0000 488d  ......I..PS...........~...H..W........H.
2021-03-15T22:19:32.5204233Z 00017930: 35a7 9400 0048 8d3d dc94 0000 e81f dbfe ff48 8d0d 38a7 0000 baf1 0100 0048 8d35 8894 0000 488d 3dbd  5....H.=.........H..8........H.5....H.=.
2021-03-15T22:19:32.5204862Z 00017958: 9400 00e8 00db feff 488d 35f9 9800 0031 ffe8 12d7 feff b963 0000 00ba 4801 0000 488d 355d 9400 0049  ........H.5....1.......c....H...H.5]...I
2021-03-15T22:19:32.5205530Z 00017980: 89c1 4c8d 05d6 a700 0048 8d3d 00a7 0000 31c0 e8f9 defe ff48 8d35 c298 0000 e9ae faff ff48 8d0d d6a6  ..L......H.=....1......H.5.........H....
2021-03-15T22:19:32.5206185Z 000179a8: 0000 ba46 0100 0048 8d35 2694 0000 488d 3d5b 9400 00e8 9eda feff 89c3 be02 0000 0031 ede9 b0f9 ffff  ...F...H.5&...H.=[...............1......
2021-03-15T22:19:32.5207404Z 000179d0: 488d 352d 7600 0031 ffe8 a2d6 feff 488d 355c 7900 0031 ff48 89c3 e891 d6fe ff4c 8d0d 9aa6 0000 b962  H.5-v..1......H.5\y..1.H.......L.......b
2021-03-15T22:19:32.5208132Z 000179f8: 0000 0052 4989 c0ba 8402 0000 53e9 bafc ffff 488d 35f3 7500 0031 ffe8 68d6 feff 488d 3522 7900 0031  ...RI.......S.....H.5.u..1..h...H.5"y..1
2021-03-15T22:19:32.5208910Z 00017a20: ff48 89c3 e857 d6fe ffb9 6200 0000 ba17 0100 004c 8d0d 56a6 0000 5649 89c0 53e9 80fc ffff 488d 0d35  .H...W....b........L..V...VI..S.....H..5
2021-03-15T22:19:32.5209641Z 00017a48: a600 00ba 7701 0000 488d 3585 9300 0048 8d3d ba93 0000 e8fd d9fe ffe8 f8d8 feff e8d3 d8fe ffb9 4000  ....w...H.5....H.=....................@.
2021-03-15T22:19:32.5210299Z 00017a70: 0000 ba07 0300 0048 8d35 5e93 0000 488d 3dbb a500 0049 89c4 488d ac24 8000 0000 e81b d7fe ffba 2000  .......H.5^...H.=....I..H..$.......... .
2021-03-15T22:19:32.5210978Z 00017a98: 0000 31c9 4889 ef44 8b05 3e44 0100 488d 3503 eeff ffe8 9ede feff 488d 3545 9300 004c 89e7 e81f dbfe  ..1.H..D..>D..H.5.........H.5E...L......
2021-03-15T22:19:32.5211704Z 00017ac0: ffba 0500 0000 488d 35fb 9800 0085 c074 0748 8d35 1899 0000 31ff e821 d8fe ff4c 89e2 4889 ef48 89c6  ......H.5......t.H.5....1..!...L..H..H..
2021-03-15T22:19:32.5212406Z 00017ae8: 31c0 e8d1 defe ff48 89ef e8a9 e1fe ff48 8d3d b2ed ffff e87d ecff ff31 ffba 0500 0000 488d 3518 9300  1......H.......H.=.....}...1......H.5...
2021-03-15T22:19:32.5213174Z 00017b10: 00e8 ead7 feff 488d 3542 a600 0048 89ef 4889 c231 c0e8 96de feff 31ff ba05 0000 0048 8d35 e898 0000  ......H.5B...H..H..1......1......H.5....
2021-03-15T22:19:32.5213924Z 00017b38: e8c3 d7fe ff48 8d35 0c99 0000 4889 ef48 89c2 31c0 e86f defe ff31 ffba 0500 0000 488d 35d5 9200 00e8  .....H.5....H..H..1..o...1......H.5.....
2021-03-15T22:19:32.5214687Z 00017b60: 9cd7 feff 488d 350d 9900 0048 89ef 4889 c231 c0e8 48de feff 31ff ba05 0000 0048 8d35 cc92 0000 e875  ....H.5....H..H..1..H...1......H.5.....u
2021-03-15T22:19:32.5215394Z 00017b88: d7fe ff48 8d35 0e99 0000 4889 ef48 89c2 31c0 e821 defe ff31 ffba 0500 0000 488d 351b 9900 00e8 4ed7  ...H.5....H..H..1..!...1......H.5.....N.
2021-03-15T22:19:32.5216433Z 00017bb0: feff 488d 3537 9900 0048 89ef 4889 c231 c0e8 fadd feff 31ff ba05 0000 0048 8d35 4499 0000 e827 d7fe  ..H.57...H..H..1......1......H.5D....'..
2021-03-15T22:19:32.5217174Z 00017bd8: ff48 8d35 7099 0000 4889 ef48 89c2 31c0 e8d3 ddfe ff31 ffba 0500 0000 488d 357d 9900 00e8 00d7 feff  .H.5p...H..H..1......1......H.5}........
2021-03-15T22:19:32.5217927Z 00017c00: 488d 35a1 9900 0048 89ef 4889 c231 c0e8 acdd feff 31ff ba05 0000 0048 8d35 ae99 0000 e8d9 d6fe ff48  H.5....H..H..1......1......H.5.........H
2021-03-15T22:19:32.5218853Z 00017c28: 8d35 ca99 0000 4889 ef48 89c2 31c0 e885 ddfe ff31 ffba 0500 0000 488d 35d7 9900 00e8 b2d6 feff 488d  .5....H..H..1......1......H.5.........H.
2021-03-15T22:19:32.5219674Z 00017c50: 35f3 9900 0048 89ef 4889 c231 c0e8 5edd feff 31ff ba05 0000 0048 8d35 009a 0000 e88b d6fe ff48 8d35  5....H..H..1..^...1......H.5.........H.5
2021-03-15T22:19:32.5220553Z 00017c78: 249a 0000 4889 ef48 89c2 31c0 e837 ddfe ff31 ffba 0500 0000 488d 3531 9a00 00e8 64d6 feff 488d 3555  $...H..H..1..7...1......H.51....d...H.5U
2021-03-15T22:19:32.5221276Z 00017ca0: 9a00 0048 89ef 4889 c231 c0e8 10dd feff 31ff ba05 0000 0048 8d35 ad91 0000 e83d d6fe ff48 8d35 569a  ...H..H..1......1......H.5.....=...H.5V.
2021-03-15T22:19:32.5222119Z 00017cc8: 0000 4889 ef48 89c2 31c0 e8e9 dcfe ff31 ffba 0500 0000 488d 3563 9a00 00e8 16d6 feff 488d 3587 9a00  ..H..H..1......1......H.5c........H.5...
2021-03-15T22:19:32.5223131Z 00017cf0: 0048 89ef 4889 c231 c0e8 c2dc feff 31ff ba05 0000 0048 8d35 949a 0000 e8ef d5fe ff48 8d35 d09a 0000  .H..H..1......1......H.5.........H.5....
2021-03-15T22:19:32.5223871Z 00017d18: 4889 ef48 89c2 31c0 e89b dcfe ff31 ffba 0500 0000 488d 35dd 9a00 00e8 c8d5 feff 488d 35f9 9a00 0048  H..H..1......1......H.5.........H.5....H
2021-03-15T22:19:32.5224556Z 00017d40: 89ef 4889 c231 c0e8 74dc feff 31ff ba05 0000 0048 8d35 2f91 0000 e8a1 d5fe ff48 8d35 fa9a 0000 4889  ..H..1..t...1......H.5/........H.5....H.
2021-03-15T22:19:32.5225485Z 00017d68: ef48 89c2 31c0 e84d dcfe ff31 ffba 0500 0000 488d 3507 9b00 00e8 7ad5 feff 488d 354b 9b00 0048 89ef  .H..1..M...1......H.5.....z...H.5K...H..
2021-03-15T22:19:32.5226746Z 00017d90: 4889 c231 c0e8 26dc feff 31ff ba05 0000 0048 8d35 589b 0000 e853 d5fe ff48 8d35 7c9b 0000 4889 ef48  H..1..&...1......H.5X....S...H.5|...H..H
2021-03-15T22:19:32.5227759Z 00017db8: 89c2 31c0 e8ff dbfe ff31 ffba 0500 0000 488d 3589 9b00 00e8 2cd5 feff 488d 35b5 9b00 0048 89ef 4889  ..1......1......H.5.....,...H.5....H..H.
2021-03-15T22:19:32.5228422Z 00017de0: c231 c0e8 d8db feff 31ff ba05 0000 0048 8d35 c29b 0000 e805 d5fe ff48 8d35 de9b 0000 4889 ef48 89c2  .1......1......H.5.........H.5....H..H..
2021-03-15T22:19:32.5229300Z 00017e08: 31c0 e8b1 dbfe ff31 ffba 0500 0000 488d 35eb 9b00 00e8 ded4 feff 488d 3517 9c00 0048 89ef 4889 c231  1......1......H.5.........H.5....H..H..1
2021-03-15T22:19:32.5229976Z 00017e30: c0e8 8adb feff 31ff ba05 0000 0048 8d35 249c 0000 e8b7 d4fe ff48 8d35 409c 0000 4889 ef48 89c2 31c0  ......1......H.5$........H.5@...H..H..1.
2021-03-15T22:19:32.5230688Z 00017e58: e863 dbfe ff31 ffba 0500 0000 488d 354d 9c00 00e8 90d4 feff 488d 3581 9c00 0048 89ef 4889 c231 c0e8  .c...1......H.5M........H.5....H..H..1..
2021-03-15T22:19:32.5231420Z 00017e80: 3cdb feff ba05 0000 0048 8d35 909c 0000 31ff e869 d4fe ff48 8d35 ba9c 0000 4889 ef48 89c2 31c0 e815  <........H.5....1..i...H.5....H..H..1...
2021-03-15T22:19:32.5232167Z 00017ea8: dbfe ffba 0500 0000 488d 35c9 9c00 0031 ffe8 42d4 feff 488d 35eb 9c00 0048 89ef 4889 c231 c0e8 eeda  ........H.5....1..B...H.5....H..H..1....
2021-03-15T22:19:32.5232888Z 00017ed0: feff ba05 0000 0048 8d35 fa9c 0000 31ff e81b d4fe ff48 8d35 249d 0000 4889 ef48 89c2 31c0 e8c7 dafe  .......H.5....1......H.5$...H..H..1.....
2021-03-15T22:19:32.5234315Z 00017ef8: ffba 0500 0000 488d 3533 9d00 0031 ffe8 f4d3 feff 488d 354d 9d00 0048 89ef 4889 c231 c0e8 a0da feff  ......H.53...1......H.5M...H..H..1......
2021-03-15T22:19:32.5235069Z 00017f20: ba05 0000 0048 8d35 5c9d 0000 31ff e8cd d3fe ff48 8d35 869d 0000 4889 ef48 89c2 31c0 e879 dafe ffba  .....H.5\...1......H.5....H..H..1..y....
2021-03-15T22:19:32.5235785Z 00017f48: 0500 0000 488d 3595 9d00 0031 ffe8 a6d3 feff 488d 35af 9d00 0048 89ef 4889 c231 c0e8 52da feff 4889  ....H.5....1......H.5....H..H..1..R...H.
2021-03-15T22:19:32.5236487Z 00017f70: efe8 2add feff 4889 efe8 a2d3 feff 488d 3dbb a000 0045 31c0 b940 0000 00ba 5d03 0000 488d 3543 8e00  ..*...H.......H.=....E1..@....]...H.5C..
2021-03-15T22:19:32.5237544Z 00017f98: 00e8 d2dc feff 31ff e8fb dbfe ff48 8d0d d4a0 0000 bac3 0100 0048 8d35 248e 0000 488d 3d59 8e00 00e8  ......1......H...........H.5$...H.=Y....
2021-03-15T22:19:32.5238827Z 00017fc0: 9cd4 feff 488d 0db5 a000 00ba f701 0000 488d 3505 8e00 0048 8d3d 3a8e 0000 e87d d4fe ffe8 08e9 ffff  ....H...........H.5....H.=:....}........
2021-03-15T22:19:32.5239551Z 00017fe8: 488d 0d91 a000 00ba 9a01 0000 488d 35e1 8d00 0048 8d3d 168e 0000 e859 d4fe ff48 85c0 0f84 60f4 ffff  H...........H.5....H.=.....Y...H....`...
2021-03-15T22:19:32.5240202Z 00018010: 488d 3511 9300 0031 ffe8 62d0 feff b963 0000 00ba 3f02 0000 488d 35ad 8d00 0049 89c1 4c8d 0526 a100  H.5....1..b....c....?...H.5....I..L..&..
2021-03-15T22:19:32.5240926Z 00018038: 0048 8d3d 50a0 0000 31c0 e849 d8fe ff48 8d35 da92 0000 e9fe f3ff ff66 2e0f 1f84 0000 0000 000f 1f00  .H.=P...1..I...H.5.........f............
2021-03-15T22:19:32.5241689Z 00018060: 4154 b940 0300 0049 89fc ba2a 0000 0055 488d 3d89 a100 0053 89f3 488d 354c a000 0048 83ec 10e8 26d1  AT.@...I...*...UH.=....S..H.5L...H....&.
2021-03-15T22:19:32.5242344Z 00018088: feff bf20 0000 00e8 0cd7 feff 4885 c00f 8468 0100 0089 5810 4889 c5be 0100 0000 89df 8958 1431 c0e8  ... ........H....h....X.H..........X.1..
2021-03-15T22:19:32.5242999Z 000180b0: 3cd1 feff 8945 1883 f8ff 0f84 0d01 0000 498b 0424 4885 c075 15eb 750f 1f44 0000 0f8f b200 0000 488b  <....E..........I..$H..u..u..D........H.
2021-03-15T22:19:32.5244251Z 000180d8: 0048 85c0 7462 3958 1475 ed41 89d9 b968 0300 00ba 3a00 0000 31c0 488d 3d07 a100 004c 8d05 de9f 0000  .H..tb9X.u.A...h....:...1.H.=....L......
2021-03-15T22:19:32.5244967Z 00018100: 488d 35c6 9f00 00e8 84d7 feff 4889 efe8 5ccf feff 4531 c0b9 4003 0000 ba4e 0000 0048 8d35 a59f 0000  H.5.........H...\...E1..@....N...H.5....
2021-03-15T22:19:32.5245673Z 00018128: 488d 3dd1 a000 00e8 3cdb feff 31c0 4883 c410 5b5d 415c c390 498b 4424 0841 89d9 48c7 4500 0000 0000  H.=.....<...1.H...[]A\..I.D$.A..H.E.....
2021-03-15T22:19:32.5246344Z 00018150: 4c8d 059f 9f00 00b9 6803 0000 ba4a 0000 0048 8d35 659f 0000 4889 4508 488d 3d8d a000 0048 8928 31c0  L.......h....J...H.5e...H.E.H.=....H.(1.
2021-03-15T22:19:32.5247385Z 00018178: 4989 6c24 08e8 0ed7 feff eb90 0f1f 4000 488b 5008 4889 4500 4189 d94c 8d05 5c9f 0000 b968 0300 0048  I.l$..........@.H.P.H.E.A..L..\....h...H
2021-03-15T22:19:32.5248435Z 000181a0: 8d35 279f 0000 488d 3d53 a000 0048 8955 0848 8b50 0848 892a ba42 0000 0048 8968 0831 c0e8 c8d6 feff  .5'...H.=S...H.U.H.P.H.*.B...H.h.1......
2021-03-15T22:19:32.5249134Z 000181c8: e947 ffff ff48 89ef 8944 240c e897 cefe ff41 b8ff ffff ffb9 4003 0000 ba34 0000 0048 8d35 dd9e 0000  .G...H...D$......A......@....4...H.5....
2021-03-15T22:19:32.5250335Z 000181f0: 488d 3d09 a000 00e8 74da feff 8b44 240c e931 ffff ff48 8d35 f86d 0000 31ff e86d cefe ff48 8d35 2771  H.=.....t....D$..1...H.5.m..1..m...H.5'q
2021-03-15T22:19:32.5251086Z 00018218: 0000 31ff 4889 c3e8 5cce feff ba2e 0000 004c 8d0d d09f 0000 b962 0300 0049 89c0 504c 89cf 488d 358a  ..1.H...\........L.......b...I..PL..H.5.
2021-03-15T22:19:32.5252112Z 00018240: 9e00 0053 31c0 e845 d6fe ff48 8d35 b26d 0000 31ff e827 cefe ff48 8d35 e170 0000 31ff 4989 c4e8 16ce  ...S1..E...H.5.m..1..'...H.5.p..1.I.....
2021-03-15T22:19:32.5252864Z 00018268: feff 4c89 e248 8d35 8c9f 0000 4889 c731 c0e8 a2d2 feff 6690 4157 b940 0300 00ba 5b00 0000 4156 4155  ..L..H.5....H..1......f.AW.@....[...AVAU
2021-03-15T22:19:32.5253624Z 00018290: 4154 4989 f448 8d35 319e 0000 5589 fd48 8d3d 3a9f 0000 53bb ffff ffff 4883 ec08 e8fb cefe ff49 8b44  ATI..H.51...U..H.=:...S.....H........I.D
2021-03-15T22:19:32.5254347Z 000182b8: 2408 488b 4008 4c8b 384d 85ff 7526 e9ad 0300 000f 1f44 0000 4489 f7e8 18d2 feff 458b 7510 4439 f341  $.H.@.L.8M..u&.......D..D.......E.u.D9.A
2021-03-15T22:19:32.5255068Z 000182e0: 0f4c de4d 85ff 0f84 8c00 0000 498b 4708 4d89 fd41 8b7d 1448 8b40 084c 8b38 39ef 7ce1 e819 d1fe ff45  .L.M........I.G.M..A.}.H.@.L.89.|......E
2021-03-15T22:19:32.5255791Z 00018308: 8b4d 1441 89c6 83f8 ff0f 84a9 0200 0041 39c1 7eb4 418b 4510 4883 ec08 b968 0300 004c 8d05 ec9d 0000  .M.A...........A9.~.A.E.H....h...L......
2021-03-15T22:19:32.5257072Z 00018330: ba6b 0000 0048 8d35 919d 0000 488d 3d9d 9e00 0050 31c0 e845 d5fe ff41 8b75 1041 8b7d 14e8 a8d5 feff  .k...H.5....H.=....P1..E...A.u.A.}......
2021-03-15T22:19:32.5257962Z 00018358: 418b 4514 4589 7510 4158 4159 83f8 ff0f 846f ffff ff41 89c6 e95b ffff ff0f 1f00 83fb ff0f 84f7 0200  A.E.E.u.AXAY.....o...A...[..............
2021-03-15T22:19:32.5258922Z 00018380: 0089 d88d 7b0f be01 0000 0083 c008 0f49 f8c1 ff03 4863 ffe8 34d2 feff 4989 c548 85c0 0f84 1603 0000  ....{..........I....Hc..4...I..H........
2021-03-15T22:19:32.5260003Z 000183a8: 498b 1424 be01 0000 0048 85d2 743a 662e 0f1f 8400 0000 0000 8b4a 1048 8b12 85c9 8d41 0789 cf0f 49c1  I..$.....H..t:f..........J.H.....A....I.
2021-03-15T22:19:32.5261986Z 000183d0: c1ff 1fc1 ef1d 01f9 c1f8 0383 e107 4898 29f9 89f7 d3e7 4108 7c05 0048 85d2 75d0 4189 ee4c 8d3d c978  ..............H.).....A.|..H..u.A..L.=.x
2021-03-15T22:19:32.5262780Z 000183f8: 0000 39dd 7e0b eb6c 4183 c601 4439 f37c 6345 85f6 418d 4607 4489 f241 0f49 c6c1 fa1f c1ea 1dc1 f803  ..9.~..lA...D9.|cE..A.F.D..A.I..........
2021-03-15T22:19:32.5263892Z 00018420: 4898 410f b64c 0500 418d 0416 83e0 0729 d00f a3c1 72ca 4589 f14d 89f8 b968 0300 00ba 8d00 0000 488d  H.A..L..A......)....r.E..M...h........H.
2021-03-15T22:19:32.5264743Z 00018448: 3580 9c00 0048 8d3d 8c9d 0000 31c0 e835 d4fe ff44 89f7 4183 c601 e889 d0fe ff44 39f3 7d9d 83c3 014c  5....H.=....1..5...D..A........D9.}....L
2021-03-15T22:19:32.5265448Z 00018470: 89ef e8f9 cbfe ff39 ebb9 6803 0000 4c8d 0582 9c00 000f 4deb ba9c 0000 0031 c048 8d35 379c 0000 488d  .......9..h...L.......M......1.H.57...H.
2021-03-15T22:19:32.5266567Z 00018498: 3d43 9d00 0041 89e9 e8eb d3fe ff89 ef48 8d2d b49c 0000 e8cd d7fe ff49 8b44 2408 488b 4008 488b 1848  =C...A.........H.-.........I.D$.H.@.H..H
2021-03-15T22:19:32.5267344Z 000184c0: 85db 0f85 b400 0000 e97b 0100 000f 1f00 8b43 1448 83ec 0844 8b4b 10b9 6803 0000 4c8d 0553 9c00 00ba  .........{.......C.H...D.K..h...L..S....
2021-03-15T22:19:32.5268025Z 000184e8: a800 0000 5031 c048 8d35 d79b 0000 488d 3de3 9c00 00e8 8ed3 feff 8b53 188b 7b14 31c0 595e be02 0000  ....P1.H.5....H.=..........S..{.1.Y^....
2021-03-15T22:19:32.5268819Z 00018510: 00e8 dacc feff 83f8 ff0f 84f9 0000 008b 4318 4883 ec08 448b 4b14 4989 e8b9 6803 0000 bab0 0000 0050  ................C.H...D.K.I...h........P
2021-03-15T22:19:32.5269535Z 00018538: 488d 358e 9b00 0048 8d3d 9a9c 0000 31c0 e843 d3fe ff8b 7314 8b7b 1058 5ae8 a6d3 feff 8b7b 10e8 8ecf  H.5....H.=....1..C....s..{.XZ......{....
2021-03-15T22:19:32.5270238Z 00018560: feff 8b43 1489 4310 488b 4308 488b 4008 488b 1848 85db 0f84 cc00 0000 8b7b 108b 7314 39f7 74e2 e815  ...C..C.H.C.H.@.H..H.........{..s.9.t...
2021-03-15T22:19:32.5270959Z 00018588: cefe ff83 f8ff 0f85 3cff ffff e867 cbfe ff8b 38e8 b0d6 feff 448b 4b10 b962 0300 004c 8d05 799b 0000  ........<....g....8.....D.K..b...L..y...
2021-03-15T22:19:32.5271764Z 000185b0: 508b 4314 baa4 0000 0050 e92e ffff ff90 31c0 b972 0300 004c 8d05 479b 0000 ba63 0000 0048 8d35 f39a  P.C......P......1..r...L..G....c...H.5..
2021-03-15T22:19:32.5272514Z 000185d8: 0000 488d 3dff 9b00 00e8 aad2 feff e815 cbfe ff83 3809 0f85 e4fc ffff 498b 4500 498b 5508 4885 c00f  ..H.=...............8.......I.E.I.U.H...
2021-03-15T22:19:32.5273266Z 00018600: 84af 0000 0048 8950 0848 8902 e9d2 fcff ff0f 1f80 0000 0000 e8e3 cafe ff8b 38e8 2cd6 feff 448b 4b14  .....H.P.H....................8.,...D.K.
2021-03-15T22:19:32.5274012Z 00018628: b962 0300 004c 8d05 139b 0000 508b 4318 baac 0000 0050 e9f5 feff ff0f 1f44 0000 b940 0300 00ba b800  .b...L......P.C......P.......D...@......
2021-03-15T22:19:32.5275134Z 00018650: 0000 4883 c408 488d 3570 9a00 0048 8d3d 7c9b 0000 5b5d 415c 415d 415e 415f e9ad cffe ff0f 1f44 0000  ..H...H.5p...H.=|...[]A\A]A^A_.......D..
2021-03-15T22:19:32.5276249Z 00018678: b968 0300 00ba 7a00 0000 4189 e931 c04c 8d05 799a 0000 488d 3538 9a00 0048 8d3d 449b 0000 e8ef d1fe  .h....z...A..1.L..y...H.58...H.=D.......
2021-03-15T22:19:32.5277006Z 000186a0: ff89 efe8 d8d5 feff b940 0300 00ba 7d00 0000 eb9e 4989 5424 08e9 4bff ffff 488d 353f 6900 0031 ffe8  .........@....}.....I.T$..K...H.5?i..1..
2021-03-15T22:19:32.5278052Z 000186c8: b4c9 feff 31ff 488d 356c 6c00 0048 89c3 e8a3 c9fe ffba 8300 0000 4c8d 0df7 9a00 00b9 6203 0000 5749  ....1.H.5ll..H............L.......b...WI
2021-03-15T22:19:32.5278874Z 000186f0: 89c0 4c89 cf48 8d35 d199 0000 5331 c0e8 8cd1 feff 488d 35f9 6800 0031 ffe8 6ec9 feff 488d 3528 6c00  ..L..H.5....S1......H.5.h..1..n...H.5(l.
2021-03-15T22:19:32.5279636Z 00018718: 0031 ff49 89c4 e85d c9fe ff4c 89e2 488d 35b3 9a00 0048 89c7 31c0 e8e9 cdfe ff66 0f1f 8400 0000 0000  .1.I...]...L..H.5....H..1......f........
2021-03-15T22:19:32.5280363Z 00018740: 4157 b940 0300 00ba c400 0000 4989 f741 5648 8d35 7599 0000 4989 fe48 8d3d 5e9a 0000 4155 49bd ffff  AW.@........I..AVH.5u...I..H.=^...AUI...
2021-03-15T22:19:32.5281164Z 00018768: ffff ffff ff7f 4154 41bc 0000 0080 5553 4883 ec18 6448 8b04 2528 0000 0048 8944 2408 31c0 4889 e5e8  ......ATA.....USH...dH..%(...H.D$.1.H...
2021-03-15T22:19:32.5281905Z 00018790: 1cca feff e867 c9fe ff48 89c3 eb38 6690 31c0 4d89 f9b9 6203 0000 bacf 0000 004c 8d05 e299 0000 488d  .....g...H...8f.1.M...b........L......H.
2021-03-15T22:19:32.5282655Z 000187b8: 3510 9900 0048 8d3d fc99 0000 e8c7 d0fe ff48 8b04 2480 3800 4c8d 7801 745a c703 0000 0000 4889 eeba  5....H.=.........H..$.8.L.x.tZ......H...
2021-03-15T22:19:32.5283337Z 000187e0: 0a00 0000 4c89 ffe8 b4ce feff 4889 c648 8b04 244c 39f8 7478 0fb6 003c 2c74 0484 c075 6d83 3b22 7505  ....L.......H..H..$L9.tx...<,t...um.;"u.
2021-03-15T22:19:32.5284076Z 00018808: 4c39 ee74 934c 39e6 738e 4c89 f7e8 46f8 ffff 488b 0424 8038 004c 8d78 0175 af66 0f1f 8400 0000 0000  L9.t.L9.s.L...F...H..$.8.L.x.u.f........
2021-03-15T22:19:32.5284764Z 00018830: b940 0300 00ba d700 0000 488d 358c 9800 0048 8d3d 7899 0000 e8d3 cdfe ff48 8b44 2408 6448 2b04 2528  .@........H.5....H.=x........H.D$.dH+.%(
2021-03-15T22:19:32.5285415Z 00018858: 0000 0075 3e48 83c4 185b 5d41 5c41 5d41 5e41 5fc3 0f1f 4000 4d89 f9b9 6203 0000 baca 0000 0031 c04c  ...u>H...[]A\A]A^A_...@.M...b........1.L
2021-03-15T22:19:32.5286066Z 00018880: 8d05 f398 0000 488d 3540 9800 0048 8d3d 2c99 0000 e8f7 cffe ffeb 95e8 c0ca feff 4863 ff48 8d05 562a  ......H.5@...H.=,...............Hc.H..V*
2021-03-15T22:19:32.5286728Z 000188a8: 0100 c704 b801 0000 00c3 6666 2e0f 1f84 0000 0000 000f 1f00 4863 ff48 8d05 362a 0100 833c b801 0f94  ..........ff............Hc.H..6*...<....
2021-03-15T22:19:32.5287369Z 000188d0: c0c3 6666 2e0f 1f84 0000 0000 000f 1f00 4154 b9c0 0100 0048 8d3d e299 0000 ba4b 0000 0055 488d 3516  ..ff............AT.....H.=.....K...UH.5.
2021-03-15T22:19:32.5288396Z 000188f8: 9900 0053 e8af c8fe ff8b 3d59 0f01 0083 ffff 0f84 9000 0000 488d 1d51 0f01 0048 8d2d 1299 0000 eb12  ...S......=Y............H..Q...H.-......
2021-03-15T22:19:32.5289137Z 00018920: 8bbb 9800 0000 4881 c3a0 0000 0083 ffff 746e 31f6 4889 dae8 54c8 feff 85c0 74e0 448b 63f8 4889 ee31  ......H.........tn1.H...T.....t.D.c.H..1
2021-03-15T22:19:32.5289897Z 00018948: ff48 81c3 a000 0000 e82b c7fe ffb9 f301 0000 ba4f 0000 0048 8d35 ab98 0000 4989 c045 89e1 488d 3d5d  .H.......+.........O...H.5....I..E..H.=]
2021-03-15T22:19:32.5290655Z 00018970: 9900 0031 c0e8 16cf feff 448b a358 ffff ff48 89ee 31ff e8f5 c6fe ff48 89c7 4489 e631 c0e8 18d1 feff  ...1......D..X...H..1......H..D..1......
2021-03-15T22:19:32.5291383Z 00018998: 8b7b f883 ffff 7592 5bb9 c001 0000 5dba 5200 0000 488d 355e 9800 0048 8d3d 1699 0000 415c e95f ccfe  .{....u.[.....].R...H.5^...H.=....A\._..
2021-03-15T22:19:32.5292014Z 000189c0: ff66 662e 0f1f 8400 0000 0000 0f1f 4000 4156 b9c0 0100 00ba 5c00 0000 488d 352e 9800 0041 5548 8d3d  .ff...........@.AV......\...H.5....AUH.=
2021-03-15T22:19:32.5293036Z 000189e8: d498 0000 4154 5553 e8bb c7fe ff44 8b0d 640e 0100 4183 f9ff 0f84 fa00 0000 488d 1d5b 0e01 0048 8d2d  ....ATUS.....D..d...A.........H..[...H.-
2021-03-15T22:19:32.5294211Z 00018a10: 0898 0000 4c8d 2d09 9800 004c 8d25 0a98 0000 eb1c 0f1f 4000 448b 8b98 0000 0048 81c3 a000 0000 4183  ....L.-....L.%........@.D......H......A.
2021-03-15T22:19:32.5295161Z 00018a38: f9ff 0f84 c000 0000 8b73 fc85 f674 e148 8b13 4889 e848 83fa 0174 0a48 85d2 4c89 e049 0f44 c548 83ec  .........s...t.H..H..H...t.H..L..I.D.H..
2021-03-15T22:19:32.5296796Z 00018a60: 08b9 c601 0000 ba60 0000 0050 4c8d 05e5 9700 0048 8d35 9797 0000 31c0 488d 3d3d 9800 00e8 08ce feff  .......`...PL......H.5....1.H.==........
2021-03-15T22:19:32.5297604Z 00018a88: 8b7b f831 d248 89de e8fb c6fe ff5a 5985 c074 8d44 8b73 f831 ff48 8d35 0070 0000 e8d3 c5fe ffb9 f301  .{.1.H.......ZY..t.D.s.1.H.5.p..........
2021-03-15T22:19:32.5298472Z 00018ab0: 0000 ba65 0000 0048 8d35 5397 0000 4989 c045 89f1 488d 3df5 9700 0031 c0e8 becd feff 448b 73f8 31ff  ...e...H.5S...I..E..H.=....1......D.s.1.
2021-03-15T22:19:32.5299642Z 00018ad8: 488d 35c9 6f00 00e8 9cc5 feff 4889 c744 89f6 31c0 e8bf cffe ffe9 32ff ffff 662e 0f1f 8400 0000 0000  H.5.o.......H..D..1.......2...f.........
2021-03-15T22:19:32.5300476Z 00018b00: 5bb9 c001 0000 5dba 6b00 0000 415c 488d 35fc 9600 0048 8d3d a497 0000 415d 415e e9fb cafe ff66 662e  [.....].k...A\H.5....H.=....A]A^.....ff.
2021-03-15T22:19:32.5301486Z 00018b28: 0f1f 8400 0000 0000 4155 b9c0 0100 00ba 7900 0000 488d 35ce 9600 0041 5448 8d3d 6497 0000 5553 4881  ........AU......y...H.5....ATH.=d...USH.
2021-03-15T22:19:32.5302153Z 00018b50: eca8 0000 0064 488b 0425 2800 0000 4889 8424 9800 0000 31c0 4989 e4e8 40c6 feff 31c0 b913 0000 004c  .....dH..%(...H..$....1.I...@...1......L
2021-03-15T22:19:32.5302830Z 00018b78: 89e7 f348 ab48 8d7c 2408 e829 cbfe ff8b 0dd3 0c01 0048 8d05 0cfd ffff c784 2488 0000 0000 0000 1048  ...H.H.|$..).........H........$........H
2021-03-15T22:19:32.5303828Z 00018ba0: 8904 2485 c97e 4f48 8d1d b20c 0100 bd01 0000 000f 1f44 0000 83f9 1677 0d48 89e8 48d3 e0a9 0020 6400  ..$..~OH.............D.....w.H..H.... d.
2021-03-15T22:19:32.5304539Z 00018bc8: 751b 4883 7b08 0174 1431 d24c 89e6 89cf e8b3 c5fe ff85 c00f 85bb 0000 008b 8ba0 0000 0048 81c3 a000  u.H.{..t.1.L.......................H....
2021-03-15T22:19:32.5305193Z 00018bf0: 0000 85c9 7fc2 4883 3d8a 0f01 0001 7455 ba94 0000 0048 8d35 0596 0000 31c0 b9c6 0100 0048 8d3d 9696  ......H.=.....tU.....H.5....1......H.=..
2021-03-15T22:19:32.5305887Z 00018c18: 0000 41b9 0d00 0000 4c8d 0559 9600 00e8 64cc feff 31d2 4c89 e6bf 0d00 0000 c705 440f 0100 0100 0000  ..A.....L..Y....d...1.L.........D.......
2021-03-15T22:19:32.5306570Z 00018c40: 48c7 0424 0100 0000 e843 c5fe ff85 c00f 85ab 0000 00b9 c001 0000 ba9c 0000 0048 8d35 ab95 0000 488d  H..$.....C.....................H.5....H.
2021-03-15T22:19:32.5307199Z 00018c68: 3d43 9600 00e8 aec9 feff 488b 8424 9800 0000 6448 2b04 2528 0000 000f 85cf 0000 0048 81c4 a800 0000  =C........H..$....dH+.%(.........H......
2021-03-15T22:19:32.5307870Z 00018c90: 5b5d 415c 415d c366 0f1f 8400 0000 0000 448b 2b31 ff48 8d35 8467 0000 e8cf c3fe ffb9 f301 0000 ba8b  []A\A].f........D.+1.H.5.g..............
2021-03-15T22:19:32.5308589Z 00018cb8: 0000 0048 8d35 4f95 0000 4989 c045 89e9 488d 3de1 9500 0031 c0e8 bacb feff 448b 2b31 ff48 8d35 4e67  ...H.5O...I..E..H.=....1......D.+1.H.5Ng
2021-03-15T22:19:32.5310042Z 00018ce0: 0000 e899 c3fe ff48 89c7 4489 ee31 c0e8 bccd feff e9ec feff ff0f 1f80 0000 0000 31ff 488d 3527 6700  .......H..D..1..................1.H.5'g.
2021-03-15T22:19:32.5310779Z 00018d08: 00e8 72c3 feff 41b9 0d00 0000 b9f3 0100 00ba 9900 0000 4989 c048 8d35 e994 0000 31c0 488d 3d7f 9500  ..r...A...............I..H.5....1.H.=...
2021-03-15T22:19:32.5311962Z 00018d30: 00e8 5acb feff 31ff 488d 35f1 6600 00e8 3cc3 feff be0d 0000 0048 89c7 31c0 e85d cdfe ffe9 fdfe ffff  ..Z...1.H.5.f...<........H..1..]........
2021-03-15T22:19:32.5313039Z 00018d58: e803 c6fe ff0f 1f00 4155 b9c0 0100 0049 89d5 baa8 0000 0041 5449 89f4 488d 3596 9400 0055 89fd 488d  ........AU.....I.......ATI..H.5....U..H.
2021-03-15T22:19:32.5314569Z 00018d80: 3d1b 9500 0053 4883 ec08 e821 c4fe ff8b 05cb 0a01 0085 c07e 3248 8d1d c00a 0100 eb17 660f 1f44 0000  =....SH....!...........~2H........f..D..
2021-03-15T22:19:32.5315691Z 00018da8: 8b83 a000 0000 4881 c3a0 0000 0085 c07e 1239 c575 eb48 837b 0801 744c 4983 3c24 0174 454c 89ea 4c89  ......H........~.9.u.H.{..tLI.<$.tEL..L.
2021-03-15T22:19:32.5316564Z 00018dd0: e689 efe8 b8c3 feff b9c0 0100 00ba b700 0000 488d 3528 9400 0041 89c0 488d 3dad 9400 0041 89c4 e875  ..................H.5(...A..H.=....A...u
2021-03-15T22:19:32.5317362Z 00018df8: cefe ff48 83c4 0844 89e0 5b5d 415c 415d c30f 1f80 0000 0000 4189 e9b9 c601 0000 baae 0000 0031 c04c  ...H...D..[]A\A]........A............1.L
2021-03-15T22:19:32.5318115Z 00018e20: 8d05 5a94 0000 488d 35e4 9300 0048 8d3d 6c94 0000 e857 cafe ffc7 4304 0100 0000 eb89 662e 0f1f 8400  ..Z...H.5....H.=l....W....C.......f.....
2021-03-15T22:19:32.5318794Z 00018e48: 0000 0000 0f1f 4000 4154 b940 0200 00ba d407 0000 488d 357a 9400 0053 4889 fb48 8d3d 42a1 0000 4883  ......@.AT.@........H.5z...SH..H.=B...H.
2021-03-15T22:19:32.5319720Z 00018e70: ec08 e839 c3fe ff48 81fb 8000 0000 742f 448b 63b8 4589 e0b9 4002 0000 bad7 0700 0048 8d35 4594 0000  ...9...H......t/D.c.E...@........H.5E...
2021-03-15T22:19:32.5320406Z 00018e98: 488d 3d11 a100 00e8 cccd feff 4883 c408 4489 e05b 415c c341 bcff ffff ffeb cd66 0f1f 8400 0000 0000  H.=.........H...D..[A\.A.......f........
2021-03-15T22:19:32.5321503Z 00018ec0: 4156 b940 0200 00ba 7303 0000 488d 350a 9400 0041 5541 5455 4889 fd48 8d3d 0ea4 0000 5348 81ec b010  AV.@....s...H.5....AUATUH..H.=....SH....
2021-03-15T22:19:32.5322515Z 00018ee8: 0000 6448 8b04 2528 0000 0048 8984 24a8 1000 0031 c0e8 aec2 feff e889 c5fe ff85 c00f 84ec 0000 00be  ..dH..%(...H..$....1....................
2021-03-15T22:19:32.5323196Z 00018f10: 2f00 0000 4889 efe8 a4c4 feff 4885 c00f 8419 0100 0048 8d54 2410 4889 eebf 0100 0000 e829 c8fe ff85  /...H.......H........H.T$.H........)....
2021-03-15T22:19:32.5323850Z 00018f38: c00f 85aa 0100 0048 b800 0800 00ff ffff ff48 2344 2428 483d 0008 0000 7453 488d 3503 9700 0031 ffe8  .......H.........H#D$(H=....tSH.5....1..
2021-03-15T22:19:32.5324540Z 00018f60: 1cc1 feff 4989 e9b9 6202 0000 488d 356a 9300 0052 4989 c0ba 9103 0000 488d 3d6d a300 006a 0031 c0e8  ....I...b...H.5j...RI.......H.=m...j.1..
2021-03-15T22:19:32.5325287Z 00018f88: 04c9 feff 488d 35cd 9600 0031 ffe8 e6c0 feff 31d2 4889 ee48 89c7 31c0 e877 c5fe ff48 8d35 e896 0000  ....H.5....1......1.H..H..1..w...H.5....
2021-03-15T22:19:32.5326043Z 00018fb0: 31ff e8c9 c0fe ffba 9503 0000 4531 c9b9 6202 0000 4989 c050 31c0 488d 350c 9300 0055 488d 3d17 a300  1...........E1..b...I..P1.H.5....UH.=...
2021-03-15T22:19:32.5326756Z 00018fd8: 00e8 b2c8 feff 488d 35b3 9600 0031 ffe8 94c0 feff 4889 ea31 f648 89c7 31c0 e825 c5fe ff48 8b84 24a8  ......H.5....1......H..1.H..1..%...H..$.
2021-03-15T22:19:32.5327405Z 00019000: 1000 0064 482b 0425 2800 0000 0f85 2c01 0000 4881 c4b0 1000 00b9 4002 0000 ba9f 0300 005b 488d 35b2  ...dH+.%(.....,...H.......@........[H.5.
2021-03-15T22:19:32.5328026Z 00019028: 9200 0048 8d3d bea2 0000 5d41 5c41 5d41 5ee9 e2c5 feff 488d 3da1 9200 00e8 a60d ffff 4989 c648 85c0  ...H.=....]A\A]A^.....H.=.........I..H..
2021-03-15T22:19:32.5328906Z 00019050: 0f84 9300 0000 4889 c74c 8d6c 2408 488d 9c24 a000 0000 e8a5 c2fe ff4c 89f7 4c89 e948 8d15 4b94 0000  ......H..L.l$.H..$.........L..L..H..K...
2021-03-15T22:19:32.5329655Z 00019078: 4d8d 2406 4c8d 3568 9200 004c 89e6 e845 c8fe ff48 85c0 7459 55b9 0010 0000 be00 1000 004d 89f0 5044  M.$.L.5h...L...E...H..tYU..........M..PD
2021-03-15T22:19:32.5330433Z 000190a0: 8b4c 2418 ba01 0000 0048 89df 4129 c131 c0e8 aabf feff 595e 3dff 0f00 0077 11be 0100 0000 4889 dfe8  .L$......H..A).1......Y^=....w......H...
2021-03-15T22:19:32.5331197Z 000190c8: b4c9 feff 85c0 7466 31ff 4c89 e948 8d15 e793 0000 4c89 e6e8 ecc7 feff 4885 c075 a748 8d35 2896 0000  ......tf1.L..H......L.......H..u.H.5(...
2021-03-15T22:19:32.5331989Z 000190f0: 31ff e889 bffe ff45 31c9 b962 0200 00ba 9a03 0000 4989 c048 8d35 cf91 0000 488d 3ddb a100 0031 c0e8  1......E1..b........I..H.5....H.=....1..
2021-03-15T22:19:32.5332797Z 00019118: 74c7 feff 488d 35f5 9500 0031 ffe8 56bf feff 31f6 4889 c731 c0e8 eac3 feff 4889 dde9 e7fd ffff e81d  t...H.5....1..V...1.H..1......H.........
2021-03-15T22:19:32.5333598Z 00019140: c2fe ff66 662e 0f1f 8400 0000 0000 6690 4157 b940 0200 00ba f603 0000 4156 4155 4154 5553 4889 f348  ...ff.........f.AW.@........AVAUATUSH..H
2021-03-15T22:19:32.5334733Z 00019168: 8d35 6f91 0000 4883 ec18 4889 7c24 0848 8d3d d2a0 0000 e82d c0fe ff48 833b 000f 84fb 0100 0048 89d8  .5o...H...H.|$.H.=.....-...H.;.......H..
2021-03-15T22:19:32.5335440Z 00019190: be02 0000 000f 1f00 4883 c010 4883 c601 4883 3800 75f2 488b 4424 0848 8b40 1048 85c0 7510 eb16 662e  ........H...H...H.8.u.H.D$.H.@.H..u...f.
2021-03-15T22:19:32.5336158Z 000191b8: 0f1f 8400 0000 0000 4883 c601 488b 0048 85c0 75f4 ba08 0000 0031 ffe8 c8bf feff 4989 c448 85c0 0f84  ........H...H..H..u......1......I..H....
2021-03-15T22:19:32.5336844Z 000191e0: 2801 0000 488b 4424 0848 8d3d 0391 0000 488b 7020 e867 c6fe ff49 8904 2448 85c0 0f84 0601 0000 4c8b  (...H.D$.H.=....H.p .g...I..$H........L.
2021-03-15T22:19:32.5337615Z 00019208: 0b4d 85c9 0f84 8001 0000 31ed 4c8d 3de4 9000 000f 1f44 0000 488b 4308 8d55 0149 89d6 4d8d 2cd4 4885  .M........1.L.=......D..H.C..U.I..M.,.H.
2021-03-15T22:19:32.5338348Z 00019230: c074 4848 83ec 08b9 4602 0000 ba0a 0400 004d 89f8 5048 8d35 9190 0000 488d 3dfd 9f00 0031 c0e8 36c6  .tHH....F........M..PH.5....H.=....1..6.
2021-03-15T22:19:32.5339392Z 00019258: feff 488b 7308 488b 3be8 fac5 feff 4989 4500 5a59 4885 c074 7a8d 4502 4489 f54d 8d2c c44c 8b4b 1048  ..H.s.H.;.....I.E.ZYH..tz.E.D..M.,.L.K.H
2021-03-15T22:19:32.5340127Z 00019280: 83c3 104d 85c9 7598 488b 4424 0848 8b40 1048 85c0 0f84 be00 0000 488b 1848 85db 0f84 b200 0000 4c8d  ...M..u.H.D$.H.@.H........H..H........L.
2021-03-15T22:19:32.5340825Z 000192a8: 3562 9000 00eb 0d90 488b 1b48 85db 0f84 9400 0000 8d45 0148 8b4b 104c 8b43 1841 89ed 498d 3cc4 4889  5b......H..H.........E.H.K.L.C.A..I.<.H.
2021-03-15T22:19:32.5341586Z 000192d0: c54c 89f2 31c0 be01 0000 00e8 e0c2 feff 83f8 ff75 cb41 89ee 4489 ed49 8d1c ec45 85f6 7418 0f1f 4000  .L..1..............u.A..D..I...E..t...@.
2021-03-15T22:19:32.5342425Z 000192f8: 488b 3be8 70bd feff 4889 d848 83eb 0849 39c4 75ec 4c89 e745 31e4 e859 bdfe ff45 31c0 b940 0200 00ba  H.;.p...H..H...I9.u.L..E1..Y...E1..@....
2021-03-15T22:19:32.5343262Z 00019320: 2504 0000 488d 35b2 8f00 0048 8d3d 1e9f 0000 e8c9 c2fe ff48 83c4 184c 89e0 5b5d 415c 415d 415e 415f  %...H.5....H.=.........H...L..[]A\A]A^A_
2021-03-15T22:19:32.5343940Z 00019348: c30f 1f80 0000 0000 418d 4502 4d8d 2cc4 49c7 4500 0000 0000 4d89 e0b9 4002 0000 ba20 0400 0048 8d35  ........A.E.M.,.I.E.....M...@.... ...H.5
2021-03-15T22:19:32.5344617Z 00019370: 698f 0000 488d 3dd5 9e00 00e8 80c2 feff ebb5 660f 1f44 0000 be02 0000 00e9 14fe ffff 4d8d 6c24 0831  i...H.=...........f..D............M.l$.1
2021-03-15T22:19:32.5345511Z 00019398: ede9 eafe ffff 6690 4154 b940 0200 0041 89fc ba5a 0400 0055 488d 3db1 9d00 0089 f548 8d35 1d8f 0000  ......f.AT.@...A...Z...UH.=......H.5....
2021-03-15T22:19:32.5346238Z 000193c0: 4883 ec08 e8e7 bdfe ff85 ed0f 848f 0000 0048 83ec 0831 c0b9 4802 0000 ba5d 0400 0055 4c8b 0d2f 2b01  H................H...1..H....]...UL../+.
2021-03-15T22:19:32.5347202Z 000193e8: 0048 8d35 ed8e 0000 4c8d 0559 9300 0048 8d3d 6a9d 0000 e88d c4fe ff48 8b05 362b 0100 595e 4883 7810  .H.5....L..Y...H.=j........H..6+..Y^H.x.
2021-03-15T22:19:32.5347884Z 00019410: 000f 8499 0000 008b 3d1b 2b01 00e8 0ec2 feff 488b 0517 2b01 0044 89e7 89ee ff50 108b 3de9 0c01 00e8  ........=.+.......H...+..D.....P..=.....
2021-03-15T22:19:32.5348552Z 00019438: f4c1 feff 4883 c408 b940 0200 00ba 7004 0000 5d48 8d35 8b8e 0000 488d 3d0f 9d00 0041 5ce9 c0c1 feff  ....H....@....p...]H.5....H.=....A\.....
2021-03-15T22:19:32.5349218Z 00019460: 4883 ec08 31c0 ba61 0400 00b9 4802 0000 4154 4c8b 0d9f 2a01 004c 8d05 f892 0000 488d 3556 8e00 0048  H...1..a....H...ATL...*..L......H.5V...H
2021-03-15T22:19:32.5349924Z 00019488: 8d3d da9c 0000 e8fd c3fe ff58 488b 05a5 2a01 005a 4883 7810 000f 8570 ffff ffeb 930f 1f80 0000 0000  .=.........XH...*..ZH.x....p............
2021-03-15T22:19:32.5350649Z 000194b0: 4c8b 25e1 1f01 004d 85e4 0f84 7cff ffff e83b bcfe ff31 ff48 8d35 fa61 0000 8928 e8ab bbfe ff4d 89e1  L.%....M....|....;...1.H.5.a...(.....M..
2021-03-15T22:19:32.5351916Z 000194d8: b973 0200 00ba 6c04 0000 4989 c048 8d35 f18d 0000 31c0 488d 3d73 9c00 00e8 96c3 feff 488b 2d97 1f01  .s....l...I..H.5....1.H.=s........H.-...
2021-03-15T22:19:32.5352837Z 00019500: 0031 ff48 8d35 be61 0000 e871 bbfe ff48 89c7 4889 ee31 c0e8 94c5 feff e91b ffff ff66 662e 0f1f 8400  .1.H.5.a...q...H..H..1...........ff.....
2021-03-15T22:19:32.5353626Z 00019528: 0000 0000 0f1f 4000 4154 b940 0200 0041 89fc ba42 0600 0055 488d 3d11 9c00 0089 f548 8d35 8d8d 0000  ......@.AT.@...A...B...UH.=......H.5....
2021-03-15T22:19:32.5354325Z 00019550: 53e8 5abc feff 488b 1de3 0b01 0048 85db 7438 660f 1f44 0000 488b 4340 4883 7810 0074 1f8b 7b38 e8b5  S.Z...H......H..t8f..D..H.C@H.x..t..{8..
2021-03-15T22:19:32.5355192Z 00019578: c0fe ff48 8b43 4044 89e7 89ee ff50 108b 3d93 0b01 00e8 9ec0 feff 488b 1b48 85db 75ce 5bb9 4002 0000  ...H.C@D.....P..=.........H..H..u.[.@...
2021-03-15T22:19:32.5355924Z 000195a0: 5dba 4c06 0000 488d 3530 8d00 0048 8d3d a49b 0000 415c e965 c0fe ff0f 1f44 0000 4157 4156 4d89 c641  ].L...H.50...H.=....A\.e.....D..AWAVM..A
2021-03-15T22:19:32.5356693Z 000195c8: 5549 89cd b940 0200 0041 5441 89d4 ba6e 0600 0055 4889 f548 8d35 f78c 0000 5348 83ec 4848 897c 2408  UI...@...ATA...n...UH..H.5....SH..HH.|$.
2021-03-15T22:19:32.5357403Z 000195f0: 488d 3de1 9a00 0064 488b 0425 2800 0000 4889 4424 3831 c048 c744 2430 0000 0000 e89b bbfe ff48 8b1d  H.=....dH..%(...H.D$81.H.D$0.........H..
2021-03-15T22:19:32.5358049Z 00019618: 240b 0100 4885 db0f 845d 0100 0048 8d44 2430 4989 df48 8944 2410 660f 1f44 0000 498b 4740 4883 7828  $...H....]...H.D$0I..H.D$.f..D..I.G@H.x(
2021-03-15T22:19:32.5358689Z 00019640: 000f 842f 0100 004c 3b7c 2408 0f84 2401 0000 418b 7f38 e8d5 bffe ff49 8b47 4048 89ef 4c89 f14c 8b44  .../...L;|$...$...A..8.....I.G@H..L..L.D
2021-03-15T22:19:32.5359403Z 00019668: 2410 4c89 ea44 89e6 ff50 288b 3da7 0a01 0089 c3e8 b0bf feff 83fb 010f 84ed 0000 0053 4c8d 0d47 9a00  $.L..D...P(.=....................SL..G..
2021-03-15T22:19:32.5360309Z 00019690: 00b9 4202 0000 31c0 41ff 7718 ba81 0600 004c 89cf 488d 3532 8c00 004c 8d05 f690 0000 e8d9 c1fe ff48  ..B...1.A.w......L..H.52...L...........H
2021-03-15T22:19:32.5361029Z 000196b8: 8b54 2440 5948 8d0d 5d8c 0000 5e48 85d2 0f84 0201 0000 4d8b 4f18 488d 35f7 9000 0031 ff48 894c 2428  .T$@YH..]...^H........M.O.H.5....1.H.L$(
2021-03-15T22:19:32.5361694Z 000196e0: 4889 5424 204c 894c 2418 e891 b9fe ff48 8b54 2420 488d 35e2 8b00 0048 8d3d d699 0000 4989 c031 c052  H.T$ L.L$......H.T$ H.5....H.=....I..1.R
2021-03-15T22:19:32.5362345Z 00019708: 488b 4c24 30ba 8406 0000 514c 8b4c 2428 b963 0200 00e8 6ec1 feff 488b 4c24 4058 5a48 8d15 f18b 0000  H.L$0.....QL.L$(.c....n...H.L$@XZH......
2021-03-15T22:19:32.5363001Z 00019730: 4885 c90f 8487 0000 004d 8b47 1848 8d35 8c90 0000 31ff 4889 5424 2848 894c 2420 4c89 4424 18e8 26b9  H........M.G.H.5....1.H.T$(H.L$ L.D$..&.
2021-03-15T22:19:32.5363672Z 00019758: feff 4c8b 4424 1848 8b4c 2420 488b 5424 2848 89c7 31c0 4c89 c6e8 eaba feff 4d8b 3f4d 85ff 0f85 b6fe  ..L.D$.H.L$ H.T$(H..1.L.......M.?M......
2021-03-15T22:19:32.5364357Z 00019780: ffff b940 0200 00ba 8906 0000 488d 354a 8b00 0048 8d3d 3e99 0000 e881 befe ff48 8b44 2438 6448 2b04  ...@........H.5J...H.=>........H.D$8dH+.
2021-03-15T22:19:32.5365425Z 000197a8: 2528 0000 0075 3048 83c4 485b 5d41 5c41 5d41 5e41 5fc3 6690 488d 0d4c 9e00 0048 89ca e96a ffff ff90  %(...u0H..H[]A\A]A^A_.f.H..L...H...j....
2021-03-15T22:19:32.5366569Z 000197d0: 488d 153c 9e00 0048 89d1 e9ef feff ffe8 7cbb feff 6666 2e0f 1f84 0000 0000 0090 4157 4156 4989 ceb9  H..<...H........|...ff..........AWAVI...
2021-03-15T22:19:32.5367498Z 000197f8: 4002 0000 4155 4189 f548 8d35 d58a 0000 4154 4989 fc48 8d3d d498 0000 5548 89d5 ba99 0600 0053 4883  @...AUA..H.5....ATI..H.=....UH.......SH.
2021-03-15T22:19:32.5368726Z 00019820: ec28 4c89 0424 6448 8b04 2528 0000 0048 8944 2418 31c0 48c7 4424 1000 0000 00e8 6cb9 feff 4c8b 3df5  .(L..$dH..%(...H.D$.1.H.D$......l...L.=.
2021-03-15T22:19:32.5369348Z 00019848: 0801 004d 85ff 745a 488d 4424 1048 8944 2408 660f 1f44 0000 498b 4740 4883 7818 0074 3741 8b7f 38e8  ...M..tZH.D$.H.D$.f..D..I.G@H.x..t7A..8.
2021-03-15T22:19:32.5370058Z 00019870: bcbd feff 498b 4740 4c89 e74c 8b04 244c 8b4c 2408 4c89 f148 89ea 4489 eeff 5018 8b3d 8a08 0100 89c3  ....I.G@L..L..$L.L$.L..H..D...P..=......
2021-03-15T22:19:32.5370831Z 00019898: e893 bdfe ff83 fb01 7548 4d8b 3f4d 85ff 75b6 b940 0200 00ba b206 0000 488d 3522 8a00 0048 8d3d 2698  ........uHM.?M..u..@........H.5"...H.=&.
2021-03-15T22:19:32.5371502Z 000198c0: 0000 e859 bdfe ff48 8b44 2418 6448 2b04 2528 0000 000f 8512 0100 0048 83c4 285b 5d41 5c41 5d41 5e41  ...Y...H.D$.dH+.%(.........H..([]A\A]A^A
2021-03-15T22:19:32.5372200Z 000198e8: 5fc3 534c 8d0d f697 0000 b942 0200 0031 c041 ff77 1848 8d35 d989 0000 baa4 0600 004c 89cf 4c8d 05e5  _.SL.......B...1.A.w.H.5.........L..L...
2021-03-15T22:19:32.5373018Z 00019910: 8e00 004c 8d25 078a 0000 e871 bffe ff48 8b5c 2420 595e 4885 db0f 84a3 0000 0048 8d35 ea8e 0000 31ff  ...L.%.....q...H.\$ Y^H........H.5....1.
2021-03-15T22:19:32.5373987Z 00019938: 4d8b 6f18 e83f b7fe ff53 baa7 0600 00b9 6302 0000 4154 4989 c04d 89e9 31c0 488d 3580 8900 0048 8d3d  M.o..?...S......c...ATI..M..1.H.5....H.=
2021-03-15T22:19:32.5375126Z 00019960: 8497 0000 4c8d 2db6 8900 00e8 20bf feff 4c8b 6424 2058 5a4d 85e4 7465 4d8b 7718 488d 3599 8e00 0031  ....L.-..... ...L.d$ XZM..teM.w.H.5....1
2021-03-15T22:19:32.5375918Z 00019988: ffe8 f2b6 feff 4c89 e14c 89ea 4889 c74c 89f6 31c0 e8bf b8fe ff48 8b4c 2410 4885 c974 4749 8b77 1849  ......L..L..H..L..1......H.L$.H..tGI.w.I
2021-03-15T22:19:32.5376727Z 000199b0: 89e8 ba03 0000 004c 89ff e801 fcff ff31 ff31 f6e8 68fb ffff bf01 0000 00e8 cec1 feff 488d 1d3a 9c00  .......L.......1.1..h.............H..:..
2021-03-15T22:19:32.5377496Z 000199d8: 0049 89dc e94e ffff ff4c 8d25 2b9c 0000 4d89 e5eb 8fe8 6eb9 feff ba05 0000 0048 8d35 2689 0000 31ff  .I...N...L.%+...M.....n........H.5&...1.
2021-03-15T22:19:32.5378567Z 00019a00: e8fb b8fe ff48 89c1 eba1 660f 1f44 0000 4155 b940 0200 00ba a805 0000 4c8d 2d4d 8e00 0041 5441 89fc  .....H....f..D..AU.@........L.-M...ATA..
2021-03-15T22:19:32.5379355Z 00019a28: 488d 3d59 9600 0055 89f5 488d 35a4 8800 0053 4883 ec08 e86d b7fe ff48 8b1d 0607 0100 4885 db75 5de9  H.=Y...U..H.5....SH....m...H......H..u].
2021-03-15T22:19:32.5380298Z 00019a50: 8400 0000 0f1f 4000 4883 ec08 b948 0200 00ba ad05 0000 554c 8d05 da8d 0000 488d 3568 8800 0048 8d3d  ......@.H....H........UL......H.5h...H.=
2021-03-15T22:19:32.5381013Z 00019a78: 0c96 0000 31c0 e80d befe ff8b 7b38 585a e8a3 bbfe ff48 8b43 4044 89e7 89ee ff50 108b 3d81 0601 00e8  ....1.......{8XZ.....H.C@D.....P..=.....
2021-03-15T22:19:32.5381792Z 00019aa0: 8cbb feff 488b 1b48 85db 742c 488b 4340 4883 7810 0074 ed4c 8b4b 1885 ed75 9948 83ec 084d 89e8 b948  ....H..H..t,H.C@H.x..t.L.K...u.H...M...H
2021-03-15T22:19:32.5382506Z 00019ac8: 0200 00ba b105 0000 4154 eb9a 0f1f 4000 4883 c408 b940 0200 00ba bb05 0000 5b48 8d35 ef87 0000 488d  ........AT....@.H....@........[H.5....H.
2021-03-15T22:19:32.5383280Z 00019af0: 3d93 9500 005d 415c 415d e921 bbfe ff90 4155 b940 0200 0041 89f5 488d 35cc 8700 0041 5441 89fc 488d  =....]A\A].!....AU.@...A..H.5....ATA..H.
2021-03-15T22:19:32.5383981Z 00019b18: 3d13 9400 0055 5348 89d3 ba7c 0700 0048 83ec 08e8 80b6 feff 8b7b 68e8 f8ba feff 488b 5370 4489 ee44  =....USH...|...H.........{h.....H.SpD..D
2021-03-15T22:19:32.5384701Z 00019b40: 89e7 89c5 ff53 7889 efe8 e2ba feff 4883 c408 b940 0200 00ba 8307 0000 5b48 8d35 7987 0000 488d 3dc5  .....Sx.......H....@........[H.5y...H.=.
2021-03-15T22:19:32.5385395Z 00019b68: 9300 005d 415c 415d e9ab bafe ff66 662e 0f1f 8400 0000 0000 4157 4989 cfb9 4002 0000 4156 4d89 ce41  ...]A\A].....ff.........AWI...@...AVM..A
2021-03-15T22:19:32.5386089Z 00019b90: 5545 89c5 4154 4989 f448 8d35 3d87 0000 5548 89d5 ba5d 0500 0053 4889 fb48 8d3d 3496 0000 4883 ec08  UE..ATI..H.5=...UH...]...SH..H.=4...H...
2021-03-15T22:19:32.5386805Z 00019bb8: e8f3 b5fe ff4c 89e6 4889 dfe8 88f5 ffff 4885 c00f 840f 0100 008b 7b38 4989 c4e8 54ba feff 4c8b 5340  .....L..H.......H.........{8I...T...L.S@
2021-03-15T22:19:32.5387537Z 00019be0: 418b 4204 3d00 0001 000f 84c1 0000 003d 0100 0100 757a 4883 ec08 4c89 e14d 89f9 4989 e8ff 7424 4848  A.B.=..........=....uzH...L..M..I...t$HH
2021-03-15T22:19:32.5388391Z 00019c08: 8d15 22ec feff bf01 0001 0048 8d35 06ec feff 4156 4155 41ff 5208 4189 c448 83c4 20e8 e2b7 feff 8b3d  .."........H.5....AVAUA.R.A..H.. ......=
2021-03-15T22:19:32.5389121Z 00019c30: ec04 0100 8943 38e8 f4b9 feff 4589 e0b9 4002 0000 ba7f 0500 0048 8d35 8d86 0000 488d 3d91 9500 00e8  .....C8.....E...@........H.5....H.=.....
2021-03-15T22:19:32.5389824Z 00019c58: 14c0 feff 4883 c408 4489 e05b 5d41 5c41 5d41 5e41 5fc3 6690 4883 ec08 4c89 e14d 89f9 4989 e8ff 7424  ....H...D..[]A\A]A^A_.f.H...L..M..I...t$
2021-03-15T22:19:32.5390594Z 00019c80: 5048 8d15 a8eb feff bf11 0001 0048 8d35 6ce7 feff ff73 28ff 7424 5841 5641 5541 ff52 0841 89c4 4883  PH...........H.5l....s(.t$XAVAUA.R.A..H.
2021-03-15T22:19:32.5391514Z 00019ca8: c430 e97a ffff ff90 ff74 2440 4c89 e145 89e9 4989 e848 8d15 6ceb feff 4156 bf00 0001 0048 8d35 4eeb  .0.z.....t$@L..E..I..H..l...AV.....H.5N.
2021-03-15T22:19:32.5392400Z 00019cd0: feff 41ff 5208 4189 c458 5ae9 49ff ffff 488d 351d 5300 0031 ffe8 92b3 feff 488d 354c 5600 0031 ff48  ..A.R.A..XZ.I...H.5.S..1......H.5LV..1.H
2021-03-15T22:19:32.5393418Z 00019cf8: 89c3 e881 b3fe ff48 83ec 08b9 6302 0000 4c8d 0dd9 9400 0053 4989 c04c 89cf ba62 0500 0048 8d35 bb85  .......H....c...L......SI..L...b...H.5..
2021-03-15T22:19:32.5394212Z 00019d20: 0000 31c0 e867 bbfe ff48 8d35 d452 0000 31ff e849 b3fe ff48 8d35 0356 0000 31ff 4989 c4e8 38b3 feff  ..1..g...H.5.R..1..I...H.5.V..1.I...8...
2021-03-15T22:19:32.5395020Z 00019d48: 4c89 e248 8d35 9694 0000 41bc ffff ffff 4889 c731 c0e8 feb4 feff b940 0200 0041 b8ff ffff ff48 8d35  L..H.5....A.....H..1.......@...A.....H.5
2021-03-15T22:19:32.5395756Z 00019d70: 6985 0000 ba63 0500 0048 8d3d 6894 0000 e8eb befe ff59 5ee9 d0fe ffff 0f1f 4000 53b9 4002 0000 4889  i....c...H.=h........Y^.......@.S.@...H.
2021-03-15T22:19:32.5396442Z 00019d98: fbba 0108 0000 488d 3538 8500 0048 8d3d 7492 0000 e8ff b3fe ff48 8d7b 80e8 a6bc feff b940 0200 00ba  ......H.58...H.=t........H.{.......@....
2021-03-15T22:19:32.5397080Z 00019dc0: 0708 0000 5b48 8d35 1185 0000 488d 3d4d 9200 00e9 48b8 feff 0f1f 8400 0000 0000 53b9 4002 0000 4889  ....[H.5....H.=M....H...........S.@...H.
2021-03-15T22:19:32.5397743Z 00019de8: fbba e107 0000 488d 35e8 8400 0048 8d3d 0492 0000 e8af b3fe ff48 8b7b b0e8 26ba feff b940 0200 00ba  ......H.5....H.=.........H.{..&....@....
2021-03-15T22:19:32.5398381Z 00019e10: e507 0000 5b48 8d35 c184 0000 488d 3ddd 9100 00e9 f8b7 feff 0f1f 8400 0000 0000 55b9 4002 0000 4889  ....[H.5....H.=.................U.@...H.
2021-03-15T22:19:32.5399054Z 00019e38: fdba f107 0000 5348 8d3d 9a91 0000 4889 f348 8d35 8d84 0000 4883 ec08 e857 b3fe ff48 8b7d b048 85ff  ......SH.=....H..H.5....H....W...H.}.H..
2021-03-15T22:19:32.5399770Z 00019e60: 7409 488d 7580 e8b5 bbfe ff48 85db 480f 441d aa15 0100 b940 0200 00ba f707 0000 488d 3556 8400 0048  t.H.u......H..H.D......@........H.5V...H
2021-03-15T22:19:32.5400464Z 00019e88: 8d3d 5291 0000 4889 5db0 4883 c408 5b5d e983 b7fe ff0f 1f00 4154 b940 0200 0049 89d4 bac7 0700 0055  .=R...H.].H...[]........AT.@...I.......U
2021-03-15T22:19:32.5401144Z 00019eb0: 89f5 488d 3524 8400 0053 4889 fb48 8d3d fc90 0000 e8e7 b2fe ff0f bff5 488d 7b80 4c89 e2e8 b8b7 feff  ..H.5$...SH..H.=............H.{.L.......
2021-03-15T22:19:32.5401853Z 00019ed8: b940 0200 00ba ca07 0000 488d 35f4 8300 0041 89c4 4189 c048 8d3d ca90 0000 e875 bdfe ff44 89e0 5b5d  .@........H.5....A..A..H.=.....u...D..[]
2021-03-15T22:19:32.5402718Z 00019f00: 415c c366 662e 0f1f 8400 0000 0000 6690 4156 4189 f648 8d35 c183 0000 4155 4989 cdb9 4002 0000 4154  A\.ff.........f.AVA..H.5....AUI...@...AT
2021-03-15T22:19:32.5403434Z 00019f28: 4d89 c455 89d5 ba8e 0700 0053 4889 fb48 8d3d 1290 0000 4883 ec10 e869 b2fe ff48 8d7b 800f bfd5 4489  M..U.......SH..H.=....H....i...H.{....D.
2021-03-15T22:19:32.5404182Z 00019f50: f649 89f8 488d 0da5 fbff ffe8 e0bc feff 83f8 ff74 53e8 a6b4 feff 4c89 6bf8 41b8 0100 0000 b940 0200  .I..H..............tS.....L.k.A......@..
2021-03-15T22:19:32.5404919Z 00019f78: 0089 43e8 488b 059d 1401 00ba 9e07 0000 488d 354e 8300 004c 8963 f048 8d3d b68f 0000 4889 43b0 e8cd  ..C.H...........H.5N...L.c.H.=....H.C...
2021-03-15T22:19:32.5405655Z 00019fa0: bcfe ff48 83c4 10b8 0100 0000 5b5d 415c 415d 415e c30f 1f00 41b8 ffff ffff b940 0200 00ba 9207 0000  ...H........[]A\A]A^....A......@........
2021-03-15T22:19:32.5406327Z 00019fc8: 8944 240c 488d 350a 8300 0048 8d3d 768f 0000 e891 bcfe ff8b 4424 0c48 83c4 105b 5d41 5c41 5d41 5ec3  .D$.H.5....H.=v.........D$.H...[]A\A]A^.
2021-03-15T22:19:32.5406972Z 00019ff0: 5348 8d35 e582 0000 4889 fbb9 4002 0000 488d 3d89 8f00 00ba b707 0000 4883 ec10 e89b b1fe ff31 ff48  SH.5....H...@...H.=.........H........1.H
2021-03-15T22:19:32.5407721Z 0001a018: 8d73 80e8 00ba feff 83f8 ff74 3341 b801 0000 00b9 4002 0000 babc 0700 0048 8d35 a182 0000 488d 3d4d  .s.........t3A......@........H.5....H.=M
2021-03-15T22:19:32.5408353Z 0001a040: 8f00 00e8 28bc feff 4883 c410 b801 0000 005b c30f 1f44 0000 41b8 ffff ffff b940 0200 00ba bb07 0000  ....(...H........[...D..A......@........
2021-03-15T22:19:32.5408986Z 0001a068: 8944 240c 488d 356a 8200 0048 8d3d 168f 0000 e8f1 bbfe ff8b 4424 0c48 83c4 105b c30f 1f80 0000 0000  .D$.H.5j...H.=..........D$.H...[........
2021-03-15T22:19:32.5409785Z 0001a090: 4154 b940 0200 0049 89f4 baa8 0700 0053 488d 3536 8200 0048 89fb 488d 3dbf 8e00 0048 83ec 18e8 f6b0  AT.@...I.......SH.56...H..H.=....H......
2021-03-15T22:19:32.5410683Z 0001a0b8: feff 31c9 31ff 488d 7380 4c89 e2e8 56b8 feff 83f8 ff74 3141 b801 0000 00b9 4002 0000 baad 0700 0048  ..1.1.H.s.L...V......t1A......@........H
2021-03-15T22:19:32.5411754Z 0001a0e0: 8d35 f781 0000 488d 3d83 8e00 00e8 7ebb feff 4883 c418 b801 0000 005b 415c c390 41b8 ffff ffff b940  .5....H.=.....~...H........[A\..A......@
2021-03-15T22:19:32.5412759Z 0001a108: 0200 00ba ac07 0000 8944 240c 488d 35c2 8100 0048 8d3d 4e8e 0000 e849 bbfe ff8b 4424 0c48 83c4 185b  .........D$.H.5....H.=N....I....D$.H...[
2021-03-15T22:19:32.5413393Z 0001a130: 415c c366 662e 0f1f 8400 0000 0000 6690 4157 b940 0300 00ba f301 0000 488d 358a 8100 0041 5648 8d3d  A\.ff.........f.AW.@........H.5....AVH.=
2021-03-15T22:19:32.5414019Z 0001a158: 8491 0000 4155 4154 5553 4881 ec18 1000 0064 488b 0425 2800 0000 4889 8424 0810 0000 31c0 e82f b0fe  ....AUATUSH......dH..%(...H..$....1../..
2021-03-15T22:19:32.5414697Z 0001a180: ff48 8d15 f81c 0100 31c0 b90d 0000 0048 89d7 be30 0000 00ba 0800 0000 f348 ab31 ffe8 faaf feff 4989  .H......1......H...0.........H.1......I.
2021-03-15T22:19:32.5415426Z 0001a1a8: c448 85c0 0f84 4a06 0000 e869 b0fe ff89 05e3 1c01 00e8 ceb9 feff 31ff 8905 da1c 0100 e851 b9fe ffbe  .H....J....i..............1........Q....
2021-03-15T22:19:32.5417426Z 0001a1d0: 0200 0000 488d 3d55 4e00 0089 05c7 1c01 0031 c0e8 88b8 feff 89c5 83f8 ff0f 85e5 0500 0031 ffe8 46b2  ....H.=UN........1.................1..F.
2021-03-15T22:19:32.5418177Z 0001a1f8: feff ba00 0000 0083 f8ff 0f44 c289 05a5 1c01 00e8 60b1 feff 8905 6a1c 0100 e875 b2fe ff89 0563 1c01  ...........D........`.....j....u.....c..
2021-03-15T22:19:32.5418946Z 0001a220: 00e8 1ab5 feff 8905 5c1c 0100 e83f b6fe ff8b 3d49 1c01 0089 054f 1c01 00e8 7eb0 feff 4889 c348 85c0  ........\....?....=I.....O....~...H..H..
2021-03-15T22:19:32.5419845Z 0001a248: 0f84 050a 0000 488b 3048 8d3d 076d 0000 e803 b6fe ff49 8904 2448 85c0 0f84 9205 0000 4883 c005 488d  ......H.0H.=.m.......I..$H........H...H.
2021-03-15T22:19:32.5420500Z 0001a270: 3dd3 8000 0048 8905 3c1c 0100 e80f fcfe ff48 8905 501c 0100 4885 c074 0580 3800 7517 488b 4328 8038  =....H..<........H..P...H..t..8.u.H.C(.8
2021-03-15T22:19:32.5421321Z 0001a298: 0075 0748 8d05 7952 0000 4889 052f 1c01 0048 8b3d 281c 0100 e86b b9fe ff48 8905 1c1c 0100 4885 c00f  .u.H..yR..H../...H.=(....k...H......H...
2021-03-15T22:19:32.5421974Z 0001a2c0: 8437 0500 008b 0dd5 1b01 0031 c049 8d7c 2408 488d 1576 8000 00be 0100 0000 e8dd b2fe ff83 f8ff 0f84  .7.........1.I.|$.H..v..................
2021-03-15T22:19:32.5422612Z 0001a2e8: e205 0000 8b0d b21b 0100 31c0 498d 7c24 1048 8d15 4e80 0000 be01 0000 00e8 b6b2 feff 83c0 010f 8466  ..........1.I.|$.H..N..................f
2021-03-15T22:19:32.5423500Z 0001a310: 0600 008b 0d8f 1b01 0031 c049 8d7c 2418 488d 1531 8000 00be 0100 0000 e88f b2fe ff83 c001 0f84 4906  .........1.I.|$.H..1..................I.
2021-03-15T22:19:32.5424765Z 0001a338: 0000 8b0d 6c1b 0100 31c0 498d 7c24 2048 8d15 0880 0000 be01 0000 00e8 68b2 feff 83c0 010f 842c 0600  ....l...1.I.|$ H............h........,..
2021-03-15T22:19:32.5425436Z 0001a360: 008b 0d49 1b01 0031 c049 8d7c 2428 488d 15eb 7f00 00be 0100 0000 e841 b2fe ff83 c001 0f84 0f06 0000  ...I...1.I.|$(H............A............
2021-03-15T22:19:32.5426463Z 0001a388: 8b0d f21a 0100 31c0 498d 7c24 3048 8d15 cc7f 0000 be01 0000 00e8 1ab2 feff 83c0 010f 8465 0600 008b  ......1.I.|$0H.....................e....
2021-03-15T22:19:32.5427306Z 0001a3b0: 0dcf 1a01 0031 c049 8d7c 2438 488d 15a4 7f00 00be 0100 0000 e8f3 b1fe ff83 c001 0f84 cb05 0000 8b0d  .....1.I.|$8H...........................
2021-03-15T22:19:32.5428158Z 0001a3d8: ac1a 0100 31c0 498d 7c24 4048 8d15 867f 0000 be01 0000 00e8 ccb1 feff 83c0 010f 842f 0700 008b 0d89  ....1.I.|$@H...................../......
2021-03-15T22:19:32.5428826Z 0001a400: 1a01 0031 c049 8d7c 2448 488d 155e 7f00 00be 0100 0000 e8a5 b1fe ff83 c001 0f84 1207 0000 b940 0300  ...1.I.|$HH..^.......................@..
2021-03-15T22:19:32.5430187Z 0001a428: 00ba ab01 0000 488d 35a8 7e00 0048 8b2d 7c1a 0100 488d 3d8d 8e00 00e8 68ad feff 48c7 0545 1a01 0000  ......H.5.~..H.-|...H.=.....h...H..E....
2021-03-15T22:19:32.5431246Z 0001a450: 0000 00e8 48ac feff 89c3 83f8 020f 849d 0000 00bf 0300 0000 41bd 0000 0100 e86d b6fe ff85 c044 0f49  ....H...................A......m.....D.I
2021-03-15T22:19:32.5432214Z 0001a478: e831 f631 ffe8 0eb3 feff 8905 081a 0100 85c0 7e74 4439 e875 0583 eb01 756a 4863 f0ba 0400 0000 31ff  .1.1..............~tD9.u....ujHc......1.
2021-03-15T22:19:32.5433009Z 0001a4a0: e8fb acfe ff48 8905 ec19 0100 4889 c648 85c0 0f84 1007 0000 8b3d d219 0100 e8cd b2fe ff85 c00f 8853  .....H......H..H.........=.............S
2021-03-15T22:19:32.5433769Z 0001a4c8: 0500 008b 05bf 1901 0041 56b9 4603 0000 4c8d 0df1 8d00 004c 8d05 1284 0000 bac3 0100 0048 8d35 eb7d  .........AV.F...L......L...........H.5.}
2021-03-15T22:19:32.5435006Z 0001a4f0: 0000 4c89 cf50 31c0 e893 b3fe ff41 5f58 4883 3d90 1901 0000 0f84 5a05 0000 448b 2d7b 1901 0041 6bdd  ..L..P1......A_XH.=.......Z...D.-{...Ak.
2021-03-15T22:19:32.5435746Z 0001a518: 0b48 63db 4883 c307 4889 dfe8 78b2 feff 4889 c548 85c0 0f84 9406 0000 488d 351e 8000 00b9 0700 0000  .Hc.H...H...x...H..H........H.5.........
2021-03-15T22:19:32.5436508Z 0001a540: 4889 c7f3 a449 89fe 4585 ed0f 8e99 0000 0048 8b05 4019 0100 4531 ff4c 8d0d b190 0000 8b10 eb2c 662e  H....I..E........H..@...E1.L.........,f.
2021-03-15T22:19:32.5437578Z 0001a568: 0f1f 8400 0000 0000 488b 1521 1901 0049 63c7 4585 ff4c 8d0d 8f90 0000 8b14 8248 8d05 9968 0000 4c0f  ........H..!...Ic.E..L.........H...h..L.
2021-03-15T22:19:32.5438309Z 0001a590: 45c8 4883 ec08 4c89 f049 89dd 5248 29e8 4c8d 05d0 7d00 00ba 0100 0000 4929 c548 c7c1 ffff ffff 4c89  E.H...L..I..RH).L...}.......I).H......L.
2021-03-15T22:19:32.5439679Z 0001a5b8: f731 c04c 89ee e89d aafe ff41 5841 5985 c00f 882d 0600 0048 9849 39c5 0f86 2206 0000 4901 c641 83c7  .1.L.......AXAY....-...H.I9..."...I..A..
2021-03-15T22:19:32.5440378Z 0001a5e0: 0144 3b3d a818 0100 7c86 4989 e8b9 4003 0000 bae3 0100 00bb 0b00 0000 488d 35da 7c00 0048 8d3d c68c  .D;=....|.I...@.............H.5.|..H.=..
2021-03-15T22:19:32.5441082Z 0001a608: 0000 e861 abfe ff49 896c 2450 31ff e855 b0fe ff41 89c5 89c7 e84b b0fe ff31 c049 8d7c 2458 4489 e948  ...a...I.l$P1..U...A.....K...1.I.|$XD..H
2021-03-15T22:19:32.5441823Z 0001a630: 8d15 6f7d 0000 be01 0000 00e8 80af feff 83c0 010f 848f 0200 0049 89e5 be00 1000 004c 89ef e867 aefe  ..o}.....................I.......L...g..
2021-03-15T22:19:32.5442531Z 0001a658: ff48 85c0 0f84 de04 0000 4c89 ee48 8d3d 0d6a 0000 e8ef b1fe ff49 8944 2460 4885 c00f 8473 0500 0048  .H........L..H.=.j.......I.D$`H....s...H
2021-03-15T22:19:32.5443187Z 0001a680: 83c0 04bd 0c00 0000 4889 0531 1801 00be 0010 0000 4c89 efe8 143c 0000 4885 c00f 8406 0300 008d 5d01  ........H..1........L....<..H.........].
2021-03-15T22:19:32.5443967Z 0001a6a8: 4c89 ee48 8d3d de7c 0000 e8a9 b1fe ff89 da49 8904 d448 85c0 0f84 1202 0000 4883 c004 89dd 4889 05f5  L..H.=.|.........I...H........H.....H...
2021-03-15T22:19:32.5444706Z 0001a6d0: 1701 00e8 28b5 feff 488d 3558 7c00 0048 8d3d 7d69 0000 4885 c049 89c5 480f 45f0 8d45 014d 8d34 c448  ....(...H.5X|..H.=}i..H..I..H.E..E.M.4.H
2021-03-15T22:19:32.5445468Z 0001a6f8: 89c3 e861 b1fe ff4c 89ef 4989 06e8 66a9 feff 498b 0648 85c0 0f84 c201 0000 488d 35c7 1701 0048 83c0  ...a...L..I...f...I..H........H.5....H..
2021-03-15T22:19:32.5446221Z 0001a720: 0548 8d7e fc48 8905 a417 0100 e80f b4fe ff8d 4502 8b0d a617 0100 488d 1553 7c00 0049 8d3c c448 89c3  .H.~.H............E.......H..S|..I.<.H..
2021-03-15T22:19:32.5446982Z 0001a748: be01 0000 0031 c0e8 6cae feff 83c0 010f 847b 0100 008d 4503 8b0d 7e17 0100 be01 0000 0048 8d15 2b7c  .....1..l........{....E...~........H..+|
2021-03-15T22:19:32.5447626Z 0001a770: 0000 498d 3cc4 4889 c331 c0e8 40ae feff 83c0 010f 844f 0100 008d 4504 be30 0000 0048 29c6 498d 3cc4  ..I.<.H..1..@........O....E..0...H).I.<.
2021-03-15T22:19:32.5448286Z 0001a798: 4889 c5e8 d09d ffff 83f8 ff0f 842f 0100 0001 e84d 89e0 b940 0300 00ba 7602 0000 49c7 04c4 0000 0000  H............/.....M...@....v...I.......
2021-03-15T22:19:32.5449283Z 0001a7c0: 488d 3516 7b00 0048 8d3d 128b 0000 e82d aefe ffe9 ca00 0000 89c7 e871 affe ffba 0000 0000 89ef 83f8  H.5.{..H.=.....-...........q............
2021-03-15T22:19:32.5450034Z 0001a7e8: ff0f 44c2 8905 ba16 0100 e8f9 acfe ffe9 f7f9 ffff 488d 3501 4800 0031 ffe8 76a8 feff 488d 3530 4b00  ..D.................H.5.H..1..v...H.50K.
2021-03-15T22:19:32.5450834Z 0001a810: 0031 ff48 89c3 e865 a8fe ffb9 6303 0000 4c8d 0db9 8a00 00ba 7802 0000 4989 c050 4c89 cf48 8d35 a37a  .1.H...e....c...L.......x...I..PL..H.5.z
2021-03-15T22:19:32.5451675Z 0001a838: 0000 5331 c0e8 4eb0 feff 488d 35bb 4700 0031 ffe8 30a8 feff 488d 35ea 4a00 0031 ff49 89c5 e81f a8fe  ..S1..N...H.5.G..1..0...H.5.J..1.I......
2021-03-15T22:19:32.5452541Z 0001a860: ff4c 89ea 488d 3575 8a00 0048 89c7 31c0 e8eb a9fe ff5a 594c 89e7 4531 e4e8 eea7 feff 4531 c0b9 4003  .L..H.5u...H..1......ZYL..E1......E1..@.
2021-03-15T22:19:32.5453396Z 0001a888: 0000 ba7d 0200 0048 8d35 477a 0000 488d 3d43 8a00 00e8 5ead feff 488b 8424 0810 0000 6448 2b04 2528  ...}...H.5Gz..H.=C....^...H..$....dH+.%(
2021-03-15T22:19:32.5454016Z 0001a8b0: 0000 000f 8595 0300 0048 81c4 1810 0000 4c89 e05b 5d41 5c41 5d41 5e41 5fc3 bb01 0000 000f 1f44 0000  .........H......L..[]A\A]A^A_........D..
2021-03-15T22:19:32.5454718Z 0001a8d8: 488d 3525 4700 0031 ffe8 9aa7 feff 488d 3554 4a00 0031 ff48 89c5 e889 a7fe ff48 83ec 08b9 6303 0000  H.5%G..1......H.5TJ..1.H.......H....c...
2021-03-15T22:19:32.5455529Z 0001a900: 4c8d 0dd9 8900 0055 4989 c04c 89cf ba78 0200 0048 8d35 c379 0000 31c0 e86f affe ff48 8d35 dc46 0000  L......UI..L...x...H.5.y..1..o...H.5.F..
2021-03-15T22:19:32.5456325Z 0001a928: 31ff e851 a7fe ff48 8d35 0b4a 0000 31ff 4989 c5e8 40a7 feff 488d 3599 8900 004c 89ea 4889 c731 c0e8  1..Q...H.5.J..1.I...@...H.5....L..H..1..
2021-03-15T22:19:32.5457077Z 0001a950: 0ca9 feff 8d43 ff5e 5f49 8d1c c40f 1f00 488b 3be8 08a7 feff 4889 d848 83eb 084c 39e0 75ec e9fe feff  .....C.^_I......H.;.....H..H...L9.u.....
2021-03-15T22:19:32.5457852Z 0001a978: ffbb 0200 0000 e955 ffff ffbb 0300 0000 e94b ffff ffbb 0400 0000 e941 ffff ffbb 0500 0000 e937 ffff  .......U.........K.........A.........7..
2021-03-15T22:19:32.5458898Z 0001a9a0: ffbb 0700 0000 e92d ffff ffe8 50a7 feff 8338 020f 841a fdff ff31 ff48 8d35 ba79 0000 e8b9 a6fe ffb9  .......-....P....8.......1.H.5.y........
2021-03-15T22:19:32.5459815Z 0001a9c8: 7303 0000 4c8d 058c 7700 00ba 5b02 0000 4989 c148 8d35 fb78 0000 31c0 488d 3df5 8800 00e8 a0ae feff  s...L...w...[...I..H.5.x..1.H.=.........
2021-03-15T22:19:32.5460832Z 0001a9f0: 31ff 488d 3583 7900 00e8 82a6 feff 488d 3d5a 7700 0048 89c6 31c0 e8a1 b0fe ffe9 bffc ffff bb06 0000  1.H.5.y.......H.=Zw..H..1...............
2021-03-15T22:19:32.5461560Z 0001aa18: 00e9 bafe ffff 508b 056b 1401 004c 8d0d a488 0000 babd 0100 004c 89cf 4c8d 058d 7e00 00b9 5203 0000  ......P..k...L...........L..L...~...R...
2021-03-15T22:19:32.5462419Z 0001aa40: 5048 8d35 9578 0000 31c0 e841 aefe ff48 8b3d 4214 0100 e815 a6fe ff58 5a48 c705 3014 0100 0000 0000  PH.5.x..1..A...H.=B........XZH..0.......
2021-03-15T22:19:32.5463644Z 0001aa68: b940 0300 00ba 8501 0000 488d 3564 7800 0048 8d3d 4088 0000 e82b a7fe ffe8 46b2 feff 8905 0014 0100  .@........H.5dx..H.=@....+....F.........
2021-03-15T22:19:32.5464701Z 0001aa90: 85c0 0f8e b200 0000 4863 f0ba 0400 0000 31ff e8f9 a6fe ff48 8905 ea13 0100 4885 c00f 84c2 0000 0048  ........Hc......1......H......H........H
2021-03-15T22:19:32.5465702Z 0001aab8: 8d0d d213 0100 8b35 c413 0100 4889 ef31 db48 8d51 08e8 aeab feff 8b05 b813 0100 b946 0300 00ba 9e01  .......5....H..1.H.Q.............F......
2021-03-15T22:19:32.5466448Z 0001aae0: 0000 4c8d 0dd7 8700 004c 89cf 4c8d 0565 7e00 0048 8d35 e377 0000 5031 c055 e88d adfe ff41 89d8 b940  ..L......L..L..e~..H.5.w..P1.U.....A...@
2021-03-15T22:19:32.5467197Z 0001ab08: 0300 00ba a201 0000 488d 35c6 7700 0048 8d3d a287 0000 e84d b1fe ff41 5a41 5be9 e2f9 ffff bb08 0000  ........H.5.w..H.=.....M...AZA[.........
2021-03-15T22:19:32.5468213Z 0001ab30: 00e9 a2fd ffff bb09 0000 00e9 98fd ffff bd0b 0000 00e9 45fb ffff 488d 0d3f 1301 0048 89ef 8b35 2e13  ......................E...H..?...H...5..
2021-03-15T22:19:32.5469074Z 0001ab58: 0100 48c7 0533 1301 0000 0000 0048 8d51 08e8 12ab feff 89c3 83f8 ff0f 8559 ffff ff53 4c8d 0d3f 8700  ..H..3.......H.Q.............Y...SL..?..
2021-03-15T22:19:32.5469758Z 0001ab80: 00b9 5203 0000 31c0 554c 89cf 4c8d 058d 7d00 00ba 9a01 0000 488d 353e 7700 00e8 ecac feff 4183 c8ff  ..R...1.UL..L...}.......H.5>w.......A...
2021-03-15T22:19:32.5470581Z 0001aba8: b940 0300 00ba a201 0000 488d 3524 7700 0048 8d3d 0087 0000 e8ab b0fe ff5d 415d 4531 c0b9 4003 0000  .@........H.5$w..H.=.........]A]E1..@...
2021-03-15T22:19:32.5471254Z 0001abd0: bae3 0100 00bb 0900 0000 488d 35fc 7600 0048 8d3d e886 0000 e883 a5fe ffe9 e6fc ffff bb0c 0000 00e9  ..........H.5.v..H.=....................
2021-03-15T22:19:32.5471996Z 0001abf8: dcfc ffff 488d 35aa 6100 0031 ffe8 76a4 feff b962 0300 004c 8d0d ba86 0000 badf 0100 0049 89c0 4c89  ....H.5.a..1..v....b...L...........I..L.
2021-03-15T22:19:32.5472828Z 0001ac20: cf48 8d35 b576 0000 31c0 e861 acfe ff48 8d35 7761 0000 31ff e843 a4fe ff48 8d35 8c86 0000 4889 c731  .H.5.v..1..a...H.5wa..1..C...H.5....H..1
2021-03-15T22:19:32.5473614Z 0001ac48: c0e8 d2a8 feff e80d a7fe ff48 8d35 467c 0000 31ff e81f a4fe ffb9 6203 0000 4c8d 0dd4 7600 00ba 2202  ...........H.5F|..1.......b...L...v...".
2021-03-15T22:19:32.5474342Z 0001ac70: 0000 4989 c048 8d35 6176 0000 488d 3d5d 8600 0031 c0e8 06ac feff 488d 350f 7c00 0031 ffe8 e8a3 feff  ..I..H.5av..H.=]...1......H.5.|..1......
2021-03-15T22:19:32.5475029Z 0001ac98: 488d 35a2 7600 0048 89c7 31c0 e877 a8fe ff0f 1f80 0000 0000 4154 b940 0200 00ba e405 0000 5548 89f5  H.5.v..H..1..w..........AT.@........UH..
2021-03-15T22:19:32.5475723Z 0001acc0: 488d 3516 7600 0053 4889 fb48 8d3d c685 0000 e8d9 a4fe ff48 8b45 4081 7804 0100 0100 7644 8b10 83fa  H.5.v..SH..H.=.........H.E@.x.....vD....
2021-03-15T22:19:32.5476741Z 0001ace8: 020f 8449 0100 0083 fa03 0f85 0801 0000 4c8b 6040 4d85 e474 278b 7d38 e827 a9fe ffbf 0000 0100 488d  ...I............L.`@M..t'.}8.'........H.
2021-03-15T22:19:32.5477434Z 0001ad10: 35cb 8dff ff41 ffd4 8b3d 02f4 0000 e80d a9fe ff0f 1f44 0000 488b 4500 488b 5508 4885 c00f 84b7 0000  5....A...=...........D..H.E.H.U.H.......
2021-03-15T22:19:32.5478136Z 0001ad38: 0048 8950 0848 8902 b980 0200 00ba 2c08 0000 488d 358c 7500 0048 8d3d 2885 0000 e853 a4fe ff48 8b7d  .H.P.H........,...H.5.u..H.=(....S...H.}
2021-03-15T22:19:32.5478851Z 0001ad60: 20e8 0aa3 feff 488b 7d18 e801 a3fe ff4c 8b45 284d 85c0 7430 498b 3848 85ff 7420 31db 660f 1f44 0000   .....H.}......L.E(M..t0I.8H..t 1.f..D..
2021-03-15T22:19:32.5479600Z 0001ad88: e8e3 a2fe ff83 c301 4c8b 4528 4863 c349 8b3c c048 85ff 75e8 4c89 c7e8 c8a2 feff 4889 efe8 c0a2 feff  ........L.E(Hc.I.<.H..u.L.......H.......
2021-03-15T22:19:32.5480446Z 0001adb0: b980 0200 00ba 3908 0000 488d 351c 7500 0048 8d3d b884 0000 e853 a8fe ff5b b940 0200 005d ba00 0600  ......9...H.5.u..H.=.....S...[.@...]....
2021-03-15T22:19:32.5481134Z 0001add8: 0048 8d35 fd74 0000 488d 3db1 8400 0041 5ce9 32a8 feff 6690 4889 5308 e944 ffff ff0f 1f80 0000 0000  .H.5.t..H.=....A\.2...f.H.S..D..........
2021-03-15T22:19:32.5481851Z 0001ae00: 4883 ec08 4c8d 0d8d 8400 0031 c0b9 4202 0000 524c 8d05 6e7b 0000 baf0 0500 004c 89cf 488d 35b4 7400  H...L......1..B...RL..n{.......L..H.5.t.
2021-03-15T22:19:32.5482599Z 0001ae28: 00e8 62aa feff 585a e9f3 feff ff0f 1f00 4c8b 6050 e9bb feff ff66 662e 0f1f 8400 0000 0000 0f1f 4000  ..b...XZ........L.`P.....ff...........@.
2021-03-15T22:19:32.5483666Z 0001ae50: 4157 4d89 cf41 564d 89c6 4155 4189 cdb9 4002 0000 4154 4989 f448 8d35 6d74 0000 5548 89fd 488d 3d35  AWM..AVM..AUA...@...ATI..H.5mt..UH..H.=5
2021-03-15T22:19:32.5484353Z 0001ae78: 8300 0053 4889 d3ba eb06 0000 4883 ec18 6448 8b04 2528 0000 0048 8944 2408 31c0 48c7 0424 0000 0000  ...SH.......H...dH..%(...H.D$.1.H..$....
2021-03-15T22:19:32.5485049Z 0001aea0: e80b a3fe ff4c 89e6 4889 efe8 a0e2 ffff 4885 c00f 8420 0100 00bf ffff ffff 4989 c4e8 6aa7 feff 4889  .....L..H.......H.... ........I...j...H.
2021-03-15T22:19:32.5485794Z 0001aec8: e248 8b45 404c 89e1 52bf 1100 0100 488d 1553 d9fe ff45 89e9 ff75 2848 8d35 16d5 feff 4989 d841 5741  .H.E@L..R.....H..S...E...u(H.5....I..AWA
2021-03-15T22:19:32.5486502Z 0001aef0: 56ff 5008 4189 c448 83c4 20e8 10a5 feff 8b3d 1af2 0000 8945 38e8 22a7 feff 4585 e40f 84a9 0000 0041  V.P.A..H.. ......=.....E8."...E........A
2021-03-15T22:19:32.5487160Z 0001af18: 83fc 0175 4645 89e0 b940 0200 00ba 0b07 0000 488d 35ac 7300 0048 8d3d 7882 0000 e833 adfe ff48 8b44  ...uFE...@........H.5.s..H.=x....3...H.D
2021-03-15T22:19:32.5487788Z 0001af40: 2408 6448 2b04 2528 0000 000f 8501 0100 0048 83c4 1844 89e0 5b5d 415c 415d 415e 415f c341 83fc fe74  $.dH+.%(.........H...D..[]A\A]A^A_.A...t
2021-03-15T22:19:32.5488432Z 0001af68: 6b48 8b5d 1848 8d35 347a 0000 31ff e805 a1fe ffb9 6202 0000 ba07 0700 0048 8d35 5173 0000 4989 c049  kH.].H.54z..1.......b........H.5Qs..I..I
2021-03-15T22:19:32.5489168Z 0001af90: 89d9 488d 3d17 8200 0031 c0e8 f0a8 feff 488b 6d18 488d 35fd 7900 0031 ffe8 cea0 feff 4889 c748 89ee  ..H.=....1......H.m.H.5.y..1......H..H..
2021-03-15T22:19:32.5489918Z 0001afb8: 31c0 e861 a5fe ff90 4889 ee48 8d3d 66f1 0000 e8e1 fcff ffe9 49ff ffff e8f7 b8ff ff48 8d35 2440 0000  1..a....H..H.=f.........I........H.5$@..
2021-03-15T22:19:32.5490688Z 0001afe0: 31ff e899 a0fe ff48 8d35 5343 0000 31ff 4889 c3e8 88a0 feff baf0 0600 004c 8d0d ac81 0000 b962 0200  1......H.5SC..1.H............L.......b..
2021-03-15T22:19:32.5491460Z 0001b008: 0049 89c0 504c 89cf 488d 35c6 7200 0053 31c0 e871 a8fe ff48 8d35 de3f 0000 31ff e853 a0fe ff48 8d35  .I..PL..H.5.r..S1..q...H.5.?..1..S...H.5
2021-03-15T22:19:32.5492279Z 0001b030: 0d43 0000 31ff 4989 c4e8 42a0 feff 4c89 e248 8d35 6881 0000 4889 c731 c0e8 cea4 feff e809 a3fe ff66  .C..1.I...B...L..H.5h...H..1...........f
2021-03-15T22:19:32.5492984Z 0001b058: 0f1f 8400 0000 0000 31c0 c366 662e 0f1f 8400 0000 0000 6690 4154 b940 0100 00ba a603 0000 488d 355a  ........1..ff.........f.AT.@........H.5Z
2021-03-15T22:19:32.5493613Z 0001b080: 7200 0055 5348 89fb 488d 3d21 8000 00e8 1ca1 feff 8b43 3089 c583 e510 7507 8b7b 1085 ff79 4ba8 0875  r..USH..H.=!.........C0.....u..{...yK..u
2021-03-15T22:19:32.5494257Z 0001b0a8: 67bd 0100 0000 41bc 0100 0000 a804 7576 25ff fffd ff41 89e8 b940 0100 00ba c003 0000 8943 3048 8d35  g.....A.......uv%....A...@.........C0H.5
2021-03-15T22:19:32.5494882Z 0001b0d0: 0972 0000 488d 3dd5 7f00 00e8 c0a8 feff 4489 e05b 5d41 5cc3 0f1f 8400 0000 0000 488b 7318 e897 a9fe  .r..H.=.........D..[]A\.........H.s.....
2021-03-15T22:19:32.5495537Z 0001b0f8: ff85 c00f 88f7 0000 008b 4330 a808 74a1 0f1f 8400 0000 0000 8b7b 0ce8 a8ab feff 85c0 752c 8b43 30bd  ..........C0..t..........{........u,.C0.
2021-03-15T22:19:32.5496948Z 0001b120: 0100 0000 41bc 0100 0000 a804 748a 8b7b 08e8 caa8 feff 85c0 7576 8b43 30e9 76ff ffff 660f 1f44 0000  ....A.......t..{........uv.C0.v...f..D..
2021-03-15T22:19:32.5498411Z 0001b148: 8b6b 0c48 8d35 a678 0000 31ff e827 9ffe ffb9 7301 0000 488d 3578 7100 00ba b203 0000 4989 c041 89e9  .k.H.5.x..1..'....s...H.5xq.......I..A..
2021-03-15T22:19:32.5499251Z 0001b170: 488d 3d39 7f00 0031 c0e8 12a7 feff 8b6b 0c48 8d35 7078 0000 31ff 4531 e4e8 ee9e feff 89ee 31ed 4889  H.=9...1.......k.H.5px..1.E1........1.H.
2021-03-15T22:19:32.5500340Z 0001b198: c731 c0e8 10a9 feff 8b43 30e9 10ff ffff 0f1f 8400 0000 0000 8b6b 0848 8d35 6e78 0000 31ff e8bf 9efe  .1.......C0..............k.H.5nx..1.....
2021-03-15T22:19:32.5501322Z 0001b1c0: ffb9 7301 0000 488d 3510 7100 00ba b803 0000 4989 c041 89e9 488d 3dd1 7e00 0031 c0e8 aaa6 feff 8b6b  ..s...H.5.q.......I..A..H.=.~..1.......k
2021-03-15T22:19:32.5502085Z 0001b1e8: 0848 8d35 3878 0000 eb96 660f 1f44 0000 488d 35d1 7700 0031 ff45 31e4 e877 9efe ffb9 7301 0000 4c8d  .H.58x....f..D..H.5.w..1.E1..w....s...L.
2021-03-15T22:19:32.5502820Z 0001b210: 054a 6f00 00ba ab03 0000 4989 c148 8d35 b970 0000 488d 3d85 7e00 0031 c0e8 5ea6 feff 488d 3597 7700  .Jo.......I..H.5.p..H.=.~..1..^...H.5.w.
2021-03-15T22:19:32.5503623Z 0001b238: 0031 ffe8 409e feff 488d 3d18 6f00 0048 89c6 31c0 e85f a8fe ff8b 4330 e95f feff ff0f 1f80 0000 0000  .1..@...H.=.o..H..1.._....C0._..........
2021-03-15T22:19:32.5504284Z 0001b260: 4154 b940 0100 00ba cc03 0000 488d 356a 7000 0055 4889 fd48 8d3d 1a7e 0000 4883 ec18 6448 8b04 2528  AT.@........H.5jp..UH..H.=.~..H...dH..%(
2021-03-15T22:19:32.5504942Z 0001b288: 0000 0048 8944 2408 31c0 e819 9ffe ff48 89ef 4889 e648 c704 2400 0000 00e8 66f7 feff 8b2c 2483 fd01  ...H.D$.1......H..H..H..$.....f....,$...
2021-03-15T22:19:32.5505585Z 0001b2b0: 0f84 9a00 0000 83fd 020f 84c1 0000 0048 8d35 8a77 0000 31ff 41bc 0001 0000 e8ad 9dfe ff41 89e9 b963  ...............H.5.w..1.A..........A...c
2021-03-15T22:19:32.5506245Z 0001b2d8: 0100 00ba e303 0000 4989 c048 8d35 f36f 0000 488d 3da7 7d00 0031 c0e8 98a5 feff 8b2c 2448 8d35 4e77  ........I..H.5.o..H.=.}..1.......,$H.5Nw
2021-03-15T22:19:32.5506921Z 0001b300: 0000 31ff e877 9dfe ff48 89c7 89ee 31c0 e84b 9ffe ff45 89e0 b940 0100 00ba e603 0000 488d 35b4 6f00  ..1..w...H....1..K...E...@........H.5.o.
2021-03-15T22:19:32.5507591Z 0001b328: 0048 8d3d 687d 0000 e83b a9fe ff48 8b44 2408 6448 2b04 2528 0000 0075 6748 83c4 1844 89e0 5d41 5cc3  .H.=h}...;...H.D$.dH+.%(...ugH...D..]A\.
2021-03-15T22:19:32.5508225Z 0001b350: 8b74 2404 31ff 41bc 0001 0000 e8af e6ff ff8b 7424 0431 ffe8 34e0 ffff 8b74 2404 bf02 0000 00e8 b6e1  .t$.1.A...........t$.1..4....t$.........
2021-03-15T22:19:32.5508908Z 0001b378: ffff eb99 0f1f 4000 448b 6424 0431 f644 89e7 e881 e6ff ff31 f644 89e7 e807 e0ff ff8b 7424 04bf 0100  ......@.D.d$.1.D.......1.D........t$....
2021-03-15T22:19:32.5509593Z 0001b3a0: 0000 e889 e1ff ffe9 69ff ffff e8af 9ffe ff66 662e 0f1f 8400 0000 0000 0f1f 4000 4154 b940 0200 00ba  ........i........ff...........@.AT.@....
2021-03-15T22:19:32.5510247Z 0001b3c8: 2c05 0000 488d 350a 6f00 0053 4889 fb48 8d3d 927c 0000 4883 ec28 6448 8b04 2528 0000 0048 8944 2418  ,...H.5.o..SH..H.=.|..H..(dH..%(...H.D$.
2021-03-15T22:19:32.5510847Z 0001b3f0: 31c0 48c7 4424 1000 0000 00e8 b09d feff 8b43 30a9 0000 0200 0f85 da00 0000 a880 0f85 e900 0000 488b  1.H.D$...........C0...................H.
2021-03-15T22:19:32.5511802Z 0001b418: 0523 0b01 0048 8378 4000 747c 8b3d 0e0b 0100 e801 a2fe ff48 8b0d 0a0b 0100 8b41 042d 0000 0100 83f8  .#...H.x@.t|.=.........H.......A.-......
2021-03-15T22:19:32.5512433Z 0001b440: 010f 86c9 0000 0048 8b7b 5048 8d54 2410 488d b3a8 0000 00ff 5140 4189 c48b 3dbd ec00 00e8 c8a1 feff  .......H.{PH.T$.H.......Q@A...=.........
2021-03-15T22:19:32.5513088Z 0001b468: 4183 fc01 7432 488b 4c24 104c 8b83 b800 0000 4885 c90f 849d 0000 0048 8b35 8e0a 0100 ba01 0000 0031  A...t2H.L$.L......H........H.5.........1
2021-03-15T22:19:32.5513719Z 0001b490: ffe8 2ae1 ffff eb0e 0f1f 8400 0000 0000 41bc 0100 0000 4589 e0b9 4002 0000 ba53 0500 0048 8d35 236e  ..*.............A.....E...@....S...H.5#n
2021-03-15T22:19:32.5514362Z 0001b4b8: 0000 488d 3daf 7b00 00e8 aaa7 feff 488b 4424 1864 482b 0425 2800 0000 756f 4883 c428 4489 e05b 415c  ..H.=.{.......H.D$.dH+.%(...uoH..(D..[A\
2021-03-15T22:19:32.5515129Z 0001b4e0: c30f 1f80 0000 0000 4889 dfe8 80fb ffff 84c0 74ac 8b43 30a8 800f 8417 ffff ff8b 7b20 e869 a1fe ffe9  ........H.........t..C0.........{ .i....
2021-03-15T22:19:32.5515856Z 0001b508: 0aff ffff 0f1f 4000 488b 7b50 ff51 4041 89c4 e93e ffff ff90 ba05 0000 0048 8d35 836e 0000 31ff 4c89  ......@.H.{P.Q@A...>.........H.5.n..1.L.
2021-03-15T22:19:32.5516540Z 0001b530: 4424 08e8 c89d feff 4c8b 4424 0848 89c1 e93e ffff ffe8 169e feff 660f 1f44 0000 4157 4156 4155 4989  D$......L.D$.H...>........f..D..AWAVAUI.
2021-03-15T22:19:32.5517340Z 0001b558: d5ba bf06 0000 4154 4189 f448 8d35 736d 0000 5548 89fd 488d 3de3 7a00 0053 4889 cbb9 4002 0000 4883  ......ATA..H.5sm..UH..H.=.z..SH...@...H.
2021-03-15T22:19:32.5517975Z 0001b580: ec38 6448 8b04 2528 0000 0048 8944 2428 31c0 48c7 4424 2000 0000 00e8 109c feff 4c8b 3d99 eb00 004d  .8dH..%(...H.D$(1.H.D$ .........L.=....M
2021-03-15T22:19:32.5518561Z 0001b5a8: 85ff 0f84 7301 0000 488d 4424 2048 8904 240f 1f80 0000 0000 498b 4740 4883 7820 000f 8448 0100 0041  ....s...H.D$ H..$.......I.G@H.x ...H...A
2021-03-15T22:19:32.5519205Z 0001b5d0: 8b7f 38e8 58a0 feff 498b 4740 4889 ef4c 8b04 2448 89d9 4c89 ea44 89e6 ff50 208b 3d2b eb00 0041 89c6  ..8.X...I.G@H..L..$H..L..D...P .=+...A..
2021-03-15T22:19:32.5519937Z 0001b5f8: e833 a0fe ff41 83fe 010f 8410 0100 0041 564c 8d0d 487a 0000 b942 0200 0031 c041 ff77 18ba ca06 0000  .3...A.........AVL..Hz...B...1.A.w......
2021-03-15T22:19:32.5520713Z 0001b620: 4c89 cf48 8d35 b36c 0000 4c8d 054f 7400 00e8 5aa2 feff 488b 5424 3059 488d 0dde 6c00 005e 4885 d20f  L..H.5.l..L..Ot...Z...H.T$0YH...l..^H...
2021-03-15T22:19:32.5521925Z 0001b648: 8423 0100 004d 8b4f 1848 8d35 5074 0000 31ff 4889 4c24 1848 8954 2410 4c89 4c24 08e8 129a feff 488b  .#...M.O.H.5Pt..1.H.L$.H.T$.L.L$......H.
2021-03-15T22:19:32.5522995Z 0001b670: 5424 1048 8d35 636c 0000 488d 3dd7 7900 0049 89c0 31c0 5248 8b4c 2420 bacd 0600 0051 4c8b 4c24 18b9  T$.H.5cl..H.=.y..I..1.RH.L$ .....QL.L$..
2021-03-15T22:19:32.5524084Z 0001b698: 6302 0000 e8ef a1fe ff48 8b4c 2430 585a 488d 1572 6c00 0048 85c9 0f84 a800 0000 4d8b 4718 488d 35e5  c........H.L$0XZH..rl..H........M.G.H.5.
2021-03-15T22:19:32.5524857Z 0001b6c0: 7300 0031 ff48 8954 2418 4889 4c24 104c 8944 2408 e8a7 99fe ff4c 8b44 2408 488b 4c24 1048 8b54 2418  s..1.H.T$.H.L$.L.D$......L.D$.H.L$.H.T$.
2021-03-15T22:19:32.5525946Z 0001b6e8: 4889 c731 c04c 89c6 e86b 9bfe ff48 8b4c 2420 4885 c90f 847d 0000 0049 8b77 1849 89d8 ba03 0000 004c  H..1.L...k...H.L$ H....}...I.w.I.......L
2021-03-15T22:19:32.5526727Z 0001b710: 89ff e8a9 deff ff4d 8b3f 4d85 ff0f 859d feff ffb9 4002 0000 bad6 0600 0048 8d35 a96b 0000 488d 3d1d  .......M.?M.........@........H.5.k..H.=.
2021-03-15T22:19:32.5527894Z 0001b738: 7900 00e8 e09e feff 488b 4424 2864 482b 0425 2800 0000 754b 4883 c438 5b5d 415c 415d 415e 415f c390  y.......H.D$(dH+.%(...uKH..8[]A\A]A^A_..
2021-03-15T22:19:32.5529376Z 0001b760: 488d 0dac 7e00 0048 89ca e949 ffff ff90 488d 159c 7e00 0048 89d1 e9ce feff ff90 ba05 0000 0048 8d35  H...~..H...I....H...~..H.............H.5
2021-03-15T22:19:32.5530558Z 0001b788: 986b 0000 31ff e86d 9bfe ff48 89c1 e968 ffff ffe8 c09b feff 4989 c848 89d1 89f2 4889 fe31 ffe9 0ede  .k..1..m...H...h........I..H....H..1....
2021-03-15T22:19:32.5531905Z 0001b7b0: ffff 6666 2e0f 1f84 0000 0000 000f 1f00 4154 b940 0200 00ba 1108 0000 488d 350a 6b00 0048 8d3d 6678  ..ff............AT.@........H.5.k..H.=fx
2021-03-15T22:19:32.5533135Z 0001b7d8: 0000 e8d1 99fe ffbf c000 0000 e8b7 9ffe ff49 89c4 4885 c00f 849f 0000 0048 8d05 14e7 ffff 4c89 e7b9  .................I..H........H......L...
2021-03-15T22:19:32.5533818Z 0001b800: 0d00 0000 41c7 4424 68ff ffff ff49 83ec 8049 8904 2448 8d05 74e8 ffff ba26 0800 0049 8944 2408 488d  ....A.D$h....I...I..$H..t....&...I.D$.H.
2021-03-15T22:19:32.5534461Z 0001b828: 05c3 e7ff ff48 8d35 a96a 0000 4989 4424 1048 8d05 10d6 ffff 4989 4424 2048 8d05 54e6 ffff 4989 4424  .....H.5.j..I.D$.H......I.D$ H..T...I.D$
2021-03-15T22:19:32.5535403Z 0001b850: 1848 8d05 d8e5 ffff 4989 4424 2848 8d05 7ce5 ffff 4989 4424 3048 8d05 20e5 ffff 4989 4424 3831 c04d  .H......I.D$(H..|...I.D$0H.. ...I.D$81.M
2021-03-15T22:19:32.5536084Z 0001b878: 89e0 f348 abb9 4002 0000 488d 3db7 7700 00e8 729d feff 4c89 e041 5cc3 4531 c0b9 4002 0000 ba14 0800  ...H..@...H.=.w...r...L..A\.E1..@.......
2021-03-15T22:19:32.5536782Z 0001b8a0: 0048 8d35 356a 0000 488d 3d91 7700 00e8 4c9d feff ebd8 662e 0f1f 8400 0000 0000 b801 0000 00c3 662e  .H.55j..H.=.w...L.....f...............f.
2021-03-15T22:19:32.5537472Z 0001b8c8: 0f1f 8400 0000 0000 4157 b9c0 0000 00ba 7c02 0000 488d 3534 7a00 0041 5641 5541 5455 5348 89fb 488d  ........AW......|...H.54z..AVAUATUSH..H.
2021-03-15T22:19:32.5538212Z 0001b8f0: 3d53 7c00 0048 81ec d801 0000 6448 8b04 2528 0000 0048 8984 24c8 0100 0031 c0e8 9c98 feff 4531 c9b9  =S|..H......dH..%(...H..$....1......E1..
2021-03-15T22:19:32.5538855Z 0001b918: e600 0000 31c0 4c8d 0500 7a00 00ba 8202 0000 488d 35e6 7900 0048 8d3d 107c 0000 e853 9ffe ff31 ffe8  ....1.L...z.......H.5.y..H.=.|...S...1..
2021-03-15T22:19:32.5539781Z 0001b940: cca2 feff 8944 2448 85c0 0f85 5012 0000 488d 05d9 7900 00b9 c000 0000 ba4d 0000 0048 8d35 af79 0000  .....D$H....P...H...y........M...H.5.y..
2021-03-15T22:19:32.5540426Z 0001b968: 488d 3dc9 7b00 0048 8984 2438 0100 0048 8d05 9379 0000 4889 8424 4001 0000 e825 98fe ffe8 e099 feff  H.=.{..H..$8...H...y..H..$@....%........
2021-03-15T22:19:32.5541100Z 0001b990: 8944 2450 e8f7 9afe ff89 4424 54e8 9e9d feff 8944 2458 e8c5 9efe ff31 f631 ff89 4424 5ce8 d89d feff  .D$P......D$T......D$X.....1.1..D$\.....
2021-03-15T22:19:32.5542079Z 0001b9b8: 8944 2460 85c0 0f8f 8400 0000 c744 2460 0000 0000 48c7 4424 6800 0000 0041 bc01 0000 004c 8d2d 2b79  .D$`.........D$`....H.D$h....A.....L.-+y
2021-03-15T22:19:32.5542718Z 0001b9e0: 0000 31f6 4c89 ef31 c0e8 82a0 feff 89c5 83f8 ff0f 84ff 0000 0089 c748 8d54 2450 488d 3579 0401 00e8  ..1.L..1...................H.T$PH.5y....
2021-03-15T22:19:32.5543524Z 0001ba08: a4da feff 89ef 83f8 01b8 0000 0000 4c0f 45e8 410f 95c6 e8cd 9afe ff41 83fc 020f 87de 0000 0045 84f6  ..............L.E.A........A.........E..
2021-03-15T22:19:32.5544243Z 0001ba30: 0f84 d500 0000 4e8b ace4 3001 0000 4983 c401 eb9e 0f1f 4000 4863 f0ba 0400 0000 31ff e849 97fe ff48  ......N...0...I.......@.Hc......1..I...H
2021-03-15T22:19:32.5544885Z 0001ba58: 8944 2438 4889 4424 6848 85c0 0f84 3614 0000 488b 7424 388b 7c24 60e8 189d feff 85c0 0f89 55ff ffff  .D$8H.D$hH....6...H.t$8.|$`.........U...
2021-03-15T22:19:32.5545541Z 0001ba80: 488d 35b3 7800 0031 ffe8 f295 feff b9f3 0000 004c 8d05 c566 0000 ba5d 0000 0049 89c1 488d 356e 7800  H.5.x..1...........L...f...]...I..H.5nx.
2021-03-15T22:19:32.5546214Z 0001baa8: 0048 8d3d 887a 0000 31c0 e8d9 9dfe ff48 8d35 7c78 0000 31ff e8bb 95fe ff48 8d3d 9366 0000 4889 c631  .H.=.z..1......H.5|x..1......H.=.f..H..1
2021-03-15T22:19:32.5546899Z 0001bad0: c0e8 da9f feff 488b 7c24 68e8 9095 feff 4531 c0b9 c000 0000 ba5f 0000 00e9 1b13 0000 660f 1f44 0000  ......H.|$h.....E1......._........f..D..
2021-03-15T22:19:32.5547593Z 0001baf8: 41be 0100 0000 4531 ed41 83fc 020f 8622 ffff ff48 8b7c 2468 4c89 6c24 38e8 5695 feff 4883 7c24 3800  A.....E1.A....."...H.|$hL.l$8.V...H.|$8.
2021-03-15T22:19:32.5548224Z 0001bb20: 0f84 0c12 0000 488b 7424 38ba 0a00 0000 488d 3dc9 f900 00e8 f499 feff 4883 f809 0f87 7012 0000 4885  ......H.t$8.....H.=.........H.....p...H.
2021-03-15T22:19:32.5548865Z 0001bb48: c074 2848 8d15 aef9 0000 4801 d0eb 1666 0f1f 8400 0000 0000 c640 ff00 4883 e801 4839 d074 0680 78ff  .t(H......H....f.........@..H...H9.t..x.
2021-03-15T22:19:32.5549520Z 0001bb70: 2f74 edba 7c00 0000 41b8 0100 0000 31ed 4531 ffb9 c000 0000 488d 3588 7700 0048 8d3d a279 0000 e805  /t..|...A.....1.E1......H.5.w..H.=.y....
2021-03-15T22:19:32.5550168Z 0001bb98: 9efe ff48 8b83 a000 0000 c744 244c 0000 0000 488b 1048 8954 2438 4885 d20f 849d 1000 0048 8b54 2438  ...H.......D$L....H..H.T$8H........H.T$8
2021-03-15T22:19:32.5551113Z 0001bbc0: 31c9 eb0f 0f1f 4000 83c5 0148 8b10 4885 d274 3548 83c0 084d 85ff 75ec 803a 2d0f 85ab 0900 0080 7a01  1.....@....H..H..t5H...M..u..:-.......z.
2021-03-15T22:19:32.5552140Z 0001bbe8: 2d0f 85a1 0900 0080 7a02 000f 8597 0900 0048 8b10 4989 c748 85d2 75cf 0f1f 4000 4889 5424 3889 4c24  -.......z........H..I..H..u...@.H.T$8.L$
2021-03-15T22:19:32.5552794Z 0001bc10: 4c85 ed0f 843f 1000 0048 63fd be28 0000 00e8 aa99 feff 4889 4424 3048 85c0 0f84 4c14 0000 b9c0 0000  L....?...Hc..(........H.D$0H....L.......
2021-03-15T22:19:32.5553639Z 0001bc38: 00ba ad00 0000 488d 35d2 7600 0048 8d3d d478 0000 e85f 95fe ff85 ed0f 8e78 1300 008d 45ff c744 2408  ......H.5.v..H.=.x..._.......x....E..D$.
2021-03-15T22:19:32.5554760Z 0001bc60: 0000 0000 498d 44c7 0848 8944 2428 488d 8424 1001 0000 4889 4424 40e9 de02 0000 4c8d b424 3001 0000  ....I.D..H.D$(H..$....H.D$@.....L..$0...
2021-03-15T22:19:32.5555730Z 0001bc88: 89c6 bf01 0000 004c 89f2 e889 9bfe ff48 8b0d fa01 0100 8b15 ec01 0100 31ff 8b35 e001 0100 89c5 e82d  .......L.......H............1..5.......-
2021-03-15T22:19:32.5556554Z 0001bcb0: d6fe ff8b 8424 4801 0000 2500 f000 003d 0080 0000 0f85 3609 0000 4d8b 0f83 fdff 0f84 da0a 0000 4863  .....$H...%....=......6...M...........Hc
2021-03-15T22:19:32.5557466Z 0001bcd8: 4424 0848 8b4c 2430 488d 3d39 7800 004c 8d05 3835 0000 badd 0000 0048 8d35 1d76 0000 4c8d 2d7f 0101  D$.H.L$0H.=9x..L..85.......H.5.v..L.-...
2021-03-15T22:19:32.5558099Z 0001bd00: 0048 8d04 8048 8d2c c148 8b84 2460 0100 00b9 e600 0000 4c89 4d08 448b 0d5f 0101 0048 8945 1048 8b84  .H...H.,.H..$`........L.M.D.._...H.E.H..
2021-03-15T22:19:32.5558804Z 0001bd28: 2488 0100 0048 8945 1848 8b84 2490 0100 0048 8945 2031 c0e8 4c9b feff 8b3d 3601 0100 e8a1 9ffe ff85  $....H.E.H..$....H.E 1..L....=6.........
2021-03-15T22:19:32.5559427Z 0001bd50: c00f 859f 1200 004c 8b6d 08b9 c000 0000 ba89 0000 0048 8d35 ab75 0000 488d 3d8d 7700 0089 4424 1c4c  .......L.m...........H.5.u..H.=.w...D$.L
2021-03-15T22:19:32.5560121Z 0001bd78: 896c 2420 e82f 94fe ff4c 89ef be2f 0000 00e8 6296 feff be2e 0000 0048 85c0 4c8d 4801 4d0f 44cd 4c89  .l$ ./...L.../....b........H..L.H.M.D.L.
2021-03-15T22:19:32.5560814Z 0001bda0: cf4c 894c 2410 e845 96fe ff4c 8b4c 2410 448b 5424 1c48 85c0 4989 c50f 84a7 0800 0048 83ec 0841 89c0  .L.L$..E...L.L$.D.T$.H..I........H...A..
2021-03-15T22:19:32.5561518Z 0001bdc8: be01 0000 0048 89ef 5045 29c8 488d 0d25 f700 0031 c048 8d15 6f75 0000 e8d7 97fe ff41 5941 5a83 f8ff  .....H..PE).H..%...1.H..ou.......AYAZ...
2021-03-15T22:19:32.5562208Z 0001bdf0: 0f84 a508 0000 4c89 efe8 1295 feff 4189 c248 8b7d 0044 89d6 e823 92fe ffb9 e600 0000 4c8d 0564 7500  ......L.......A..H.}.D...#........L..du.
2021-03-15T22:19:32.5562914Z 0001be18: 00ba 9b00 0000 5041 89c5 31c0 488d 35ec 7400 00ff 7500 4c8b 4c24 3048 8d3d c676 0000 e851 9afe ff45  ......PA..1.H.5.t...u.L.L$0H.=.v...Q...E
2021-03-15T22:19:32.5563590Z 0001be40: 89e8 b9c0 0000 00ba 9d00 0000 488d 35c4 7400 0048 8d3d a676 0000 e811 9efe ffb9 e600 0000 4531 c931  ............H.5.t..H.=.v............E1.1
2021-03-15T22:19:32.5564330Z 0001be68: c048 8d35 a774 0000 4c8d 05af 3300 00ba e200 0000 488d 3d9d 7600 00e8 089a feff 31ff e861 9efe ff59  .H.5.t..L...3.......H.=.v.......1..a...Y
2021-03-15T22:19:32.5565016Z 0001be90: 5e85 c00f 85dc 0800 0041 83fd ff0f 8425 0e00 0041 83fc ff74 2f48 8b7d 0848 8b55 1045 89e8 4489 e648  ^........A.....%...A...t/H.}.H.U.E..D..H
2021-03-15T22:19:32.5565755Z 0001beb8: 8b4d 0049 c7c1 ffff ffff e899 cbfe ff44 89e7 83f8 ff0f 8464 0f00 00e8 1896 feff 488b 4518 488b 7424  .M.I...........D.......d........H.E.H.t$
2021-03-15T22:19:32.5566402Z 0001bee0: 4044 89ef 4889 8424 2001 0000 4889 8424 1001 0000 488b 4520 4889 8424 2801 0000 4889 8424 1801 0000  @D..H..$ ...H..$....H.E H..$(...H..$....
2021-03-15T22:19:32.5567027Z 0001bf08: e8e3 9bfe ff83 f8ff 0f84 e208 0000 4c89 f244 89ee bf01 0000 00e8 fa98 feff 85c0 7518 488b 8424 8801  ..............L..D..............u.H..$..
2021-03-15T22:19:32.5567669Z 0001bf30: 0000 4889 4518 488b 8424 9001 0000 4889 4520 4489 efe8 a695 feff 8344 2408 0149 83c7 084c 3b7c 2428  ..H.E.H..$....H.E D........D$..I...L;|$(
2021-03-15T22:19:32.5568405Z 0001bf58: 0f84 ca00 0000 488b 4b18 8b53 108b 730c 8b7b 04e8 70d3 feff 8b4b 3049 8b3f 4989 d94c 8d05 00ff 0000  ......H.K..S..s..{..p....K0I.?I..L......
2021-03-15T22:19:32.5569118Z 0001bf80: baa4 0100 0031 f6e8 b4d7 feff 4189 c483 f8ff 0f85 e8fc ffff e863 91fe ff83 3802 4889 c50f 84f7 0500  .....1......A............c....8.H.......
2021-03-15T22:19:32.5569834Z 0001bfa8: 0048 8b0d e8fe 0000 8b15 dafe 0000 31ff 8b35 cefe 0000 e81d d3fe ff8b 4500 4d8b 0f83 f828 0f84 360c  .H............1..5..........E.M....(..6.
2021-03-15T22:19:32.5570488Z 0001bfd0: 0000 83f8 150f 8485 0800 00b9 f300 0000 bad4 0000 0031 c049 83c7 084c 8d05 6d61 0000 488d 351e 7300  .....................1.I...L..ma..H.5.s.
2021-03-15T22:19:32.5571233Z 0001bff8: 0048 8d3d 2075 0000 e88b 98fe ff49 8b77 f848 8d3d 4f61 0000 31c0 e899 9afe ff4c 3b7c 2428 0f85 3cff  .H.= u.......I.w.H.=Oa..1......L;|$(..<.
2021-03-15T22:19:32.5571898Z 0001c020: ffff 660f 1f44 0000 448b 7424 08b9 c000 0000 ba07 0100 0048 8d35 d972 0000 488d 3ddb 7400 0045 89f0  ..f..D..D.t$...........H.5.r..H.=.t..E..
2021-03-15T22:19:32.5573876Z 0001c048: e823 9cfe ff44 89f0 4585 f60f 8e65 0900 0044 8b74 244c ba08 0000 0031 ff44 89f5 01c5 8d75 0148 63f6  .#...D..E....e...D.t$L.....1.D.....u.Hc.
2021-03-15T22:19:32.5574674Z 0001c070: e82b 91fe ff48 8944 2438 4885 c00f 84cb 0e00 0045 85f6 0f8e e00d 0000 488b b3a0 0000 0048 634c 244c  .+...H.D$8H........E........H......HcL$L
2021-03-15T22:19:32.5575404Z 0001c098: 31c0 488b 7c24 3890 488b 14c6 4889 14c7 4883 c001 4839 c875 ef48 8b4c 2438 488d 04c1 8b74 244c 39f5  1.H.|$8.H...H...H...H9.u.H.L$8H....t$L9.
2021-03-15T22:19:32.5576358Z 0001c0c0: 7e45 4c8b 4424 384c 8b4c 2430 31d2 448b 5424 080f 1f44 0000 4863 c289 f183 c201 83c6 0148 8d04 8049  ~EL.D$8L.L$01.D.T$...D..Hc.........H...I
2021-03-15T22:19:32.5577401Z 0001c0e8: 8b3c c148 63c1 4989 3cc0 4439 d27d 0439 f57f dd48 8b4c 2438 4863 c648 8d04 c148 c700 0000 0000 488d  .<.Hc.I.<.D9.}.9...H.L$8Hc.H...H......H.
2021-03-15T22:19:32.5578082Z 0001c110: bc24 1001 0000 e875 98fe ff83 f8ff 0f84 0a08 0000 f30f 6f63 40f3 0f6f 0348 89df f30f 6f4b 10f3 0f6f  .$.....u..............oc@..o.H....oK...o
2021-03-15T22:19:32.5578735Z 0001c138: 5320 f30f 6f5b 30f3 0f6f 6b50 0f11 a424 9000 0000 8b05 2efd 0000 f30f 6f73 600f 1144 2450 f30f 6f25  S ..o[0..okP...$............os`..D$P..o%
2021-03-15T22:19:32.5579368Z 0001c160: 1cfd 0000 f30f 6f7b 700f 114c 2460 f30f 6f83 8000 0000 f30f 6f8b 9000 0000 0f11 5424 700f 1123 f30f  ......o{p..L$`..o.......o.......T$p..#..
2021-03-15T22:19:32.5580688Z 0001c188: 6f93 a000 0000 0f11 9c24 8000 0000 f30f 6f9b b000 0000 0f11 ac24 a000 0000 f30f 6f2d e2fc 0000 8943  o........$......o........$......o-.....C
2021-03-15T22:19:32.5581283Z 0001c1b0: 048b 05d1 fc00 000f 11b4 24b0 0000 000f 11bc 24c0 0000 000f 1184 24d0 0000 000f 118c 24e0 0000 000f  ..........$.......$.......$.......$.....
2021-03-15T22:19:32.5581838Z 0001c1d8: 1194 24f0 0000 000f 119c 2400 0100 000f 116b 1089 430c 488b 4424 3848 8983 a000 0000 e861 f0ff ff48  ..$.......$......k..C.H.D$8H.......a...H
2021-03-15T22:19:32.5582444Z 0001c200: 8dbc 2420 0100 0089 4424 1ce8 8097 feff 83f8 ff0f 8460 0c00 00f3 0f6f 7424 50f3 0f6f 7c24 60ba 1601  ..$ ....D$...........`.....ot$P..o|$`...
2021-03-15T22:19:32.5583499Z 0001c228: 0000 b9c0 0000 0048 8b84 24f0 0000 0048 8d35 d970 0000 488d 3d9b 7200 000f 1133 4c8d 2d31 fc00 004c  .......H..$....H.5.p..H.=.r....3L.-1...L
2021-03-15T22:19:32.5584119Z 0001c250: 8dbc 2430 0100 0048 8983 a000 0000 0f11 7b10 e849 8ffe ff8b 4424 0848 8b54 2430 83e8 0148 8954 2420  ..$0...H........{..I....D$.H.T$0...H.T$ 
2021-03-15T22:19:32.5584709Z 0001c278: 4889 d548 8d04 8048 8d44 c228 4889 4424 08e9 4601 0000 6690 488b 8424 6001 0000 4839 4510 7512 488b  H..H...H.D.(H.D$..F...f.H..$`...H9E.u.H.
2021-03-15T22:19:32.5585539Z 0001c2a0: 4518 4839 8424 8801 0000 0f84 4008 0000 488b 4b18 8b53 108b 730c 8b7b 04e8 1ed0 feff 8b7b 20e8 a693  E.H9.$......@...H.K..S..s..{.......{ ...
2021-03-15T22:19:32.5586438Z 0001c2c8: feff 8b4b 3048 8b7d 0849 89d9 baa4 0100 00be 4100 0000 4c8d 059b fb00 0089 4424 10e8 52d4 feff 448b  ...K0H.}.I........A...L.......D$..R...D.
2021-03-15T22:19:32.5587739Z 0001c2f0: 5424 1041 89c6 4489 d7e8 7293 feff 488b 0d93 fb00 008b 1585 fb00 0031 ff8b 3579 fb00 00e8 c8cf feff  T$.A..D...r...H............1..5y........
2021-03-15T22:19:32.5588864Z 0001c318: 4183 feff 0f84 0e07 0000 488b 4d08 4c8b 4d10 4589 f044 89e6 488b 9424 6001 0000 488b 7d00 e81f c7fe  A.........H.M.L.M.E..D..H..$`...H.}.....
2021-03-15T22:19:32.5589569Z 0001c340: ff85 c00f 84d7 0500 004c 8b4d 0048 8d35 6471 0000 31ff 4c89 4c24 10e8 208d feff 4c8b 4c24 10b9 e300  .........L.M.H.5dq..1.L.L$.. ...L.L$....
2021-03-15T22:19:32.5590422Z 0001c368: 0000 ba4d 0100 0049 89c0 488d 359e 6f00 0048 8d3d 6071 0000 31c0 e809 95fe ff4c 8b45 0048 8d35 2671  ...M...I..H.5.o..H.=`q..1......L.E.H.5&q
2021-03-15T22:19:32.5591218Z 0001c390: 0000 31ff 4c89 4424 10e8 e28c feff 4c8b 4424 1048 89c7 31c0 4c89 c6e8 b08e feff 8344 2448 0144 89f7  ..1.L.D$......L.D$.H..1.L........D$H.D..
2021-03-15T22:19:32.5591895Z 0001c3b8: e833 91fe ff44 89e7 e82b 91fe ff48 83c5 2848 3b6c 2408 0f84 2901 0000 458b 4d00 31c0 b9e6 0000 00ba  .3...D...+...H..(H;l$...)...E.M.1.......
2021-03-15T22:19:32.5592612Z 0001c3e0: 1a01 0000 488d 3df5 7000 004c 8d05 342e 0000 488d 351e 6f00 00e8 9294 feff 418b 7d00 e8e9 98fe ff85  ....H.=.p..L..4...H.5.o.......A.}.......
2021-03-15T22:19:32.5593298Z 0001c408: c00f 8523 0c00 0048 8b7d 0045 31c9 31c9 31f6 4c8d 055f fa00 00ba a401 0000 e815 d3fe ff31 ff41 89c4  ...#...H.}.E1.1.1.L.._.............1.A..
2021-03-15T22:19:32.5594306Z 0001c430: e8bb 98fe ff85 c00f 851a 0c00 0045 31c9 31c0 b9e6 0000 00ba 2201 0000 4c8d 05d3 2d00 0048 8d35 bd6e  .............E1.1......."...L...-..H.5.n
2021-03-15T22:19:32.5595019Z 0001c458: 0000 488d 3d7f 7000 00e8 2a94 feff 4183 fcff 0f84 5004 0000 418b 5500 488b 7500 4c89 f944 89e7 e86d  ..H.=.p...*...A.....P...A.U.H.u.L..D...m
2021-03-15T22:19:32.5595787Z 0001c480: cbfe ff84 c00f 8505 feff ff4c 8b75 0848 8d35 1d6f 0000 31ff e8e3 8bfe ffb9 e300 0000 ba25 0100 0048  ...........L.u.H.5.o..1............%...H
2021-03-15T22:19:32.5596555Z 0001c4a8: 8d35 696e 0000 4989 c04d 89f1 488d 3d25 7000 0031 c0e8 ce93 feff 4c8b 7508 488d 35e6 6e00 0031 ffe8  .5in..I..M..H.=%p..1......L.u.H.5.n..1..
2021-03-15T22:19:32.5597319Z 0001c4d0: ac8b feff 4889 c74c 89f6 31c0 e87f 8dfe ff44 89e7 e807 90fe ff83 4424 4801 4883 c528 483b 6c24 080f  ....H..L..1......D........D$H.H..(H;l$..
2021-03-15T22:19:32.5598044Z 0001c4f8: 85d7 feff ff8b 5c24 48b9 c000 0000 ba55 0100 0048 8d35 056e 0000 488d 3dc7 6f00 0041 89d8 e84f 97fe  ......\$H......U...H.5.n..H.=.o..A...O..
2021-03-15T22:19:32.5598721Z 0001c520: ff85 dbb8 0001 0000 0f44 4424 1c48 8b5c 2420 488b 6c24 0889 4424 1c0f 1f44 0000 488b 3b48 83c3 28e8  .........DD$.H.\$ H.l$..D$...D..H.;H..(.
2021-03-15T22:19:32.5599403Z 0001c548: 248b feff 4839 eb75 ef48 8b7c 2430 e815 8bfe ff48 8b7c 2438 e80b 8bfe ff44 8b44 241c b9c0 0000 00ba  $...H9.u.H.|$0.....H.|$8.....D.D$.......
2021-03-15T22:19:32.5600093Z 0001c570: f002 0000 488d 359c 6d00 0048 8d3d c66f 0000 e8e9 96fe ffe9 7104 0000 0f1f 4000 83c1 01e9 33f6 ffff  ....H.5.m..H.=.o........q.....@.....3...
2021-03-15T22:19:32.5600753Z 0001c598: 0f1f 8400 0000 0000 4c8d b424 3001 0000 31c0 b912 0000 008b 7330 4c89 f748 8d15 c4f8 0000 f348 ab48  ........L..$0...1.......s0L..H.......H.H
2021-03-15T22:19:32.5601418Z 0001c5c0: 89d9 498b 3fe8 f6d4 feff 488b 0dc7 f800 008b 15b9 f800 0031 ff8b 35ad f800 0041 89c5 e8f9 ccfe ff45  ..I.?.....H............1..5....A.......E
2021-03-15T22:19:32.5602149Z 0001c5e8: 84ed 0f84 d3f9 ffff 4d8b 0fe9 def6 ffff 0f1f 8400 0000 0000 498b 2f31 ff48 8d35 cc2a 0000 e86f 8afe  ........M...............I./1.H.5.*...o..
2021-03-15T22:19:32.5602864Z 0001c610: ffb9 e300 0000 bac7 0000 0048 8d35 f56c 0000 4989 c049 89e9 488d 3df1 6e00 0031 c0e8 5a92 feff 498b  ...........H.5.l..I..I..H.=.n..1..Z...I.
2021-03-15T22:19:32.5603635Z 0001c638: 2f31 ff48 8d35 962a 0000 e839 8afe ff48 89c7 4889 ee31 c0e8 0c8c feff 4489 e7e8 948e feff e9ee f8ff  /1.H.5.*...9...H..H..1......D...........
2021-03-15T22:19:32.5604546Z 0001c660: ff0f 1f80 0000 0000 31c0 4d89 c848 8d0d 8cee 0000 4889 ef48 8d15 e76c 0000 be01 0000 0044 8954 2410  ........1.M..H......H..H...l.......D.T$.
2021-03-15T22:19:32.5605327Z 0001c688: e833 8ffe ff44 8b54 2410 83f8 ff0f 8566 f7ff ff48 8d35 6229 0000 31ff e8d7 89fe ff48 8d35 912c 0000  .3...D.T$......f...H.5b)..1......H.5.,..
2021-03-15T22:19:32.5606046Z 0001c6b0: 31ff 4889 c3e8 c689 feff 4883 ec08 b9e3 0000 004c 8d0d 366e 0000 534c 89cf 4989 c0ba 9700 0000 488d  1.H.......H........L..6n..SL..I.......H.
2021-03-15T22:19:32.5606775Z 0001c6d8: 353a 6c00 0031 c0e8 ac91 feff 488d 3519 2900 0031 ffe8 8e89 feff 488d 3548 2c00 0031 ff49 89c5 e87d  5:l..1......H.5.)..1......H.5H,..1.I...}
2021-03-15T22:19:32.5607589Z 0001c700: 89fe ff4c 89ea 488d 35f3 6d00 0048 89c7 31c0 e849 8bfe ff41 b8ff ffff ffb9 c000 0000 ba98 0000 0048  ...L..H.5.m..H..1..I...A...............H
2021-03-15T22:19:32.5608335Z 0001c728: 8d35 e96b 0000 488d 3dcb 6d00 00e8 3695 feff 4531 c9b9 e600 0000 31c0 4c8d 05db 2a00 00ba e200 0000  .5.k..H.=.m...6...E1......1.L...*.......
2021-03-15T22:19:32.5609339Z 0001c750: 488d 35c0 6b00 0048 8d3d c26d 0000 e82d 91fe ff31 ffe8 8695 feff 5f41 5885 c00f 8453 0500 004c 8d05  H.5.k..H.=.m...-...1......_AX....S...L..
2021-03-15T22:19:32.5610015Z 0001c778: 822a 0000 b9f2 0000 00ba e500 0000 488d 358a 6b00 0048 8d3d 8c6d 0000 31c0 e8f5 90fe ff48 8d3d 5c2a  .*............H.5.k..H.=.m..1......H.=\*
2021-03-15T22:19:32.5610646Z 0001c7a0: 0000 31c0 e8a7 90fe ff0f 1f80 0000 0000 4c8d 05a8 5900 00b9 f300 0000 bad4 0000 0031 c048 8d35 4d6b  ..1.............L...Y............1.H.5Mk
2021-03-15T22:19:32.5611341Z 0001c7c8: 0000 488d 3d4f 6d00 00e8 ba90 feff 498b 3748 8d3d 7f59 0000 31c0 e8c9 92fe ff44 89e7 e801 8dfe ffe9  ..H.=Om.......I.7H.=.Y..1......D........
2021-03-15T22:19:32.5612063Z 0001c7f0: 5bf7 ffff 0f1f 4000 488b 5424 4048 8b75 0031 c9bf 9cff ffff e8b3 88fe ff83 f8ff 0f85 00f7 ffff 4c8b  [.....@.H.T$@H.u.1....................L.
2021-03-15T22:19:32.5612777Z 0001c818: 4d00 31c0 b9f3 0000 00ba ff00 0000 4c8d 0532 5900 0048 8d35 e36a 0000 488d 3de5 6c00 00e8 5090 feff  M.1...........L..2Y..H.5.j..H.=.l...P...
2021-03-15T22:19:32.5614108Z 0001c840: 488b 7500 488d 3d14 5900 0031 c0e8 5e92 feff e9bf f6ff ff66 0f1f 8400 0000 0000 488d 3511 6c00 0031  H.u.H.=.Y..1..^........f........H.5.l..1
2021-03-15T22:19:32.5615182Z 0001c868: ff4c 894c 2410 e80d 88fe ff4c 8b4c 2410 b9e3 0000 0048 8d35 936a 0000 4989 c0ba d100 0000 488d 3d8d  .L.L$......L.L$......H.5.j..I.......H.=.
2021-03-15T22:19:32.5616505Z 0001c890: 6c00 0031 c0e8 f68f feff 498b 2f48 8d35 d46b 0000 31ff e8d5 87fe ff48 89ee 4889 c731 c0e8 a889 feff  l..1......I./H.5.k..1......H..H..1......
2021-03-15T22:19:32.5618023Z 0001c8b8: e992 f6ff ff0f 1f00 4c8b 6508 31ff 488d 35e6 6a00 00e8 ae87 feff b9e3 0000 00ba 2501 0000 488d 3534  ........L.e.1.H.5.j.............%...H.54
2021-03-15T22:19:32.5618965Z 0001c8e0: 6a00 0049 89c0 4d89 e148 8d3d f06b 0000 31c0 e899 8ffe ff4c 8b65 0831 ff48 8d35 af6a 0000 e877 87fe  j..I..M..H.=.k..1......L.e.1.H.5.j...w..
2021-03-15T22:19:32.5619776Z 0001c908: ff48 89c7 4c89 e631 c0e8 4a89 feff e9ce fbff ff0f 1f44 0000 488b 7d00 e8e7 87fe ffe9 87fa ffff 488d  .H..L..1..J..........D..H.}...........H.
2021-03-15T22:19:32.5620558Z 0001c930: 3558 6a00 0031 ffe8 4487 feff b9f3 0000 00ba ce02 0000 4c8d 0512 5800 0049 89c1 488d 35c0 6900 0048  5Xj..1..D.............L...X..I..H.5.i..H
2021-03-15T22:19:32.5621314Z 0001c958: 8d3d ea6b 0000 31c0 e82b 8ffe ff48 8d35 216a 0000 31ff e80d 87fe ff48 8d3d e557 0000 4889 c631 c0e8  .=.k..1..+...H.5!j..1......H.=.W..H..1..
2021-03-15T22:19:32.5622003Z 0001c980: 2c91 feff 8b44 2408 488b 4c24 3083 e801 4889 cb48 8d04 8048 8d6c c128 0f1f 4000 488b 3b48 85ff 7408  ,....D$.H.L$0...H..H...H.l.(..@.H.;H..t.
2021-03-15T22:19:32.5622709Z 0001c9a8: e863 87fe ff48 8b3b e8bb 86fe ff48 83c3 2848 39dd 75e2 488b 7c24 30e8 a886 feff 488b 7c24 38e8 9e86  .c...H.;.....H..(H9.u.H.|$0.....H.|$8...
2021-03-15T22:19:32.5623515Z 0001c9d0: feff 41b8 0001 0000 b9c0 0000 00ba fd02 0000 488d 352e 6900 0048 8d3d 586b 0000 e87b 92fe ffc7 4424  ..A...............H.5.i..H.=Xk...{....D$
2021-03-15T22:19:32.5624427Z 0001c9f8: 1c00 0100 0048 8b84 24c8 0100 0064 482b 0425 2800 0000 0f85 6706 0000 8b44 241c 4881 c4d8 0100 005b  .....H..$....dH+.%(.....g....D$.H......[
2021-03-15T22:19:32.5625056Z 0001ca20: 5d41 5c41 5d41 5e41 5fc3 660f 1f44 0000 4c8b 7508 488d 3575 2600 0031 ffe8 3e86 feff b9f3 0000 00ba  ]A\A]A^A_.f..D..L.u.H.5u&..1..>.........
2021-03-15T22:19:32.5625749Z 0001ca48: 4201 0000 488d 35c4 6800 0049 89c0 4d89 f148 8d3d 806a 0000 31c0 e829 8efe ff4c 8b75 0848 8d35 3e26  B...H.5.h..I..M..H.=.j..1..)...L.u.H.5>&
2021-03-15T22:19:32.5626785Z 0001ca70: 0000 31ff e807 86fe ff48 89c7 4c89 f631 c0e8 2a90 feff 4c8b 7500 488d 3527 6a00 0031 ffe8 e885 feff  ..1......H..L..1..*...L.u.H.5'j..1......
2021-03-15T22:19:32.5627601Z 0001ca98: b9e3 0000 00ba 4d01 0000 488d 356e 6800 0049 89c0 4d89 f148 8d3d 2a6a 0000 31c0 e8d3 8dfe ff4c 8b75  ......M...H.5nh..I..M..H.=*j..1......L.u
2021-03-15T22:19:32.5628344Z 0001cac0: 0048 8d35 f069 0000 31ff e8b1 85fe ff48 89c7 4c89 f631 c0e8 8487 feff 8344 2448 01e9 d7f8 ffff 662e  .H.5.i..1......H..L..1.......D$H......f.
2021-03-15T22:19:32.5628991Z 0001cae8: 0f1f 8400 0000 0000 488b 4520 4839 8424 9001 0000 0f85 aef7 ffff 488b 8424 2001 0000 4839 8424 1001  ........H.E H9.$..........H..$ ...H9.$..
2021-03-15T22:19:32.5629677Z 0001cb10: 0000 746c 4c8b 7508 31ff 488d 3585 6800 00e8 5a85 feff b9e3 0000 00ba 3201 0000 488d 35e0 6700 0049  ..tlL.u.1.H.5.h...Z.........2...H.5.g..I
2021-03-15T22:19:32.5630441Z 0001cb38: 89c0 4d89 f148 8d3d 9c69 0000 31c0 e845 8dfe ff4c 8b75 0831 ff48 8d35 4e68 0000 e823 85fe ff48 89c7  ..M..H.=.i..1..E...L.u.1.H.5Nh...#...H..
2021-03-15T22:19:32.5631190Z 0001cb60: 4c89 f631 c0e8 f686 feff 488b 7d00 e89d 85fe ff44 89e7 e875 89fe ffe9 45f8 ffff 488b 8424 2801 0000  L..1......H.}......D...u....E...H..$(...
2021-03-15T22:19:32.5631877Z 0001cb88: 4839 8424 1801 0000 0f84 1af7 ffff e979 ffff ff0f 1f44 0000 488d 3521 6800 0031 ffe8 d284 feff 4531  H9.$...........y.....D..H.5!h..1......E1
2021-03-15T22:19:32.5632588Z 0001cbb0: c9b9 f300 0000 ba85 0200 0049 89c0 488d 3552 6700 0048 8d3d 7c69 0000 31c0 e8bd 8cfe ff48 8d35 ee67  ...........I..H.5Rg..H.=|i..1......H.5.g
2021-03-15T22:19:32.5633252Z 0001cbd8: 0000 31ff e89f 84fe ff31 f648 89c7 31c0 e8c3 8efe ff48 c744 2430 0000 0000 48c7 4424 3800 0000 00e9  ..1......1.H..1......H.D$0....H.D$8.....
2021-03-15T22:19:32.5633915Z 0001cc00: bafd ffff 0f1f 4000 488d 3539 6800 0031 ff4c 894c 2410 e865 84fe ff4c 8b4c 2410 b9e3 0000 0048 8d35  ......@.H.59h..1.L.L$..e...L.L$......H.5
2021-03-15T22:19:32.5634610Z 0001cc28: eb66 0000 4989 c0ba ce00 0000 488d 3de5 6800 0031 c0e8 4e8c feff 498b 2f48 8d35 fc67 0000 e953 fcff  .f..I.......H.=.h..1..N...I./H.5.g...S..
2021-03-15T22:19:32.5635338Z 0001cc50: ff0f 1f80 0000 0000 488d 35b9 6700 0031 ffe8 1a84 feff b9e3 0000 004c 8d05 ed54 0000 ba9a 0200 0049  ........H.5.g..1...........L...T.......I
2021-03-15T22:19:32.5636025Z 0001cc78: 89c1 488d 3596 6600 0048 8d3d c068 0000 31c0 e801 8cfe ff48 8d35 8267 0000 31ff e8e3 83fe ff48 8d3d  ..H.5.f..H.=.h..1......H.5.g..1......H.=
2021-03-15T22:19:32.5636707Z 0001cca0: bb54 0000 4889 c631 c0e8 b285 feff 48c7 4424 3000 0000 0048 c744 2438 0000 0000 e9f9 fcff ff0f 1f00  .T..H..1......H.D$0....H.D$8............
2021-03-15T22:19:32.5637376Z 0001ccc8: 31c0 b9f3 0000 00ba e700 0000 488d 3d45 6800 004c 8d05 9266 0000 488d 352e 6600 00e8 a28b feff 31c0  1...........H.=Eh..L...f..H.5.f.......1.
2021-03-15T22:19:32.5638137Z 0001ccf0: 488d 3d7d 6600 00e8 b48d feff 4183 fcff 7408 4489 e7e8 e687 feff 41b8 ffff ffff b9c0 0000 00ba ea00  H.=}f.......A...t.D.......A.............
2021-03-15T22:19:32.5638894Z 0001cd18: 0000 488d 35f6 6500 0048 8d3d f867 0000 e843 8ffe ffe9 8cfc ffff 488d 35b7 6600 0031 ffe8 4083 feff  ..H.5.e..H.=.g...C........H.5.f..1..@...
2021-03-15T22:19:32.5639945Z 0001cd40: b9e3 0000 004c 8d05 1354 0000 ba70 0000 0049 89c1 488d 35bc 6500 0048 8d3d d667 0000 31c0 e827 8bfe  .....L...T...p...I..H.5.e..H.=.g..1..'..
2021-03-15T22:19:32.5640644Z 0001cd68: ff48 8d35 8066 0000 31ff e809 83fe ff48 8d3d e153 0000 4889 c631 c0e8 d884 feff 4531 c0b9 c000 0000  .H.5.f..1......H.=.S..H..1......E1......
2021-03-15T22:19:32.5641447Z 0001cd90: ba71 0000 0048 8d35 7b65 0000 488d 3d95 6700 00e8 f88b feff 48c7 4424 3000 0000 00e9 08fc ffff e845  .q...H.5{e..H.=.g.......H.D$0..........E
2021-03-15T22:19:32.5642100Z 0001cdb8: 83fe ff48 8b5c 2438 b9f3 0000 004c 8d05 9353 0000 c700 2400 0000 ba77 0000 0048 8d35 3965 0000 31c0  ...H.\$8.....L...S....$....w...H.59e..1.
2021-03-15T22:19:32.5642791Z 0001cde0: 4989 d948 8d3d 4e67 0000 e8a1 8afe ff48 89de 488d 3d66 5300 0031 c0e8 b08c feff 4531 c0b9 c000 0000  I..H.=Ng.......H..H.=fS..1......E1......
2021-03-15T22:19:32.5643548Z 0001ce08: ba78 0000 0048 8d35 0365 0000 488d 3d1d 6700 00e8 808b feff 48c7 4424 3000 0000 0048 c744 2438 0000  .x...H.5.e..H.=.g.......H.D$0....H.D$8..
2021-03-15T22:19:32.5644832Z 0001ce30: 0000 e987 fbff ffe8 b486 feff 4489 efe8 ac86 feff 41b8 ffff ffff b9c0 0000 00ba f000 0000 488d 35bc  ............D.......A...............H.5.
2021-03-15T22:19:32.5645545Z 0001ce58: 6400 0048 8d3d be66 0000 e809 8efe ffe9 52fb ffff c744 244c 0000 0000 e941 f2ff ff48 8d35 0d65 0000  d..H.=.f........R....D$L.....A...H.5.e..
2021-03-15T22:19:32.5646242Z 0001ce80: 31ff e8f9 81fe ffb9 f300 0000 bad8 0200 004c 8d05 c752 0000 4989 c1e9 b0fa ffff 488d 355d 2100 0031  1................L...R..I.......H.5]!..1
2021-03-15T22:19:32.5646909Z 0001cea8: ffe8 d281 feff 488d 358c 2400 0031 ff48 89c3 e8c1 81fe ff48 83ec 08b9 e300 0000 4c8d 0d69 6600 0053  ......H.5.$..1.H.......H........L..if..S
2021-03-15T22:19:32.5647616Z 0001ced0: 4989 c04c 89cf ba59 0000 0048 8d35 3564 0000 31c0 e8a7 89fe ff48 8d35 1421 0000 31ff e889 81fe ff48  I..L...Y...H.55d..1......H.5.!..1......H
2021-03-15T22:19:32.5648312Z 0001cef8: 8d35 4324 0000 31ff 4989 c4e8 7881 feff 4c89 e248 8d35 2666 0000 4889 c731 c0e8 4483 feff 4531 c0b9  .5C$..1.I...x...L..H.5&f..H..1..D...E1..
2021-03-15T22:19:32.5648971Z 0001cf20: c000 0000 ba5a 0000 0048 8d35 e763 0000 488d 3d01 6600 00e8 648a feff 415c 415d 48c7 4424 3000 0000  .....Z...H.5.c..H.=.f...d...A\A]H.D$0...
2021-03-15T22:19:32.5649608Z 0001cf48: 00e9 70fa ffff 488d 35af 2000 0031 ffe8 2481 feff 488d 35de 2300 0031 ff48 89c3 e813 81fe ff48 83ec  ..p...H.5. ..1..$...H.5.#..1.H.......H..
2021-03-15T22:19:32.5650324Z 0001cf70: 08b9 e300 0000 4c8d 0dcb 6500 0053 4989 c04c 89cf babe 0200 0048 8d35 8763 0000 31c0 e8f9 88fe ff48  ......L...e..SI..L.......H.5.c..1......H
2021-03-15T22:19:32.5651033Z 0001cf98: 8d35 6620 0000 31ff e8db 80fe ff48 8d35 9523 0000 31ff 4989 c4e8 ca80 feff 4c89 e248 8d35 8865 0000  .5f ..1......H.5.#..1.I.......L..H.5.e..
2021-03-15T22:19:32.5651708Z 0001cfc0: 4889 c731 c0e8 9682 feff 585a e9b3 f9ff ff45 31c0 b9c0 0000 00ba 0701 0000 488d 3532 6300 0048 8d3d  H..1......XZ.....E1...........H.52c..H.=
2021-03-15T22:19:32.5652414Z 0001cfe8: 3465 0000 e87f 8cfe ffe9 c8f9 ffff 458b 4d00 b9f2 0000 004c 8d05 2022 0000 bae0 0000 0048 8d35 0563  4e............E.M......L.. ".......H.5.c
2021-03-15T22:19:32.5653256Z 0001d010: 0000 488d 3d07 6500 0031 c0e8 7088 feff 418b 7500 488d 3dfb 2100 0031 c0e8 1e88 feff 458b 4d00 b9f2  ..H.=.e..1..p...A.u.H.=.!..1......E.M...
2021-03-15T22:19:32.5654857Z 0001d038: 0000 004c 8d05 e421 0000 ba1d 0100 0048 8d35 c962 0000 488d 3d8b 6400 00eb c24c 8d05 a021 0000 b9f2  ...L...!.......H.5.b..H.=.d....L...!....
2021-03-15T22:19:32.5655571Z 0001d060: 0000 00ba 2101 0000 488d 35a8 6200 0048 8d3d 6a64 0000 e919 f7ff ffe8 e082 feff 488d 357d 1f00 0031  ....!...H.5.b..H.=jd............H.5}...1
2021-03-15T22:19:32.5656653Z 0001d088: ffe8 f27f feff 488d 35ac 2200 0031 ff48 89c3 e8e1 7ffe ffb9 e300 0000 4c8d 0d9d 6400 00ba aa02 0000  ......H.5."..1.H............L...d.......
2021-03-15T22:19:32.5657769Z 0001d0b0: 4153 4989 c04c 89cf 488d 3558 6200 0053 31c0 e8c9 87fe ff48 8d35 361f 0000 31ff e8ab 7ffe ff48 8d35  ASI..L..H.5Xb..S1......H.56...1......H.5
2021-03-15T22:19:32.5658580Z 0001d0d8: 6522 0000 31ff 4989 c4e8 9a7f feff 4c89 e248 8d35 5864 0000 4889 c731 c0e8 6681 feff 5b5d e9bd f8ff  e"..1.I.......L..H.5Xd..H..1..f...[]....
2021-03-15T22:19:32.5659274Z 0001d100: ff66 2e0f 1f84 0000 0000 000f 1f44 0000 c705 f2e3 0000 0100 0000 c30f 1f44 0000 4155 b913 0000 0041  .f...........D...............D..AU.....A
2021-03-15T22:19:32.5659989Z 0001d128: 5455 89fd 5389 f348 81ec 4801 0000 6448 8b04 2528 0000 0048 8984 2438 0100 0031 c049 89e4 4c8d ac24  TU..S..H..H...dH..%(...H..$8...1.I..L..$
2021-03-15T22:19:32.5660655Z 0001d150: a000 0000 4c89 e7f3 48ab 488d 7c24 08e8 fc84 feff 4c89 ea4c 89e6 bf16 0000 0048 8d05 9aff ffff c784  ....L...H.H.|$......L..L.......H........
2021-03-15T22:19:32.5661642Z 0001d178: 2488 0000 0000 0000 0048 8904 24c7 057d e300 0000 0000 00e8 fc7f feff eb1e 662e 0f1f 8400 0000 0000  $........H..$..}..............f.........
2021-03-15T22:19:32.5662683Z 0001d1a0: e85b 7ffe ff83 3804 751a 8b05 5ce3 0000 85c0 7510 89de 89ef e883 88fe ff41 89c4 85c0 75dc 31d2 4c89  .[....8.u...\.....u..........A....u.1.L.
2021-03-15T22:19:32.5663511Z 0001d1c8: eebf 1600 0000 e8bd 7ffe ff48 8b84 2438 0100 0064 482b 0425 2800 0000 7511 4881 c448 0100 0044 89e0  ...........H..$8...dH+.%(...u.H..H...D..
2021-03-15T22:19:32.5664213Z 0001d1f0: 5b5d 415c 415d c3e8 6481 feff 0f1f 4000 4863 ff48 8d05 56eb 0000 c704 b801 0000 00c3 6666 2e0f 1f84  []A\A]..d.....@.Hc.H..V...........ff....
2021-03-15T22:19:32.5664885Z 0001d218: 0000 0000 000f 1f00 53b9 8000 0000 89fb ba59 0000 0048 8d35 1e63 0000 488d 3de5 6400 00e8 707f feff  ........S........Y...H.5.c..H.=.d...p...
2021-03-15T22:19:32.5665486Z 0001d240: 83fb 0274 3383 fb03 0f84 c200 0000 83fb 0174 7db9 8000 0000 ba68 0000 0048 8d35 ee62 0000 5b48 8d3d  ...t3............t}......h...H.5.b..[H.=
2021-03-15T22:19:32.5666114Z 0001d268: b464 0000 e9af 83fe ff0f 1f80 0000 0000 488d 35fb 6200 0031 ffe8 fa7d feff b9a3 0000 00ba 6200 0000  .d..............H.5.b..1...}........b...
2021-03-15T22:19:32.5666782Z 0001d290: 488d 35bb 6200 0049 89c1 4c8d 05be 4e00 0048 8d3d 7864 0000 31c0 e8e1 85fe ff48 8d35 c462 0000 31ff  H.5.b..I..L...N..H.=xd..1......H.5.b..1.
2021-03-15T22:19:32.5667505Z 0001d2b8: e8c3 7dfe ff48 8d3d 9b4e 0000 4889 c631 c0e8 927f feff eb83 488d 3588 6200 0031 ffe8 a27d feff b9a3  ..}..H.=.N..H..1........H.5.b..1...}....
2021-03-15T22:19:32.5668183Z 0001d2e0: 0000 00ba 5f00 0000 488d 3563 6200 0049 89c1 4c8d 0566 4e00 0048 8d3d 2064 0000 31c0 e889 85fe ff48  ...._...H.5cb..I..L..fN..H.= d..1......H
2021-03-15T22:19:32.5668859Z 0001d308: 8d35 5162 0000 eba6 31ff 488d 357a 6200 00e8 627d feff b9b3 0000 004c 8d05 354e 0000 ba65 0000 0049  .5Qb....1.H.5zb...b}.......L..5N...e...I
2021-03-15T22:19:32.5669534Z 0001d330: 89c1 488d 3519 6200 0031 c048 8d3d de63 0000 e849 85fe ff31 ff48 8d35 4362 0000 e82b 7dfe ff48 8d3d  ..H.5.b..1.H.=.c...I...1.H.5Cb...+}..H.=
2021-03-15T22:19:32.5670252Z 0001d358: 034e 0000 4889 c631 c0e8 4a87 feff e9e8 feff ff0f 1f44 0000 4154 b980 0000 00ba 4000 0000 5589 fd48  .N..H..1..J..........D..AT......@...U..H
2021-03-15T22:19:32.5671034Z 0001d380: 8d3d 8a63 0000 5348 89f3 488d 35c1 6100 00e8 1a7e feff 4885 db0f 84d1 0000 008b 03c1 e810 83f8 0175  .=.c..SH..H.5.a....~..H................u
2021-03-15T22:19:32.5671804Z 0001d3a8: 7748 8b43 1045 31e4 4885 c074 1548 8b73 0889 ef45 31e4 ffd0 83f8 ff41 0f94 c441 f7dc e851 7efe ff89  wH.C.E1.H..t.H.s...E1......A...A...Q~...
2021-03-15T22:19:32.5672642Z 0001d3d0: ee89 c7e8 3883 feff 488b 4318 4885 c074 1448 8b73 0889 efff d083 f8ff b8ff ffff ff44 0f44 e045 89e0  ....8...H.C.H..t.H.s.............D.D.E..
2021-03-15T22:19:32.5673821Z 0001d3f8: b980 0000 00ba 5300 0000 488d 3549 6100 0048 8d3d 0063 0000 e85b 88fe ff44 89e0 5b5d 415c c30f 1f00  ......S...H.5Ia..H.=.c...[...D..[]A\....
2021-03-15T22:19:32.5675583Z 0001d420: 4883 ec08 ba43 0000 0045 31e4 41b9 0100 0000 504c 8d05 de61 0000 31c0 b9a3 0000 0048 8d35 0a61 0000  H....C...E1.A.....PL...a..1......H.5.a..
2021-03-15T22:19:32.5676705Z 0001d448: 488d 3dc1 6200 00e8 3c84 feff e8c7 7dfe ff89 ee89 c7e8 ae82 feff 585a eb8f 662e 0f1f 8400 0000 0000  H.=.b...<.....}...........XZ..f.........
2021-03-15T22:19:32.5677636Z 0001d470: e8ab 7dfe ff89 ee45 31e4 89c7 e88f 82fe ffe9 6fff ffff 662e 0f1f 8400 0000 0000 4157 4156 4989 ce41  ..}....E1.........o...f.........AWAVI..A
2021-03-15T22:19:32.5678472Z 0001d498: 5541 bdff 0300 0041 5455 4889 f548 8d35 a660 0000 5389 fb48 8d3d 8162 0000 4989 ef48 83ec 3889 5424  UA.....ATUH..H.5.`..S..H.=.b..I..H..8.T$
2021-03-15T22:19:32.5679466Z 0001d4c0: 144c 8d64 2427 4889 4c24 18b9 8000 0000 8854 2413 ba77 0100 0064 488b 0425 2800 0000 4889 4424 2831  .L.d$'H.L$.......T$..w...dH..%(...H.D$(1
2021-03-15T22:19:32.5680310Z 0001d4e8: c0c6 4424 2700 e8bd 7cfe ff41 c706 0000 0000 48c7 4424 0800 0400 00eb 370f 1f00 ba01 0000 0048 8d35  ..D$'...|..A......H.D$......7........H.5
2021-03-15T22:19:32.5681223Z 0001d510: 9b60 0000 89df e8e5 7cfe ff0f b644 2427 4188 0749 83c7 014c 89e8 4883 e801 0f84 9c00 0000 4c89 6c24  .`......|....D$'A..I...L..H.........L.l$
2021-03-15T22:19:32.5682282Z 0001d538: 0849 89c5 ba01 0000 004c 89e6 89df e825 80fe ff49 89c6 4883 f801 0f85 0002 0000 0fbe 4424 273c 0d0f  .I.......L.....%...I..H...........D$'<..
2021-03-15T22:19:32.5682884Z 0001d560: 8403 0100 003c 0a0f 84fb 0000 0080 7c24 1300 74ac 3b05 16cc 0000 0f84 2002 0000 3b05 1acc 0000 0f84  .....<........|$..t.;....... ...;.......
2021-03-15T22:19:32.5683482Z 0001d588: 3401 0000 3b05 e6cb 0000 0f85 70ff ffff 4c39 fd73 8aba 0300 0000 488d 3502 6000 0089 df49 83ef 01e8  4...;.......p...L9.s......H.5.`....I....
2021-03-15T22:19:32.5684341Z 0001d5b0: 4c7c feff 4c8b 6c24 084c 89e8 4883 e801 0f85 6eff ffff 662e 0f1f 8400 0000 0000 807c 2414 0041 c607  L|..L.l$.L..H.....n...f..........|$..A..
2021-03-15T22:19:32.5684955Z 0001d5d8: 000f 8498 0000 0048 c744 2408 0100 0000 4c39 fd0f 8386 0000 004c 8d25 b35f 0000 eb0f 660f 1f44 0000  .......H.D$.....L9.......L.%._....f..D..
2021-03-15T22:19:32.5685618Z 0001d600: 4983 ef01 4c39 fd73 15ba 0300 0000 4c89 e689 dfe8 e87b feff 4883 f8ff 75e2 4983 feff 0f85 e000 0000  I...L9.s......L......{..H...u.I.........
2021-03-15T22:19:32.5686271Z 0001d628: e8d3 7afe ff83 3804 0f84 4201 0000 488b 4424 18c7 0003 0000 0045 31c0 b980 0000 00ba b101 0000 488d  ..z...8...B...H.D$.......E1...........H.
2021-03-15T22:19:32.5686890Z 0001d650: 35fd 5e00 0048 8d3d db60 0000 e80f 7bfe ff31 c0eb 350f 1f00 807c 2414 0041 c607 000f 8571 ffff ff49  5.^..H.=.`....{..1..5....|$..A.....q...I
2021-03-15T22:19:32.5687504Z 0001d678: 89e8 b980 0000 00ba ba01 0000 488d 35c7 5e00 0048 8d3d a560 0000 e879 7bfe ff48 89e8 488b 5c24 2864  ............H.5.^..H.=.`...y{..H..H.\$(d
2021-03-15T22:19:32.5688381Z 0001d6a0: 482b 1c25 2800 0000 0f85 0701 0000 4883 c438 5b5d 415c 415d 415e 415f c30f 1f00 4c39 fd73 294c 8d2d  H+.%(.........H..8[]A\A]A^A_....L9.s)L.-
2021-03-15T22:19:32.5689049Z 0001d6c8: df5e 0000 eb0b 6690 4983 ef01 4939 ef74 15ba 0300 0000 4c89 ee89 dfe8 187b feff 4883 f8ff 75e2 4989  .^....f.I...I9.t......L......{..H...u.I.
2021-03-15T22:19:32.5689968Z 0001d6f0: ef41 bd00 0400 00b8 ff03 0000 e933 feff ff0f 1f80 0000 0000 4d85 f60f 8566 ffff ff48 817c 2408 0004  .A...........3..........M....f...H.|$...
2021-03-15T22:19:32.5690820Z 0001d718: 0000 0f85 57ff ffff 488b 4424 1845 31c0 b980 0000 00ba b601 0000 488d 3519 5e00 0048 8d3d f75f 0000  ....W...H.D$.E1...........H.5.^..H.=._..
2021-03-15T22:19:32.5692098Z 0001d740: c700 0200 0000 e825 7afe ff31 c0e9 48ff ffff 660f 1f44 0000 807c 2414 0041 c607 000f 84b7 feff ff4c  .......%z..1..H...f..D...|$..A.........L
2021-03-15T22:19:32.5692786Z 0001d768: 39fd 0f82 81fe ffff e9a9 feff ff0f 1f00 8b05 1ae6 0000 83f8 010f 85ba feff ff48 8b44 2418 c700 0100  9..............................H.D$.....
2021-03-15T22:19:32.5693834Z 0001d790: 0000 e9aa feff ff66 0f1f 8400 0000 0000 41c6 0700 4531 f64c 39fd 0f82 41fe ffff e95c ffff ffe8 a67b  .......f........A...E1.L9...A....\.....{
2021-03-15T22:19:32.5694964Z 0001d7b8: feff 660f 1f44 0000 4157 4156 4155 4154 5548 89cd b980 0000 0053 4881 ec78 0700 0048 897c 2460 488d  ..f..D..AWAVAUATUH.......SH..x...H.|$`H.
2021-03-15T22:19:32.5695673Z 0001d7e0: 3d6b 5f00 0089 7424 6c48 8d35 625d 0000 8954 2410 ba7a 0000 0064 488b 0425 2800 0000 4889 8424 6807  =k_...t$lH.5b]...T$..z...dH..%(...H..$h.
2021-03-15T22:19:32.5696266Z 0001d808: 0000 31c0 e89f 79fe ff48 8b3d 48c9 0000 e893 7ffe ff48 833d 1be5 0000 000f 84b4 0600 004c 8d35 2ee5  ..1...y..H.=H........H.=...........L.5..
2021-03-15T22:19:32.5696968Z 0001d830: 0000 41bf 0100 0000 0f1f 8400 0000 0000 8b44 2410 a806 0f84 fc03 0000 c744 2414 ffff ffff 83e0 0441  ..A..............D$..........D$........A
2021-03-15T22:19:32.5697595Z 0001d858: 89c5 4585 ed0f 85de 0400 0031 c00f 1f00 4863 d083 c001 41c7 0496 0000 0000 83f8 4175 ed8b 4424 1489  ..E........1....Hc....A.........Au..D$..
2021-03-15T22:19:32.5698195Z 0001d880: 4424 1889 c383 f8ff 750f 8364 2410 f731 dbc7 4424 1802 0000 008b 4424 10c6 4424 6b00 c644 240c 0089  D$......u..d$..1..D$......D$..D$k..D$...
2021-03-15T22:19:32.5698832Z 0001d8a8: c183 e101 894c 241c 0f84 0a03 0000 4c8d a424 9000 0000 31c0 b913 0000 004c 89e7 f348 ab48 8dbc 2498  .....L$.......L..$....1......L...H.H..$.
2021-03-15T22:19:32.5699426Z 0001d8d0: 0000 00e8 887d feff 488d 0521 f9ff ff4c 89e6 bf0e 0000 0048 8984 2490 0000 0048 8d84 2430 0100 0048  .....}..H..!...L.......H..$....H..$0...H
2021-03-15T22:19:32.5699990Z 0001d8f8: 89c2 4889 4424 58c7 8424 1801 0000 0000 0000 e881 78fe ff48 8d84 24d0 0100 004c 89e6 bf02 0000 0048  ..H.D$X..$..........x..H..$....L.......H
2021-03-15T22:19:32.5700611Z 0001d920: 89c2 4889 4424 48e8 6478 feff 488d 8424 7002 0000 4c89 e6bf 0100 0000 4889 c248 8944 2438 e847 78fe  ..H.D$H.dx..H..$p...L.......H..H.D$8.Gx.
2021-03-15T22:19:32.5701227Z 0001d948: ff48 8d84 2410 0300 004c 89e6 bf03 0000 0048 89c2 4889 4424 28e8 2a78 feff 488d 8424 b003 0000 4c89  .H..$....L.......H..H.D$(.*x..H..$....L.
2021-03-15T22:19:32.5701857Z 0001d970: e6bf 0f00 0000 4889 c248 8944 2450 e80d 78fe ff48 8d84 2450 0400 004c 89e6 bf14 0000 0048 89c2 4889  ......H..H.D$P..x..H..$P...L.......H..H.
2021-03-15T22:19:32.5702490Z 0001d998: 4424 40e8 f077 feff 488d 8424 f004 0000 4c89 e6bf 1500 0000 4889 c248 8944 2430 e8d3 77fe ff48 8d84  D$@..w..H..$....L.......H..H.D$0..w..H..
2021-03-15T22:19:32.5703210Z 0001d9c0: 2490 0500 004c 89e6 bf16 0000 0048 89c2 4889 4424 20e8 b677 feff f644 2410 2074 0b83 7c24 1802 0f85  $....L.......H..H.D$ ..w...D$. t..|$....
2021-03-15T22:19:32.5703847Z 0001d9e8: 9b02 0000 4883 7c24 6000 7426 4c8b 6424 604c 89e7 e80f 79fe ff8b 7c24 184c 89e6 4889 c2e8 f077 feff  ....H.|$`.t&L.d$`L....y...|$.L..H....w..
2021-03-15T22:19:32.5704491Z 0001da10: 4883 f8ff 0f84 8c02 0000 8b54 246c 85d2 7e09 8b7c 246c e8a5 7afe ff0f b654 240c 488d 4c24 7c48 8d35  H..........T$l..~..|$l..z....T$.H.L$|H.5
2021-03-15T22:19:32.5705195Z 0001da38: 04df 0000 89df e84d faff ff31 ff49 89c4 e883 7afe ffe8 ae76 feff 8b00 8944 240c 4d85 e40f 84c3 0100  .......M...1.I....z....v.....D$.M.......
2021-03-15T22:19:32.5705874Z 0001da60: 0080 7c24 6b00 0f85 b801 0000 8b7c 247c e8ab f7ff ff48 8b74 2458 31d2 bf0e 0000 00e8 0a77 feff 488b  ..|$k........|$|.....H.t$X1........w..H.
2021-03-15T22:19:32.5706985Z 0001da88: 7424 4831 d2bf 0200 0000 e8f9 76fe ff48 8b74 2438 31d2 bf01 0000 00e8 e876 feff 488b 7424 2831 d2bf  t$H1........v..H.t$81........v..H.t$(1..
2021-03-15T22:19:32.5708385Z 0001dab0: 0300 0000 e8d7 76fe ff48 8b74 2450 31d2 bf0f 0000 00e8 c676 feff 488b 7424 4031 d2bf 1400 0000 e8b5  ......v..H.t$P1........v..H.t$@1........
2021-03-15T22:19:32.5709043Z 0001dad8: 76fe ff48 8b74 2430 31d2 bf15 0000 00e8 a476 feff 488b 7424 2031 d2bf 1600 0000 e893 76fe ff8b 4424  v..H.t$01........v..H.t$ 1........v...D$
2021-03-15T22:19:32.5710008Z 0001db00: 1c85 c00f 846d 0100 008b 4424 1483 f8ff 7407 89c7 e8d7 79fe ff31 dbeb 270f 1f00 418d 45ec 83f8 0277  .....m....D$....t.....y..1..'...A.E....w
2021-03-15T22:19:32.5710874Z 0001db28: 3748 89ee 4489 efe8 3cf8 ffff 85c0 410f 44df 4183 c501 4183 fd41 743c 4963 c541 8b04 8685 c074 eb41  7H..D...<.....A.D.A...A..At<Ic.A.....t.A
2021-03-15T22:19:32.5711629Z 0001db50: 83fd 0e75 cb41 bd0f 0000 00eb e70f 1f00 e8bb 76fe ff44 89ee 4183 c501 89c7 e89d 7bfe ff41 83fd 4175  ...u.A............v..D..A.......{..A..Au
2021-03-15T22:19:32.5712373Z 0001db78: cb0f 1f80 0000 0000 84db 0f85 b8fc ffff 8b5c 240c 85db 7407 e86b 75fe ff89 184d 89e0 b980 0000 00ba  .................\$...t..ku....M........
2021-03-15T22:19:32.5713023Z 0001dba0: 1a01 0000 488d 35a7 5900 0048 8d3d 9e5b 0000 e859 76fe ffe9 2a01 0000 0f1f 4000 83e0 0844 896c 2420  ....H.5.Y..H.=.[...Yv...*.....@....D.l$ 
2021-03-15T22:19:32.5713815Z 0001dbc8: 4189 c4eb 340f 1f00 e8cb 7cfe ff41 89c5 8844 240c 4584 ed75 34e8 1a75 feff 8338 0475 2a48 89ee bf16  A...4.....|..A...D$.E..u4..u...8.u*H....
2021-03-15T22:19:32.5714577Z 0001dbf0: 0000 00e8 78f7 ffff 83f8 ff0f 84b5 0000 0089 df45 85e4 75c8 e873 76fe ff41 89c5 4584 ed74 cc44 886c  ....x..............E..u..sv..A..E..t.D.l
2021-03-15T22:19:32.5715298Z 0001dc18: 246b 448b 6c24 20e9 92fc ffff 8b7c 2418 ba01 0000 0048 8d35 0614 0000 e8c7 75fe ff48 83f8 ff0f 8529  $kD.l$ ......|$......H.5......u..H.....)
2021-03-15T22:19:32.5716357Z 0001dc40: feff ffe9 2dfe ffff be02 0000 0048 8d3d dc13 0000 31c0 e815 7efe ff89 4424 1483 f8ff 0f84 aa00 0000  ....-........H.=....1...~...D$..........
2021-03-15T22:19:32.5717083Z 0001dc68: 448b 6c24 1041 83e5 04e9 e4fb ffff be01 0000 0089 dfe8 6e79 feff e982 feff ff8b 7c24 18ba 0100 0000  D.l$.A................ny........|$......
2021-03-15T22:19:32.5717813Z 0001dc90: 488d 357b 5900 00e8 6475 feff 4883 f8ff 0f85 46fd ffff c744 240c 0000 0000 4531 e4e9 bffd ffff 8b44  H.5{Y...du..H.....F....D$.....E1.......D
2021-03-15T22:19:32.5718498Z 0001dcb8: 2414 83f8 ff0f 8505 0200 0045 31c0 b980 0000 00ba c000 0000 4531 e448 8d35 7858 0000 488d 3d6f 5a00  $..........E1...........E1.H.5xX..H.=oZ.
2021-03-15T22:19:32.5719118Z 0001dce0: 00e8 1a79 feff 488b 8424 6807 0000 6448 2b04 2528 0000 000f 85c5 0400 0048 81c4 7807 0000 4c89 e05b  ...y..H..$h...dH+.%(.........H..x...L..[
2021-03-15T22:19:32.5719745Z 0001dd08: 5d41 5c41 5d41 5e41 5fc3 8b44 2410 a811 0f85 b601 0000 4883 3d1a e000 0000 0f84 a404 0000 488d 3d8b  ]A\A]A^A_..D$.........H.=...........H.=.
2021-03-15T22:19:32.5722811Z 0001dd30: 5800 00e8 b8c0 feff 4885 c00f 848f 0400 0048 8b2d f8df 0000 4885 ed0f 84fd 0400 0080 7d00 000f 84f3  X.......H........H.-....H.........}.....
2021-03-15T22:19:32.5723484Z 0001dd58: 0400 00ba 2801 0000 488d 35eb 5700 00b9 8000 0000 488d 3dcd 5900 004c 8da4 2430 0600 00e8 3074 feff  ....(...H.5.W.......H.=.Y..L..$0....0t..
2021-03-15T22:19:32.5724296Z 0001dd80: 31c0 b913 0000 004c 89e7 f348 ab4c 8dac 24d0 0600 0048 8dbc 2438 0600 00e8 be78 feff 4c89 e6bf 1100  1......L...H.L..$....H..$8.....x..L.....
2021-03-15T22:19:32.5725027Z 0001dda8: 0000 4c89 eac7 8424 b806 0000 0000 0010 48c7 8424 3006 0000 0000 0000 e8c7 73fe ff48 8dbc 2488 0000  ..L....$........H..$0.........s..H..$...
2021-03-15T22:19:32.5725778Z 0001ddd0: 00be 0000 0800 e8a5 7dfe ff83 f8ff 0f84 9e03 0000 e8e7 7cfe ff89 c383 f8ff 0f84 3803 0000 8bbc 248c  ........}.............|.........8.....$.
2021-03-15T22:19:32.5726531Z 0001ddf8: 0000 0085 c00f 850e 0100 0031 d2be 0100 0000 e861 74fe ff83 f8ff 0f84 d602 0000 31ff e8f1 7dfe ff83  ...........1.......at...........1...}...
2021-03-15T22:19:32.5727229Z 0001de20: f8ff 0f84 8802 0000 bf03 0000 00e8 4e7e feff e879 64ff ffe8 d45f ffff 8b3d 46e0 0000 e8b9 7bfe ff85  ..............N~...yd...._...=F.....{...
2021-03-15T22:19:32.5728042Z 0001de48: c00f 8514 0200 008b 3d2b e000 00e8 b67d feff 85c0 0f84 9001 0000 8b1d 18e0 0000 488d 357a 5700 0031  ........=+.....}................H.5zW..1
2021-03-15T22:19:32.5729560Z 0001de70: ffe8 0a72 feff b9b3 0000 0048 8d35 d056 0000 ba4b 0100 0049 89c0 4189 d948 8d3d ac58 0000 31c0 e8f5  ...r.......H.5.V...K...I..A..H.=.X..1...
2021-03-15T22:19:32.5730977Z 0001de98: 79fe ff8b 2ddf df00 0048 8d35 4157 0000 31ff e8d1 71fe ff89 ee48 89c7 31c0 e8f5 7bfe ffbf ff00 0000  y...-....H.5AW..1...q....H..1...{.......
2021-03-15T22:19:32.5731921Z 0001dec0: e87b 72fe ff0f 1f00 89c7 e821 76fe ffe9 effd ffff 83e0 0441 89c5 e97b f9ff ff48 8d3d cb56 0000 e805  .{r........!v..........A...{...H.=.V....
2021-03-15T22:19:32.5733243Z 0001dee8: bffe ff48 8905 4ede 0000 4885 c074 0980 3800 0f85 2bf9 ffff e8bb 79fe ff48 8905 34de 0000 e91a f9ff  ...H..N...H..t..8...+.....y..H..4.......
2021-03-15T22:19:32.5733995Z 0001df10: ffe8 da75 feff 8bbc 2488 0000 0031 d248 8d8c 2480 0000 0048 8d35 12d6 0000 488d ac24 8400 0000 e855  ...u....$....1.H..$....H.5....H..$.....U
2021-03-15T22:19:32.5734857Z 0001df38: f5ff ff8b bc24 8800 0000 4889 05d7 d500 00e8 a275 feff 8bbc 2480 0000 00e8 c6f2 ffff 31d2 4889 ee89  .....$....H........u....$.........1.H...
2021-03-15T22:19:32.5735691Z 0001df60: dfe8 aa7a feff 83f8 ff74 6a80 bc24 8400 0000 7f74 e54c 8b25 a4d5 0000 4d85 e474 6431 d24c 89ee bf11  ...z.....tj..$.....t.L.%....M..td1.L....
2021-03-15T22:19:32.5736542Z 0001df88: 0000 00e8 0072 feff 4d89 e0b9 8000 0000 ba6a 0100 0048 8d35 ae55 0000 488d 3d95 5700 00e8 6072 feff  .....r..M........j...H.5.U..H.=.W...`r..
2021-03-15T22:19:32.5737270Z 0001dfb0: 4d89 e0b9 8000 0000 ba99 0000 0048 8d35 8e55 0000 488d 3d85 5700 00e8 4072 feff e911 fdff ffe8 2671  M............H.5.U..H.=.W...@r........&q
2021-03-15T22:19:32.5738139Z 0001dfd8: feff 8338 040f 8477 ffff ffeb 90e8 1671 feff c700 0400 0000 eb8f e8e9 5fff ff48 8b54 2460 31c9 4889  ...8...w.......q............_..H.T$`1.H.
2021-03-15T22:19:32.5739141Z 0001e000: ee48 89ef 31c0 e855 7cfe ff48 8d35 ef55 0000 31ff e867 70fe ff49 89e9 b9b3 0000 00ba 5001 0000 4989  .H..1..U|..H.5.U..1..gp..I........P...I.
2021-03-15T22:19:32.5740141Z 0001e028: c048 8d35 2255 0000 488d 3d09 5700 0031 c0e8 5278 feff 488d 35bc 5500 0031 ffe8 3470 feff 4889 ee48  .H.5"U..H.=.W..1..Rx..H.5.U..1..4p..H..H
2021-03-15T22:19:32.5741037Z 0001e050: 89c7 31c0 e857 7afe ffbf ff00 0000 e8dd 70fe ff8b 1d1f de00 0048 8d35 6155 0000 31ff e809 70fe ffb9  ..1..Wz.........p........H.5aU..1...p...
2021-03-15T22:19:32.5742176Z 0001e078: b300 0000 488d 35cf 5400 00ba 4701 0000 4989 c041 89d9 488d 3dab 5600 0031 c0e8 f477 feff 8b2d e6dd  ....H.5.T...G...I..A..H.=.V..1...w...-..
2021-03-15T22:19:32.5742956Z 0001e0a0: 0000 488d 3528 5500 00e9 fafd ffff 6690 31c0 4531 c9b9 b300 0000 ba3f 0100 004c 8d05 0055 0000 488d  ..H.5(U.......f.1.E1.......?...L...U..H.
2021-03-15T22:19:32.5744139Z 0001e0c8: 3585 5400 0048 8d3d 6c56 0000 e8b7 77fe ff31 f648 8d3d e454 0000 31c0 e8c7 79fe ffe9 3afd ffff 4c8d  5.T..H.=lV....w..1.H.=.T..1...y...:...L.
2021-03-15T22:19:32.5745529Z 0001e0f0: 059f 1500 00b9 b300 0000 31c0 ba3b 0100 0048 8d35 4a54 0000 488d 3d31 5600 00e8 7c77 feff 488d 3d79  ..........1..;...H.5JT..H.=1V...|w..H.=y
2021-03-15T22:19:32.5746264Z 0001e118: 1500 0031 c0e8 8e79 feff bfff 0000 00e8 1470 feff 488d 3552 1500 0031 ffe8 466f feff b9b2 0000 00ba  ...1...y.........p..H.5R...1..Fo........
2021-03-15T22:19:32.5747340Z 0001e140: 3601 0000 488d 3507 5400 0049 89c1 4c8d 050a 4000 0048 8d3d e455 0000 31c0 e82d 77fe ff48 8d35 1b15  6...H.5.T..I..L...@..H.=.U..1..-w..H.5..
2021-03-15T22:19:32.5748059Z 0001e168: 0000 31ff e80f 6ffe ff48 8d3d e73f 0000 4889 c631 c0e8 ce76 feff 488d 35e6 1400 0031 ffe8 f06e feff  ..1...o..H.=.?..H..1...v..H.5....1...n..
2021-03-15T22:19:32.5748815Z 0001e190: b9b2 0000 00ba 3201 0000 488d 35b1 5300 0049 89c1 4c8d 05b4 3f00 0048 8d3d 8e55 0000 31c0 e8d7 76fe  ......2...H.5.S..I..L...?..H.=.U..1...v.
2021-03-15T22:19:32.5749544Z 0001e1b8: ff48 8d35 af14 0000 eba8 e899 71fe ff66 0f1f 8400 0000 0000 488d 3579 5400 0031 ff45 31e4 e89f 6efe  .H.5........q..f........H.5yT..1.E1...n.
2021-03-15T22:19:32.5750344Z 0001e1e0: ffb9 a300 0000 4c8d 0572 3f00 00ba 8c00 0000 4989 c148 8d35 5653 0000 488d 3d4d 5500 0031 c0e8 8676  ......L..r?.......I..H.5VS..H.=MU..1...v
2021-03-15T22:19:32.5751036Z 0001e208: feff 488d 353f 5400 0031 ffe8 686e feff 488d 3d40 3f00 0048 89c6 31c0 e837 70fe ff45 31c0 b980 0000  ..H.5?T..1..hn..H.=@?..H..1..7p..E1.....
2021-03-15T22:19:32.5752068Z 0001e230: 00ba 8e00 0000 488d 3515 5300 0048 8d3d 0c55 0000 e827 6ffe ffe9 98fa ffff 488d 3583 5400 0031 ffe8  ......H.5.S..H.=.U...'o.......H.5.T..1..
2021-03-15T22:19:32.5752735Z 0001e258: 246e feff b9a2 0000 004c 8d05 f73e 0000 ba97 0000 0049 89c1 488d 35db 5200 0048 8d3d d254 0000 31c0  $n.......L...>.......I..H.5.R..H.=.T..1.
2021-03-15T22:19:32.5753589Z 0001e280: e80b 76fe ff48 8d35 4c54 0000 31ff e8ed 6dfe ff48 8d3d c53e 0000 4889 c631 c0e8 7c72 feff 662e 0f1f  ..v..H.5LT..1...m..H.=.>..H..1..|r..f...
2021-03-15T22:19:32.5754403Z 0001e2a8: 8400 0000 0000 6690 4157 4156 4155 4154 5553 4881 ec58 0400 0066 0f6f 05f7 5400 0048 897c 2410 4c8d  ......f.AWAVAUATUSH..X...f.o..T..H.|$.L.
2021-03-15T22:19:32.5755309Z 0001e2d0: 7c24 3048 8974 2418 6448 8b04 2528 0000 0048 8984 2448 0400 0031 c00f 1144 2430 e80b 6efe ffb9 4003  |$0H.t$.dH..%(...H..$H...1...D$0..n...@.
2021-03-15T22:19:32.5755971Z 0001e2f8: 0000 bac9 0000 0048 8d35 5354 0000 4889 c38b 0048 8d3d 8e54 0000 8944 240c e895 6efe ff31 c0be 0000  .......H.5ST..H....H.=.T...D$...n..1....
2021-03-15T22:19:32.5756714Z 0001e320: 0200 4c89 ffe8 4677 feff 83f8 ff0f 846d 0100 004c 8d64 2440 4189 c548 8dac 2440 0400 004d 89e6 4889  ..L...Fw.......m...L.d$@A..H..$@...M..H.
2021-03-15T22:19:32.5757509Z 0001e348: ea4c 89f6 4489 ef4c 29f2 e819 72fe ff48 85c0 0f84 c000 0000 4883 f8ff 0f84 9600 0000 4901 c649 39ee  .L..D..L)...r..H........H.........I..I9.
2021-03-15T22:19:32.5758339Z 0001e370: 72d4 660f 1f44 0000 c703 0200 0000 4489 efe8 6a71 feff 4d89 f94c 8d05 eb53 0000 31c0 4531 e4b9 7303  r.f..D........D...jq..M..L...S..1.E1..s.
2021-03-15T22:19:32.5759126Z 0001e398: 0000 ba0c 0100 0048 8d35 b353 0000 488d 3df3 5300 00e8 de74 feff 4d89 e0b9 4003 0000 ba0f 0100 0048  .......H.5.S..H.=.S....t..M...@........H
2021-03-15T22:19:32.5759818Z 0001e3c0: 8d35 9353 0000 488d 3dd3 5300 00e8 9e6d feff 488b 8424 4804 0000 6448 2b04 2528 0000 000f 8554 0100  .5.S..H.=.S....m..H..$H...dH+.%(.....T..
2021-03-15T22:19:32.5760483Z 0001e3e8: 0048 81c4 5804 0000 4c89 e05b 5d41 5c41 5d41 5e41 5fc3 6690 8b03 83f8 0b0f 843b ffff ff83 f804 0f85  .H..X...L..[]A\A]A^A_.f........;........
2021-03-15T22:19:32.5761568Z 0001e410: 64ff ffff e92d ffff ff0f 1f80 0000 0000 4c89 f231 f64c 89e7 4c29 e2e8 3071 feff 4885 c00f 853f ffff  d....-..........L..1.L..L)..0q..H....?..
2021-03-15T22:19:32.5762296Z 0001e438: ff41 c606 00be 2900 0000 4c89 e7e8 a66f feff 4889 c548 85c0 0f84 22ff ffff 0fb6 5501 488d 4001 4889  .A....)...L....o..H..H....".....U.H.@.H.
2021-03-15T22:19:32.5763227Z 0001e460: eebf 0100 0000 84d2 751c e909 ffff ff90 0fb6 5001 488d 4801 4889 c684 d20f 84f5 feff ff48 89c8 80fa  ........u.........P.H.H.H..........H....
2021-03-15T22:19:32.5764143Z 0001e488: 2075 e583 c701 c600 0083 ff07 741a 488d 6e02 ebd4 0f1f 4000 c703 0200 0000 e9db feff ff0f 1f44 0000   u..........t.H.n.....@..............D..
2021-03-15T22:19:32.5765163Z 0001e4b0: 488d 4c24 28ba ffff ff7f 48c7 c600 0000 8048 89ef e8a7 72fe ff49 89c4 488b 4424 2848 85c0 742d 50ba  H.L$(.....H......H....r..I..H.D$(H..t-P.
2021-03-15T22:19:32.5765849Z 0001e4d8: ef00 0000 31c0 4d89 f955 4c8d 057c 5200 00b9 6203 0000 488d 3564 5200 0048 8d3d a452 0000 e88f 73fe  ....1.M..UL..|R...b...H.5dR..H.=.R....s.
2021-03-15T22:19:32.5766578Z 0001e500: ff58 5a45 85e4 0f84 6cfe ffff 8b44 240c 488b 5424 1844 89e7 488b 7424 1089 03e8 dc72 feff 4489 ef49  .XZE....l....D$.H.T$.D..H.t$.....r..D..I
2021-03-15T22:19:32.5767414Z 0001e528: 89c4 e8c1 6ffe ff4d 85e4 0f85 7afe ffff e949 feff ffe8 1e6e feff 662e 0f1f 8400 0000 0000 0f1f 4000  ....o..M....z....I.....n..f...........@.
2021-03-15T22:19:32.5768137Z 0001e550: 5348 8d35 7852 0000 4889 fbb9 8003 0000 488d 3d89 5200 00ba 8800 0000 4883 ec20 6448 8b04 2528 0000  SH.5xR..H.......H.=.R.......H.. dH..%(..
2021-03-15T22:19:32.5768849Z 0001e578: 0048 8944 2418 31c0 e82b 6cfe ff31 f648 89e7 e8c1 6efe ff85 c075 1548 8b04 2489 8354 0100 0048 8b44  .H.D$.1..+l..1.H....n....u.H..$..T...H.D
2021-03-15T22:19:32.5769548Z 0001e5a0: 2408 8983 5801 0000 b980 0300 00ba 9300 0000 488d 3517 5200 0048 8d3d 3052 0000 e85b 70fe ff48 8b44  $...X.............H.5.R..H.=0R...[p..H.D
2021-03-15T22:19:32.5770227Z 0001e5c8: 2418 6448 2b04 2528 0000 0075 0648 83c4 205b c3e8 806d feff 4157 bac7 0000 0041 5649 89ce b980 0300  $.dH+.%(...u.H.. [...m..AW.....AVI......
2021-03-15T22:19:32.5771208Z 0001e5f0: 0041 554c 8d2d df51 0000 4154 4989 fc48 8d3d 1a52 0000 5548 89f5 488d 35bf 5100 0048 81ec 9001 0000  .AUL.-.Q..ATI..H.=.R..UH..H.5.Q..H......
2021-03-15T22:19:32.5771960Z 0001e618: 6448 8b04 2528 0000 0048 8984 2488 0100 0031 c0e8 806b feff 4889 eeb9 0500 0000 4c89 eff3 a648 8d55  dH..%(...H..$....1...k..H.......L....H.U
2021-03-15T22:19:32.5772750Z 0001e640: 050f 97c0 1c00 84c0 480f 44ea e8ff 6ffe ff4d 85e4 0f84 1602 0000 4c89 e64c 89ef b905 0000 0049 89e5  ........H.D...o..M........L..L.......I..
2021-03-15T22:19:32.5773495Z 0001e668: f3a6 498d 5424 05b9 3000 0000 4c89 ef4c 8d7c 2408 0f97 c01c 0084 c04c 0f44 e231 c0ba 2000 0000 f348  ..I.T$..0...L..L.|$........L.D.1.. ....H
2021-03-15T22:19:32.5775557Z 0001e690: ab4c 89ff 4c89 e6e8 846a feff 4c89 efe8 1c6b feff b980 0300 00ba 9d00 0000 488d 351b 5100 0049 89c4  .L..L....j..L....k............H.5.Q..I..
2021-03-15T22:19:32.5777013Z 0001e6b8: 488d 3d51 5100 00e8 ec6a feff 4d85 e40f 84c8 0100 004d 39ec 740e b930 0000 004c 89ef 4c89 e6f3 48a5  H.=QQ....j..M........M9.t..0...L..L...H.
2021-03-15T22:19:32.5778252Z 0001e6e0: 4d85 f60f 8527 0100 00ba 2000 0000 4889 ee4c 89ff e827 6afe ffb9 8003 0000 ba68 0000 0048 8d35 c650  M....'.... ...H..L...'j........h...H.5.P
2021-03-15T22:19:32.5779091Z 0001e708: 0000 488d 3def 5000 00e8 9a6a feff 6681 7c24 0874 740f 840d 0100 004c 89ff e8e5 6bfe ff48 89c2 4883  ..H.=.P....j..f.|$.tt......L....k..H..H.
2021-03-15T22:19:32.5780024Z 0001e730: f804 760a 4d8d 7c07 fcba 0400 0000 488d 7c24 28b9 0400 0000 4c89 fee8 9071 feff b980 0300 00ba 7d00  ..v.M.|.......H.|$(.....L....q........}.
2021-03-15T22:19:32.5780926Z 0001e758: 0000 488d 356f 5000 0048 8d3d 9850 0000 e8b3 6efe ffe8 ae6a feff 4c89 ef89 4424 04e8 d2fd ffff b980  ..H.5oP..H.=.P....n....j..L...D$........
2021-03-15T22:19:32.5781703Z 0001e780: 0300 00ba b500 0000 488d 3541 5000 00b8 0700 0000 488d 3d75 5000 0066 8904 24e8 7c6e feff 4c89 efe8  ........H.5AP.......H.=uP..f..$.|n..L...
2021-03-15T22:19:32.5782479Z 0001e7a8: f46d feff 4885 c041 0f95 c4e8 d86a feff 4589 e0b9 8003 0000 badb 0000 0041 83e0 0148 8d35 0050 0000  .m..H..A.....j..E............A...H.5.P..
2021-03-15T22:19:32.5783333Z 0001e7d0: 488d 3d49 5000 00e8 c471 feff 488b 8424 8801 0000 6448 2b04 2528 0000 000f 8540 0100 0048 81c4 9001  H.=IP....q..H..$....dH+.%(.....@...H....
2021-03-15T22:19:32.5784009Z 0001e7f8: 0000 4489 e05d 415c 415d 415e 415f c366 0f1f 8400 0000 0000 488d 7c24 2cba 2000 0000 4c89 f6e8 fe68  ..D..]A\A]A^A_.f........H.|$,. ...L....h
2021-03-15T22:19:32.5784717Z 0001e820: feff e9c2 feff ff66 0f1f 8400 0000 0000 807c 240a 790f 85e8 feff ff41 807c 2428 7475 1d41 807c 2429  .......f.........|$.y......A.|$(tu.A.|$)
2021-03-15T22:19:32.5785504Z 0001e848: 7475 1541 807c 242a 790f 84cc feff ff66 0f1f 8400 0000 0000 4c8d 7c24 0be9 b9fe ffff 660f 1f44 0000  tu.A.|$*y......f........L.|$......f..D..
2021-03-15T22:19:32.5786214Z 0001e870: b980 0300 00ba 9d00 0000 4989 e548 8d35 4c4f 0000 488d 3d85 4f00 00e8 2069 feff 4c8d 7c24 08b9 3000  ..........I..H.5LO..H.=.O... i..L.|$..0.
2021-03-15T22:19:32.5786970Z 0001e898: 0000 31c0 4c89 efba 2000 0000 f348 ab48 8d7c 242c 4d85 f674 3f4c 89f6 e867 68fe ff48 89ee 4c89 ffba  ..1.L... ....H.H.|$,M..t?L...gh..H..L...
2021-03-15T22:19:32.5787682Z 0001e8c0: 2000 0000 e857 68fe ffb9 8003 0000 ba68 0000 0048 8d35 f64e 0000 488d 3d1f 4f00 00e8 ca68 feff e938   ....Wh........h...H.5.N..H.=.O....h...8
2021-03-15T22:19:32.5788445Z 0001e8e8: feff ff0f 1f44 0000 488b 35c1 d500 00e8 2468 feff 4c89 ffba 2000 0000 4889 eee8 1468 feff b980 0300  .....D..H.5.....$h..L... ...H....h......
2021-03-15T22:19:32.5789340Z 0001e910: 00ba 6800 0000 488d 35b3 4e00 0048 8d3d dc4e 0000 4c8d 7c24 08e8 8268 feff e9f0 fdff ffe8 286a feff  ..h...H.5.N..H.=.N..L.|$...h........(j..
2021-03-15T22:19:32.5791007Z 0001e938: 0f1f 8400 0000 0000 4154 b980 0300 00ba e300 0000 5548 89fd 488d 3d89 4e00 0053 89f3 488d 356f 4e00  ........AT..........UH..H.=.N..S..H.5oN.
2021-03-15T22:19:32.5792107Z 0001e960: 0048 81ec 9001 0000 6448 8b04 2528 0000 0048 8984 2488 0100 0031 c049 89e4 e82d 68fe ff48 89ee b905  .H......dH..%(...H..$....1.I...-h..H....
2021-03-15T22:19:32.5793255Z 0001e988: 0000 0048 8d3d 474e 0000 f3a6 488d 5505 b930 0000 004c 89e7 0f97 c01c 0084 c048 0f44 ea31 c0ba 2000  ...H.=GN....H.U..0...L.........H.D.1.. .
2021-03-15T22:19:32.5794206Z 0001e9b0: 0000 f348 ab48 8d7c 2408 4889 eee8 5e67 feff 4c89 e7e8 f667 feff 4885 c00f 84ad 0000 0089 d966 0fef  ...H.H.|$.H...^g..L....g..H..........f..
2021-03-15T22:19:32.5795256Z 0001e9d8: c048 89c5 89da 83e1 7f0f 1140 2c31 f683 e27f 0f11 403c 83c1 01b8 0800 0000 4889 ef80 f901 6689 4500  .H.........@,1......@<........H.....f.E.
2021-03-15T22:19:32.5796010Z 0001ea00: 89d8 0f4e d666 c1e8 0883 e37f 0f45 c666 8995 4c01 0000 6689 854e 0100 00e8 2efb ffff 4889 efe8 766b  ...N.f.......E.f..L...f..N........H...vk
2021-03-15T22:19:32.5796863Z 0001ea28: feff 4885 c041 0f95 c041 0f95 c445 0fb6 c0b9 8003 0000 baf8 0000 0048 8d35 864d 0000 488d 3d8f 4d00  ..H..A...A...E.............H.5.M..H.=.M.
2021-03-15T22:19:32.5797564Z 0001ea50: 00e8 4a6f feff 488b 8424 8801 0000 6448 2b04 2528 0000 0075 1f48 81c4 9001 0000 4489 e05b 5d41 5cc3  ..Jo..H..$....dH+.%(...u.H......D..[]A\.
2021-03-15T22:19:32.5798420Z 0001ea78: 0f1f 8400 0000 0000 4531 c045 31e4 ebb1 e8d3 68fe ff0f 1f00 4157 4989 d741 5649 89f6 4155 4189 fd41  ........E1.E1.....h.....AWI..AVI..AUA..A
2021-03-15T22:19:32.5799518Z 0001eaa0: 544c 8d25 489c 0000 5548 8d2d 489c 0000 534c 29e5 4883 ec08 e843 65fe ff48 c1fd 0374 1b31 db0f 1f00  TL.%H...UH.-H...SL).H....Ce..H...t.1....
2021-03-15T22:19:32.5800412Z 0001eac8: 4c89 fa4c 89f6 4489 ef41 ff14 dc48 83c3 0148 39dd 75ea 4883 c408 5b5d 415c 415d 415e 415f c30f 1f00  L..L..D..A...H...H9.u.H...[]A\A]A^A_....
2021-03-15T22:19:32.5801249Z 0001eaf0: c300 0000 4883 ec08 4883 c408 c300 0000 0000 0000 0000 0000 0000 0000 0000 0000 0000 0000 0000 0000  ....H...H...............................
2021-03-15T22:19:32.5801919Z 0001eb18: 0000 0000 0000 0000 0000 0000 0000 0000 0000 0000 0000 0000 0000 0000 0000 0000 0000 0000 0000 0000  ........................................
2021-03-15T22:19:32.5802379Z 0001eb40: 0000 0000 0000 0000 0000 0000 0000 0000 0000 0000 0000 0000 0000 0000 0000 0000 0000 0000 0000 0000  ........................................
2021-03-15T22:19:32.5802880Z 0001eb68: 0000 0000 0000 0000 0000 0000 0000 0000 0000 0000 0000 0000 0000 0000 0000 0000 0000 0000 0000 0000  ........................................
2021-03-15T22:19:32.5803380Z 0001eb90: 0000 0000 0000 0000 0000 0000 0000 0000 0000 0000 0000 0000 0000 0000 0000 0000 0000 0000 0000 0000  ........................................
2021-03-15T22:19:32.5803878Z 0001ebb8: 0000 0000 0000 0000 0000 0000 0000 0000 0000 0000 0000 0000 0000 0000 0000 0000 0000 0000 0000 0000  ........................................
2021-03-15T22:19:32.5804374Z 0001ebe0: 0000 0000 0000 0000 0000 0000 0000 0000 0000 0000 0000 0000 0000 0000 0000 0000 0000 0000 0000 0000  ........................................
2021-03-15T22:19:32.5804872Z 0001ec08: 0000 0000 0000 0000 0000 0000 0000 0000 0000 0000 0000 0000 0000 0000 0000 0000 0000 0000 0000 0000  ........................................
2021-03-15T22:19:32.5805325Z 0001ec30: 0000 0000 0000 0000 0000 0000 0000 0000 0000 0000 0000 0000 0000 0000 0000 0000 0000 0000 0000 0000  ........................................
2021-03-15T22:19:32.5805818Z 0001ec58: 0000 0000 0000 0000 0000 0000 0000 0000 0000 0000 0000 0000 0000 0000 0000 0000 0000 0000 0000 0000  ........................................
2021-03-15T22:19:32.5806269Z 0001ec80: 0000 0000 0000 0000 0000 0000 0000 0000 0000 0000 0000 0000 0000 0000 0000 0000 0000 0000 0000 0000  ........................................
2021-03-15T22:19:32.5806820Z 0001eca8: 0000 0000 0000 0000 0000 0000 0000 0000 0000 0000 0000 0000 0000 0000 0000 0000 0000 0000 0000 0000  ........................................
2021-03-15T22:19:32.5807274Z 0001ecd0: 0000 0000 0000 0000 0000 0000 0000 0000 0000 0000 0000 0000 0000 0000 0000 0000 0000 0000 0000 0000  ........................................
2021-03-15T22:19:32.5807782Z 0001ecf8: 0000 0000 0000 0000 0000 0000 0000 0000 0000 0000 0000 0000 0000 0000 0000 0000 0000 0000 0000 0000  ........................................
2021-03-15T22:19:32.5808271Z 0001ed20: 0000 0000 0000 0000 0000 0000 0000 0000 0000 0000 0000 0000 0000 0000 0000 0000 0000 0000 0000 0000  ........................................
2021-03-15T22:19:32.5808723Z 0001ed48: 0000 0000 0000 0000 0000 0000 0000 0000 0000 0000 0000 0000 0000 0000 0000 0000 0000 0000 0000 0000  ........................................
2021-03-15T22:19:32.5809333Z 0001ed70: 0000 0000 0000 0000 0000 0000 0000 0000 0000 0000 0000 0000 0000 0000 0000 0000 0000 0000 0000 0000  ........................................
2021-03-15T22:19:32.5809808Z 0001ed98: 0000 0000 0000 0000 0000 0000 0000 0000 0000 0000 0000 0000 0000 0000 0000 0000 0000 0000 0000 0000  ........................................
2021-03-15T22:19:32.5810304Z 0001edc0: 0000 0000 0000 0000 0000 0000 0000 0000 0000 0000 0000 0000 0000 0000 0000 0000 0000 0000 0000 0000  ........................................
2021-03-15T22:19:32.5810837Z 0001ede8: 0000 0000 0000 0000 0000 0000 0000 0000 0000 0000 0000 0000 0000 0000 0000 0000 0000 0000 0000 0000  ........................................
2021-03-15T22:19:32.5811350Z 0001ee10: 0000 0000 0000 0000 0000 0000 0000 0000 0000 0000 0000 0000 0000 0000 0000 0000 0000 0000 0000 0000  ........................................
2021-03-15T22:19:32.5811806Z 0001ee38: 0000 0000 0000 0000 0000 0000 0000 0000 0000 0000 0000 0000 0000 0000 0000 0000 0000 0000 0000 0000  ........................................
2021-03-15T22:19:32.5812327Z 0001ee60: 0000 0000 0000 0000 0000 0000 0000 0000 0000 0000 0000 0000 0000 0000 0000 0000 0000 0000 0000 0000  ........................................
2021-03-15T22:19:32.5812779Z 0001ee88: 0000 0000 0000 0000 0000 0000 0000 0000 0000 0000 0000 0000 0000 0000 0000 0000 0000 0000 0000 0000  ........................................
2021-03-15T22:19:32.5813324Z 0001eeb0: 0000 0000 0000 0000 0000 0000 0000 0000 0000 0000 0000 0000 0000 0000 0000 0000 0000 0000 0000 0000  ........................................
2021-03-15T22:19:32.5813800Z 0001eed8: 0000 0000 0000 0000 0000 0000 0000 0000 0000 0000 0000 0000 0000 0000 0000 0000 0000 0000 0000 0000  ........................................
2021-03-15T22:19:32.5814299Z 0001ef00: 0000 0000 0000 0000 0000 0000 0000 0000 0000 0000 0000 0000 0000 0000 0000 0000 0000 0000 0000 0000  ........................................
2021-03-15T22:19:32.5814774Z 0001ef28: 0000 0000 0000 0000 0000 0000 0000 0000 0000 0000 0000 0000 0000 0000 0000 0000 0000 0000 0000 0000  ........................................
2021-03-15T22:19:32.5815269Z 0001ef50: 0000 0000 0000 0000 0000 0000 0000 0000 0000 0000 0000 0000 0000 0000 0000 0000 0000 0000 0000 0000  ........................................
2021-03-15T22:19:32.5815715Z 0001ef78: 0000 0000 0000 0000 0000 0000 0000 0000 0000 0000 0000 0000 0000 0000 0000 0000 0000 0000 0000 0000  ........................................
2021-03-15T22:19:32.5816225Z 0001efa0: 0000 0000 0000 0000 0000 0000 0000 0000 0000 0000 0000 0000 0000 0000 0000 0000 0000 0000 0000 0000  ........................................
2021-03-15T22:19:32.5816674Z 0001efc8: 0000 0000 0000 0000 0000 0000 0000 0000 0000 0000 0000 0000 0000 0000 0000 0000 0000 0000 0000 0000  ........................................
2021-03-15T22:19:32.5817259Z 0001eff0: 0000 0000 0000 0000 0000 0000 0000 0000 0100 0200 756e 6162 6c65 2074 6f20 616c 6c6f 6361 7465 206d  ....................unable to allocate m
2021-03-15T22:19:32.5817946Z 0001f018: 656d 6f72 7900 7375 646f 5f63 6f6e 7665 7273 6174 696f 6e00 2f64 6576 2f74 7479 000d 0a00 f895 feff  emory.sudo_conversation./dev/tty........
2021-03-15T22:19:32.5818753Z 0001f040: df94 feff 6c95 feff 3c94 feff 4394 feff dc94 feff 2e2f 636f 7079 5f66 696c 652e 6300 6e6f 7420 6f76  ....l...<...C......../copy_file.c.not ov
2021-03-15T22:19:32.5819495Z 0001f068: 6572 7772 6974 696e 6720 2573 006c 7365 656b 0075 6e61 626c 6520 746f 2074 7275 6e63 6174 6520 2573  erwriting %s.lseek.unable to truncate %s
2021-03-15T22:19:32.5820243Z 0001f090: 2074 6f20 256c 6c64 0075 6e61 626c 6520 746f 2072 6561 6420 6672 6f6d 2025 7300 756e 6162 6c65 2074   to %lld.unable to read from %s.unable t
2021-03-15T22:19:32.5820883Z 0001f0b8: 6f20 7772 6974 6520 746f 2025 7300 756e 6162 6c65 2074 6f20 7374 6174 2025 7300 2573 3a20 6e6f 7420  o write to %s.unable to stat %s.%s: not 
2021-03-15T22:19:32.5821791Z 0001f0e0: 6120 7265 6775 6c61 7220 6669 6c65 0025 733a 2062 6164 2066 696c 6520 6d6f 6465 3a20 3025 6f00 0000  a regular file.%s: bad file mode: 0%o...
2021-03-15T22:19:32.5822421Z 0001f108: 2573 3a20 7472 756e 6361 7465 2025 7320 746f 207a 6572 6f20 6279 7465 733f 2028 792f 6e29 205b 6e5d  %s: truncate %s to zero bytes? (y/n) [n]
2021-03-15T22:19:32.5823189Z 0001f130: 2000 0000 0000 0000 2573 3a20 6578 7465 6e64 696e 6720 2573 2066 726f 6d20 256c 6c64 2074 6f20 256c   .......%s: extending %s from %lld to %l
2021-03-15T22:19:32.5823778Z 0001f158: 6c64 0000 0000 0000 2573 2069 7320 6f77 6e65 6420 6279 2075 6964 2025 752c 2073 686f 756c 6420 6265  ld......%s is owned by uid %u, should be
2021-03-15T22:19:32.5824500Z 0001f180: 2025 7500 0000 0000 0000 0000 0000 0000 7375 646f 5f63 6865 636b 5f74 656d 705f 6669 6c65 0000 0000   %u.............sudo_check_temp_file....
2021-03-15T22:19:32.5825349Z 0001f1a8: 0000 0000 0000 0000 7375 646f 5f65 7874 656e 645f 6669 6c65 0000 0000 0000 0000 7375 646f 5f63 6f70  ........sudo_extend_file........sudo_cop
2021-03-15T22:19:32.5826316Z 0001f1d0: 795f 6669 6c65 002e 2f65 6469 745f 6f70 656e 2e63 0073 6574 2075 6964 3a67 6964 2074 6f20 2575 3a25  y_file../edit_open.c.set uid:gid to %u:%
2021-03-15T22:19:32.5827192Z 0001f1f8: 7528 2575 2900 7365 7465 7569 6428 524f 4f54 5f55 4944 2900 7365 7465 6769 6428 2564 2900 7365 7467  u(%u).seteuid(ROOT_UID).setegid(%d).setg
2021-03-15T22:19:32.5827971Z 0001f220: 726f 7570 7300 7365 7465 7569 6428 2575 2900 2e00 0000 0000 7573 6572 2075 6964 2025 7520 6d61 7463  roups.seteuid(%u).......user uid %u matc
2021-03-15T22:19:32.5828703Z 0001f248: 6865 7320 6469 7265 6374 6f72 7920 7569 6420 2575 0000 0000 7375 646f 5f65 6469 745f 7061 7265 6e74  hes directory uid %u....sudo_edit_parent
2021-03-15T22:19:32.5829375Z 0001f270: 5f76 616c 6964 0000 0000 0000 0000 0000 7375 646f 5f65 6469 745f 6f70 656e 6174 5f6e 6f66 6f6c 6c6f  _valid..........sudo_edit_openat_nofollo
2021-03-15T22:19:32.5830152Z 0001f298: 7700 0000 0000 0000 7375 646f 5f65 6469 745f 6f70 656e 5f6e 6f6e 7772 6974 6162 6c65 0000 0000 0000  w.......sudo_edit_open_nonwritable......
2021-03-15T22:19:32.5830852Z 0001f2c0: 7375 646f 5f65 6469 745f 6f70 656e 0000 6469 725f 6973 5f77 7269 7461 626c 6500 7377 6974 6368 5f75  sudo_edit_open..dir_is_writable.switch_u
2021-03-15T22:19:32.5832066Z 0001f2e8: 7365 7200 7075 7465 6e76 0075 6e73 6574 656e 7600 2e2f 6578 6563 2e63 0075 6e61 626c 6520 746f 2063  ser.putenv.unsetenv../exec.c.unable to c
2021-03-15T22:19:32.5833248Z 0001f310: 6861 6e67 6520 726f 6f74 2074 6f20 2573 0073 7461 7274 696e 6720 6672 6f6d 2025 7300 756e 6162 6c65  hange root to %s.starting from %s.unable
2021-03-15T22:19:32.5834151Z 0001f338: 2074 6f20 6578 6563 2025 733a 2025 7300 6b69 6c6c 2825 642c 2053 4947 5453 5450 2900 6b69 6c6c 7067   to exec %s: %s.kill(%d, SIGTSTP).killpg
2021-03-15T22:19:32.5835252Z 0001f360: 2025 6420 5349 4748 5550 006b 696c 6c70 6720 2564 2053 4947 5445 524d 006b 696c 6c70 6720 2564 2053   %d SIGHUP.killpg %d SIGTERM.killpg %d S
2021-03-15T22:19:32.5836665Z 0001f388: 4947 4b49 4c4c 006b 696c 6c20 2564 2053 4947 4855 5000 6b69 6c6c 2025 6420 5349 4754 4552 4d00 6b69  IGKILL.kill %d SIGHUP.kill %d SIGTERM.ki
2021-03-15T22:19:32.5837385Z 0001f3b0: 6c6c 2025 6420 5349 474b 494c 4c00 0000 756e 6162 6c65 2074 6f20 7365 7420 7072 6f63 6573 7320 7072  ll %d SIGKILL...unable to set process pr
2021-03-15T22:19:32.5838305Z 0001f3d8: 696f 7269 7479 0000 756e 6162 6c65 2074 6f20 6368 616e 6765 2074 6f20 7275 6e61 7320 7569 6420 2825  iority..unable to change to runas uid (%
2021-03-15T22:19:32.5839334Z 0001f400: 752c 2025 7529 0000 756e 6162 6c65 2074 6f20 6368 616e 6765 2064 6972 6563 746f 7279 2074 6f20 2573  u, %u)..unable to change directory to %s
2021-03-15T22:19:32.5840483Z 0001f428: 0000 0000 0000 0000 756e 6162 6c65 2074 6f20 7365 7420 6861 6e64 6c65 7220 666f 7220 7369 676e 616c  ........unable to set handler for signal
2021-03-15T22:19:32.5841188Z 0001f450: 2025 6400 0000 0000 0000 0000 0000 0000 7465 726d 696e 6174 655f 636f 6d6d 616e 6400 0000 0000 0000   %d.............terminate_command.......
2021-03-15T22:19:32.5842560Z 0001f478: 0000 0000 0000 0000 6469 7265 6374 5f65 7865 635f 616c 6c6f 7765 6400 0000 0000 7375 646f 5f65 7865  ........direct_exec_allowed.....sudo_exe
2021-03-15T22:19:32.5844004Z 0001f4a0: 6375 7465 0000 0000 0000 0000 0000 0000 7375 646f 5f74 6572 6d69 6e61 7465 6400 636c 6f73 655f 6664  cute............sudo_terminated.close_fd
2021-03-15T22:19:32.5844766Z 0001f4c8: 7300 0000 0000 0000 6578 6563 5f73 6574 7570 0000 0000 0000 6578 6563 5f63 6d6e 6400 2e2f 6578 6563  s.......exec_setup......exec_cmnd../exec
2021-03-15T22:19:32.5845766Z 0001f4f0: 5f63 6f6d 6d6f 6e2e 6300 4c44 5f50 5245 4c4f 4144 3d00 4c44 5f50 5245 4c4f 4144 0025 733d 2573 2573  _common.c.LD_PRELOAD=.LD_PRELOAD.%s=%s%s
2021-03-15T22:19:32.5847897Z 0001f518: 2573 002f 6269 6e2f 7368 0000 0000 0000 0000 0000 0000 0000 7375 646f 5f65 7865 6376 6500 0000 0000  %s./bin/sh..............sudo_execve.....
2021-03-15T22:19:32.5849454Z 0001f540: 7072 656c 6f61 645f 6473 6f00 0000 0000 6469 7361 626c 655f 6578 6563 7574 6500 2e2f 6578 6563 5f6d  preload_dso.....disable_execute../exec_m
2021-03-15T22:19:32.5883479Z 0001f568: 6f6e 6974 6f72 2e63 0043 4f4e 545f 4647 0043 4f4e 545f 4247 0072 6563 6569 7665 6420 5349 4725 7325  onitor.c.CONT_FG.CONT_BG.received SIG%s%
2021-03-15T22:19:32.5884230Z 0001f590: 7300 2066 726f 6d20 7061 7265 6e74 0065 7272 6f72 2072 6561 6469 6e67 2066 726f 6d20 736f 636b 6574  s. from parent.error reading from socket
2021-03-15T22:19:32.5885802Z 0001f5b8: 7061 6972 0025 733a 2066 6169 6c65 6420 746f 2072 6561 6420 6572 726f 7220 7069 7065 0045 4f46 206f  pair.%s: failed to read error pipe.EOF o
2021-03-15T22:19:32.5886596Z 0001f5e0: 6e20 6572 726f 7220 7069 7065 0065 7272 6e6f 2066 726f 6d20 6368 696c 643a 2025 7300 7761 6974 7069  n error pipe.errno from child: %s.waitpi
2021-03-15T22:19:32.5887383Z 0001f608: 6400 2573 3a20 636f 6d6d 616e 6420 2825 6429 2072 6573 756d 6564 0025 733a 2063 6f6d 6d61 6e64 2028  d.%s: command (%d) resumed.%s: command (
2021-03-15T22:19:32.5888521Z 0001f630: 2564 2920 6578 6974 6564 3a20 2564 0066 6f72 6567 726f 756e 6400 7365 7473 6964 0075 6e61 626c 6520  %d) exited: %d.foreground.setsid.unable 
2021-03-15T22:19:32.5889592Z 0001f658: 746f 2073 6574 2063 6f6e 7472 6f6c 6c69 6e67 2074 7479 0075 6e61 626c 6520 746f 2063 7265 6174 6520  to set controlling tty.unable to create 
2021-03-15T22:19:32.5890802Z 0001f680: 7069 7065 0075 6e61 626c 6520 746f 2066 6f72 6b00 6475 7033 0025 733a 2067 6f74 2063 6f6e 7472 6f6c  pipe.unable to fork.dup3.%s: got control
2021-03-15T22:19:32.5891512Z 0001f6a8: 6c69 6e67 2074 7479 0065 7865 6375 7469 6e67 2025 7320 696e 2074 6865 2025 7300 756e 6162 6c65 2074  ling tty.executing %s in the %s.unable t
2021-03-15T22:19:32.5892186Z 0001f6d0: 6f20 6578 6563 7574 6520 2573 0075 6e61 626c 6520 746f 2061 6464 2065 7665 6e74 2074 6f20 7175 6575  o execute %s.unable to add event to queu
2021-03-15T22:19:32.5892848Z 0001f6f8: 6500 0000 0000 0000 2573 3a20 756e 6162 6c65 2074 6f20 7365 7420 666f 7265 6772 6f75 6e64 2070 6772  e.......%s: unable to set foreground pgr
2021-03-15T22:19:32.5893471Z 0001f720: 7020 746f 2025 6420 2863 6f6d 6d61 6e64 2900 0000 0000 0000 2573 3a20 756e 6162 6c65 2074 6f20 7365  p to %d (command).......%s: unable to se
2021-03-15T22:19:32.5894114Z 0001f748: 7420 666f 7265 6772 6f75 6e64 2070 6772 7020 746f 2025 6420 286d 6f6e 6974 6f72 2900 0000 0000 0000  t foreground pgrp to %d (monitor).......
2021-03-15T22:19:32.5895153Z 0001f770: 7769 6e64 6f77 2073 697a 6520 6368 616e 6765 2025 6478 2564 202d 3e20 2564 7825 6400 0000 0000 0000  window size change %dx%d -> %dx%d.......
2021-03-15T22:19:32.5895820Z 0001f798: 756e 6578 7065 6374 6564 2072 6570 6c79 2074 7970 6520 6f6e 2062 6163 6b63 6861 6e6e 656c 3a20 2564  unexpected reply type on backchannel: %d
2021-03-15T22:19:32.5896516Z 0001f7c0: 0000 0000 0000 0000 7365 6e64 696e 6720 7374 6174 7573 206d 6573 7361 6765 2074 6f20 7061 7265 6e74  ........sending status message to parent
2021-03-15T22:19:32.5897123Z 0001f7e8: 3a20 5b25 642c 2025 645d 0000 0000 0000 2573 3a20 756e 6162 6c65 2074 6f20 7365 6e64 2073 7461 7475  : [%d, %d]......%s: unable to send statu
2021-03-15T22:19:32.5897910Z 0001f810: 7320 746f 2070 6172 656e 7400 0000 0000 2573 3a20 636f 6d6d 616e 6420 2825 6429 2073 746f 7070 6564  s to parent.....%s: command (%d) stopped
2021-03-15T22:19:32.5898569Z 0001f838: 2c20 5349 4725 7300 2573 3a20 636f 6d6d 616e 6420 2825 6429 206b 696c 6c65 642c 2053 4947 2573 0000  , SIG%s.%s: command (%d) killed, SIG%s..
2021-03-15T22:19:32.5899216Z 0001f860: 2573 3a20 756e 6578 7065 6374 6564 2077 6169 7420 7374 6174 7573 2025 6420 666f 7220 636f 6d6d 616e  %s: unexpected wait status %d for comman
2021-03-15T22:19:32.5900297Z 0001f888: 6420 2825 6429 0000 2573 3a20 6e6f 7420 6f76 6572 7772 6974 696e 6720 636f 6d6d 616e 6420 7374 6174  d (%d)..%s: not overwriting command stat
2021-03-15T22:19:32.5900929Z 0001f8b0: 7573 2025 642c 2564 2077 6974 6820 2564 2c25 6400 0000 0000 756e 6162 6c65 2074 6f20 7265 6365 6976  us %d,%d with %d,%d.....unable to receiv
2021-03-15T22:19:32.5901560Z 0001f8d8: 6520 6d65 7373 6167 6520 6672 6f6d 2070 6172 656e 7400 0000 2573 3a20 7761 6974 696e 6720 666f 7220  e message from parent...%s: waiting for 
2021-03-15T22:19:32.5902278Z 0001f900: 636f 6e74 726f 6c6c 696e 6720 7474 7900 436f 6d6d 616e 6420 7374 696c 6c20 7275 6e6e 696e 6720 6166  controlling tty.Command still running af
2021-03-15T22:19:32.5903189Z 0001f928: 7465 7220 6576 656e 7420 6c6f 6f70 2065 7869 742c 2074 6572 6d69 6e61 7469 6e67 0000 0000 0000 0000  ter event loop exit, terminating........
2021-03-15T22:19:32.5904123Z 0001f950: 7365 6e64 5f73 7461 7475 7300 0000 0000 6d6f 6e5f 6572 7270 6970 655f 6362 0000 6861 6e64 6c65 5f77  send_status.....mon_errpipe_cb..handle_w
2021-03-15T22:19:32.5904837Z 0001f978: 696e 6368 0000 0000 6d6f 6e5f 6261 636b 6368 616e 6e65 6c5f 6362 0000 0000 0000 6465 6c69 7665 725f  inch....mon_backchannel_cb......deliver_
2021-03-15T22:19:32.5905545Z 0001f9a0: 7369 676e 616c 0000 0000 0000 0000 0000 6d6f 6e5f 6861 6e64 6c65 5f73 6967 6368 6c64 0000 0000 0000  signal..........mon_handle_sigchld......
2021-03-15T22:19:32.5906203Z 0001f9c8: 6d6f 6e5f 7369 676e 616c 5f63 6200 0000 0000 0000 0000 0000 6669 6c6c 5f65 7865 635f 636c 6f73 7572  mon_signal_cb...........fill_exec_closur
2021-03-15T22:19:32.5907068Z 0001f9f0: 655f 6d6f 6e69 746f 7200 0000 0000 0000 6578 6563 5f63 6d6e 645f 7074 7900 0000 6578 6563 5f6d 6f6e  e_monitor.......exec_cmnd_pty...exec_mon
2021-03-15T22:19:32.5908167Z 0001fa18: 6974 6f72 002e 2f65 7865 635f 6e6f 7074 792e 6300 6b69 6c6c 2825 642c 2053 4947 434f 4e54 2900 6b69  itor../exec_nopty.c.kill(%d, SIGCONT).ki
2021-03-15T22:19:32.5909215Z 0001fa40: 6c6c 2825 642c 2053 4947 2573 2900 6578 6563 7574 6564 2025 732c 2070 6964 2025 6400 6572 726f 7220  ll(%d, SIG%s).executed %s, pid %d.error 
2021-03-15T22:19:32.5910565Z 0001fa68: 7069 7065 2066 6420 2564 0a00 6572 726f 7220 696e 2065 7665 6e74 206c 6f6f 7000 6576 656e 7420 6c6f  pipe fd %d..error in event loop.event lo
2021-03-15T22:19:32.5911294Z 0001fa90: 6f70 2065 7869 7465 6420 7072 656d 6174 7572 656c 7900 0000 756e 6162 6c65 2074 6f20 7265 7374 6f72  op exited prematurely...unable to restor
2021-03-15T22:19:32.5911980Z 0001fab8: 6520 6861 6e64 6c65 7220 666f 7220 7369 676e 616c 2025 6400 2573 3a20 6576 6261 7365 2025 702c 2063  e handler for signal %d.%s: evbase %p, c
2021-03-15T22:19:32.5912605Z 0001fae0: 6f6d 6d61 6e64 3a20 2564 2c20 7369 676e 6f20 2573 2825 6429 2c20 6373 7461 7420 2570 0000 0000 0000  ommand: %d, signo %s(%d), cstat %p......
2021-03-15T22:19:32.5913243Z 0001fb08: 706f 6c69 6379 2070 6c75 6769 6e20 6661 696c 6564 2073 6573 7369 6f6e 2069 6e69 7469 616c 697a 6174  policy plugin failed session initializat
2021-03-15T22:19:32.5914107Z 0001fb30: 696f 6e00 0000 0000 0000 0000 0000 0000 6672 6565 5f65 7865 635f 636c 6f73 7572 655f 6e6f 7074 7900  ion.............free_exec_closure_nopty.
2021-03-15T22:19:32.5914758Z 0001fb58: 6572 7270 6970 655f 6362 0000 0000 0000 0000 0000 0000 0000 6861 6e64 6c65 5f73 6967 6368 6c64 5f6e  errpipe_cb..............handle_sigchld_n
2021-03-15T22:19:32.5915539Z 0001fb80: 6f70 7479 0000 0000 0000 0000 0000 0000 7369 676e 616c 5f63 625f 6e6f 7074 7900 6669 6c6c 5f65 7865  opty............signal_cb_nopty.fill_exe
2021-03-15T22:19:32.5916270Z 0001fba8: 635f 636c 6f73 7572 655f 6e6f 7074 7900 6578 6563 5f6e 6f70 7479 002e 2f65 7865 635f 7074 792e 6300  c_closure_nopty.exec_nopty../exec_pty.c.
2021-03-15T22:19:32.5917017Z 0001fbd0: 6572 726f 7220 6c6f 6767 696e 6720 7375 7370 656e 6400 492f 4f20 706c 7567 696e 2065 7272 6f72 0073  error logging suspend.I/O plugin error.s
2021-03-15T22:19:32.5917737Z 0001fbf8: 6368 6564 756c 6564 2053 4947 2573 2066 6f72 2063 6f6d 6d61 6e64 0065 7272 6f72 2063 6861 6e67 696e  cheduled SIG%s for command.error changin
2021-03-15T22:19:32.5918556Z 0001fc20: 6720 7769 6e64 6f77 2073 697a 6500 6b69 6c6c 2070 6172 656e 7420 5349 4725 7300 6b69 6c6c 7067 2825  g window size.kill parent SIG%s.killpg(%
2021-03-15T22:19:32.5919216Z 0001fc48: 642c 2053 4947 2573 2900 2573 3a20 6d6f 6e69 746f 7220 6578 6974 6564 2c20 7374 6174 7573 2025 6400  d, SIG%s).%s: monitor exited, status %d.
2021-03-15T22:19:32.5919903Z 0001fc70: 636f 6d6d 616e 6420 6578 6974 6564 206f 7220 7761 7320 6b69 6c6c 6564 0065 7272 6e6f 2066 726f 6d20  command exited or was killed.errno from 
2021-03-15T22:19:32.5920582Z 0001fc98: 6d6f 6e69 746f 723a 2025 7300 2573 3a20 6e6f 7420 636c 6f73 696e 6720 6664 2025 6420 2825 7329 0025  monitor: %s.%s: not closing fd %d (%s).%
2021-03-15T22:19:32.5921200Z 0001fcc0: 733a 2063 6c6f 7369 6e67 2066 6420 2564 0065 7272 6f72 2072 6561 6469 6e67 2066 6420 2564 3a20 2573  s: closing fd %d.error reading fd %d: %s
2021-03-15T22:19:32.5921835Z 0001fce8: 0072 6561 6420 257a 6420 6279 7465 7320 6672 6f6d 2066 6420 2564 0072 6561 6420 454f 4620 6672 6f6d  .read %zd bytes from fd %d.read EOF from
2021-03-15T22:19:32.5922439Z 0001fd10: 2066 6420 2564 0065 7272 6f72 2077 7269 7469 6e67 2066 6420 2564 3a20 2573 0077 726f 7465 2025 7a64   fd %d.error writing fd %d: %s.wrote %zd
2021-03-15T22:19:32.5923081Z 0001fd38: 2062 7974 6573 2074 6f20 6664 2025 6400 756e 6162 6c65 2074 6f20 616c 6c6f 6361 7465 2070 7479 0075   bytes to fd %d.unable to allocate pty.u
2021-03-15T22:19:32.5923924Z 0001fd60: 6e61 626c 6520 746f 2063 7265 6174 6520 736f 636b 6574 7300 7374 6469 6e20 6e6f 7420 6120 7474 792c  nable to create sockets.stdin not a tty,
2021-03-15T22:19:32.5924630Z 0001fd88: 206e 6f74 206c 6f67 6769 6e67 0064 7570 0073 7464 6f75 7420 6e6f 7420 6120 7474 792c 206e 6f74 206c   not logging.dup.stdout not a tty, not l
2021-03-15T22:19:32.5925336Z 0001fdb0: 6f67 6769 6e67 0073 7464 6572 7220 6e6f 7420 6120 7474 792c 206e 6f74 206c 6f67 6769 6e67 0062 6163  ogging.stderr not a tty, not logging.bac
2021-03-15T22:19:32.5926036Z 0001fdd8: 6b63 6861 6e6e 656c 2066 6420 2564 0a00 4300 0000 0000 0000 636f 6d6d 616e 6420 7265 6a65 6374 6564  kchannel fd %d..C.......command rejected
2021-03-15T22:19:32.5926702Z 0001fe00: 2062 7920 492f 4f20 706c 7567 696e 0000 2573 3a20 6465 6c65 7469 6e67 2061 6e64 2066 7265 6569 6e67   by I/O plugin..%s: deleting and freeing
2021-03-15T22:19:32.5927361Z 0001fe28: 2073 7464 6572 7220 7765 7665 6e74 2025 7000 0000 0000 0000 2573 3a20 6465 6c65 7469 6e67 2061 6e64   stderr wevent %p.......%s: deleting and
2021-03-15T22:19:32.5928020Z 0001fe50: 2066 7265 6569 6e67 2073 7464 6f75 7420 7765 7665 6e74 2025 7000 0000 0000 0000 2573 3a20 6465 6c65   freeing stdout wevent %p.......%s: dele
2021-03-15T22:19:32.5928649Z 0001fe78: 7469 6e67 2061 6e64 2066 7265 6569 6e67 2064 6576 7474 7920 7765 7665 6e74 2025 7000 0000 0000 0000  ting and freeing devtty wevent %p.......
2021-03-15T22:19:32.5929253Z 0001fea0: 6164 6465 6420 492f 4f20 7265 7665 6e74 2025 702c 2066 6420 2564 2c20 6576 656e 7473 2025 6400 0000  added I/O revent %p, fd %d, events %d...
2021-03-15T22:19:32.5929873Z 0001fec8: 6164 6465 6420 492f 4f20 7765 7665 6e74 2025 702c 2066 6420 2564 2c20 6576 656e 7473 2025 6400 0000  added I/O wevent %p, fd %d, events %d...
2021-03-15T22:19:32.5930513Z 0001fef0: 7365 6e64 696e 6720 5349 4725 7320 746f 206d 6f6e 6974 6f72 206f 7665 7220 6261 636b 6368 616e 6e65  sending SIG%s to monitor over backchanne
2021-03-15T22:19:32.5931281Z 0001ff18: 6c00 0000 0000 0000 7365 6e64 696e 6720 7769 6e64 6f77 2073 697a 6520 6368 616e 6765 2074 6f20 6d6f  l.......sending window size change to mo
2021-03-15T22:19:32.5931963Z 0001ff40: 6e69 746f 7220 6f76 6572 2062 6163 6b63 6861 6e6e 656c 4c20 2564 2078 2025 6400 7365 6e64 696e 6720  nitor over backchannelL %d x %d.sending 
2021-03-15T22:19:32.5932623Z 0001ff68: 6373 7461 7420 7479 7065 2025 642c 2076 616c 7565 2025 6420 746f 206d 6f6e 6974 6f72 206f 7665 7220  cstat type %d, value %d to monitor over 
2021-03-15T22:19:32.5933387Z 0001ff90: 6261 636b 6368 616e 6e65 6c00 0000 0000 6272 6f6b 656e 2070 6970 6520 7772 6974 696e 6720 746f 206d  backchannel.....broken pipe writing to m
2021-03-15T22:19:32.5934169Z 0001ffb8: 6f6e 6974 6f72 206f 7665 7220 6261 636b 6368 616e 6e65 6c00 6465 6c65 7465 6420 492f 4f20 7265 7665  onitor over backchannel.deleted I/O reve
2021-03-15T22:19:32.5934870Z 0001ffe0: 6e74 2025 702c 2066 6420 2564 2c20 6576 656e 7473 2025 6400 6465 6c65 7465 6420 492f 4f20 7765 7665  nt %p, fd %d, events %d.deleted I/O weve
2021-03-15T22:19:32.5935494Z 00020008: 6e74 2025 702c 2066 6420 2564 2c20 6576 656e 7473 2025 6400 2573 3a20 666c 7573 6869 6e67 2072 656d  nt %p, fd %d, events %d.%s: flushing rem
2021-03-15T22:19:32.5936109Z 00020030: 6169 6e69 6e67 2049 2f4f 2062 7566 6665 7273 2028 6e6f 6e62 6c6f 636b 696e 6729 0000 0000 0000 0000  aining I/O buffers (nonblocking)........
2021-03-15T22:19:32.5936760Z 00020058: 2573 3a20 666c 7573 6869 6e67 2072 656d 6169 6e69 6e67 2077 7269 7465 2062 7566 6665 7273 2028 626c  %s: flushing remaining write buffers (bl
2021-03-15T22:19:32.5937405Z 00020080: 6f63 6b69 6e67 2900 756e 666c 7573 6865 6420 6461 7461 3a20 7765 7665 6e74 2025 702c 2066 6420 2564  ocking).unflushed data: wevent %p, fd %d
2021-03-15T22:19:32.5938017Z 000200a8: 2c20 6576 656e 7473 2025 6400 0000 0000 7061 7265 6e74 2069 7320 696e 2025 732c 2074 7479 6d6f 6465  , events %d.....parent is in %s, ttymode
2021-03-15T22:19:32.5938974Z 000200d0: 2025 6420 2d3e 2025 6400 0000 0000 0000 2573 3a20 6576 6261 7365 2025 702c 206d 6f6e 6974 6f72 3a20   %d -> %d.......%s: evbase %p, monitor: 
2021-03-15T22:19:32.5939554Z 000200f8: 2564 2c20 7369 676e 6f20 2573 2825 6429 2c20 6373 7461 7420 2570 0000 0000 0000 6d6f 6e69 746f 7220  %d, signo %s(%d), cstat %p......monitor 
2021-03-15T22:19:32.5940188Z 00020120: 7374 6f70 7065 642c 2073 7573 7065 6e64 696e 6720 7375 646f 0000 0000 0000 0000 2573 3a20 6d6f 6e69  stopped, suspending sudo........%s: moni
2021-03-15T22:19:32.5940800Z 00020148: 746f 7220 2825 6429 206b 696c 6c65 642c 2053 4947 2573 0000 2573 3a20 6661 696c 6564 2074 6f20 7265  tor (%d) killed, SIG%s..%s: failed to re
2021-03-15T22:19:32.5941594Z 00020170: 6164 2063 6f6d 6d61 6e64 2073 7461 7475 733a 2025 7300 0000 454f 4620 6f6e 2062 6163 6b63 6861 6e6e  ad command status: %s...EOF on backchann
2021-03-15T22:19:32.5942211Z 00020198: 656c 2c20 6d6f 6e69 746f 7220 6465 6164 3f00 0000 0000 0000 636f 6d6d 616e 6420 7374 6f70 7065 642c  el, monitor dead?.......command stopped,
2021-03-15T22:19:32.5942856Z 000201c0: 2073 7573 7065 6e64 696e 6720 7061 7265 6e74 0000 0000 0000 2573 3a20 6661 696c 6564 2074 6f20 7265   suspending parent......%s: failed to re
2021-03-15T22:19:32.5943578Z 000201e8: 6164 2063 6f6d 6d61 6e64 2073 7461 7475 733a 2073 686f 7274 2072 6561 6400 0000 2573 3a20 6465 6c65  ad command status: short read...%s: dele
2021-03-15T22:19:32.5944180Z 00020210: 7469 6e67 2061 6e64 2066 7265 6569 6e67 2072 6576 656e 7420 2570 2077 6974 6820 6664 2025 6400 0000  ting and freeing revent %p with fd %d...
2021-03-15T22:19:32.5945315Z 00020238: 2573 3a20 6465 6c65 7469 6e67 2061 6e64 2066 7265 6569 6e67 2077 6576 656e 7420 2570 2077 6974 6820  %s: deleting and freeing wevent %p with 
2021-03-15T22:19:32.5945945Z 00020260: 6664 2025 6400 0000 756e 6162 6c65 2074 6f20 7772 6974 6520 2564 2062 7974 6573 2074 6f20 6664 2025  fd %d...unable to write %d bytes to fd %
2021-03-15T22:19:32.5946800Z 00020288: 6400 0000 0000 0000 2573 3a20 6e6f 2025 732c 206e 6f74 2061 6c6c 6f63 6174 696e 6720 6120 7074 7900  d.......%s: no %s, not allocating a pty.
2021-03-15T22:19:32.5947411Z 000202b0: 2573 3a20 2573 2066 6420 2564 2c20 7074 7920 6c65 6164 6572 2066 6420 2564 2c20 7074 7920 666f 6c6c  %s: %s fd %d, pty leader fd %d, pty foll
2021-03-15T22:19:32.5947981Z 000202d8: 6f77 6572 2066 6420 2564 0000 0000 0000 7374 6469 6e20 6e6f 7420 6120 7474 792c 2063 7265 6174 696e  ower fd %d......stdin not a tty, creatin
2021-03-15T22:19:32.5948740Z 00020300: 6720 6120 7069 7065 0000 0000 0000 0000 7374 646f 7574 206e 6f74 2061 2074 7479 2c20 6372 6561 7469  g a pipe........stdout not a tty, creati
2021-03-15T22:19:32.5949407Z 00020328: 6e67 2061 2070 6970 6500 0000 0000 0000 7374 6465 7272 206e 6f74 2061 2074 7479 2c20 6372 6561 7469  ng a pipe.......stderr not a tty, creati
2021-03-15T22:19:32.5950008Z 00020350: 6e67 2061 2070 6970 6500 0000 0000 0000 2573 3a20 756e 6162 6c65 2074 6f20 636f 7079 2074 6572 6d69  ng a pipe.......%s: unable to copy termi
2021-03-15T22:19:32.5950616Z 00020378: 6e61 6c20 7365 7474 696e 6773 2074 6f20 7074 7900 0000 0000 756e 6162 6c65 2074 6f20 7365 6e64 206d  nal settings to pty.....unable to send m
2021-03-15T22:19:32.5951277Z 000203a0: 6573 7361 6765 2074 6f20 6d6f 6e69 746f 7220 7072 6f63 6573 7300 0000 0000 0000 0817 ffff 9016 ffff  essage to monitor process...............
2021-03-15T22:19:32.5951905Z 000203c8: 9016 ffff 8815 ffff 8815 ffff 9016 ffff 8815 ffff 5815 ffff 8815 ffff 8815 ffff 8815 ffff 8815 ffff  ....................X...................
2021-03-15T22:19:32.5952621Z 000203f0: 8815 ffff 8815 ffff 8815 ffff 8815 ffff 8815 ffff 8815 ffff 8815 ffff 8815 ffff 8815 ffff 8815 ffff  ........................................
2021-03-15T22:19:32.5953175Z 00020418: 8815 ffff 8815 ffff 8815 ffff 8815 ffff 8815 ffff 8815 ffff 9016 ffff 0000 0000 0000 0000 0000 0000  ........................................
2021-03-15T22:19:32.5953767Z 00020440: 6672 6565 5f65 7865 635f 636c 6f73 7572 655f 7074 7900 0000 7074 795f 6669 6e69 7368 0000 0000 0000  free_exec_closure_pty...pty_finish......
2021-03-15T22:19:32.5954417Z 00020468: 6576 5f66 7265 655f 6279 5f66 6400 0000 6164 645f 696f 5f65 7665 6e74 7300 0000 6261 636b 6368 616e  ev_free_by_fd...add_io_events...backchan
2021-03-15T22:19:32.5955113Z 00020490: 6e65 6c5f 6362 0000 6c6f 675f 7769 6e63 6861 6e67 6500 0000 7379 6e63 5f74 7479 7369 7a65 0000 0000  nel_cb..log_winchange...sync_ttysize....
2021-03-15T22:19:32.5955800Z 000204b8: 0000 0000 0000 0000 6368 6563 6b5f 666f 7265 6772 6f75 6e64 0000 0000 0000 0000 6c6f 675f 7375 7370  ........check_foreground........log_susp
2021-03-15T22:19:32.5956495Z 000204e0: 656e 6400 0000 0000 6465 6c5f 696f 5f65 7665 6e74 7300 0000 7375 7370 656e 645f 7375 646f 0000 0000  end.....del_io_events...suspend_sudo....
2021-03-15T22:19:32.5957142Z 00020508: 0000 0000 0000 0000 6861 6e64 6c65 5f73 6967 6368 6c64 5f70 7479 0000 0000 0000 7369 676e 616c 5f63  ........handle_sigchld_pty......signal_c
2021-03-15T22:19:32.5957781Z 00020530: 625f 7074 7900 0000 6677 6463 6861 6e6e 656c 5f63 6200 0000 0000 0000 0000 0000 6669 6c6c 5f65 7865  b_pty...fwdchannel_cb...........fill_exe
2021-03-15T22:19:32.5958455Z 00020558: 635f 636c 6f73 7572 655f 7074 7900 0000 7265 6164 5f63 616c 6c62 6163 6b00 0000 7361 6665 5f63 6c6f  c_closure_pty...read_callback...safe_clo
2021-03-15T22:19:32.5959094Z 00020580: 7365 0000 0000 0000 0000 0000 0000 0000 7365 6e64 5f63 6f6d 6d61 6e64 5f73 7461 7475 7300 0000 0000  se..............send_command_status.....
2021-03-15T22:19:32.5959737Z 000205a8: 0000 0000 0000 0000 7363 6865 6475 6c65 5f73 6967 6e61 6c00 7772 6974 655f 6361 6c6c 6261 636b 0000  ........schedule_signal.write_callback..
2021-03-15T22:19:32.5960376Z 000205d0: 696f 5f62 7566 5f6e 6577 0000 0000 0000 7074 795f 7365 7475 7000 0000 0000 0000 6c6f 675f 7474 7969  io_buf_new......pty_setup.......log_ttyi
2021-03-15T22:19:32.5961004Z 000205f8: 6e00 0000 0000 0000 6c6f 675f 7474 796f 7574 0000 0000 0000 6c6f 675f 7374 6469 6e00 0000 0000 0000  n.......log_ttyout......log_stdin.......
2021-03-15T22:19:32.5961710Z 00020620: 6c6f 675f 7374 646f 7574 0000 0000 0000 6c6f 675f 7374 6465 7272 0000 0000 0000 6578 6563 5f70 7479  log_stdout......log_stderr......exec_pty
2021-03-15T22:19:32.5962382Z 00020648: 0000 0000 0000 0000 7074 795f 636c 6561 6e75 7000 2e2f 6765 745f 7074 792e 6300 6765 745f 7074 7900  ........pty_cleanup../get_pty.c.get_pty.
2021-03-15T22:19:32.5963050Z 00020670: 2e2f 686f 6f6b 732e 6300 0000 0000 0000 6465 7265 6769 7374 6572 5f68 6f6f 6b5f 696e 7465 726e 616c  ./hooks.c.......deregister_hook_internal
2021-03-15T22:19:32.5963927Z 00020698: 0000 0000 0000 0000 6465 7265 6769 7374 6572 5f68 6f6f 6b00 7265 6769 7374 6572 5f68 6f6f 6b5f 696e  ........deregister_hook.register_hook_in
2021-03-15T22:19:32.5964907Z 000206c0: 7465 726e 616c 0000 7265 6769 7374 6572 5f68 6f6f 6b00 2e2f 6c69 6d69 7473 2e63 0067 6574 726c 696d  ternal..register_hook../limits.c.getrlim
2021-03-15T22:19:32.5965809Z 000206e8: 6974 2852 4c49 4d49 545f 434f 5245 2900 7365 7472 6c69 6d69 7428 524c 494d 4954 5f43 4f52 4529 0067  it(RLIMIT_CORE).setrlimit(RLIMIT_CORE).g
2021-03-15T22:19:32.5967108Z 00020710: 6574 726c 696d 6974 2852 4c49 4d49 545f 4e50 524f 4329 0073 6574 726c 696d 6974 2852 4c49 4d49 545f  etrlimit(RLIMIT_NPROC).setrlimit(RLIMIT_
2021-03-15T22:19:32.5967975Z 00020738: 4e50 524f 4329 0073 6574 726c 696d 6974 2825 732c 205b 256c 6c64 2c20 256c 6c64 5d29 0073 6574 726c  NPROC).setrlimit(%s, [%lld, %lld]).setrl
2021-03-15T22:19:32.5968600Z 00020760: 696d 6974 2825 7329 0069 6e66 696e 6974 7900 256c 6c75 0025 733d 2573 2c25 7300 726c 696d 6974 5f61  imit(%s).infinity.%llu.%s=%s,%s.rlimit_a
2021-03-15T22:19:32.5969595Z 00020788: 7300 726c 696d 6974 5f63 6f72 6500 726c 696d 6974 5f63 7075 0072 6c69 6d69 745f 6461 7461 0072 6c69  s.rlimit_core.rlimit_cpu.rlimit_data.rli
2021-03-15T22:19:32.5970275Z 000207b0: 6d69 745f 6673 697a 6500 726c 696d 6974 5f6c 6f63 6b73 0072 6c69 6d69 745f 6d65 6d6c 6f63 6b00 726c  mit_fsize.rlimit_locks.rlimit_memlock.rl
2021-03-15T22:19:32.5970998Z 000207d8: 696d 6974 5f6e 6f66 696c 6500 726c 696d 6974 5f6e 7072 6f63 0072 6c69 6d69 745f 7273 7300 726c 696d  imit_nofile.rlimit_nproc.rlimit_rss.rlim
2021-03-15T22:19:32.5971663Z 00020800: 6974 5f73 7461 636b 0000 0000 0000 0000 524c 494d 4954 5f43 4f52 4520 5b25 6c6c 642c 2025 6c6c 645d  it_stack........RLIMIT_CORE [%lld, %lld]
2021-03-15T22:19:32.5972599Z 00020828: 202d 3e20 5b30 2c20 305d 0000 0000 0000 7072 6374 6c28 5052 5f47 4554 5f44 554d 5041 424c 452c 2030   -> [0, 0]......prctl(PR_GET_DUMPABLE, 0
2021-03-15T22:19:32.5973154Z 00020850: 2c20 302c 2030 2c20 3029 0000 0000 0000 7072 6374 6c28 5052 5f53 4554 5f44 554d 5041 424c 452c 2025  , 0, 0, 0)......prctl(PR_SET_DUMPABLE, %
2021-03-15T22:19:32.5973833Z 00020878: 642c 2030 2c20 302c 2030 2900 0000 0000 524c 494d 4954 5f4e 5052 4f43 205b 256c 6c64 2c20 256c 6c64  d, 0, 0, 0).....RLIMIT_NPROC [%lld, %lld
2021-03-15T22:19:32.5974686Z 000208a0: 5d20 2d3e 205b 696e 662c 2069 6e66 5d00 524c 494d 4954 5f4e 5052 4f43 205b 256c 6c64 2c20 256c 6c64  ] -> [inf, inf].RLIMIT_NPROC [%lld, %lld
2021-03-15T22:19:32.5975575Z 000208c8: 5d20 2d3e 205b 256c 6c64 2c20 256c 6c64 5d00 0000 0000 0000 7365 7472 6c69 6d69 7428 524c 494d 4954  ] -> [%lld, %lld].......setrlimit(RLIMIT
2021-03-15T22:19:32.5976651Z 000208f0: 5f4e 5052 4f43 2c20 5b25 6c6c 642c 2025 6c6c 645d 2900 0000 6765 7472 6c69 6d69 7428 6c69 6d2d 3e6e  _NPROC, [%lld, %lld])...getrlimit(lim->n
2021-03-15T22:19:32.5977576Z 00020918: 616d 6529 202d 3e20 5b25 6c6c 642c 2025 6c6c 645d 0000 0000 7365 7472 6c69 6d69 7428 524c 494d 4954  ame) -> [%lld, %lld]....setrlimit(RLIMIT
2021-03-15T22:19:32.5978349Z 00020940: 5f43 4f52 452c 205b 256c 6c64 2c20 256c 6c64 5d29 0000 0000 0000 0000 0000 0000 7365 7269 616c 697a  _CORE, [%lld, %lld])............serializ
2021-03-15T22:19:32.5979613Z 00020968: 655f 6c69 6d69 7473 0000 0000 0000 0000 0000 0000 0000 0000 7265 7374 6f72 655f 636f 7265 6475 6d70  e_limits................restore_coredump
2021-03-15T22:19:32.5980830Z 00020990: 0000 0000 0000 0000 7265 7374 6f72 655f 6c69 6d69 7473 0000 756e 6c69 6d69 745f 7375 646f 0000 0000  ........restore_limits..unlimit_sudo....
2021-03-15T22:19:32.5982137Z 000209b8: 7265 7374 6f72 655f 6e70 726f 6300 0000 756e 6c69 6d69 745f 6e70 726f 6300 0000 0000 0000 0000 0000  restore_nproc...unlimit_nproc...........
2021-03-15T22:19:32.5983566Z 000209e0: 6469 7361 626c 655f 636f 7265 6475 6d70 002e 2f6c 6f61 645f 706c 7567 696e 732e 6300 2573 5f63 6c6f  disable_coredump../load_plugins.c.%s_clo
2021-03-15T22:19:32.5984347Z 00020a08: 6e65 002f 6574 632f 7375 646f 2e63 6f6e 6600 756e 6b6e 6f77 6e20 6572 726f 7200 2573 2573 3a20 2573  ne./etc/sudo.conf.unknown error.%s%s: %s
2021-03-15T22:19:32.5985447Z 00020a30: 0025 7320 6d75 7374 2062 6520 6f77 6e65 6420 6279 2075 6964 2025 6400 756e 6162 6c65 2074 6f20 6c6f  .%s must be owned by uid %d.unable to lo
2021-03-15T22:19:32.5986119Z 00020a58: 6164 2025 733a 2025 7300 7375 646f 6572 732e 736f 0073 7564 6f65 7273 5f70 6f6c 6963 7900 7375 646f  ad %s: %s.sudoers.so.sudoers_policy.sudo
2021-03-15T22:19:32.5986836Z 00020a80: 6572 735f 6175 6469 7400 7375 646f 6572 735f 696f 0000 0000 6967 6e6f 7269 6e67 2064 7570 6c69 6361  ers_audit.sudoers_io....ignoring duplica
2021-03-15T22:19:32.5987473Z 00020aa8: 7465 2070 6c75 6769 6e20 2225 7322 2069 6e20 2573 2c20 6c69 6e65 2025 6400 0000 6572 726f 7220 696e  te plugin "%s" in %s, line %d...error in
2021-03-15T22:19:32.5988091Z 00020ad0: 2025 732c 206c 696e 6520 2564 2077 6869 6c65 206c 6f61 6469 6e67 2070 6c75 6769 6e20 2225 7322 0000   %s, line %d while loading plugin "%s"..
2021-03-15T22:19:32.5988694Z 00020af8: 2573 206d 7573 7420 6265 206f 6e6c 7920 6265 2077 7269 7461 626c 6520 6279 206f 776e 6572 0000 0000  %s must be only be writable by owner....
2021-03-15T22:19:32.5989297Z 00020b20: 756e 6162 6c65 2074 6f20 6669 6e64 2073 796d 626f 6c20 2225 7322 2069 6e20 2573 0000 0000 0000 0000  unable to find symbol "%s" in %s........
2021-03-15T22:19:32.5989924Z 00020b48: 696e 636f 6d70 6174 6962 6c65 2070 6c75 6769 6e20 6d61 6a6f 7220 7665 7273 696f 6e20 2564 2028 6578  incompatible plugin major version %d (ex
2021-03-15T22:19:32.5991061Z 00020b70: 7065 6374 6564 2025 6429 2066 6f75 6e64 2069 6e20 2573 0000 6967 6e6f 7269 6e67 2070 6f6c 6963 7920  pected %d) found in %s..ignoring policy 
2021-03-15T22:19:32.5991724Z 00020b98: 706c 7567 696e 2022 2573 2220 696e 2025 732c 206c 696e 6520 2564 0000 0000 0000 6f6e 6c79 2061 2073  plugin "%s" in %s, line %d......only a s
2021-03-15T22:19:32.5992417Z 00020bc0: 696e 676c 6520 706f 6c69 6379 2070 6c75 6769 6e20 6d61 7920 6265 2073 7065 6369 6669 6564 0000 0000  ingle policy plugin may be specified....
2021-03-15T22:19:32.5994236Z 00020be8: 756e 6b6e 6f77 6e20 706c 7567 696e 2074 7970 6520 2564 2066 6f75 6e64 2069 6e20 2573 0000 0000 0000  unknown plugin type %d found in %s......
2021-03-15T22:19:32.5994914Z 00020c10: 706f 6c69 6379 2070 6c75 6769 6e20 2573 2064 6f65 7320 6e6f 7420 696e 636c 7564 6520 6120 6368 6563  policy plugin %s does not include a chec
2021-03-15T22:19:32.5995581Z 00020c38: 6b5f 706f 6c69 6379 206d 6574 686f 6400 0000 0000 0000 0000 7375 646f 5f72 6567 6973 7465 725f 686f  k_policy method.........sudo_register_ho
2021-03-15T22:19:32.5996260Z 00020c60: 6f6b 7300 0000 0000 0000 0000 0000 0000 7375 646f 5f69 6e69 745f 6576 656e 745f 616c 6c6f 6300 0000  oks.............sudo_init_event_alloc...
2021-03-15T22:19:32.5996898Z 00020c88: 0000 0000 0000 0000 7375 646f 5f6c 6f61 645f 706c 7567 696e 7300 0000 0000 0000 6e65 775f 636f 6e74  ........sudo_load_plugins.......new_cont
2021-03-15T22:19:32.5997591Z 00020cb0: 6169 6e65 7200 0000 706c 7567 696e 5f65 7869 7374 7300 0000 0000 0000 0000 0000 7375 646f 5f69 6e73  ainer...plugin_exists...........sudo_ins
2021-03-15T22:19:32.5998318Z 00020cd8: 6572 745f 706c 7567 696e 0000 0000 0000 6669 6c6c 5f63 6f6e 7461 696e 6572 0000 0000 0000 0000 0000  ert_plugin......fill_container..........
2021-03-15T22:19:32.5999027Z 00020d00: 7375 646f 5f73 7461 745f 706c 7567 696e 0000 0000 0000 0000 0000 0000 0000 0000 7375 646f 5f63 6865  sudo_stat_plugin................sudo_che
2021-03-15T22:19:32.5999796Z 00020d28: 636b 5f70 6c75 6769 6e00 0000 0000 0000 0000 0000 0000 0000 7375 646f 5f6c 6f61 645f 706c 7567 696e  ck_plugin...............sudo_load_plugin
2021-03-15T22:19:32.6000458Z 00020d50: 0000 0000 0000 0000 0000 0000 0000 0000 7375 646f 5f6c 6f61 645f 7375 646f 6572 735f 706c 7567 696e  ................sudo_load_sudoers_plugin
2021-03-15T22:19:32.6001065Z 00020d78: 0000 0000 0000 0000 7375 646f 5f70 6c75 6769 6e5f 7472 795f 746f 5f63 6c6f 6e65 002e 2f6e 6574 5f69  ........sudo_plugin_try_to_clone../net_i
2021-03-15T22:19:32.6001730Z 00020da0: 6673 2e63 0025 7325 732f 2573 0069 6e74 6572 6e61 6c20 6572 726f 722c 2025 7320 6f76 6572 666c 6f77  fs.c.%s%s/%s.internal error, %s overflow
2021-03-15T22:19:32.6002840Z 00020dc8: 0073 7564 6f00 0000 6765 745f 6e65 745f 6966 7300 2e2f 7061 7273 655f 6172 6773 2e63 0020 2d68 207c  .sudo...get_net_ifs../parse_args.c. -h |
2021-03-15T22:19:32.6003785Z 00020df0: 202d 4b20 7c20 2d6b 207c 202d 5600 7375 646f 6564 6974 0075 7361 6765 3a20 2573 2573 0074 7275 6500   -K | -k | -V.sudoedit.usage: %s%s.true.
2021-03-15T22:19:32.6005244Z 00020e18: 6f70 7461 7267 2021 3d20 4e55 4c4c 002c 000a 4f70 7469 6f6e 733a 0a00 7275 6e20 636f 6d6d 616e 6420  optarg != NULL.,..Options:..run command 
2021-03-15T22:19:32.6005985Z 00020e40: 696e 2074 6865 2062 6163 6b67 726f 756e 6400 7269 6e67 2062 656c 6c20 7768 656e 2070 726f 6d70 7469  in the background.ring bell when prompti
2021-03-15T22:19:32.6006697Z 00020e68: 6e67 0064 6973 706c 6179 2068 656c 7020 6d65 7373 6167 6520 616e 6420 6578 6974 0069 6e76 616c 6964  ng.display help message and exit.invalid
2021-03-15T22:19:32.6007759Z 00020e90: 6174 6520 7469 6d65 7374 616d 7020 6669 6c65 002d 6300 6173 6b70 6173 7300 6175 7468 2d74 7970 6500  ate timestamp file.-c.askpass.auth-type.
2021-03-15T22:19:32.6009008Z 00020eb8: 6265 6c6c 0063 6c6f 7365 2d66 726f 6d00 6c6f 6769 6e2d 636c 6173 7300 6368 6469 7200 7072 6573 6572  bell.close-from.login-class.chdir.preser
2021-03-15T22:19:32.6010431Z 00020ee0: 7665 2d65 6e76 0073 6574 2d68 6f6d 6500 6865 6c70 006c 6f67 696e 0072 656d 6f76 652d 7469 6d65 7374  ve-env.set-home.help.login.remove-timest
2021-03-15T22:19:32.6011847Z 00020f08: 616d 7000 7265 7365 742d 7469 6d65 7374 616d 7000 6e6f 6e2d 696e 7465 7261 6374 6976 6500 7072 6573  amp.reset-timestamp.non-interactive.pres
2021-03-15T22:19:32.6013283Z 00020f30: 6572 7665 2d67 726f 7570 7300 7072 6f6d 7074 0073 7464 696e 0063 6f6d 6d61 6e64 2d74 696d 656f 7574  erve-groups.prompt.stdin.command-timeout
2021-03-15T22:19:32.6014557Z 00020f58: 006f 7468 6572 2d75 7365 7200 7665 7273 696f 6e00 6273 6461 7574 685f 7479 7065 006c 6f67 696e 5f63  .other-user.version.bsdauth_type.login_c
2021-03-15T22:19:32.6015424Z 00020f80: 6c61 7373 0070 7265 7365 7276 655f 656e 7669 726f 6e6d 656e 7400 7275 6e61 735f 6772 6f75 7000 7365  lass.preserve_environment.runas_group.se
2021-03-15T22:19:32.6016222Z 00020fa8: 745f 686f 6d65 0072 756e 5f73 6865 6c6c 006c 6f67 696e 5f73 6865 6c6c 0069 676e 6f72 655f 7469 636b  t_home.run_shell.login_shell.ignore_tick
2021-03-15T22:19:32.6016979Z 00020fd0: 6574 0073 656c 696e 7578 5f72 6f6c 6500 7365 6c69 6e75 785f 7479 7065 0072 756e 6173 5f75 7365 7200  et.selinux_role.selinux_type.runas_user.
2021-03-15T22:19:32.6017787Z 00020ff8: 7072 6f67 6e61 6d65 0069 6d70 6c69 6564 5f73 6865 6c6c 0070 7265 7365 7276 655f 6772 6f75 7073 006e  progname.implied_shell.preserve_groups.n
2021-03-15T22:19:32.6018696Z 00021020: 6f6e 696e 7465 7261 6374 6976 6500 636c 6f73 6566 726f 6d00 6e65 7477 6f72 6b5f 6164 6472 7300 6d61  oninteractive.closefrom.network_addrs.ma
2021-03-15T22:19:32.6019572Z 00021048: 785f 6772 6f75 7073 0070 6c75 6769 6e5f 6469 7200 7265 6d6f 7465 5f68 6f73 7400 636d 6e64 5f63 6872  x_groups.plugin_dir.remote_host.cmnd_chr
2021-03-15T22:19:32.6020549Z 00021070: 6f6f 7400 636d 6e64 5f63 7764 0000 0000 202d 6520 5b2d 416b 6e53 5d20 5b2d 4320 6e75 6d5d 205b 2d44  oot.cmnd_cwd.... -e [-AknS] [-C num] [-D
2021-03-15T22:19:32.6021654Z 00021098: 2064 6972 6563 746f 7279 5d20 5b2d 6720 6772 6f75 705d 205b 2d68 2068 6f73 745d 205b 2d70 2070 726f   directory] [-g group] [-h host] [-p pro
2021-03-15T22:19:32.6022671Z 000210c0: 6d70 745d 205b 2d52 2064 6972 6563 746f 7279 5d20 5b2d 5420 7469 6d65 6f75 745d 205b 2d75 2075 7365  mpt] [-R directory] [-T timeout] [-u use
2021-03-15T22:19:32.6023811Z 000210e8: 725d 2066 696c 6520 2e2e 2e00 0000 0000 202d 7620 5b2d 416b 6e53 5d20 5b2d 6720 6772 6f75 705d 205b  r] file ........ -v [-AknS] [-g group] [
2021-03-15T22:19:32.6024904Z 00021110: 2d68 2068 6f73 745d 205b 2d70 2070 726f 6d70 745d 205b 2d75 2075 7365 725d 0000 202d 6c20 5b2d 416b  -h host] [-p prompt] [-u user].. -l [-Ak
2021-03-15T22:19:32.6025969Z 00021138: 6e53 5d20 5b2d 6720 6772 6f75 705d 205b 2d68 2068 6f73 745d 205b 2d70 2070 726f 6d70 745d 205b 2d55  nS] [-g group] [-h host] [-p prompt] [-U
2021-03-15T22:19:32.6026853Z 00021160: 2075 7365 725d 205b 2d75 2075 7365 725d 205b 636f 6d6d 616e 645d 0000 0000 0000 205b 2d41 6245 486b   user] [-u user] [command]...... [-AbEHk
2021-03-15T22:19:32.6027746Z 00021188: 6e50 535d 205b 2d43 206e 756d 5d20 5b2d 4420 6469 7265 6374 6f72 795d 205b 2d67 2067 726f 7570 5d20  nPS] [-C num] [-D directory] [-g group] 
2021-03-15T22:19:32.6028664Z 000211b0: 5b2d 6820 686f 7374 5d20 5b2d 7020 7072 6f6d 7074 5d20 5b2d 5220 6469 7265 6374 6f72 795d 205b 2d54  [-h host] [-p prompt] [-R directory] [-T
2021-03-15T22:19:32.6029581Z 000211d8: 2074 696d 656f 7574 5d20 5b2d 7520 7573 6572 5d20 5b56 4152 3d76 616c 7565 5d20 5b2d 697c 2d73 5d20   timeout] [-u user] [VAR=value] [-i|-s] 
2021-03-15T22:19:32.6030479Z 00021200: 5b3c 636f 6d6d 616e 643e 5d00 0000 0000 4f6e 6c79 206f 6e65 206f 6620 7468 6520 2d65 2c20 2d68 2c20  [<command>].....Only one of the -e, -h, 
2021-03-15T22:19:32.6031391Z 00021228: 2d69 2c20 2d4b 2c20 2d6c 2c20 2d73 2c20 2d76 206f 7220 2d56 206f 7074 696f 6e73 206d 6179 2062 6520  -i, -K, -l, -s, -v or -V options may be 
2021-03-15T22:19:32.6032306Z 00021250: 7370 6563 6966 6965 6400 0000 0000 0000 7468 6520 6172 6775 6d65 6e74 2074 6f20 2d43 206d 7573 7420  specified.......the argument to -C must 
2021-03-15T22:19:32.6032990Z 00021278: 6265 2061 206e 756d 6265 7220 6772 6561 7465 7220 7468 616e 206f 7220 6571 7561 6c20 746f 2033 0000  be a number greater than or equal to 3..
2021-03-15T22:19:32.6033645Z 000212a0: 696e 7661 6c69 6420 656e 7669 726f 6e6d 656e 7420 7661 7269 6162 6c65 206e 616d 653a 2025 7300 0000  invalid environment variable name: %s...
2021-03-15T22:19:32.6034582Z 000212c8: 796f 7520 6d61 7920 6e6f 7420 7370 6563 6966 7920 626f 7468 2074 6865 202d 6920 616e 6420 2d73 206f  you may not specify both the -i and -s o
2021-03-15T22:19:32.6035471Z 000212f0: 7074 696f 6e73 0000 796f 7520 6d61 7920 6e6f 7420 7370 6563 6966 7920 626f 7468 2074 6865 202d 6920  ptions..you may not specify both the -i 
2021-03-15T22:19:32.6036417Z 00021318: 616e 6420 2d45 206f 7074 696f 6e73 0000 796f 7520 6d61 7920 6e6f 7420 7370 6563 6966 7920 656e 7669  and -E options..you may not specify envi
2021-03-15T22:19:32.6037346Z 00021340: 726f 6e6d 656e 7420 7661 7269 6162 6c65 7320 696e 2065 6469 7420 6d6f 6465 0000 7468 6520 2d55 206f  ronment variables in edit mode..the -U o
2021-03-15T22:19:32.6038273Z 00021368: 7074 696f 6e20 6d61 7920 6f6e 6c79 2062 6520 7573 6564 2077 6974 6820 7468 6520 2d6c 206f 7074 696f  ption may only be used with the -l optio
2021-03-15T22:19:32.6039156Z 00021390: 6e00 0000 0000 0000 7468 6520 2d41 2061 6e64 202d 5320 6f70 7469 6f6e 7320 6d61 7920 6e6f 7420 6265  n.......the -A and -S options may not be
2021-03-15T22:19:32.6040056Z 000213b8: 2075 7365 6420 746f 6765 7468 6572 0000 2573 202d 2065 6469 7420 6669 6c65 7320 6173 2061 6e6f 7468   used together..%s - edit files as anoth
2021-03-15T22:19:32.6041694Z 000213e0: 6572 2075 7365 720a 0a00 0000 0000 0000 2573 202d 2065 7865 6375 7465 2061 2063 6f6d 6d61 6e64 2061  er user.........%s - execute a command a
2021-03-15T22:19:32.6042470Z 00021408: 7320 616e 6f74 6865 7220 7573 6572 0a0a 0000 0000 0000 0000 7573 6520 6120 6865 6c70 6572 2070 726f  s another user..........use a helper pro
2021-03-15T22:19:32.6043561Z 00021430: 6772 616d 2066 6f72 2070 6173 7377 6f72 6420 7072 6f6d 7074 696e 6700 0000 0000 2020 2d41 2c20 2d2d  gram for password prompting.....  -A, --
2021-03-15T22:19:32.6044675Z 00021458: 6173 6b70 6173 7320 2020 2020 2020 2020 2020 2020 2020 2020 2573 0a00 0000 0000 2020 2d62 2c20 2d2d  askpass                 %s......  -b, --
2021-03-15T22:19:32.6045839Z 00021480: 6261 636b 6772 6f75 6e64 2020 2020 2020 2020 2020 2020 2020 2573 0a00 0000 0000 2020 2d42 2c20 2d2d  background              %s......  -B, --
2021-03-15T22:19:32.6046377Z 000214a8: 6265 6c6c 2020 2020 2020 2020 2020 2020 2020 2020 2020 2020 2573 0a00 0000 0000 636c 6f73 6520 616c  bell                    %s......close al
2021-03-15T22:19:32.6047335Z 000214d0: 6c20 6669 6c65 2064 6573 6372 6970 746f 7273 203e 3d20 6e75 6d00 0000 0000 0000 2020 2d43 2c20 2d2d  l file descriptors >= num.......  -C, --
2021-03-15T22:19:32.6048199Z 000214f8: 636c 6f73 652d 6672 6f6d 3d6e 756d 2020 2020 2020 2020 2020 2573 0a00 0000 0000 6368 616e 6765 2074  close-from=num          %s......change t
2021-03-15T22:19:32.6048857Z 00021520: 6865 2077 6f72 6b69 6e67 2064 6972 6563 746f 7279 2062 6566 6f72 6520 7275 6e6e 696e 6720 636f 6d6d  he working directory before running comm
2021-03-15T22:19:32.6049730Z 00021548: 616e 6400 0000 0000 2020 2d44 2c20 2d2d 6368 6469 723d 6469 7265 6374 6f72 7920 2020 2020 2020 2020  and.....  -D, --chdir=directory         
2021-03-15T22:19:32.6050364Z 00021570: 2573 0a00 0000 0000 7072 6573 6572 7665 2075 7365 7220 656e 7669 726f 6e6d 656e 7420 7768 656e 2072  %s......preserve user environment when r
2021-03-15T22:19:32.6051295Z 00021598: 756e 6e69 6e67 2063 6f6d 6d61 6e64 0000 2020 2d45 2c20 2d2d 7072 6573 6572 7665 2d65 6e76 2020 2020  unning command..  -E, --preserve-env    
2021-03-15T22:19:32.6051967Z 000215c0: 2020 2020 2020 2020 2573 0a00 0000 0000 7072 6573 6572 7665 2073 7065 6369 6669 6320 656e 7669 726f          %s......preserve specific enviro
2021-03-15T22:19:32.6052878Z 000215e8: 6e6d 656e 7420 7661 7269 6162 6c65 7300 2020 2020 2020 2d2d 7072 6573 6572 7665 2d65 6e76 3d6c 6973  nment variables.      --preserve-env=lis
2021-03-15T22:19:32.6053525Z 00021610: 7420 2020 2020 2020 2573 0a00 0000 0000 6564 6974 2066 696c 6573 2069 6e73 7465 6164 206f 6620 7275  t       %s......edit files instead of ru
2021-03-15T22:19:32.6054347Z 00021638: 6e6e 696e 6720 6120 636f 6d6d 616e 6400 2020 2d65 2c20 2d2d 6564 6974 2020 2020 2020 2020 2020 2020  nning a command.  -e, --edit            
2021-03-15T22:19:32.6055116Z 00021660: 2020 2020 2020 2020 2573 0a00 0000 0000 7275 6e20 636f 6d6d 616e 6420 6173 2074 6865 2073 7065 6369          %s......run command as the speci
2021-03-15T22:19:32.6055971Z 00021688: 6669 6564 2067 726f 7570 206e 616d 6520 6f72 2049 4400 0000 2020 2d67 2c20 2d2d 6772 6f75 703d 6772  fied group name or ID...  -g, --group=gr
2021-03-15T22:19:32.6056572Z 000216b0: 6f75 7020 2020 2020 2020 2020 2020 2020 2573 0a00 0000 0000 7365 7420 484f 4d45 2076 6172 6961 626c  oup             %s......set HOME variabl
2021-03-15T22:19:32.6057399Z 000216d8: 6520 746f 2074 6172 6765 7420 7573 6572 2773 2068 6f6d 6520 6469 7200 0000 0000 2020 2d48 2c20 2d2d  e to target user's home dir.....  -H, --
2021-03-15T22:19:32.6058239Z 00021700: 7365 742d 686f 6d65 2020 2020 2020 2020 2020 2020 2020 2020 2573 0a00 0000 0000 2020 2d68 2c20 2d2d  set-home                %s......  -h, --
2021-03-15T22:19:32.6058766Z 00021728: 6865 6c70 2020 2020 2020 2020 2020 2020 2020 2020 2020 2020 2573 0a00 0000 0000 7275 6e20 636f 6d6d  help                    %s......run comm
2021-03-15T22:19:32.6059348Z 00021750: 616e 6420 6f6e 2068 6f73 7420 2869 6620 7375 7070 6f72 7465 6420 6279 2070 6c75 6769 6e29 0000 0000  and on host (if supported by plugin)....
2021-03-15T22:19:32.6060175Z 00021778: 2020 2d68 2c20 2d2d 686f 7374 3d68 6f73 7420 2020 2020 2020 2020 2020 2020 2020 2573 0a00 0000 0000    -h, --host=host               %s......
2021-03-15T22:19:32.6060760Z 000217a0: 7275 6e20 6c6f 6769 6e20 7368 656c 6c20 6173 2074 6865 2074 6172 6765 7420 7573 6572 3b20 6120 636f  run login shell as the target user; a co
2021-03-15T22:19:32.6061759Z 000217c8: 6d6d 616e 6420 6d61 7920 616c 736f 2062 6520 7370 6563 6966 6965 6400 0000 0000 2020 2d69 2c20 2d2d  mmand may also be specified.....  -i, --
2021-03-15T22:19:32.6062403Z 000217f0: 6c6f 6769 6e20 2020 2020 2020 2020 2020 2020 2020 2020 2020 2573 0a00 0000 0000 7265 6d6f 7665 2074  login                   %s......remove t
2021-03-15T22:19:32.6063431Z 00021818: 696d 6573 7461 6d70 2066 696c 6520 636f 6d70 6c65 7465 6c79 0000 0000 0000 0000 2020 2d4b 2c20 2d2d  imestamp file completely........  -K, --
2021-03-15T22:19:32.6064418Z 00021840: 7265 6d6f 7665 2d74 696d 6573 7461 6d70 2020 2020 2020 2020 2573 0a00 0000 0000 2020 2d6b 2c20 2d2d  remove-timestamp        %s......  -k, --
2021-03-15T22:19:32.6065498Z 00021868: 7265 7365 742d 7469 6d65 7374 616d 7020 2020 2020 2020 2020 2573 0a00 0000 0000 6c69 7374 2075 7365  reset-timestamp         %s......list use
2021-03-15T22:19:32.6066411Z 00021890: 7227 7320 7072 6976 696c 6567 6573 206f 7220 6368 6563 6b20 6120 7370 6563 6966 6963 2063 6f6d 6d61  r's privileges or check a specific comma
2021-03-15T22:19:32.6067323Z 000218b8: 6e64 3b20 7573 6520 7477 6963 6520 666f 7220 6c6f 6e67 6572 2066 6f72 6d61 7400 2020 2d6c 2c20 2d2d  nd; use twice for longer format.  -l, --
2021-03-15T22:19:32.6068345Z 000218e0: 6c69 7374 2020 2020 2020 2020 2020 2020 2020 2020 2020 2020 2573 0a00 0000 0000 6e6f 6e2d 696e 7465  list                    %s......non-inte
2021-03-15T22:19:32.6068926Z 00021908: 7261 6374 6976 6520 6d6f 6465 2c20 6e6f 2070 726f 6d70 7473 2061 7265 2075 7365 6400 0000 0000 0000  ractive mode, no prompts are used.......
2021-03-15T22:19:32.6069824Z 00021930: 2020 2d6e 2c20 2d2d 6e6f 6e2d 696e 7465 7261 6374 6976 6520 2020 2020 2020 2020 2573 0a00 0000 0000    -n, --non-interactive         %s......
2021-03-15T22:19:32.6070462Z 00021958: 7072 6573 6572 7665 2067 726f 7570 2076 6563 746f 7220 696e 7374 6561 6420 6f66 2073 6574 7469 6e67  preserve group vector instead of setting
2021-03-15T22:19:32.6071376Z 00021980: 2074 6f20 7461 7267 6574 2773 0000 0000 2020 2d50 2c20 2d2d 7072 6573 6572 7665 2d67 726f 7570 7320   to target's....  -P, --preserve-groups 
2021-03-15T22:19:32.6071994Z 000219a8: 2020 2020 2020 2020 2573 0a00 0000 0000 7573 6520 7468 6520 7370 6563 6966 6965 6420 7061 7373 776f          %s......use the specified passwo
2021-03-15T22:19:32.6072865Z 000219d0: 7264 2070 726f 6d70 7400 0000 0000 0000 2020 2d70 2c20 2d2d 7072 6f6d 7074 3d70 726f 6d70 7420 2020  rd prompt.......  -p, --prompt=prompt   
2021-03-15T22:19:32.6073493Z 000219f8: 2020 2020 2020 2020 2573 0a00 0000 0000 6368 616e 6765 2074 6865 2072 6f6f 7420 6469 7265 6374 6f72          %s......change the root director
2021-03-15T22:19:32.6074359Z 00021a20: 7920 6265 666f 7265 2072 756e 6e69 6e67 2063 6f6d 6d61 6e64 0000 0000 0000 0000 2020 2d52 2c20 2d2d  y before running command........  -R, --
2021-03-15T22:19:32.6075080Z 00021a48: 6368 726f 6f74 3d64 6972 6563 746f 7279 2020 2020 2020 2020 2573 0a00 0000 0000 7265 6164 2070 6173  chroot=directory        %s......read pas
2021-03-15T22:19:32.6076481Z 00021a70: 7377 6f72 6420 6672 6f6d 2073 7461 6e64 6172 6420 696e 7075 7400 0000 0000 0000 2020 2d53 2c20 2d2d  sword from standard input.......  -S, --
2021-03-15T22:19:32.6077238Z 00021a98: 7374 6469 6e20 2020 2020 2020 2020 2020 2020 2020 2020 2020 2573 0a00 0000 0000 7275 6e20 7368 656c  stdin                   %s......run shel
2021-03-15T22:19:32.6077793Z 00021ac0: 6c20 6173 2074 6865 2074 6172 6765 7420 7573 6572 3b20 6120 636f 6d6d 616e 6420 6d61 7920 616c 736f  l as the target user; a command may also
2021-03-15T22:19:32.6078656Z 00021ae8: 2062 6520 7370 6563 6966 6965 6400 0000 2020 2d73 2c20 2d2d 7368 656c 6c20 2020 2020 2020 2020 2020   be specified...  -s, --shell           
2021-03-15T22:19:32.6079259Z 00021b10: 2020 2020 2020 2020 2573 0a00 0000 0000 7465 726d 696e 6174 6520 636f 6d6d 616e 6420 6166 7465 7220          %s......terminate command after 
2021-03-15T22:19:32.6080473Z 00021b38: 7468 6520 7370 6563 6966 6965 6420 7469 6d65 206c 696d 6974 0000 0000 0000 0000 2020 2d54 2c20 2d2d  the specified time limit........  -T, --
2021-03-15T22:19:32.6081475Z 00021b60: 636f 6d6d 616e 642d 7469 6d65 6f75 743d 7469 6d65 6f75 7420 2573 0a00 0000 0000 696e 206c 6973 7420  command-timeout=timeout %s......in list 
2021-03-15T22:19:32.6082348Z 00021b88: 6d6f 6465 2c20 6469 7370 6c61 7920 7072 6976 696c 6567 6573 2066 6f72 2075 7365 7200 0000 0000 0000  mode, display privileges for user.......
2021-03-15T22:19:32.6083216Z 00021bb0: 2020 2d55 2c20 2d2d 6f74 6865 722d 7573 6572 3d75 7365 7220 2020 2020 2020 2020 2573 0a00 0000 0000    -U, --other-user=user         %s......
2021-03-15T22:19:32.6084301Z 00021bd8: 7275 6e20 636f 6d6d 616e 6420 286f 7220 6564 6974 2066 696c 6529 2061 7320 7370 6563 6966 6965 6420  run command (or edit file) as specified 
2021-03-15T22:19:32.6085163Z 00021c00: 7573 6572 206e 616d 6520 6f72 2049 4400 2020 2d75 2c20 2d2d 7573 6572 3d75 7365 7220 2020 2020 2020  user name or ID.  -u, --user=user       
2021-03-15T22:19:32.6085748Z 00021c28: 2020 2020 2020 2020 2573 0a00 0000 0000 6469 7370 6c61 7920 7665 7273 696f 6e20 696e 666f 726d 6174          %s......display version informat
2021-03-15T22:19:32.6086565Z 00021c50: 696f 6e20 616e 6420 6578 6974 0000 0000 2020 2d56 2c20 2d2d 7665 7273 696f 6e20 2020 2020 2020 2020  ion and exit....  -V, --version         
2021-03-15T22:19:32.6087376Z 00021c78: 2020 2020 2020 2020 2573 0a00 0000 0000 7570 6461 7465 2075 7365 7227 7320 7469 6d65 7374 616d 7020          %s......update user's timestamp 
2021-03-15T22:19:32.6088210Z 00021ca0: 7769 7468 6f75 7420 7275 6e6e 696e 6720 6120 636f 6d6d 616e 6400 0000 0000 0000 2020 2d76 2c20 2d2d  without running a command.......  -v, --
2021-03-15T22:19:32.6088816Z 00021cc8: 7661 6c69 6461 7465 2020 2020 2020 2020 2020 2020 2020 2020 2573 0a00 0000 0000 7374 6f70 2070 726f  validate                %s......stop pro
2021-03-15T22:19:32.6089642Z 00021cf0: 6365 7373 696e 6720 636f 6d6d 616e 6420 6c69 6e65 2061 7267 756d 656e 7473 0000 2020 2d2d 2020 2020  cessing command line arguments..  --    
2021-03-15T22:19:32.6090192Z 00021d18: 2020 2020 2020 2020 2020 2020 2020 2020 2020 2020 2020 2020 2573 0a00 0000 0000 0000 0000 0000 0000                          %s..............
2021-03-15T22:19:32.6090845Z 00021d40: 7552 ffff 6952 ffff 1e52 ffff eb51 ffff ca50 ffff 3057 ffff 3057 ffff af50 ffff 3057 ffff 3057 ffff  uR..iR...R...Q...P..0W..0W...P..0W..0W..
2021-03-15T22:19:32.6091680Z 00021d68: 8350 ffff 3057 ffff 3057 ffff 3057 ffff 3057 ffff 6850 ffff 3057 ffff 3550 ffff 2950 ffff ff4f ffff  .P..0W..0W..0W..0W..hP..0W..5P..)P...O..
2021-03-15T22:19:32.6092448Z 00021d90: cc4f ffff ae4f ffff 3057 ffff 3057 ffff 3057 ffff 3057 ffff 3057 ffff 3057 ffff 3057 ffff 3057 ffff  .O...O..0W..0W..0W..0W..0W..0W..0W..0W..
2021-03-15T22:19:32.6093234Z 00021db8: 3057 ffff 3057 ffff 3057 ffff a14f ffff 3057 ffff 3057 ffff 704f ffff 3057 ffff 224f ffff b04e ffff  0W..0W..0W...O..0W..0W..pO..0W.."O...N..
2021-03-15T22:19:32.6094058Z 00021de0: 554f ffff 3057 ffff 9d4e ffff 714e ffff 3057 ffff 564e ffff 3057 ffff 2c4e ffff 3057 ffff 3057 ffff  UO..0W...N..qN..0W..VN..0W..,N..0W..0W..
2021-03-15T22:19:32.6094914Z 00021e08: 114e ffff 3057 ffff de4d ffff bb4d ffff 3057 ffff 3057 ffff 3057 ffff 3057 ffff 3057 ffff 3057 ffff  .N..0W...M...M..0W..0W..0W..0W..0W..0W..
2021-03-15T22:19:32.6095686Z 00021e30: 3057 ffff 3057 ffff 3057 ffff 3057 ffff 3057 ffff 3057 ffff 3057 ffff 3057 ffff 3057 ffff 3057 ffff  0W..0W..0W..0W..0W..0W..0W..0W..0W..0W..
2021-03-15T22:19:32.6096455Z 00021e58: 3057 ffff 3057 ffff 3057 ffff 3057 ffff 3057 ffff 3057 ffff 3057 ffff 3057 ffff 3057 ffff 3057 ffff  0W..0W..0W..0W..0W..0W..0W..0W..0W..0W..
2021-03-15T22:19:32.6097210Z 00021e80: 3057 ffff 3057 ffff 3057 ffff 3057 ffff 3057 ffff 3057 ffff 3057 ffff 3057 ffff 3057 ffff 3057 ffff  0W..0W..0W..0W..0W..0W..0W..0W..0W..0W..
2021-03-15T22:19:32.6097976Z 00021ea8: 3057 ffff 3057 ffff 3057 ffff 3057 ffff 3057 ffff 3057 ffff 3057 ffff 3057 ffff 3057 ffff 3057 ffff  0W..0W..0W..0W..0W..0W..0W..0W..0W..0W..
2021-03-15T22:19:32.6098731Z 00021ed0: 3057 ffff 3057 ffff 3057 ffff 3057 ffff 3057 ffff 3057 ffff 3057 ffff 3057 ffff 3057 ffff 3057 ffff  0W..0W..0W..0W..0W..0W..0W..0W..0W..0W..
2021-03-15T22:19:32.6099585Z 00021ef8: 3057 ffff 3057 ffff 3057 ffff 3057 ffff 3057 ffff 3057 ffff 3057 ffff 3057 ffff 3057 ffff 3057 ffff  0W..0W..0W..0W..0W..0W..0W..0W..0W..0W..
2021-03-15T22:19:32.6100371Z 00021f20: 3057 ffff 3057 ffff 3057 ffff 3057 ffff 3057 ffff 3057 ffff 3057 ffff 3057 ffff 3057 ffff 3057 ffff  0W..0W..0W..0W..0W..0W..0W..0W..0W..0W..
2021-03-15T22:19:32.6101326Z 00021f48: 3057 ffff 3057 ffff 3057 ffff 3057 ffff 3057 ffff 3057 ffff 3057 ffff 3057 ffff 3057 ffff 3057 ffff  0W..0W..0W..0W..0W..0W..0W..0W..0W..0W..
2021-03-15T22:19:32.6103090Z 00021f70: 3057 ffff 3057 ffff 3057 ffff 3057 ffff 3057 ffff 3057 ffff 3057 ffff 3057 ffff 3057 ffff 3057 ffff  0W..0W..0W..0W..0W..0W..0W..0W..0W..0W..
2021-03-15T22:19:32.6104375Z 00021f98: 3057 ffff 3057 ffff 3057 ffff 3057 ffff 3057 ffff 3057 ffff 3057 ffff 3057 ffff 3057 ffff 3057 ffff  0W..0W..0W..0W..0W..0W..0W..0W..0W..0W..
2021-03-15T22:19:32.6105312Z 00021fc0: 3057 ffff 3057 ffff 3057 ffff 3057 ffff 3057 ffff 3057 ffff 3057 ffff 3057 ffff 3057 ffff 3057 ffff  0W..0W..0W..0W..0W..0W..0W..0W..0W..0W..
2021-03-15T22:19:32.6106232Z 00021fe8: 3057 ffff 3057 ffff 3057 ffff 3057 ffff 3057 ffff 3057 ffff 3057 ffff 3057 ffff 3057 ffff 3057 ffff  0W..0W..0W..0W..0W..0W..0W..0W..0W..0W..
2021-03-15T22:19:32.6107157Z 00022010: 3057 ffff 3057 ffff 3057 ffff 3057 ffff 3057 ffff 3057 ffff 3057 ffff 3057 ffff 3057 ffff 3057 ffff  0W..0W..0W..0W..0W..0W..0W..0W..0W..0W..
2021-03-15T22:19:32.6108965Z 00022038: 3057 ffff 8b4d ffff 6865 6c70 0000 0000 656e 765f 696e 7365 7274 0000 0000 0000 7573 6167 655f 6578  0W...M..help....env_insert......usage_ex
2021-03-15T22:19:32.6110069Z 00022060: 636c 0000 0000 0000 656e 765f 7365 7400 7061 7273 655f 656e 765f 6c69 7374 0000 7061 7273 655f 6172  cl......env_set.parse_env_list..parse_ar
2021-03-15T22:19:32.6110877Z 00022088: 6773 0000 0000 0000 7061 7273 655f 6172 6773 0000 0000 0000 2b41 613a 4262 433a 633a 443a 4565 673a  gs......parse_args......+Aa:BbC:c:D:Eeg:
2021-03-15T22:19:32.6112453Z 000220b0: 4868 3a3a 694b 6b6c 6e50 703a 523a 723a 5373 543a 743a 553a 753a 5676 002e 2f70 7265 7365 7276 655f  Hh::iKklnPp:R:r:SsT:t:U:u:Vv../preserve_
2021-03-15T22:19:32.6113471Z 000220d8: 6664 732e 6300 6664 2025 6420 616c 7265 6164 7920 7072 6573 6572 7665 6400 7072 6573 6572 7669 6e67  fds.c.fd %d already preserved.preserving
2021-03-15T22:19:32.6114444Z 00022100: 2066 6420 2564 0063 6c6f 7365 6672 6f6d 2825 6429 0064 7570 2025 6400 6475 7020 2564 202d 3e20 2564   fd %d.closefrom(%d).dup %d.dup %d -> %d
2021-03-15T22:19:32.6114983Z 00022128: 0064 7570 3228 2564 2c20 2564 293a 2025 7300 6475 7032 2825 642c 2025 6429 0066 636e 746c 2825 642c  .dup2(%d, %d): %s.dup2(%d, %d).fcntl(%d,
2021-03-15T22:19:32.6115524Z 00022150: 2046 5f53 4554 4644 2c20 2564 293a 2025 7300 6663 6e74 6c28 2564 2c20 465f 5345 5446 442c 2025 6429   F_SETFD, %d): %s.fcntl(%d, F_SETFD, %d)
2021-03-15T22:19:32.6116286Z 00022178: 0075 6e61 626c 6520 746f 2070 6172 7365 2066 6420 7374 7269 6e67 2025 7300 0000 7261 6e67 6520 6572  .unable to parse fd string %s...range er
2021-03-15T22:19:32.6117269Z 000221a0: 726f 7220 7061 7273 696e 6720 6664 2073 7472 696e 6720 2573 0000 0000 0000 0000 7061 7273 655f 7072  ror parsing fd string %s........parse_pr
2021-03-15T22:19:32.6118080Z 000221c8: 6573 6572 7665 645f 6664 7300 0000 0000 0000 0000 0000 0000 636c 6f73 6566 726f 6d5f 6578 6365 7074  eserved_fds.............closefrom_except
2021-03-15T22:19:32.6118707Z 000221f0: 0000 0000 0000 0000 0000 0000 0000 0000 6164 645f 7072 6573 6572 7665 645f 6664 002e 2f73 6967 6e61  ................add_preserved_fd../signa
2021-03-15T22:19:32.6119485Z 00022218: 6c2e 6300 5349 475f 4947 4e00 5349 475f 4446 4c00 3f3f 3f00 756e 6162 6c65 2074 6f20 7361 7665 2068  l.c.SIG_IGN.SIG_DFL.???.unable to save h
2021-03-15T22:19:32.6120668Z 00022240: 616e 646c 6572 2066 6f72 2073 6967 6e61 6c20 2564 0000 0000 7265 7374 6f72 696e 6720 6861 6e64 6c65  andler for signal %d....restoring handle
2021-03-15T22:19:32.6121372Z 00022268: 7220 666f 7220 7369 676e 616c 2025 643a 2025 7300 0000 0000 7769 6c6c 2072 6573 746f 7265 2073 6967  r for signal %d: %s.....will restore sig
2021-03-15T22:19:32.6122052Z 00022290: 6e61 6c20 2564 206f 6e20 6578 6563 0000 7375 646f 5f73 6967 6163 7469 6f6e 0000 696e 6974 5f73 6967  nal %d on exec..sudo_sigaction..init_sig
2021-03-15T22:19:32.6122733Z 000222b8: 6e61 6c73 0000 0000 7265 7374 6f72 655f 7369 676e 616c 7300 7361 7665 5f73 6967 6e61 6c73 002e 2f73  nals....restore_signals.save_signals../s
2021-03-15T22:19:32.6123443Z 000222e0: 7564 6f2e 6300 5041 5448 0025 2e2a 732f 2573 0070 6c75 6769 6e5f 7061 7468 0073 6574 7469 6e67 733a  udo.c.PATH.%.*s/%s.plugin_path.settings:
2021-03-15T22:19:32.6124149Z 00022308: 2025 733d 2573 0064 6562 7567 5f66 6c61 6773 3d25 7320 2573 003a 2000 6175 6469 7420 706c 7567 696e   %s=%s.debug_flags=%s %s.: .audit plugin
2021-03-15T22:19:32.6124901Z 00022330: 2065 7272 6f72 006c 6f63 616c 686f 7374 0070 6173 7377 6400 5348 454c 4c00 7070 6964 3d25 6400 7463   error.localhost.passwd.SHELL.ppid=%d.tc
2021-03-15T22:19:32.6125640Z 00022358: 7067 6964 3d25 6400 7369 643d 2564 0065 7569 643d 2575 0065 6769 643d 2575 0025 7325 7500 756e 6162  pgid=%d.sid=%d.euid=%u.egid=%u.%s%u.unab
2021-03-15T22:19:32.6126447Z 00022380: 6c65 2074 6f20 6465 7465 726d 696e 6520 7474 7900 6c69 6e65 733d 2564 0063 6f6c 733d 2564 0075 6d61  le to determine tty.lines=%d.cols=%d.uma
2021-03-15T22:19:32.6127358Z 000223a8: 736b 3d30 256f 0070 6f6c 6963 7920 706c 7567 696e 2065 7272 6f72 0075 6e61 626c 6520 746f 206f 7065  sk=0%o.policy plugin error.unable to ope
2021-03-15T22:19:32.6128258Z 000223d0: 6e20 2573 002f 6465 762f 6e75 6c6c 0064 7570 3200 7375 646f 5f6d 6f64 6520 2564 0053 7564 6f20 7665  n %s./dev/null.dup2.sudo_mode %d.Sudo ve
2021-03-15T22:19:32.6128957Z 000223f8: 7273 696f 6e20 2573 0a00 312e 392e 3570 3200 436f 6e66 6967 7572 6520 6f70 7469 6f6e 733a 2025 730a  rsion %s..1.9.5p2.Configure options: %s.
2021-03-15T22:19:32.6130053Z 00022420: 0063 6f6d 6d61 6e64 3d76 616c 6964 6174 6500 636f 6d6d 616e 6420 7265 6a65 6374 6564 2062 7920 706f  .command=validate.command rejected by po
2021-03-15T22:19:32.6131178Z 00022448: 6c69 6379 0063 6f6d 6d61 6e64 3d6c 6973 7400 706f 6c69 6379 2070 6c75 6769 6e20 7265 7475 726e 7320  licy.command=list.policy plugin returns 
2021-03-15T22:19:32.6131858Z 00022470: 2564 2028 2573 2900 636f 6d6d 616e 6420 7265 6a65 6374 6564 2062 7920 6170 7072 6f76 6572 0061 7070  %d (%s).command rejected by approver.app
2021-03-15T22:19:32.6132545Z 00022498: 726f 7661 6c20 706c 7567 696e 2065 7272 6f72 0063 6f6d 6d61 6e64 2069 6e66 6f20 6672 6f6d 2070 6c75  roval plugin error.command info from plu
2021-03-15T22:19:32.6133191Z 000224c0: 6769 6e3a 0020 2020 2025 643a 2025 7300 6368 726f 6f74 3d00 636f 6d6d 616e 643d 0063 7764 3d00 6377  gin:.    %d: %s.chroot=.command=.cwd=.cw
2021-03-15T22:19:32.6134216Z 000224e8: 645f 6f70 7469 6f6e 616c 3d00 636c 6f73 6566 726f 6d3d 0065 7865 635f 6261 636b 6772 6f75 6e64 3d00  d_optional=.closefrom=.exec_background=.
2021-03-15T22:19:32.6134900Z 00022510: 696e 7661 6c69 6420 626f 6f6c 6561 6e20 7661 6c75 6520 666f 7220 2573 0065 7865 6366 643d 006c 6f67  invalid boolean value for %s.execfd=.log
2021-03-15T22:19:32.6135577Z 00022538: 696e 5f63 6c61 7373 3d00 6e69 6365 3d00 6e6f 6578 6563 3d00 7072 6573 6572 7665 5f67 726f 7570 733d  in_class=.nice=.noexec=.preserve_groups=
2021-03-15T22:19:32.6136216Z 00022560: 0070 7265 7365 7276 655f 6664 733d 0072 756e 6173 5f65 6769 643d 0072 756e 6173 5f65 7569 643d 0072  .preserve_fds=.runas_egid=.runas_euid=.r
2021-03-15T22:19:32.6136850Z 00022588: 756e 6173 5f67 6964 3d00 7275 6e61 735f 6772 6f75 7073 3d00 7275 6e61 735f 7569 643d 0072 756e 6173  unas_gid=.runas_groups=.runas_uid=.runas
2021-03-15T22:19:32.6137870Z 000225b0: 5f75 7365 723d 0073 656c 696e 7578 5f72 6f6c 653d 0073 656c 696e 7578 5f74 7970 653d 0073 6574 5f75  _user=.selinux_role=.selinux_type=.set_u
2021-03-15T22:19:32.6138729Z 000225d8: 746d 703d 0073 7564 6f65 6469 743d 0073 7564 6f65 6469 745f 6368 6563 6b64 6972 3d00 7375 646f 6564  tmp=.sudoedit=.sudoedit_checkdir=.sudoed
2021-03-15T22:19:32.6139476Z 00022600: 6974 5f66 6f6c 6c6f 773d 0074 696d 656f 7574 3d00 756d 6173 6b3d 0075 6d61 736b 5f6f 7665 7272 6964  it_follow=.timeout=.umask=.umask_overrid
2021-03-15T22:19:32.6140353Z 00022628: 653d 0075 7365 5f70 7479 3d00 7574 6d70 5f75 7365 723d 0075 6e65 7870 6563 7465 6420 7375 646f 206d  e=.use_pty=.utmp_user=.unexpected sudo m
2021-03-15T22:19:32.6140942Z 00022650: 6f64 6520 3078 2578 0000 0000 0000 0000 2573 206d 7573 7420 6265 206f 776e 6564 2062 7920 7569 6420  ode 0x%x........%s must be owned by uid 
2021-03-15T22:19:32.6141599Z 00022678: 2564 2061 6e64 2068 6176 6520 7468 6520 7365 7475 6964 2062 6974 2073 6574 0000 6566 6665 6374 6976  %d and have the setuid bit set..effectiv
2021-03-15T22:19:32.6142183Z 000226a0: 6520 7569 6420 6973 206e 6f74 2025 642c 2069 7320 2573 206f 6e20 6120 6669 6c65 2073 7973 7465 6d20  e uid is not %d, is %s on a file system 
2021-03-15T22:19:32.6143209Z 000226c8: 7769 7468 2074 6865 2027 6e6f 7375 6964 2720 6f70 7469 6f6e 2073 6574 206f 7220 616e 204e 4653 2066  with the 'nosuid' option set or an NFS f
2021-03-15T22:19:32.6143837Z 000226f0: 696c 6520 7379 7374 656d 2077 6974 686f 7574 2072 6f6f 7420 7072 6976 696c 6567 6573 3f00 0000 0000  ile system without root privileges?.....
2021-03-15T22:19:32.6144466Z 00022718: 6566 6665 6374 6976 6520 7569 6420 6973 206e 6f74 2025 642c 2069 7320 7375 646f 2069 6e73 7461 6c6c  effective uid is not %d, is sudo install
2021-03-15T22:19:32.6145083Z 00022740: 6564 2073 6574 7569 6420 726f 6f74 3f00 2573 3a20 6361 6c6c 696e 6720 706f 6c69 6379 2063 6c6f 7365  ed setuid root?.%s: calling policy close
2021-03-15T22:19:32.6145721Z 00022768: 2077 6974 6820 6572 726e 6f20 2564 0000 2573 3a20 6361 6c6c 696e 6720 706f 6c69 6379 2063 6c6f 7365   with errno %d..%s: calling policy close
2021-03-15T22:19:32.6146296Z 00022790: 2077 6974 6820 7761 6974 2073 7461 7475 7320 2564 0000 0000 2573 3a20 706c 7567 696e 2025 7320 6572   with wait status %d....%s: plugin %s er
2021-03-15T22:19:32.6147582Z 000227b8: 726f 7220 6661 696c 6564 2c20 7265 7420 2564 0000 0000 0000 2573 3a20 756e 6162 6c65 2074 6f20 6c6f  ror failed, ret %d......%s: unable to lo
2021-03-15T22:19:32.6148345Z 000227e0: 6720 6572 726f 7220 6576 656e 7425 7325 7300 0000 0000 0000 2573 3a20 706c 7567 696e 2025 7320 6163  g error event%s%s.......%s: plugin %s ac
2021-03-15T22:19:32.6149120Z 00022808: 6365 7074 2066 6169 6c65 642c 2072 6574 2025 6400 0000 0000 2573 3a20 756e 6162 6c65 2074 6f20 6c6f  cept failed, ret %d.....%s: unable to lo
2021-03-15T22:19:32.6150076Z 00022830: 6720 6163 6365 7074 2065 7665 6e74 2573 2573 0000 0000 0000 2573 3a20 6361 6c6c 696e 6720 492f 4f20  g accept event%s%s......%s: calling I/O 
2021-03-15T22:19:32.6151058Z 00022858: 636c 6f73 6520 7769 7468 2065 7272 6e6f 2025 6400 0000 0000 2573 3a20 6361 6c6c 696e 6720 492f 4f20  close with errno %d.....%s: calling I/O 
2021-03-15T22:19:32.6152177Z 00022880: 636c 6f73 6520 7769 7468 2077 6169 7420 7374 6174 7573 2025 6400 0000 0000 0000 796f 7520 646f 206e  close with wait status %d.......you do n
2021-03-15T22:19:32.6152973Z 000228a8: 6f74 2065 7869 7374 2069 6e20 7468 6520 2573 2064 6174 6162 6173 6500 0000 0000 2573 3a20 756e 6162  ot exist in the %s database.....%s: unab
2021-03-15T22:19:32.6153733Z 000228d0: 6c65 2074 6f20 6765 7420 2564 2067 726f 7570 7320 7669 6120 6765 7467 726f 7570 7328 2900 0000 0000  le to get %d groups via getgroups().....
2021-03-15T22:19:32.6154313Z 000228f8: 2573 3a20 676f 7420 2564 2067 726f 7570 7320 7669 6120 6765 7467 726f 7570 7328 2900 0000 0000 0000  %s: got %d groups via getgroups().......
2021-03-15T22:19:32.6154883Z 00022920: 2573 3a20 2573 3a20 756e 6162 6c65 2074 6f20 6765 7420 6772 6f75 7073 2076 6961 2073 7564 6f5f 6765  %s: %s: unable to get groups via sudo_ge
2021-03-15T22:19:32.6155477Z 00022948: 7467 726f 7570 6c69 7374 3228 2900 0000 2573 3a20 2573 3a20 676f 7420 2564 2067 726f 7570 7320 7669  tgrouplist2()...%s: %s: got %d groups vi
2021-03-15T22:19:32.6156380Z 00022970: 6120 7375 646f 5f67 6574 6772 6f75 706c 6973 7432 2829 0000 2573 3a20 756e 7375 7070 6f72 7465 6420  a sudo_getgrouplist2()..%s: unsupported 
2021-03-15T22:19:32.6157093Z 00022998: 706c 7567 696e 2074 7970 6520 2564 0000 6572 726f 7220 696e 6974 6961 6c69 7a69 6e67 2061 7070 726f  plugin type %d..error initializing appro
2021-03-15T22:19:32.6157793Z 000229c0: 7661 6c20 706c 7567 696e 2025 7300 0000 756e 6162 6c65 2074 6f20 7365 7420 7375 7070 6c65 6d65 6e74  val plugin %s...unable to set supplement
2021-03-15T22:19:32.6158466Z 000229e8: 6172 7920 6772 6f75 7020 4944 7300 0000 756e 6162 6c65 2074 6f20 7365 7420 6566 6665 6374 6976 6520  ary group IDs...unable to set effective 
2021-03-15T22:19:32.6159189Z 00022a10: 6769 6420 746f 2072 756e 6173 2067 6964 2025 7500 0000 0000 756e 6162 6c65 2074 6f20 7365 7420 6769  gid to runas gid %u.....unable to set gi
2021-03-15T22:19:32.6159789Z 00022a38: 6420 746f 2072 756e 6173 2067 6964 2025 7500 0000 0000 0000 756e 6578 7065 6374 6564 2063 6869 6c64  d to runas gid %u.......unexpected child
2021-03-15T22:19:32.6160459Z 00022a60: 2074 6572 6d69 6e61 7469 6f6e 2063 6f6e 6469 7469 6f6e 3a20 2564 0000 0000 0000 2573 3a20 706c 7567   termination condition: %d......%s: plug
2021-03-15T22:19:32.6161096Z 00022a88: 696e 2025 7320 7265 6a65 6374 2066 6169 6c65 642c 2072 6574 2025 6400 0000 0000 2573 3a20 756e 6162  in %s reject failed, ret %d.....%s: unab
2021-03-15T22:19:32.6161726Z 00022ab0: 6c65 2074 6f20 6c6f 6720 7265 6a65 6374 2065 7665 6e74 2573 2573 0000 0000 0000 2f6e 6978 2f73 746f  le to log reject event%s%s....../nix/sto
2021-03-15T22:19:32.6162825Z 00022ad8: 7265 2f70 356a 6330 3069 7070 3231 3334 3870 7964 3071 7872 7231 3171 7371 7976 366c 322d 7375 646f  re/p5jc00ipp21348pyd0qxrr11qsqyv6l2-sudo
2021-03-15T22:19:32.6164119Z 00022b00: 2d31 2e39 2e35 7032 2f73 6861 7265 2f6c 6f63 616c 6500 0000 2d2d 6469 7361 626c 652d 7374 6174 6963  -1.9.5p2/share/locale...--disable-static
2021-03-15T22:19:32.6165101Z 00022b28: 202d 2d70 7265 6669 783d 2f6e 6978 2f73 746f 7265 2f70 356a 6330 3069 7070 3231 3334 3870 7964 3071   --prefix=/nix/store/p5jc00ipp21348pyd0q
2021-03-15T22:19:32.6166126Z 00022b50: 7872 7231 3171 7371 7976 366c 322d 7375 646f 2d31 2e39 2e35 7032 202d 2d77 6974 682d 656e 762d 6564  xrr11qsqyv6l2-sudo-1.9.5p2 --with-env-ed
2021-03-15T22:19:32.6167158Z 00022b78: 6974 6f72 202d 2d77 6974 682d 6564 6974 6f72 3d2f 7275 6e2f 6375 7272 656e 742d 7379 7374 656d 2f73  itor --with-editor=/run/current-system/s
2021-03-15T22:19:32.6168124Z 00022ba0: 772f 6269 6e2f 6e61 6e6f 202d 2d77 6974 682d 7275 6e64 6972 3d2f 7275 6e2f 7375 646f 202d 2d77 6974  w/bin/nano --with-rundir=/run/sudo --wit
2021-03-15T22:19:32.6169050Z 00022bc8: 682d 7661 7264 6972 3d2f 7661 722f 6462 2f73 7564 6f20 2d2d 7769 7468 2d6c 6f67 7061 7468 3d2f 7661  h-vardir=/var/db/sudo --with-logpath=/va
2021-03-15T22:19:32.6169998Z 00022bf0: 722f 6c6f 672f 7375 646f 2e6c 6f67 202d 2d77 6974 682d 696f 6c6f 6764 6972 3d2f 7661 722f 6c6f 672f  r/log/sudo.log --with-iologdir=/var/log/
2021-03-15T22:19:32.6170962Z 00022c18: 7375 646f 2d69 6f20 2d2d 7769 7468 2d73 656e 646d 6169 6c3d 2f72 756e 2f77 7261 7070 6572 732f 6269  sudo-io --with-sendmail=/run/wrappers/bi
2021-03-15T22:19:32.6171974Z 00022c40: 6e2f 7365 6e64 6d61 696c 202d 2d65 6e61 626c 652d 746d 7066 696c 6573 2e64 3d6e 6f20 2d2d 7769 7468  n/sendmail --enable-tmpfiles.d=no --with
2021-03-15T22:19:32.6172937Z 00022c68: 2d70 6173 7370 726f 6d70 743d 5b73 7564 6f5d 2070 6173 7377 6f72 6420 666f 7220 2570 3a20 0000 0000  -passprompt=[sudo] password for %p: ....
2021-03-15T22:19:32.6173603Z 00022c90: 6661 7461 6c20 6572 726f 722c 2075 6e61 626c 6520 746f 206c 6f61 6420 706c 7567 696e 7300 0000 0000  fatal error, unable to load plugins.....
2021-03-15T22:19:32.6174251Z 00022cb8: 6572 726f 7220 696e 6974 6961 6c69 7a69 6e67 2061 7564 6974 2070 6c75 6769 6e20 2573 0000 0000 0000  error initializing audit plugin %s......
2021-03-15T22:19:32.6174934Z 00022ce0: 756e 6162 6c65 2074 6f20 696e 6974 6961 6c69 7a65 2070 6f6c 6963 7920 706c 7567 696e 0000 0000 0000  unable to initialize policy plugin......
2021-03-15T22:19:32.6175944Z 00022d08: 706f 6c69 6379 2070 6c75 6769 6e20 2573 2064 6f65 7320 6e6f 7420 7375 7070 6f72 7420 7468 6520 2d76  policy plugin %s does not support the -v
2021-03-15T22:19:32.6176650Z 00022d30: 206f 7074 696f 6e00 706f 6c69 6379 2070 6c75 6769 6e20 2573 2064 6f65 7320 6e6f 7420 7375 7070 6f72   option.policy plugin %s does not suppor
2021-03-15T22:19:32.6177621Z 00022d58: 7420 7468 6520 2d6b 2f2d 4b20 6f70 7469 6f6e 7300 0000 0000 706f 6c69 6379 2070 6c75 6769 6e20 2573  t the -k/-K options.....policy plugin %s
2021-03-15T22:19:32.6178430Z 00022d80: 2064 6f65 7320 6e6f 7420 7375 7070 6f72 7420 6c69 7374 696e 6720 7072 6976 696c 6567 6573 0000 0000   does not support listing privileges....
2021-03-15T22:19:32.6179086Z 00022da8: 706f 6c69 6379 2070 6c75 6769 6e20 2573 2069 7320 6d69 7373 696e 6720 7468 6520 2263 6865 636b 5f70  policy plugin %s is missing the "check_p
2021-03-15T22:19:32.6179752Z 00022dd0: 6f6c 6963 7922 206d 6574 686f 6400 0000 706c 7567 696e 2064 6964 206e 6f74 2072 6574 7572 6e20 6120  olicy" method...plugin did not return a 
2021-03-15T22:19:32.6180456Z 00022df8: 636f 6d6d 616e 6420 746f 2065 7865 6375 7465 0000 0000 0000 6170 7072 6f76 616c 2070 6c75 6769 6e20  command to execute......approval plugin 
2021-03-15T22:19:32.6181133Z 00022e20: 2573 2072 6574 7572 6e73 2025 6420 2825 7329 0000 0000 0000 6572 726f 7220 696e 6974 6961 6c69 7a69  %s returns %d (%s)......error initializi
2021-03-15T22:19:32.6182166Z 00022e48: 6e67 2049 2f4f 2070 6c75 6769 6e20 2573 0000 0000 0000 0000 2733 feff 2733 feff 1b38 feff f538 feff  ng I/O plugin %s........'3..'3...8...8..
2021-03-15T22:19:32.6182830Z 00022e70: 1b38 feff 1b38 feff 1b38 feff 6e38 feff 1b38 feff 1b38 feff 1b38 feff f538 feff 1b38 feff 1b38 feff  .8...8...8..n8...8...8...8...8...8...8..
2021-03-15T22:19:32.6183627Z 00022e98: 1b38 feff 6e38 feff 1b38 feff 1b38 feff 1b38 feff 1b38 feff 1b38 feff 1b38 feff 1b38 feff 1b38 feff  .8..n8...8...8...8...8...8...8...8...8..
2021-03-15T22:19:32.6184318Z 00022ec0: 1b38 feff 1b38 feff 1b38 feff 1b38 feff 1b38 feff 1b38 feff 1b38 feff d739 feff b047 feff 0845 feff  .8...8...8...8...8...8...8...9...G...E..
2021-03-15T22:19:32.6185080Z 00022ee8: 3547 feff 0845 feff 0845 feff 0845 feff 0845 feff 0845 feff 0845 feff de47 feff 0845 feff a146 feff  5G...E...E...E...E...E...E...G...E...F..
2021-03-15T22:19:32.6185884Z 00022f10: 0845 feff 5446 feff 0845 feff 9245 feff ff46 feff b744 feff 1045 feff 0000 0000 706c 7567 696e 5f65  .E..TF...E...E...F...D...E......plugin_e
2021-03-15T22:19:32.6186651Z 00022f38: 7665 6e74 5f63 616c 6c62 6163 6b00 0000 0000 0000 0000 0000 706c 7567 696e 5f65 7665 6e74 5f73 6574  vent_callback...........plugin_event_set
2021-03-15T22:19:32.6187265Z 00022f60: 0000 0000 0000 0000 0000 0000 0000 0000 706c 7567 696e 5f65 7665 6e74 5f61 6464 0000 0000 0000 0000  ................plugin_event_add........
2021-03-15T22:19:32.6187812Z 00022f88: 0000 0000 0000 0000 706c 7567 696e 5f65 7665 6e74 5f64 656c 0000 0000 0000 0000 0000 0000 0000 0000  ........plugin_event_del................
2021-03-15T22:19:32.6188430Z 00022fb0: 706c 7567 696e 5f65 7665 6e74 5f66 6400 706c 7567 696e 5f65 7665 6e74 5f70 656e 6469 6e67 0000 0000  plugin_event_fd.plugin_event_pending....
2021-03-15T22:19:32.6189088Z 00022fd8: 0000 0000 0000 0000 706c 7567 696e 5f65 7665 6e74 5f73 6574 6261 7365 0000 0000 0000 0000 0000 0000  ........plugin_event_setbase............
2021-03-15T22:19:32.6189753Z 00023000: 706c 7567 696e 5f65 7665 6e74 5f6c 6f6f 7062 7265 616b 0000 0000 0000 0000 0000 706c 7567 696e 5f65  plugin_event_loopbreak..........plugin_e
2021-03-15T22:19:32.6190441Z 00023028: 7665 6e74 5f66 7265 6500 0000 0000 0000 0000 0000 0000 0000 7375 646f 5f70 6c75 6769 6e5f 6576 656e  vent_free...............sudo_plugin_even
2021-03-15T22:19:32.6191075Z 00023050: 745f 616c 6c6f 6300 6175 6469 745f 7265 6a65 6374 0000 0000 0000 0000 0000 0000 706f 6c69 6379 5f69  t_alloc.audit_reject............policy_i
2021-03-15T22:19:32.6191755Z 00023078: 6e69 745f 7365 7373 696f 6e00 0000 0000 696f 6c6f 675f 636c 6f73 6500 0000 0000 7275 6e5f 636f 6d6d  nit_session.....iolog_close.....run_comm
2021-03-15T22:19:32.6192509Z 000230a0: 616e 6400 0000 0000 0000 0000 0000 0000 7365 745f 7573 6572 5f67 726f 7570 7300 636f 6d6d 616e 645f  and.............set_user_groups.command_
2021-03-15T22:19:32.6193191Z 000230c8: 696e 666f 5f74 6f5f 6465 7461 696c 7300 6175 6469 745f 6572 726f 7232 0000 0000 6175 6469 745f 6163  info_to_details.audit_error2....audit_ac
2021-03-15T22:19:32.6193850Z 000230f0: 6365 7074 0000 0000 696f 6c6f 675f 6f70 656e 0000 0000 0000 6170 7072 6f76 616c 5f63 6865 636b 0000  cept....iolog_open......approval_check..
2021-03-15T22:19:32.6194595Z 00023118: 706f 6c69 6379 5f63 6865 636b 0000 0000 706f 6c69 6379 5f6c 6973 7400 0000 0000 0000 0000 0000 0000  policy_check....policy_list.............
2021-03-15T22:19:32.6195250Z 00023140: 706f 6c69 6379 5f69 6e76 616c 6964 6174 6500 0000 0000 0000 6175 6469 745f 636c 6f73 6500 0000 0000  policy_invalidate.......audit_close.....
2021-03-15T22:19:32.6195936Z 00023168: 706f 6c69 6379 5f63 6c6f 7365 0000 0000 0000 0000 0000 0000 706f 6c69 6379 5f76 616c 6964 6174 6500  policy_close............policy_validate.
2021-03-15T22:19:32.6196593Z 00023190: 6175 6469 745f 7368 6f77 5f76 6572 7369 6f6e 0000 0000 0000 0000 0000 0000 0000 6170 7072 6f76 616c  audit_show_version..............approval
2021-03-15T22:19:32.6197847Z 000231b8: 5f6f 7065 6e5f 696e 7400 0000 0000 0000 0000 0000 0000 0000 6170 7072 6f76 616c 5f73 686f 775f 7665  _open_int...............approval_show_ve
2021-03-15T22:19:32.6198640Z 000231e0: 7273 696f 6e00 0000 696f 6c6f 675f 6f70 656e 5f69 6e74 0000 0000 0000 0000 0000 696f 6c6f 675f 7368  rsion...iolog_open_int..........iolog_sh
2021-03-15T22:19:32.6199469Z 00023208: 6f77 5f76 6572 7369 6f6e 0000 0000 0000 0000 0000 0000 0000 706f 6c69 6379 5f73 686f 775f 7665 7273  ow_version..............policy_show_vers
2021-03-15T22:19:32.6200262Z 00023230: 696f 6e00 0000 0000 706f 6c69 6379 5f6f 7065 6e00 0000 0000 0000 0000 0000 0000 666f 726d 6174 5f70  ion.....policy_open.............format_p
2021-03-15T22:19:32.6201264Z 00023258: 6c75 6769 6e5f 7365 7474 696e 6773 0000 6175 6469 745f 6f70 656e 5f69 6e74 0000 0000 0000 0000 0000  lugin_settings..audit_open_int..........
2021-03-15T22:19:32.6202125Z 00023280: 6672 6565 5f70 6c75 6769 6e5f 636f 6e74 6169 6e65 7200 0000 756e 6c69 6e6b 5f70 6c75 6769 6e00 0000  free_plugin_container...unlink_plugin...
2021-03-15T22:19:32.6202809Z 000232a8: 6175 6469 745f 6f70 656e 0000 0000 0000 0000 0000 0000 0000 6669 6c6c 5f67 726f 7570 5f6c 6973 7400  audit_open..............fill_group_list.
2021-03-15T22:19:32.6203428Z 000232d0: 6765 745f 7573 6572 5f67 726f 7570 7300 6765 745f 7573 6572 5f69 6e66 6f00 0000 7375 646f 5f63 6865  get_user_groups.get_user_info...sudo_che
2021-03-15T22:19:32.6204066Z 000232f8: 636b 5f73 7569 6400 6669 785f 6664 7300 6d61 696e 002f 7661 722f 746d 702f 002e 2f73 7564 6f5f 6564  ck_suid.fix_fds.main./var/tmp/../sudo_ed
2021-03-15T22:19:32.6204672Z 00023320: 6974 2e63 0073 6574 7569 6428 2575 2900 2f75 7372 2f74 6d70 2f00 756e 6162 6c65 2074 6f20 6765 7420  it.c.setuid(%u)./usr/tmp/.unable to get 
2021-03-15T22:19:32.6205281Z 00023348: 6772 6f75 7020 6c69 7374 0025 732f 252e 2a73 5858 5858 5858 5858 2573 0025 732f 2573 2e58 5858 5858  group list.%s/%.*sXXXXXXXX%s.%s/%s.XXXXX
2021-03-15T22:19:32.6206208Z 00023370: 5858 5800 6d6b 7374 656d 7073 0025 7320 2d3e 2025 732c 2066 6420 2564 0075 6e61 626c 6520 746f 2072  XXX.mkstemps.%s -> %s, fd %d.unable to r
2021-03-15T22:19:32.6206849Z 00023398: 6561 6420 7468 6520 636c 6f63 6b00 2573 2075 6e63 6861 6e67 6564 0025 7320 6c65 6674 2075 6e6d 6f64  ead the clock.%s unchanged.%s left unmod
2021-03-15T22:19:32.6207485Z 000233c0: 6966 6965 6400 0000 756e 6162 6c65 2074 6f20 6368 616e 6765 2075 6964 2074 6f20 726f 6f74 2028 2575  ified...unable to change uid to root (%u
2021-03-15T22:19:32.6208096Z 000233e8: 2900 0000 0000 0000 6e6f 2077 7269 7461 626c 6520 7465 6d70 6f72 6172 7920 6469 7265 6374 6f72 7920  ).......no writable temporary directory 
2021-03-15T22:19:32.6208855Z 00023410: 666f 756e 6400 0000 706c 7567 696e 2065 7272 6f72 3a20 6d69 7373 696e 6720 6669 6c65 206c 6973 7420  found...plugin error: missing file list 
2021-03-15T22:19:32.6209514Z 00023438: 666f 7220 7375 646f 6564 6974 0000 0000 2573 3a20 6564 6974 696e 6720 7379 6d62 6f6c 6963 206c 696e  for sudoedit....%s: editing symbolic lin
2021-03-15T22:19:32.6210155Z 00023460: 6b73 2069 7320 6e6f 7420 7065 726d 6974 7465 6400 0000 0000 2573 3a20 6564 6974 696e 6720 6669 6c65  ks is not permitted.....%s: editing file
2021-03-15T22:19:32.6210770Z 00023488: 7320 696e 2061 2077 7269 7461 626c 6520 6469 7265 6374 6f72 7920 6973 206e 6f74 2070 6572 6d69 7474  s in a writable directory is not permitt
2021-03-15T22:19:32.6211961Z 000234b0: 6564 0000 0000 0000 636f 6e74 656e 7473 206f 6620 6564 6974 2073 6573 7369 6f6e 206c 6566 7420 696e  ed......contents of edit session left in
2021-03-15T22:19:32.6213224Z 000234d8: 2025 7300 0000 0000 7375 646f 5f65 6469 745f 636f 7079 5f74 6669 6c65 7300 0000 0000 0000 0000 0000   %s.....sudo_edit_copy_tfiles...........
2021-03-15T22:19:32.6213981Z 00023500: 7375 646f 5f65 6469 745f 6d6b 7465 6d70 0000 0000 0000 0000 0000 0000 0000 0000 7375 646f 5f65 6469  sudo_edit_mktemp................sudo_edi
2021-03-15T22:19:32.6214752Z 00023528: 745f 6372 6561 7465 5f74 6669 6c65 7300 7365 745f 746d 7064 6972 0000 0000 0000 7375 646f 5f65 6469  t_create_tfiles.set_tmpdir......sudo_edi
2021-03-15T22:19:32.6216278Z 00023550: 7400 2e2f 7467 6574 7061 7373 2e63 0074 696d 6564 206f 7574 2072 6561 6469 6e67 2070 6173 7377 6f72  t../tgetpass.c.timed out reading passwor
2021-03-15T22:19:32.6217886Z 00023578: 6400 6e6f 2070 6173 7377 6f72 6420 7761 7320 7072 6f76 6964 6564 0075 6e61 626c 6520 746f 2072 6561  d.no password was provided.unable to rea
2021-03-15T22:19:32.6219014Z 000235a0: 6420 7061 7373 776f 7264 0008 2008 002a 0053 5544 4f5f 4153 4b50 4153 5300 4449 5350 4c41 5900 7365  d password.. ..*.SUDO_ASKPASS.DISPLAY.se
2021-03-15T22:19:32.6220563Z 000235c8: 7475 6964 2825 6429 0075 6e61 626c 6520 746f 2073 6574 2067 6964 2074 6f20 2575 0075 6e61 626c 6520  tuid(%d).unable to set gid to %u.unable 
2021-03-15T22:19:32.6221352Z 000235f0: 746f 2073 6574 2075 6964 2074 6f20 2575 0075 6e61 626c 6520 746f 2072 756e 2025 7300 0700 0000 0000  to set uid to %u.unable to run %s.......
2021-03-15T22:19:32.6222789Z 00023618: 6361 6c6c 6261 636b 206d 616a 6f72 2076 6572 7369 6f6e 206d 6973 6d61 7463 682c 2065 7870 6563 7465  callback major version mismatch, expecte
2021-03-15T22:19:32.6224519Z 00023640: 6420 2575 2c20 676f 7420 2575 0000 0000 6120 7465 726d 696e 616c 2069 7320 7265 7175 6972 6564 2074  d %u, got %u....a terminal is required t
2021-03-15T22:19:32.6225638Z 00023668: 6f20 7265 6164 2074 6865 2070 6173 7377 6f72 643b 2065 6974 6865 7220 7573 6520 7468 6520 2d53 206f  o read the password; either use the -S o
2021-03-15T22:19:32.6227026Z 00023690: 7074 696f 6e20 746f 2072 6561 6420 6672 6f6d 2073 7461 6e64 6172 6420 696e 7075 7420 6f72 2063 6f6e  ption to read from standard input or con
2021-03-15T22:19:32.6228768Z 000236b8: 6669 6775 7265 2061 6e20 6173 6b70 6173 7320 6865 6c70 6572 0000 0000 0000 0000 6e6f 2061 736b 7061  figure an askpass helper........no askpa
2021-03-15T22:19:32.6229855Z 000236e0: 7373 2070 726f 6772 616d 2073 7065 6369 6669 6564 2c20 7472 7920 7365 7474 696e 6720 5355 444f 5f41  ss program specified, try setting SUDO_A
2021-03-15T22:19:32.6231300Z 00023708: 534b 5041 5353 0000 7375 7370 656e 6400 0000 0000 0000 0000 7467 6574 7061 7373 5f64 6973 706c 6179  SKPASS..suspend.........tgetpass_display
2021-03-15T22:19:32.6232342Z 00023730: 5f65 7272 6f72 0067 6574 6c6e 0000 0000 7375 646f 5f61 736b 7061 7373 0000 0000 7467 6574 7061 7373  _error.getln....sudo_askpass....tgetpass
2021-03-15T22:19:32.6233228Z 00023758: 002e 2f74 7479 6e61 6d65 2e63 0025 733a 2074 7479 2064 6576 6963 6520 2573 3a20 2573 0075 6e61 626c  ../ttyname.c.%s: tty device %s: %s.unabl
2021-03-15T22:19:32.6233845Z 00023780: 6520 746f 2072 6573 6f6c 7665 2074 7479 2076 6961 2025 7300 0000 0000 0000 0000 6765 745f 7072 6f63  e to resolve tty via %s.........get_proc
2021-03-15T22:19:32.6234563Z 000237a8: 6573 735f 7474 796e 616d 6500 0000 0000 0000 0000 0000 0000 2f70 726f 632f 7365 6c66 2f73 7461 7400  ess_ttyname............./proc/self/stat.
2021-03-15T22:19:32.6235280Z 000237d0: 2e2f 7574 6d70 2e63 002f 6465 762f 0000 7574 6d70 5f6c 6f67 6f75 7400 0000 0000 7574 6d70 5f73 6574  ./utmp.c./dev/..utmp_logout.....utmp_set
2021-03-15T22:19:32.6235960Z 000237f8: 7469 6d65 0000 0000 7574 6d70 5f73 6574 6964 0000 0000 0000 7574 6d70 5f66 696c 6c00 0000 0000 0000  time....utmp_setid......utmp_fill.......
2021-03-15T22:19:32.6236698Z 00023820: 7574 6d70 5f6c 6f67 696e 0000 011b 033b 8804 0000 9000 0000 f417 feff d404 0000 e424 feff fc04 0000  utmp_login.....;.................$......
2021-03-15T22:19:32.6237333Z 00023848: f424 feff 542a 0000 e44a feff a404 0000 d44b feff 1405 0000 f44f feff 6005 0000 0450 feff 7405 0000  .$..T*...J.......K.......O..`....P..t...
2021-03-15T22:19:32.6237993Z 00023870: 3452 feff c405 0000 c457 feff 4806 0000 b45a feff a406 0000 845c feff fc06 0000 145f feff 4407 0000  4R.......W..H....Z.......\......._..D...
2021-03-15T22:19:32.6238650Z 00023898: 9462 feff 9007 0000 7464 feff dc07 0000 c465 feff 2808 0000 6466 feff 7408 0000 d466 feff 9808 0000  .b......td.......e..(...df..t....f......
2021-03-15T22:19:32.6239335Z 000238c0: 2467 feff c008 0000 2469 feff 1809 0000 346a feff 6c09 0000 846f feff cc09 0000 e471 feff 100a 0000  $g......$i......4j..l....o.......q......
2021-03-15T22:19:32.6240066Z 000238e8: 5474 feff 480a 0000 1476 feff 740a 0000 9479 feff ec0a 0000 047a feff 140b 0000 b47b feff 640b 0000  Tt..H....v..t....y.......z.......{..d...
2021-03-15T22:19:32.6240744Z 00023910: 347f feff fc0b 0000 1482 feff 380c 0000 a483 feff 640c 0000 9484 feff 9c0c 0000 0489 feff 340d 0000  4...........8.......d...............4...
2021-03-15T22:19:32.6241371Z 00023938: 6499 feff 3c0e 0000 f49a feff 680e 0000 84a1 feff 3c0f 0000 f4a4 feff b00f 0000 64b2 feff 9c10 0000  d...<.......h.......<...........d.......
2021-03-15T22:19:32.6242169Z 00023960: 74b2 feff b010 0000 84b2 feff c410 0000 f4b3 feff 0811 0000 d4b5 feff 5411 0000 b4b7 feff a011 0000  t...........................T...........
2021-03-15T22:19:32.6242814Z 00023988: e4b9 feff fc11 0000 14bc feff 5812 0000 44be feff b412 0000 14c0 feff fc12 0000 94c1 feff 3413 0000  ............X...D...................4...
2021-03-15T22:19:32.6243440Z 000239b0: 24c3 feff 7813 0000 34c5 feff c813 0000 c4c5 feff f413 0000 84c8 feff 4814 0000 a4cc feff a414 0000  $...x...4...................H...........
2021-03-15T22:19:32.6244052Z 000239d8: c4d0 feff 0415 0000 04d5 feff a015 0000 04d8 feff e415 0000 04da feff 3416 0000 14db feff 7816 0000  ............................4.......x...
2021-03-15T22:19:32.6244650Z 00023a00: 04dc feff b016 0000 74df feff 2017 0000 04e3 feff a017 0000 74e3 feff b817 0000 a4e3 feff d017 0000  ........t... ...........t...............
2021-03-15T22:19:32.6245281Z 00023a28: e4fd feff dc18 0000 a4fe feff 1c19 0000 64ff feff 4c19 0000 0400 ffff 7c19 0000 5400 ffff b819 0000  ................d...L.......|...T.......
2021-03-15T22:19:32.6245892Z 00023a50: a400 ffff e419 0000 3401 ffff 201a 0000 8401 ffff 4c1a 0000 b402 ffff 781a 0000 c403 ffff a41a 0000  ........4... .......L.......x...........
2021-03-15T22:19:32.6246499Z 00023a78: e405 ffff cc1a 0000 b407 ffff 081b 0000 5408 ffff 301b 0000 840a ffff 901b 0000 440d ffff f81b 0000  ................T...0...........D.......
2021-03-15T22:19:32.6247119Z 00023aa0: 540f ffff 4c1c 0000 b40f ffff 741c 0000 6410 ffff a81c 0000 c411 ffff f41c 0000 2413 ffff 2c1d 0000  T...L.......t...d...............$...,...
2021-03-15T22:19:32.6247755Z 00023ac8: a415 ffff ac1d 0000 7424 ffff f01e 0000 3426 ffff 381f 0000 342a ffff 741f 0000 342e ffff e41f 0000  ........t$......4&..8...4*..t...4.......
2021-03-15T22:19:32.6248315Z 00023af0: 542f ffff 1820 0000 8430 ffff 5420 0000 9430 ffff 6820 0000 a430 ffff 7c20 0000 c430 ffff 9020 0000  T/... ...0..T ...0..h ...0..| ...0... ..
2021-03-15T22:19:32.6248891Z 00023b18: 4431 ffff a420 0000 3448 ffff 3421 0000 544a ffff 7021 0000 144f ffff fc21 0000 7450 ffff 4c22 0000  D1... ..4H..4!..TJ..p!...O...!..tP..L"..
2021-03-15T22:19:32.6249540Z 00023b40: 9450 ffff 6022 0000 b450 ffff 7422 0000 a451 ffff a022 0000 0453 ffff e822 0000 3455 ffff 2823 0000  .P..`"...P..t"...Q..."...S..."..4U..(#..
2021-03-15T22:19:32.6250132Z 00023b68: 2456 ffff 6423 0000 9456 ffff 9023 0000 2459 ffff fc23 0000 745b ffff 5424 0000 045d ffff 9824 0000  $V..d#...V...#..$Y...#..t[..T$...]...$..
2021-03-15T22:19:32.6250692Z 00023b90: 945d ffff c424 0000 c45f ffff 3425 0000 e461 ffff 9825 0000 d462 ffff e425 0000 5463 ffff 1c26 0000  .]...$..._..4%...a...%...b...%..Tc...&..
2021-03-15T22:19:32.6251668Z 00023bb8: 6465 ffff a426 0000 b465 ffff c026 0000 0466 ffff dc26 0000 7466 ffff 0427 0000 e466 ffff 3027 0000  de...&...e...&...f...&..tf...'...f..0'..
2021-03-15T22:19:32.6252504Z 00023be0: c467 ffff 8827 0000 6468 ffff b027 0000 1469 ffff e427 0000 8474 ffff ac28 0000 2476 ffff e828 0000  .g...'..dh...'...i...'...t...(..$v...(..
2021-03-15T22:19:32.6253107Z 00023c08: 3478 ffff 5029 0000 4478 ffff 6429 0000 347a ffff 9429 0000 947b ffff c029 0000 247d ffff ec29 0000  4x..P)..Dx..d)..4z...)...{...)..$}...)..
2021-03-15T22:19:32.6253695Z 00023c30: 747f ffff c42b 0000 947f ffff d82b 0000 9480 ffff f82b 0000 a480 ffff 0c2c 0000 e498 ffff c42c 0000  t....+.......+.......+.......,.......,..
2021-03-15T22:19:32.6254562Z 00023c58: f498 ffff d82c 0000 d499 ffff 142d 0000 f499 ffff 282d 0000 449b ffff 482d 0000 649c ffff 842d 0000  .....,.......-......(-..D...H-..d....-..
2021-03-15T22:19:32.6255393Z 00023c80: 949f ffff d02d 0000 84aa ffff 242e 0000 24ad ffff 842e 0000 b4ad ffff a82e 0000 14b1 ffff f02e 0000  .....-......$...$.......................
2021-03-15T22:19:32.6255983Z 00023ca8: 64b2 ffff 2c2f 0000 c4b2 ffff 742f 0000 1400 0000 0000 0000 017a 5200 0178 1001 1b0c 0708 9001 0710  d...,/......t/...........zR..x..........
2021-03-15T22:19:32.6256513Z 00023cd0: 1400 0000 1c00 0000 3846 feff 2b00 0000 0000 0000 0000 0000 1400 0000 0000 0000 017a 5200 0178 1001  ........8F..+....................zR..x..
2021-03-15T22:19:32.6257051Z 00023cf8: 1b0c 0708 9001 0000 2400 0000 1c00 0000 1813 feff f00c 0000 000e 1046 0e18 4a0f 0b77 0880 003f 1a3b  ........$..................F..J..w...?.;
2021-03-15T22:19:32.6257558Z 00023d20: 2a33 2422 0000 0000 1400 0000 4400 0000 e01f feff 0800 0000 0000 0000 0000 0000 4800 0000 5c00 0000  *3$"........D...................H...\...
2021-03-15T22:19:32.6258111Z 00023d48: b846 feff 1104 0000 0042 0e10 8f02 450e 188e 0342 0e20 8d04 450e 288c 0544 0e30 8606 410e 3883 0744  .F.......B....E....B. ..E.(..D.0..A.8..D
2021-03-15T22:19:32.6258929Z 00023d70: 0e70 0378 020a 0e38 410e 3041 0e28 420e 2042 0e18 420e 1042 0e08 470b 1000 0000 a800 0000 8c4a feff  .p.x...8A.0A.(B. B..B..B..G..........J..
2021-03-15T22:19:32.6259994Z 00023d98: 0700 0000 0000 0000 4c00 0000 bc00 0000 884a feff 3002 0000 0042 0e10 8f02 420e 188e 0342 0e20 8d04  ........L........J..0....B....B....B. ..
2021-03-15T22:19:32.6261599Z 00023dc0: 450e 288c 0541 0e30 8606 410e 3883 0749 0e90 0202 d10a 0e38 440e 3041 0e28 420e 2042 0e18 420e 1042  E.(..A.0..A.8..I.......8D.0A.(B. B..B..B
2021-03-15T22:19:32.6262586Z 00023de8: 0e08 440b 0000 0000 8000 0000 0c01 0000 684c feff 8605 0000 0042 0e10 8f02 420e 188e 034a 0e20 8d04  ..D.............hL.......B....B....J. ..
2021-03-15T22:19:32.6263322Z 00023e10: 4a0e 288c 0541 0e30 8606 440e 3883 074a 0ef0 4002 b00e f840 4e0e 8041 5e0e 8841 420e 9041 490e f040  J.(..A.0..D.8..J..@....@N..A^..AB..AI..@
2021-03-15T22:19:32.6263940Z 00023e38: 0326 010a 0e38 410e 3041 0e28 420e 2042 0e18 420e 1042 0e08 420b 037e 010e f840 4f0e 8041 5d0e f840  .&...8A.0A.(B. B..B..B..B..~...@O..A]..@
2021-03-15T22:19:32.6264572Z 00023e60: 410e f040 700e f840 500e 8041 5e0e f840 410e f040 5800 0000 9001 0000 7451 feff e202 0000 0042 0e10  A..@p..@P..A^..@A..@X.......tQ.......B..
2021-03-15T22:19:32.6265192Z 00023e88: 8d02 4a0e 188c 034b 0e20 8604 4b0e 2883 054f 0ed0 0102 820e d801 4a0e e001 0263 0ed8 0143 0ed0 0102  ..J....K. ..K.(..O........J....c...C....
2021-03-15T22:19:32.6265949Z 00023eb0: 930a 0e28 410e 2041 0e18 420e 1042 0e08 440b 0242 0a0e d801 4a0e e001 025c 0b00 5400 0000 ec01 0000  ...(A. A..B..B..D..B....J....\..T.......
2021-03-15T22:19:32.6266597Z 00023ed8: 0854 feff ca01 0000 0042 0e10 8f02 420e 188e 0345 0e20 8d04 450e 288c 0544 0e30 8606 430e 3883 0744  .T.......B....B....E. ..E.(..D.0..C.8..D
2021-03-15T22:19:32.6267229Z 00023f00: 0e40 740e 484c 0e50 600e 4841 0e40 7f0a 0e38 4b0e 304f 0e28 420e 2042 0e18 420e 1042 0e08 450b 0000  .@t.HL.P`.HA.@...8K.0O.(B. B..B..B..E...
2021-03-15T22:19:32.6267846Z 00023f28: 4400 0000 4402 0000 8055 feff 8602 0000 0042 0e10 8c02 500e 1886 0349 0e20 8304 510e d001 030a 010a  D...D....U.......B....P....I. ..Q.......
2021-03-15T22:19:32.6268568Z 00023f50: 0e20 410e 1841 0e10 420e 0846 0b02 d40e d801 4e0e e001 7e0e d801 460e d001 0000 4800 0000 8c02 0000  . A..A..B..F......N...~...F.....H.......
2021-03-15T22:19:32.6269391Z 00023f78: c857 feff 7a03 0000 0042 0e10 8f02 420e 188e 0342 0e20 8d04 450e 288c 0549 0e30 8606 4b0e 3883 074d  .W..z....B....B....B. ..E.(..I.0..K.8..M
2021-03-15T22:19:32.6270305Z 00023fa0: 0e50 0279 0a0e 3844 0e30 410e 2842 0e20 420e 1842 0e10 420e 0846 0b00 4800 0000 d802 0000 fc5a feff  .P.y..8D.0A.(B. B..B..B..F..H........Z..
2021-03-15T22:19:32.6270934Z 00023fc8: d801 0000 0042 0e10 8f02 450e 188e 0342 0e20 8d04 420e 288c 0544 0e30 8606 410e 3883 074c 0ef0 0102  .....B....E....B. ..B.(..D.0..A.8..L....
2021-03-15T22:19:32.6271533Z 00023ff0: f30a 0e38 440e 3041 0e28 420e 2042 0e18 420e 1042 0e08 440b 4800 0000 2403 0000 905c feff 4801 0000  ...8D.0A.(B. B..B..B..D.H...$....\..H...
2021-03-15T22:19:32.6272114Z 00024018: 0042 0e10 8f02 470e 188e 0342 0e20 8d04 420e 288c 0541 0e30 8606 440e 3883 0744 0e40 02a6 0a0e 3844  .B....G....B. ..B.(..A.0..D.8..D.@....8D
2021-03-15T22:19:32.6272712Z 00024040: 0e30 410e 2842 0e20 420e 1842 0e10 420e 0847 0b00 4800 0000 7003 0000 945d feff 9300 0000 0042 0e10  .0A.(B. B..B..B..G..H...p....].......B..
2021-03-15T22:19:32.6273307Z 00024068: 8d02 450e 188c 0341 0e20 8604 410e 2883 0546 0e30 0263 0a0e 2844 0e20 410e 1842 0e10 420e 0845 0b44  ..E....A. ..A.(..F.0.c..(D. A..B..B..E.D
2021-03-15T22:19:32.6273898Z 00024090: 0e28 490e 2041 0e18 420e 1042 0e08 0000 2000 0000 bc03 0000 e85d feff 6200 0000 0041 0e10 8602 470e  .(I. A..B..B.... ........]..b....A....G.
2021-03-15T22:19:32.6274479Z 000240b8: 2002 500a 0e10 440e 0841 0b00 2400 0000 e003 0000 345e feff 4600 0000 0041 0e10 8602 6e0a 0e08 490b   .P...D..A..$.......4^..F....A....n...I.
2021-03-15T22:19:32.6275073Z 000240e0: 430a 0e08 450b 410e 0800 0000 5400 0000 0804 0000 5c5e feff f201 0000 0042 0e10 8e02 420e 188d 0345  C...E.A.....T.......\^.......B....B....E
2021-03-15T22:19:32.6275685Z 00024108: 0e20 8c04 440e 2886 0544 0e30 8306 440e 5002 4f0a 0e30 4a0e 2841 0e20 420e 1842 0e10 420e 084b 0b5a  . ..D.(..D.0..D.P.O..0J.(A. B..B..B..K.Z
2021-03-15T22:19:32.6276298Z 00024130: 0a0e 3041 0e28 410e 2042 0e18 420e 1042 0e08 460b 5000 0000 6004 0000 0460 feff 0401 0000 0042 0e10  ..0A.(A. B..B..B..F.P...`....`.......B..
2021-03-15T22:19:32.6276871Z 00024158: 8d02 420e 188c 0341 0e20 8604 440e 2883 0544 0e30 730a 0e28 440e 2041 0e18 420e 1042 0e08 470b 0276  ..B....A. ..D.(..D.0s..(D. A..B..B..G..v
2021-03-15T22:19:32.6277449Z 00024180: 0a0e 2841 0e20 410e 1842 0e10 420e 0844 0b00 0000 0000 0000 5c00 0000 b404 0000 c060 feff 5005 0000  ..(A. A..B..B..D........\........`..P...
2021-03-15T22:19:32.6278044Z 000241a8: 0042 0e10 8e02 4c0e 188d 0342 0e20 8c04 4b0e 2886 054b 0e30 8306 440e 4003 6c02 0e48 4a0e 5062 0e48  .B....L....B. ..K.(..K.0..D.@.l..HJ.Pb.H
2021-03-15T22:19:32.6278708Z 000241d0: 410e 4058 0a0e 304b 0e28 4f0e 2042 0e18 420e 1042 0e08 450b 0291 0e48 4c0e 5002 620e 4841 0e40 0000  A.@X..0K.(O. B..B..B..E....HL.P.b.HA.@..
2021-03-15T22:19:32.6279347Z 000241f8: 4000 0000 1405 0000 b065 feff 5102 0000 0042 0e10 8e02 4f0e 188d 0353 0e20 8c04 410e 2886 0541 0e30  @........e..Q....B....O....S. ..A.(..A.0
2021-03-15T22:19:32.6279970Z 00024220: 8306 4c0e d003 0295 0a0e 3044 0e28 410e 2042 0e18 420e 1042 0e08 460b 3400 0000 5805 0000 cc67 feff  ..L.......0D.(A. B..B..B..F.4...X....g..
2021-03-15T22:19:32.6280645Z 00024248: 6b02 0000 0042 0e10 8c02 4b0e 1886 034b 0e20 8304 035f 010a 0e18 410e 1042 0e08 460b 02e7 0e18 410e  k....B....K....K. ..._....A..B..F.....A.
2021-03-15T22:19:32.6281259Z 00024270: 1042 0e08 2800 0000 9005 0000 046a feff bb01 0000 0041 0e10 8602 4d0e 1883 0354 0e20 02d6 0a0e 184f  .B..(........j.......A....M....T. .....O
2021-03-15T22:19:32.6281874Z 00024298: 0e10 410e 0848 0b00 7400 0000 bc05 0000 986b feff 7903 0000 0042 0e10 8f02 4c0e 188e 0342 0e20 8d04  ..A..H..t........k..y....B....L....B. ..
2021-03-15T22:19:32.6282801Z 000242c0: 420e 288c 054b 0e30 8606 4b0e 3883 0744 0e70 0331 010e 7845 0e80 0162 0e78 410e 7002 490a 0e38 440e  B.(..K.0..K.8..D.p.1..xE...b.xA.p.I..8D.
2021-03-15T22:19:32.6283498Z 000242e8: 3041 0e28 420e 2042 0e18 420e 1042 0e08 450b 02db 0e78 440e 8001 0244 0e70 740a 0e78 410e 8001 420b  0A.(B. B..B..B..E....xD....D.pt..xA...B.
2021-03-15T22:19:32.6284154Z 00024310: 760e 7844 0e80 0100 2400 0000 3406 0000 a06e feff 6800 0000 0042 0e10 8c02 4e0e 1886 0355 0e20 7c0e  v.xD....$...4....n..h....B....N....U. |.
2021-03-15T22:19:32.6284757Z 00024338: 1844 0e10 420e 0800 4c00 0000 5c06 0000 e86e feff a501 0000 0042 0e10 8f02 420e 188e 034c 0e20 8d04  .D..B...L...\....n.......B....B....L. ..
2021-03-15T22:19:32.6285336Z 00024360: 4c0e 288c 0549 0e30 8606 490e 3883 0747 0e40 025b 0a0e 3846 0e30 410e 2842 0e20 420e 1842 0e10 420e  L.(..I.0..I.8..G.@.[..8F.0A.(B. B..B..B.
2021-03-15T22:19:32.6285926Z 00024388: 0841 0b00 0000 0000 9400 0000 ac06 0000 4870 feff 7803 0000 0042 0e10 8d02 470e 188c 0349 0e20 8604  .A..............Hp..x....B....G....I. ..
2021-03-15T22:19:32.6286537Z 000243b0: 4a0e 2883 054e 0e60 0256 0e68 480e 706a 0e68 410e 6002 5c0a 0e28 410e 2041 0e18 420e 1042 0e08 4b0b  J.(..N.`.V.hH.pj.hA.`.\..(A. A..B..B..K.
2021-03-15T22:19:32.6287191Z 000243d8: 5d0e 685c 0e70 560e 6842 0e60 730a 0e68 4c0b 7c0e 6848 0e70 730e 6841 0e60 0260 0a0e 284b 0e20 4f0e  ].h\.pV.hB.`s..hL.|.hH.ps.hA.`.`..(K. O.
2021-03-15T22:19:32.6287859Z 00024400: 1842 0e10 420e 084a 0b74 0a0e 684c 0b47 0e68 5c0e 7050 0e68 420e 6052 0e68 630e 7049 0e68 410e 6000  .B..B..J.t..hL.G.h\.pP.hB.`R.hc.pI.hA.`.
2021-03-15T22:19:32.6288502Z 00024428: 3800 0000 4407 0000 3073 feff db02 0000 0042 0e10 8c02 500e 1886 0353 0e40 0291 0a0e 1841 0e10 420e  8...D...0s.......B....P....S.@.....A..B.
2021-03-15T22:19:32.6289079Z 00024450: 0847 0b03 0601 0e48 4f0e 504d 0e58 460e 604b 0e40 2800 0000 8007 0000 d475 feff 8301 0000 0041 0e10  .G.....HO.PM.XF.`K.@(........u.......A..
2021-03-15T22:19:32.6289697Z 00024478: 8602 4f0e 1883 0353 0e30 02c5 0a0e 1841 0e10 410e 0846 0b00 3400 0000 ac07 0000 3877 feff e700 0000  ..O....S.0.....A..A..F..4.......8w......
2021-03-15T22:19:32.6290310Z 000244a0: 0041 0e10 8602 4d0e 1883 0355 0e20 580e 2860 0e30 590e 2841 0e20 510a 0e18 4e0e 104f 0e08 4d0b 0000  .A....M....U. X.(`.0Y.(A. Q...N..O..M...
2021-03-15T22:19:32.6290913Z 000244c8: 9400 0000 e407 0000 f077 feff 6904 0000 0042 0e10 8d02 4e0e 188c 0341 0e20 8604 4a0e 2883 0547 0e70  .........w..i....B....N....A. ..J.(..G.p
2021-03-15T22:19:32.6291567Z 000244f0: 0264 0a0e 284f 0e20 410e 1842 0e10 420e 0846 0b02 b40e 784e 0e80 0102 5a0e 7842 0e70 0266 0e78 480e  .d..(O. A..B..B..F....xN....Z.xB.p.f.xH.
2021-03-15T22:19:32.6292287Z 00024518: 8001 5f0e 7842 0e70 0269 0e78 5d0e 8001 520e 7841 0e70 0243 0e78 550e 8001 4e0e 8801 430e 9001 4e0e  .._.xB.p.i.x]...R.xA.p.C.xU...N...C...N.
2021-03-15T22:19:32.6292961Z 00024540: 705c 0a0e 785d 0e80 0145 0b48 0a0e 7859 0e80 0145 0b41 0a0e 7852 0e80 014c 0b00 0401 0000 7c08 0000  p\..x]...E.H..xY...E.A..xR...L......|...
2021-03-15T22:19:32.6293598Z 00024568: c87b feff 5a10 0000 0042 0e10 8f02 4c0e 188e 0345 0e20 8d04 420e 288c 0541 0e30 8606 480e 3883 074e  .{..Z....B....L....E. ..B.(..A.0..H.8..N
2021-03-15T22:19:32.6294188Z 00024590: 0e90 0303 2502 0a0e 3846 0e30 410e 2842 0e20 420e 1842 0e10 420e 0841 0b03 df06 0e98 034f 0ea0 0302  ....%...8F.0A.(B. B..B..B..A.......O....
2021-03-15T22:19:32.6294866Z 000245b8: 5d0e 9803 410e 9003 6d0e 9803 600e a003 4f0e 9803 420e 9003 0273 0e98 034b 0ea0 0302 440e 9003 0259  ]...A...m...`...O...B....s...K....D....Y
2021-03-15T22:19:32.6295878Z 000245e0: 0a0e 9803 440e a003 450b 0259 0a0e 9803 440e a003 450b 024c 0a0e 9803 460e a003 4f0b 024f 0a0e 9803  ....D...E..Y....D...E..L....F...O..O....
2021-03-15T22:19:32.6296631Z 00024608: 460e a003 4d0b 024f 0a0e 9803 460e a003 4d0b 024f 0a0e 9803 460e a003 4d0b 024f 0a0e 9803 460e a003  F...M..O....F...M..O....F...M..O....F...
2021-03-15T22:19:32.6297517Z 00024630: 4d0b 025b 0a0e 9803 410e a003 450b 025b 0a0e 9803 410e a003 450b 740a 0e98 0341 0ea0 0345 0b03 af01  M..[....A...E..[....A...E.t....A...E....
2021-03-15T22:19:32.6298229Z 00024658: 0e98 0367 0ea0 0348 0e98 0341 0e90 0300 2800 0000 8409 0000 208b feff 8301 0000 0041 0e10 8602 4f0e  ...g...H...A....(....... ........A....O.
2021-03-15T22:19:32.6299329Z 00024680: 1883 0353 0e30 02c5 0a0e 1841 0e10 410e 0846 0b00 d000 0000 b009 0000 848c feff 8706 0000 0042 0e10  ...S.0.....A..A..F...................B..
2021-03-15T22:19:32.6300156Z 000246a8: 8f02 530e 188e 0342 0e20 8d04 420e 288c 0541 0e30 8606 410e 3883 0751 0ec0 0302 850a 0e38 410e 3041  ..S....B. ..B.(..A.0..A.8..Q.......8A.0A
2021-03-15T22:19:32.6301658Z 000246d0: 0e28 420e 2042 0e18 420e 1042 0e08 450b 7f0e c803 590e d003 560e c803 420e c003 0259 0ec8 034e 0ed0  .(B. B..B..B..E.....Y...V...B....Y...N..
2021-03-15T22:19:32.6303314Z 000246f8: 0302 5a0e c803 410e c003 5c0a 0ec8 0351 0ed0 0345 0b41 0ec8 0355 0ed0 034e 0ed8 0343 0ee0 034e 0ec0  ..Z...A...\....Q...E.A...U...N...C...N..
2021-03-15T22:19:32.6304093Z 00024720: 0367 0ec8 035c 0ed0 0363 0ec8 0342 0ec0 0302 950e c803 4e0e d003 760e c803 410e c003 034b 010e c803  .g...\...c...B........N...v...A....K....
2021-03-15T22:19:32.6305013Z 00024748: 4e0e d003 770e c803 420e c003 025f 0ec8 034e 0ed0 0376 0ec8 0341 0ec0 0300 0000 7000 0000 840a 0000  N...w...B...._...N...v...A......p.......
2021-03-15T22:19:32.6306205Z 00024770: 4092 feff 6f03 0000 0042 0e10 8d02 4e0e 188c 0344 0e20 8604 4a0e 2883 0544 0e60 0240 0e68 430e 704d  @...o....B....N....D. ..J.(..D.`.@.hC.pM
2021-03-15T22:19:32.6306845Z 00024798: 0e78 510e 8001 4a0e 8801 450e 9001 490e 6002 e40a 0e28 410e 2041 0e18 420e 1042 0e08 4b0b 0248 0a0e  .xQ...J...E...I.`....(A. A..B..B..K..H..
2021-03-15T22:19:32.6307517Z 000247c0: 284b 0e20 4f0e 1842 0e10 420e 084a 0b44 0e68 4e0e 7071 0e68 410e 6000 e800 0000 f80a 0000 3c95 feff  (K. O..B..B..J.D.hN.pq.hA.`.........<...
2021-03-15T22:19:32.6308336Z 000247e8: 680d 0000 0042 0e10 8e02 4c0e 188d 0342 0e20 8c04 440e 2886 0541 0e30 8306 510e d003 02aa 0ed8 0352  h....B....L....B. ..D.(..A.0..Q........R
2021-03-15T22:19:32.6308944Z 00024810: 0ee0 036c 0ed8 0341 0ed0 0303 f804 0a0e 3041 0e28 410e 2042 0e18 420e 1042 0e08 410b 03dd 020e d803  ...l...A........0A.(A. B..B..B..A.......
2021-03-15T22:19:32.6309637Z 00024838: 4d0e e003 024c 0ed0 0368 0a0e d803 460e e003 4a0b 0277 0a0e d803 410e e003 450b 0253 0a0e d803 490e  M....L...h....F...J..w....A...E..S....I.
2021-03-15T22:19:32.6310378Z 00024860: e003 450b 0253 0a0e d803 490e e003 450b 0258 0a0e d803 440e e003 450b 0258 0a0e d803 440e e003 450b  ..E..S....I...E..X....D...E..X....D...E.
2021-03-15T22:19:32.6311093Z 00024888: 0252 0a0e d803 4b0e e003 450b 0259 0a0e d803 440e e003 450b 0259 0a0e d803 440e e003 450b 024c 0a0e  .R....K...E..Y....D...E..Y....D...E..L..
2021-03-15T22:19:32.6311789Z 000248b0: d803 460e e003 4f0b 024f 0ed8 0346 0ee0 0300 0000 0000 0000 1000 0000 e40b 0000 c0a1 feff 0b00 0000  ..F...O..O...F..........................
2021-03-15T22:19:32.6312354Z 000248d8: 0000 0000 1000 0000 f80b 0000 bca1 feff 0b00 0000 0000 0000 4000 0000 0c0c 0000 b8a1 feff 6b01 0000  ........................@...........k...
2021-03-15T22:19:32.6312918Z 00024900: 0042 0e10 8e02 4c0e 188d 034c 0e20 8c04 410e 2886 054a 0e30 8306 470e e001 02d1 0a0e 3041 0e28 410e  .B....L....L. ..A.(..J.0..G.......0A.(A.
2021-03-15T22:19:32.6313560Z 00024928: 2042 0e18 420e 1042 0e08 4b0b 4800 0000 500c 0000 e4a2 feff d401 0000 0042 0e10 8f02 470e 188e 0342   B..B..B..K.H...P............B....G....B
2021-03-15T22:19:32.6314440Z 00024950: 0e20 8d04 420e 288c 054b 0e30 8606 4a0e 3883 0747 0ef0 0102 ec0a 0e38 440e 3041 0e28 420e 2042 0e18  . ..B.(..K.0..J.8..G.......8D.0A.(B. B..
2021-03-15T22:19:32.6315092Z 00024978: 420e 1042 0e08 460b 4800 0000 9c0c 0000 78a4 feff d401 0000 0042 0e10 8f02 470e 188e 0342 0e20 8d04  B..B..F.H.......x........B....G....B. ..
2021-03-15T22:19:32.6315744Z 000249a0: 420e 288c 054b 0e30 8606 4a0e 3883 0747 0ef0 0102 ec0a 0e38 440e 3041 0e28 420e 2042 0e18 420e 1042  B.(..K.0..J.8..G.......8D.0A.(B. B..B..B
2021-03-15T22:19:32.6316378Z 000249c8: 0e08 460b 5800 0000 e80c 0000 0ca6 feff 2b02 0000 0042 0e10 8f02 470e 188e 034a 0e20 8d04 420e 288c  ..F.X...........+....B....G....J. ..B.(.
2021-03-15T22:19:32.6317089Z 000249f0: 054b 0e30 8606 4a0e 3883 0747 0ef0 0102 e00a 0e38 440e 3041 0e28 420e 2042 0e18 420e 1042 0e08 420b  .K.0..J.8..G.......8D.0A.(B. B..B..B..B.
2021-03-15T22:19:32.6317727Z 00024a18: 7c0e f801 440e 8002 780e f801 410e f001 5800 0000 440d 0000 e0a7 feff 2b02 0000 0042 0e10 8f02 470e  |...D...x...A...X...D.......+....B....G.
2021-03-15T22:19:32.6318372Z 00024a40: 188e 034a 0e20 8d04 420e 288c 054b 0e30 8606 4a0e 3883 0747 0ef0 0102 e00a 0e38 440e 3041 0e28 420e  ...J. ..B.(..K.0..J.8..G.......8D.0A.(B.
2021-03-15T22:19:32.6318983Z 00024a68: 2042 0e18 420e 1042 0e08 420b 7c0e f801 440e 8002 780e f801 410e f001 5800 0000 a00d 0000 b4a9 feff   B..B..B..B.|...D...x...A...X...........
2021-03-15T22:19:32.6319585Z 00024a90: 2b02 0000 0042 0e10 8f02 470e 188e 034a 0e20 8d04 420e 288c 054b 0e30 8606 4a0e 3883 0747 0ef0 0102  +....B....G....J. ..B.(..K.0..J.8..G....
2021-03-15T22:19:32.6320551Z 00024ab8: e00a 0e38 440e 3041 0e28 420e 2042 0e18 420e 1042 0e08 420b 7c0e f801 440e 8002 780e f801 410e f001  ...8D.0A.(B. B..B..B..B.|...D...x...A...
2021-03-15T22:19:32.6321197Z 00024ae0: 4400 0000 fc0d 0000 88ab feff c801 0000 0042 0e10 8c02 520e 1886 034b 0e20 8304 0275 0e28 450e 3058  D................B....R....K. ...u.(E.0X
2021-03-15T22:19:32.6321976Z 00024b08: 0e28 410e 2002 470e 2845 0e30 580e 2841 0e20 026a 0a0e 1846 0e10 550e 0845 0b00 3400 0000 440e 0000  .(A. .G.(E.0X.(A. .j...F..U..E..4...D...
2021-03-15T22:19:32.6322604Z 00024b30: 10ad feff 7601 0000 0042 0e10 8c02 500e 1886 0348 0e20 8304 026d 0a0e 1846 0e10 550e 0845 0b74 0a0e  ....v....B....P....H. ...m...F..U..E.t..
2021-03-15T22:19:32.6323370Z 00024b58: 284b 0e30 7a0b 0000 4000 0000 7c0e 0000 58ae feff 8d01 0000 0042 0e10 8c02 4e0e 1886 0352 0e20 8304  (K.0z...@...|...X........B....N....R. ..
2021-03-15T22:19:32.6324140Z 00024b80: 440e 5002 b70a 0e20 410e 1841 0e10 420e 0847 0b74 0a0e 204b 0e18 4f0e 1042 0e08 480b 0000 4c00 0000  D.P.... A..A..B..G.t.. K..O..B..H...L...
2021-03-15T22:19:32.6324724Z 00024ba8: c00e 0000 a4af feff 0402 0000 0042 0e10 8f02 530e 188e 0342 0e20 8d04 420e 288c 0541 0e30 8606 410e  .............B....S....B. ..B.(..A.0..A.
2021-03-15T22:19:32.6325290Z 00024bd0: 3883 0751 0ef0 0103 7601 0a0e 3841 0e30 410e 2842 0e20 420e 1842 0e10 420e 0844 0b00 0000 2800 0000  8..Q....v...8A.0A.(B. B..B..B..D....(...
2021-03-15T22:19:32.6325859Z 00024bf8: 100f 0000 64b1 feff 8100 0000 0042 0e10 8c02 4e0e 1886 0355 0e20 740a 0e18 440e 1042 0e08 410b 0000  ....d........B....N....U. t...D..B..A...
2021-03-15T22:19:32.6326625Z 00024c20: 5000 0000 3c0f 0000 c8b1 feff b402 0000 0042 0e10 8d02 4e0e 188c 034b 0e20 8604 410e 2883 054c 0e60  P...<............B....N....K. ..A.(..L.`
2021-03-15T22:19:32.6327412Z 00024c48: 740e 684b 0e70 5d0e 6845 0e60 0266 0a0e 6859 0e70 480b 0299 0a0e 2841 0e20 410e 1842 0e10 420e 0841  t.hK.p].hE.`.f..hY.pH.....(A. A..B..B..A
2021-03-15T22:19:32.6328046Z 00024c70: 0b00 0000 5800 0000 900f 0000 34b4 feff 1e04 0000 0042 0e10 8c02 4e0e 1886 034f 0e20 8304 024b 0e28  ....X.......4........B....N....O. ...K.(
2021-03-15T22:19:32.6328627Z 00024c98: 450e 3054 0e28 420e 206e 0e28 450e 3053 0e28 410e 2003 f501 0a0e 1846 0e10 550e 084c 0b02 860e 2845  E.0T.(B. n.(E.0S.(A. ......F..U..L....(E
2021-03-15T22:19:32.6329601Z 00024cc0: 0e30 480e 2841 0e20 025c 0e28 4c0e 3000 5c00 0000 ec0f 0000 f8b7 feff 1704 0000 0042 0e10 8e02 4c0e  .0H.(A. .\.(L.0.\................B....L.
2021-03-15T22:19:32.6330273Z 00024ce8: 188d 034c 0e20 8c04 410e 2886 0550 0ea0 0302 ab0a 0e28 440e 2042 0e18 420e 1042 0e08 480b 032c 010e  ...L. ..A.(..P.......(D. B..B..B..H..,..
2021-03-15T22:19:32.6331289Z 00024d10: a803 480e b003 5a0e a803 410e a003 02dd 0ea8 034d 0eb0 0375 0ea8 0341 0ea0 0300 9800 0000 4c10 0000  ..H...Z...A........M...u...A........L...
2021-03-15T22:19:32.6332161Z 00024d38: b8bb feff 3a04 0000 0042 0e10 8d02 4e0e 188c 0341 0e20 8604 4a0e 2883 0547 0e90 0102 440e 9801 450e  ....:....B....N....A. ..J.(..G....D...E.
2021-03-15T22:19:32.6332872Z 00024d60: a001 4d0e a801 510e b001 4c0e b801 470e c001 490e 9001 0247 0a0e 2841 0e20 410e 1842 0e10 420e 0846  ..M...Q...L...G...I....G..(A. A..B..B..F
2021-03-15T22:19:32.6333519Z 00024d88: 0b02 9e0e 9801 4e0e a001 0259 0e98 0142 0e90 0161 0a0e 284b 0e20 4f0e 1842 0e10 420e 084a 0b02 610e  ......N....Y...B...a..(K. O..B..B..J..a.
2021-03-15T22:19:32.6334116Z 00024db0: 9801 5d0e a001 5a0e 9801 410e 9001 0275 0a0e 9801 5c0e a001 450b 0000 4000 0000 e810 0000 5cbf feff  ..]...Z...A....u....\...E...@.......\...
2021-03-15T22:19:32.6334735Z 00024dd8: 0003 0000 0041 0e10 8602 4f0e 1883 0353 0e30 028a 0a0e 1841 0e10 410e 0841 0b72 0e38 4d0e 4068 0e38  .....A....O....S.0.....A..A..A.r.8M.@h.8
2021-03-15T22:19:32.6335357Z 00024e00: 420e 3002 d30e 3867 0e40 480e 3841 0e30 4c00 0000 2c11 0000 18c2 feff f901 0000 0042 0e10 8e02 4a0e  B.0...8g.@H.8A.0L...,............B....J.
2021-03-15T22:19:32.6335978Z 00024e28: 188d 034a 0e20 8c04 4b0e 2886 054a 0e30 8306 02d7 0a0e 2841 0e20 420e 1842 0e10 420e 0847 0b02 6d0e  ...J. ..K.(..J.0......(A. B..B..B..G..m.
2021-03-15T22:19:32.6336545Z 00024e50: 3841 0e40 0244 0e30 6c0e 3849 0e40 0000 4000 0000 7c11 0000 c8c3 feff 0f01 0000 0042 0e10 8c02 520e  8A.@.D.0l.8I.@..@...|............B....R.
2021-03-15T22:19:32.6337120Z 00024e78: 1886 034a 0e20 8304 024b 0e28 500e 3068 0e28 410e 2047 0e28 500e 306b 0e28 410e 204a 0e18 460e 1055  ...J. ...K.(P.0h.(A. G.(P.0k.(A. J..F..U
2021-03-15T22:19:32.6337692Z 00024ea0: 0e08 0000 3400 0000 c011 0000 94c4 feff eb00 0000 0041 0e10 8602 700e 184d 0e20 7b0e 1841 0e10 460a  ....4................A....p..M. {..A..F.
2021-03-15T22:19:32.6338321Z 00024ec8: 0e08 480b 520e 1851 0e20 6d0e 1846 0e10 480e 0800 6c00 0000 f811 0000 4cc5 feff 6d03 0000 0042 0e10  ..H.R..Q. m..F..H...l.......L...m....B..
2021-03-15T22:19:32.6338945Z 00024ef0: 8f02 420e 188e 0342 0e20 8d04 420e 288c 0544 0e30 8606 410e 3883 074a 0e90 0303 5601 0a0e 3841 0e30  ..B....B. ..B.(..D.0..A.8..J....V...8A.0
2021-03-15T22:19:32.6339601Z 00024f18: 410e 2842 0e20 420e 1842 0e10 420e 0849 0b66 0e98 0349 0ea0 0362 0e98 0341 0e90 0352 0e98 034c 0ea0  A.(B. B..B..B..I.f...I...b...A...R...L..
2021-03-15T22:19:32.6340229Z 00024f40: 036f 0e98 0341 0e90 0300 0000 7c00 0000 6812 0000 4cc8 feff 8503 0000 0042 0e10 8f02 420e 188e 0342  .o...A......|...h...L........B....B....B
2021-03-15T22:19:32.6340832Z 00024f68: 0e20 8d04 420e 288c 0544 0e30 8606 410e 3883 074a 0e90 0302 ed0e 9803 4c0e a003 660e 9803 410e 9003  . ..B.(..D.0..A.8..J........L...f...A...
2021-03-15T22:19:32.6341437Z 00024f90: 025f 0a0e 3841 0e30 410e 2842 0e20 420e 1842 0e10 420e 0848 0b5d 0e98 034b 0ea0 0368 0e98 0341 0e90  ._..8A.0A.(B. B..B..B..H.]...K...h...A..
2021-03-15T22:19:32.6342040Z 00024fb8: 0302 bb0e 9803 4c0e a003 6a0e 9803 420e 9003 0000 1400 0000 e812 0000 5ccb feff 6c00 0000 004b 0e10  ......L...j...B.............\...l....K..
2021-03-15T22:19:32.6342786Z 00024fe0: 024e 0e08 1400 0000 0013 0000 b4cb feff 2f00 0000 0054 0e10 550e 0800 0801 0000 1813 0000 cccb feff  .N............../....T..U...............
2021-03-15T22:19:32.6343470Z 00025008: 321a 0000 0042 0e10 8f02 4c0e 188e 0342 0e20 8d04 450e 288c 054b 0e30 8606 410e 3883 0747 0ec0 0603  2....B....L....B. ..E.(..K.0..A.8..G....
2021-03-15T22:19:32.6344247Z 00025030: 0301 0ec8 0647 0ed0 0647 0ed8 0648 0ee0 064b 0ec0 0603 8804 0ec8 0654 0ed0 0602 460e c806 410e c006  .....G...G...H...K.........T....F...A...
2021-03-15T22:19:32.6345163Z 00025058: 03cd 080a 0e38 440e 3041 0e28 420e 2042 0e18 420e 1042 0e08 470b 0364 040e c806 4d0e d006 024c 0ec0  .....8D.0A.(B. B..B..B..G..d....M....L..
2021-03-15T22:19:32.6345845Z 00025080: 0602 680a 0ec8 0646 0ed0 064f 0b03 8101 0a0e c806 490e d006 450b 0256 0a0e c806 460e d006 4d0b 0315  ..h....F...O........I...E..V....F...M...
2021-03-15T22:19:32.6346694Z 000250a8: 010a 0ec8 0644 0ed0 0645 0b02 590a 0ec8 0644 0ed0 0645 0b02 520a 0ec8 064b 0ed0 0645 0b02 580a 0ec8  .....D...E..Y....D...E..R....K...E..X...
2021-03-15T22:19:32.6347388Z 000250d0: 0644 0ed0 0645 0b02 580a 0ec8 0644 0ed0 0645 0b02 530a 0ec8 0649 0ed0 0645 0b02 4f0a 0ec8 0646 0ed0  .D...E..X....D...E..S....I...E..O....F..
2021-03-15T22:19:32.6348294Z 000250f8: 064d 0b02 4f0a 0ec8 0646 0ed0 064d 0b00 3c00 0000 2414 0000 00e5 feff b600 0000 0042 0e10 8f02 4d0e  .M..O....F...M..<...$............B....M.
2021-03-15T22:19:32.6348847Z 00025120: 188e 0345 0e20 8d04 4c0e 288c 054b 0e30 8606 025d 0a0e 2845 0e20 420e 1842 0e10 420e 0845 0b00 0000  ...E. ..L.(..K.0...]..(E. B..B..B..E....
2021-03-15T22:19:32.6349405Z 00025148: 2c00 0000 6414 0000 80e5 feff c000 0000 0042 0e10 8c02 500e 1886 0349 0e20 8304 0257 0a0e 1841 0e10  ,...d............B....P....I. ...W...A..
2021-03-15T22:19:32.6349945Z 00025170: 420e 0841 0b00 0000 2c00 0000 9414 0000 10e6 feff 9700 0000 0042 0e10 8c02 500e 1886 0349 0e20 8304  B..A....,................B....P....I. ..
2021-03-15T22:19:32.6350720Z 00025198: 0253 0a0e 1846 0e10 550e 0845 0b00 0000 3800 0000 c414 0000 80e6 feff 4e00 0000 0042 0e10 8d02 420e  .S...F..U..E....8...........N....B....B.
2021-03-15T22:19:32.6351311Z 000251c0: 188c 0341 0e20 8604 410e 2883 0544 0e30 790a 0e28 410e 2041 0e18 420e 1042 0e08 410b 0000 2800 0000  ...A. ..A.(..D.0y..(A. A..B..B..A...(...
2021-03-15T22:19:32.6351883Z 000251e8: 0015 0000 94e6 feff 4500 0000 0041 0e10 8602 410e 1883 0344 0e20 780a 0e18 410e 1041 0e08 410b 0000  ........E....A....A....D. x...A..A..A...
2021-03-15T22:19:32.6352434Z 00025210: 3800 0000 2c15 0000 b8e6 feff 8e00 0000 0042 0e10 8d02 420e 188c 0341 0e20 8604 410e 2883 0544 0e40  8...,............B....B....A. ..A.(..D.@
2021-03-15T22:19:32.6352996Z 00025238: 0274 0a0e 2841 0e20 410e 1842 0e10 420e 0841 0b00 2800 0000 6815 0000 0ce7 feff 4500 0000 0041 0e10  .t..(A. A..B..B..A..(...h.......E....A..
2021-03-15T22:19:32.6353966Z 00025260: 8602 410e 1883 0344 0e20 780a 0e18 410e 1041 0e08 410b 0000 2800 0000 9415 0000 30e7 feff 2601 0000  ..A....D. x...A..A..A...(.......0...&...
2021-03-15T22:19:32.6354650Z 00025288: 0042 0e10 8c02 520e 1883 034e 0e20 0267 0a0e 1844 0e10 420e 0841 0b00 2800 0000 c015 0000 34e8 feff  .B....R....N. .g...D..B..A..(.......4...
2021-03-15T22:19:32.6355357Z 000252b0: 0701 0000 0042 0e10 8c02 520e 1883 0354 0e20 700a 0e18 440e 1042 0e08 420b 0000 2400 0000 ec15 0000  .....B....R....T. p...D..B..B...$.......
2021-03-15T22:19:32.6356038Z 000252d8: 18e9 feff 1e02 0000 0044 0e30 025c 0e38 520e 4071 0e38 410e 3002 870a 0e08 450b 3800 0000 1416 0000  .........D.0.\.8R.@q.8A.0.....E.8.......
2021-03-15T22:19:32.6356765Z 00025300: 10eb feff c301 0000 0041 0e10 8602 5c0e 3002 430e 3852 0e40 760e 307a 0a0e 1041 0e08 450b 024b 0e38  .........A....\.0.C.8R.@v.0z...A..E..K.8
2021-03-15T22:19:32.6358063Z 00025328: 710e 4041 0e48 410e 504a 0e30 2400 0000 5016 0000 a4ec feff 9b00 0000 0044 0e10 0240 0a0e 085c 0b44  q.@A.HA.PJ.0$...P............D...@...\.D
2021-03-15T22:19:32.6359358Z 00025350: 0e18 520e 2062 0e18 410e 1000 5c00 0000 7816 0000 1ced feff 2102 0000 0042 0e10 8c02 520e 1886 034f  ..R. b..A...\...x.......!....B....R....O
2021-03-15T22:19:32.6359985Z 00025378: 0e20 8304 760e 2843 0e30 6c0e 2846 0e20 0258 0a0e 1846 0e10 550e 084f 0b43 0e28 4f0e 3062 0e28 420e  . ..v.(C.0l.(F. .X...F..U..O.C.(O.0b.(B.
2021-03-15T22:19:32.6360636Z 000253a0: 207c 0e28 420e 3048 0e28 410e 2065 0e28 4f0e 3002 5a0e 2841 0e20 0000 6400 0000 d816 0000 ecee feff   |.(B.0H.(A. e.(O.0.Z.(A. ..d...........
2021-03-15T22:19:32.6361248Z 000253c8: b302 0000 0042 0e10 8f02 530e 188e 0353 0e20 8d04 420e 288c 0541 0e30 8606 410e 3883 0752 0e60 0272  .....B....S....S. ..B.(..A.0..A.8..R.`.r
2021-03-15T22:19:32.6362301Z 000253f0: 0e68 500e 7060 0e68 410e 6002 fa0a 0e38 4b0e 304f 0e28 420e 2042 0e18 420e 1042 0e08 4b0b 026c 0e68  .hP.p`.hA.`....8K.0O.(B. B..B..B..K..l.h
2021-03-15T22:19:32.6363079Z 00025418: 520e 7062 0e68 410e 6000 0000 5000 0000 4017 0000 44f1 feff 0d02 0000 0042 0e10 8f02 4c0e 188e 0349  R.pb.hA.`...P...@...D........B....L....I
2021-03-15T22:19:32.6363643Z 00025440: 0e20 8d04 420e 288c 0541 0e30 8606 410e 3883 0746 0ea0 0103 7e01 0a0e 3844 0e30 410e 2842 0e20 420e  . ..B.(..A.0..A.8..F....~...8D.0A.(B. B.
2021-03-15T22:19:32.6364238Z 00025468: 1842 0e10 420e 0844 0b00 0000 0000 0000 2400 0000 9417 0000 00f3 feff 5e00 0000 0041 0e10 8602 440e  .B..B..D........$...........^....A....D.
2021-03-15T22:19:32.6364982Z 00025490: 1883 0344 0e20 024b 0e18 440e 1041 0e08 3000 0000 bc17 0000 38f3 feff a700 0000 0041 0e10 8602 4e0e  ...D. .K..D..A..0.......8........A....N.
2021-03-15T22:19:32.6365616Z 000254b8: 1883 0355 0e20 0248 0a0e 1843 0e10 410e 0848 0b67 0e18 460e 1041 0e08 4800 0000 f017 0000 b4f3 feff  ...U. .H...C..A..H.g..F..A..H...........
2021-03-15T22:19:32.6366250Z 000254e0: 5301 0000 0042 0e10 8e02 4a0e 188d 034c 0e20 8c04 490e 2886 0544 0e30 8306 0284 0a0e 2841 0e20 420e  S....B....J....L. ..I.(..D.0......(A. B.
2021-03-15T22:19:32.6367192Z 00025508: 1842 0e10 420e 0841 0b74 0e38 4b0e 4002 5b0e 3843 0e30 0000 3400 0000 3c18 0000 c8f4 feff 5301 0000  .B..B..A.t.8K.@.[.8C.0..4...<.......S...
2021-03-15T22:19:32.6368189Z 00025530: 0042 0e10 8c02 4e0e 1886 0355 0e30 0291 0a0e 1844 0e10 420e 0844 0b6b 0e38 4d0e 4002 500e 3841 0e30  .B....N....U.0.....D..B..D.k.8M.@.P.8A.0
2021-03-15T22:19:32.6368856Z 00025558: 7c00 0000 7418 0000 f0f5 feff 7d02 0000 0042 0e10 8f02 4a0e 188e 034c 0e20 8d04 450e 288c 0549 0e30  |...t.......}....B....J....L. ..E.(..I.0
2021-03-15T22:19:32.6369508Z 00025580: 8606 410e 3883 074e 0e40 02df 0a0e 3846 0e30 410e 2842 0e20 420e 1842 0e10 420e 0841 0b74 0e48 4b0e  ..A.8..N.@....8F.0A.(B. B..B..B..A.t.HK.
2021-03-15T22:19:32.6370189Z 000255a8: 507b 0e48 410e 4002 4c0a 0e38 430e 3041 0e28 420e 2042 0e18 420e 1042 0e08 490b 5e0e 484c 0e50 024d  P{.HA.@.L..8C.0A.(B. B..B..B..I.^.HL.P.M
2021-03-15T22:19:32.6370851Z 000255d0: 0e48 410e 4000 0000 4001 0000 f418 0000 f0f7 feff c80e 0000 0042 0e10 8f02 4c0e 188e 0342 0e20 8d04  .HA.@...@................B....L....B. ..
2021-03-15T22:19:32.6371802Z 000255f8: 4c0e 288c 0541 0e30 8606 410e 3883 0751 0ef0 2102 820e f821 4a0e 8022 5d0e f821 420e f021 038f 010e  L.(..A.0..A.8..Q..!....!J.."]..!B..!....
2021-03-15T22:19:32.6372593Z 00025620: f821 4d0e 8022 7e0e f821 410e f021 670e f821 4d0e 8022 640e f821 480e f021 0282 0a0e 3844 0e30 410e  .!M.."~..!A..!g..!M.."d..!H..!....8D.0A.
2021-03-15T22:19:32.6373578Z 00025648: 2842 0e20 420e 1842 0e10 420e 0844 0b03 6601 0ef8 214e 0e80 227e 0ef8 2141 0ef0 215d 0ef8 214a 0e80  (B. B..B..B..D..f...!N.."~..!A..!]..!J..
2021-03-15T22:19:32.6374731Z 00025670: 227c 0ef8 2142 0ef0 2102 a90e f821 4e0e 8022 02b2 0ef8 2142 0ef0 2171 0ef8 214e 0e80 2202 ac0e f821  "|..!B..!....!N.."....!B..!q..!N.."....!
2021-03-15T22:19:32.6375322Z 00025698: 420e f021 710a 0ef8 214e 0e80 2202 910b 690e f821 4e0e 8022 0251 0e88 224c 0e90 2265 0ef0 2102 610e  B..!q...!N.."...i..!N..".Q.."L.."e..!.a.
2021-03-15T22:19:32.6376102Z 000256c0: f821 4e0e 8022 029d 0ef8 2141 0ef0 2102 660e f821 4e0e 8022 0243 0ef8 2142 0ef0 2102 590e f821 4d0e  .!N.."....!A..!.f..!N..".C..!B..!.Y..!M.
2021-03-15T22:19:32.6376706Z 000256e8: 8022 0262 0e88 224a 0e90 2261 0ef0 2102 730e f821 4e0e 8022 0296 0ef8 2141 0ef0 2102 680e f821 4d0e  .".b.."J.."a..!.s..!N.."....!A..!.h..!M.
2021-03-15T22:19:32.6377305Z 00025710: 8022 02d5 0ef8 2142 0ef0 2100 4400 0000 381a 0000 7c05 ffff b801 0000 0042 0e10 8c02 4e0e 1886 0348  ."....!B..!.D...8...|........B....N....H
2021-03-15T22:19:32.6377898Z 00025738: 0e20 8304 028d 0a0e 1841 0e10 420e 0841 0b74 0e28 4b0e 3002 460e 2841 0e20 760e 284e 0e30 7e0e 2842  . .......A..B..A.t.(K.0.F.(A. v.(N.0~.(B
2021-03-15T22:19:32.6378977Z 00025760: 0e20 0000 3800 0000 801a 0000 f406 ffff ff03 0000 0042 0e10 8d02 530e 188c 034b 0e20 8604 410e 2883  . ..8................B....S....K. ..A.(.
2021-03-15T22:19:32.6379664Z 00025788: 0544 0e30 0266 0a0e 2844 0e20 410e 1842 0e10 420e 0844 0b00 6c00 0000 bc1a 0000 b80a ffff f103 0000  .D.0.f..(D. A..B..B..D..l...............
2021-03-15T22:19:32.6380655Z 000257b0: 0042 0e10 8f02 4f0e 188e 0350 0e20 8d04 420e 288c 0541 0e30 8606 410e 3883 0747 0ed0 0103 2601 0ed8  .B....O....P. ..B.(..A.0..A.8..G....&...
2021-03-15T22:19:32.6381604Z 000257d8: 0149 0ee0 0165 0ed8 0141 0ed0 0102 a00e d801 450e e001 690e d801 410e d001 02be 0a0e 3844 0e30 410e  .I...e...A........E...i...A.......8D.0A.
2021-03-15T22:19:32.6382422Z 00025800: 2842 0e20 420e 1842 0e10 420e 0845 0b00 3000 0000 2c1b 0000 480e ffff 1e01 0000 0042 0e10 8c02 4b0e  (B. B..B..B..E..0...,...H........B....K.
2021-03-15T22:19:32.6383502Z 00025828: 1886 034b 0e20 8304 026f 0a0e 1841 0e10 420e 0846 0b02 490e 284b 0e30 3800 0000 601b 0000 340f ffff  ...K. ...o...A..B..F..I.(K.08...`...4...
2021-03-15T22:19:32.6384080Z 00025850: 2101 0000 0042 0e10 8d02 450e 188c 0341 0e20 8604 410e 2883 0544 0ea0 0102 c30a 0e28 410e 2041 0e18  !....B....E....A. ..A.(..D.......(A. A..
2021-03-15T22:19:32.6384818Z 00025878: 420e 1042 0e08 410b 1000 0000 9c1b 0000 2810 ffff 0c00 0000 0000 0000 1000 0000 b01b 0000 2410 ffff  B..B..A.........(...................$...
2021-03-15T22:19:32.6385315Z 000258a0: 0c00 0000 0000 0000 1000 0000 c41b 0000 2010 ffff 1a00 0000 004b 0e10 1000 0000 d81b 0000 2c10 ffff  ................ ........K..........,...
2021-03-15T22:19:32.6385885Z 000258c8: 7c00 0000 0044 0e10 8c00 0000 ec1b 0000 9810 ffff e316 0000 0042 0e10 8f02 420e 188e 0342 0e20 8d04  |....D...................B....B....B. ..
2021-03-15T22:19:32.6386545Z 000258f0: 420e 288c 0541 0e30 8606 4b0e 3883 0750 0ef0 0103 cc08 0a0e 3844 0e30 410e 2842 0e20 420e 1842 0e10  B.(..A.0..K.8..P........8D.0A.(B. B..B..
2021-03-15T22:19:32.6387651Z 00025918: 420e 0843 0b03 3f04 0ef8 014d 0e80 0202 4c0e f001 02b4 0a0e f801 4d0e 8002 024c 0b02 fd0a 0ef8 0141  B..C..?....M....L.........M....L.......A
2021-03-15T22:19:32.6388336Z 00025940: 0e80 0245 0b02 e40a 0ef8 0149 0e80 0245 0b71 0a0e f801 440e 8002 450b 0000 0000 3800 0000 7c1c 0000  ...E.......I...E.q....D...E.....8...|...
2021-03-15T22:19:32.6389296Z 00025968: f826 ffff 1e02 0000 0042 0e10 8c02 4e0e 1886 0348 0e20 8304 4d0e 3002 b50a 0e20 410e 1841 0e10 420e  .&.......B....N....H. ..M.0.... A..A..B.
2021-03-15T22:19:32.6389910Z 00025990: 0842 0b02 f90e 384b 0e40 0000 8800 0000 b81c 0000 dc28 ffff b704 0000 0042 0e10 8f02 4c0e 188e 0342  .B....8K.@...........(.......B....L....B
2021-03-15T22:19:32.6390695Z 000259b8: 0e20 8d04 420e 288c 054b 0e30 8606 4a0e 3883 0749 0e40 0274 0e48 600e 505e 0e48 420e 4003 7301 0e48  . ..B.(..K.0..J.8..I.@.t.H`.P^.HB.@.s..H
2021-03-15T22:19:32.6391682Z 000259e0: 560e 505e 0e48 410e 405a 0e48 520e 505c 0e48 410e 4002 5c0a 0e48 490e 5046 0b02 750a 0e48 490e 504a  V.P^.HA.@Z.HR.P\.HA.@.\..HI.PF..u..HI.PJ
2021-03-15T22:19:32.6392380Z 00025a08: 0b4e 0a0e 384f 0e30 410e 2842 0e20 420e 1842 0e10 420e 084a 0b02 770e 484e 0e50 4c00 0000 441d 0000  .N..8O.0A.(B. B..B..B..J..w.HN.PL...D...
2021-03-15T22:19:32.6393494Z 00025a30: 102d ffff 6001 0000 0042 0e10 8f02 4f0e 188e 0353 0e20 8d04 4c0e 288c 0547 0e30 8606 410e 3883 0744  .-..`....B....O....S. ..L.(..G.0..A.8..D
2021-03-15T22:19:32.6394094Z 00025a58: 0e50 02e5 0a0e 3841 0e30 410e 2842 0e20 420e 1842 0e10 420e 0845 0b00 0000 0000 1000 0000 941d 0000  .P....8A.0A.(B. B..B..B..E..............
2021-03-15T22:19:32.6394822Z 00025a80: 202e ffff 1200 0000 0000 0000 1000 0000 a81d 0000 2c2e ffff 1200 0000 0000 0000 2800 0000 bc1d 0000   ...................,...........(.......
2021-03-15T22:19:32.6395373Z 00025aa8: 382e ffff e100 0000 0042 0e10 8c02 520e 1886 0348 0e20 8304 02a5 0e18 460e 1055 0e08 0000 4400 0000  8........B....R....H. ......F..U....D...
2021-03-15T22:19:32.6395955Z 00025ad0: e81d 0000 fc2e ffff 5501 0000 0042 0e10 8e02 530e 188d 0349 0e20 8c04 410e 2886 0541 0e30 8306 0271  ........U....B....S....I. ..A.(..A.0...q
2021-03-15T22:19:32.6396773Z 00025af8: 0e38 4b0e 406a 0e38 410e 3002 6a0e 2846 0e20 470e 1850 0e10 420e 0800 3c00 0000 301e 0000 1430 ffff  .8K.@j.8A.0.j.(F. G..P..B...<...0....0..
2021-03-15T22:19:32.6397697Z 00025b20: 2d02 0000 0042 0e10 8d02 530e 188c 0348 0e20 8604 410e 2883 0547 0ed0 0103 3b01 0a0e 2841 0e20 410e  -....B....S....H. ..A.(..G....;...(A. A.
2021-03-15T22:19:32.6398328Z 00025b48: 1842 0e10 420e 084a 0b00 0000 3800 0000 701e 0000 0432 ffff e200 0000 0042 0e10 8d02 4f0e 188c 034b  .B..B..J....8...p....2.......B....O....K
2021-03-15T22:19:32.6398945Z 00025b70: 0e20 8604 4a0e 2883 0544 0e30 0275 0a0e 2844 0e20 410e 1842 0e10 420e 0848 0b00 2800 0000 ac1e 0000  . ..J.(..D.0.u..(D. A..B..B..H..(.......
2021-03-15T22:19:32.6399662Z 00025b98: b832 ffff 6700 0000 0042 0e10 8c02 520e 1883 034e 0e20 760a 0e18 440e 1042 0e08 410b 0000 6800 0000  .2..g....B....R....N. v...D..B..A...h...
2021-03-15T22:19:32.6400255Z 00025bc0: d81e 0000 fc32 ffff 8302 0000 0042 0e10 8e02 530e 188d 0342 0e20 8c04 410e 2886 054b 0e30 8306 470e  .....2.......B....S....B. ..A.(..K.0..G.
2021-03-15T22:19:32.6400877Z 00025be8: e021 028a 0a0e e821 510e f021 640b 5f0a 0ee8 214a 0ef0 2169 0b5e 0a0e 304b 0e28 4f0e 2042 0e18 420e  .!.....!Q..!d._...!J..!i.^..0K.(O. B..B.
2021-03-15T22:19:32.6401495Z 00025c10: 1042 0e08 450b 0253 0ee8 214e 0ef0 2158 0ee8 2141 0ee0 2100 5400 0000 441f 0000 2035 ffff 4e02 0000  .B..E..S..!N..!X..!A..!.T...D... 5..N...
2021-03-15T22:19:32.6402128Z 00025c38: 0042 0e10 8f02 4c0e 188e 0342 0e20 8d04 420e 288c 0541 0e30 8606 410e 3883 074e 0e50 02c5 0e58 4e0e  .B....L....B. ..B.(..A.0..A.8..N.P...XN.
2021-03-15T22:19:32.6402770Z 00025c60: 6066 0e58 410e 5002 cf0a 0e38 440e 3041 0e28 420e 2042 0e18 420e 1042 0e08 480b 4000 0000 9c1f 0000  `f.XA.P....8D.0A.(B. B..B..B..H.@.......
2021-03-15T22:19:32.6403402Z 00025c88: 1837 ffff 8101 0000 0042 0e10 8c02 4e0e 1886 0354 0e20 510e 284d 0e30 690e 2841 0e20 740a 0e18 4b0e  .7.......B....N....T. Q.(M.0i.(A. t...K.
2021-03-15T22:19:32.6404180Z 00025cb0: 1050 0e08 450b 440e 284e 0e30 620e 2848 0e20 0000 2800 0000 e01f 0000 6438 ffff 8b00 0000 0042 0e10  .P..E.D.(N.0b.(H. ..(.......d8.......B..
2021-03-15T22:19:32.6404745Z 00025cd8: 8c02 4e0e 1886 0351 0e20 8304 024a 0e18 460e 1055 0e08 0000 6c00 0000 0c20 0000 c838 ffff 2402 0000  ..N....Q. ...J..F..U....l.... ...8..$...
2021-03-15T22:19:32.6405327Z 00025d00: 0042 0e10 8f02 420e 188e 0345 0e20 8d04 4a0e 288c 0549 0e30 8606 4b0e 3883 0744 0e80 0102 9f0e 8801  .B....B....E. ..J.(..I.0..K.8..D........
2021-03-15T22:19:32.6405953Z 00025d28: 520e 9001 610e 8801 480e 8001 0243 0e88 014b 0e90 0155 0e88 0141 0e80 0102 8a0a 0e38 410e 3041 0e28  R...a...H....C...K...U...A.......8A.0A.(
2021-03-15T22:19:32.6406579Z 00025d50: 420e 2042 0e18 420e 1042 0e08 430b 0000 6000 0000 7c20 0000 883a ffff 1a02 0000 0042 0e10 8f02 420e  B. B..B..B..C...`...| ...:.......B....B.
2021-03-15T22:19:32.6407135Z 00025d78: 188e 034a 0e20 8d04 4c0e 288c 054b 0e30 8606 490e 3883 0744 0e60 02bd 0a0e 3841 0e30 410e 2842 0e20  ...J. ..L.(..K.0..I.8..D.`....8A.0A.(B. 
2021-03-15T22:19:32.6407911Z 00025da0: 420e 1842 0e10 420e 0841 0b41 0e68 520e 7068 0e68 410e 605c 0e68 4c0e 7068 0e68 410e 6000 4800 0000  B..B..B..A.A.hR.ph.hA.`\.hL.ph.hA.`.H...
2021-03-15T22:19:32.6408544Z 00025dc8: e020 0000 443c ffff ef00 0000 0042 0e10 8d02 530e 188c 034b 0e20 8604 4a0e 2883 0544 0e30 5e0e 384b  . ..D<.......B....S....K. ..J.(..D.0^.8K
2021-03-15T22:19:32.6409142Z 00025df0: 0e40 600e 3841 0e30 7b0a 0e38 4f0e 4046 0b44 0e28 4b0e 204f 0e18 420e 1042 0e08 3400 0000 2c21 0000  .@`.8A.0{..8O.@F.D.(K. O..B..B..4...,!..
2021-03-15T22:19:32.6409726Z 00025e18: e83c ffff 7500 0000 0042 0e10 8d02 510e 188c 034b 0e20 8604 410e 2883 054c 0e30 670e 284b 0e20 4f0e  .<..u....B....Q....K. ..A.(..L.0g.(K. O.
2021-03-15T22:19:32.6410315Z 00025e40: 1842 0e10 420e 0800 8400 0000 6421 0000 303d ffff 0c02 0000 0042 0e10 8f02 4a0e 188e 0345 0e20 8d04  .B..B.......d!..0=.......B....J....E. ..
2021-03-15T22:19:32.6410918Z 00025e68: 450e 288c 054b 0e30 8606 490e 3883 074e 0e40 0242 0e48 4d0e 5055 0e58 420e 604b 0e40 770a 0e38 440e  E.(..K.0..I.8..N.@.B.HM.PU.XB.`K.@w..8D.
2021-03-15T22:19:32.6411931Z 00025e90: 3041 0e28 420e 2042 0e18 420e 1042 0e08 430b 440e 484d 0e50 560e 5844 0e60 420e 6842 0e70 4b0e 404a  0A.(B. B..B..B..C.D.HM.PV.XD.`B.hB.pK.@J
2021-03-15T22:19:32.6413099Z 00025eb8: 0e48 520e 5054 0e48 410e 4068 0e48 4d0e 5002 760e 4841 0e40 1800 0000 ec21 0000 b83e ffff 4800 0000  .HR.PT.HA.@h.HM.P.v.HA.@.....!...>..H...
2021-03-15T22:19:32.6414035Z 00025ee0: 0041 0e10 8302 740e 0800 0000 1800 0000 0822 0000 ec3e ffff 4800 0000 0041 0e10 8302 740e 0800 0000  .A....t.........."...>..H....A....t.....
2021-03-15T22:19:32.6415934Z 00025f08: 2400 0000 2422 0000 203f ffff 6d00 0000 0041 0e10 8602 4e0e 1883 0355 0e20 0242 0e18 410e 1041 0e08  $...$".. ?..m....A....N....U. .B..A..A..
2021-03-15T22:19:32.6416805Z 00025f30: 2800 0000 4c22 0000 683f ffff 6300 0000 0042 0e10 8c02 4e0e 1886 034a 0e20 8304 0245 0e18 410e 1042  (...L"..h?..c....B....N....J. ...E..A..B
2021-03-15T22:19:32.6417928Z 00025f58: 0e08 0000 5400 0000 7822 0000 ac3f ffff e000 0000 0042 0e10 8e02 4c0e 188d 034a 0e20 8c04 440e 2886  ....T...x"...?.......B....L....J. ..D.(.
2021-03-15T22:19:32.6418766Z 00025f80: 0548 0e30 8306 4e0e 4002 650a 0e30 460e 2841 0e20 420e 1842 0e10 420e 0844 0b6f 0e30 410e 2841 0e20  .H.0..N.@.e..0F.(A. B..B..B..D.o.0A.(A. 
2021-03-15T22:19:32.6419813Z 00025fa8: 420e 1842 0e10 420e 0800 0000 2400 0000 d022 0000 3440 ffff 9900 0000 0041 0e10 8302 5f0e 207c 0a0e  B..B..B.....$...."..4@.......A...._. |..
2021-03-15T22:19:32.6420496Z 00025fd0: 1046 0e08 460b 6f0e 1041 0e08 3000 0000 f822 0000 ac40 ffff a300 0000 0042 0e10 8c02 4e0e 1883 0355  .F..F.o..A..0...."...@.......B....N....U
2021-03-15T22:19:32.6421227Z 00025ff8: 0e30 0241 0a0e 1846 0e10 420e 0842 0b6f 0e18 410e 1042 0e08 c400 0000 2c23 0000 2841 ffff 690b 0000  .0.A...F..B..B.o..A..B......,#..(A..i...
2021-03-15T22:19:32.6422143Z 00026020: 0042 0e10 8f02 530e 188e 0349 0e20 8d04 420e 288c 0541 0e30 8606 410e 3883 0747 0ed0 2003 6a03 0ed8  .B....S....I. ..B.(..A.0..A.8..G.. .j...
2021-03-15T22:19:32.6423228Z 00026048: 2063 0ee0 2049 0ed8 2041 0ed0 2002 960e d820 470e e020 680e d820 420e d020 0369 020e d820 4b0e e020   c.. I.. A.. .... G.. h.. B.. .i... K.. 
2021-03-15T22:19:32.6424055Z 00026070: 7b0e d820 410e d020 0249 0a0e 3844 0e30 410e 2842 0e20 420e 1842 0e10 420e 0841 0b6d 0ed8 204d 0ee0  {.. A.. .I..8D.0A.(B. B..B..B..A.m.. M..
2021-03-15T22:19:32.6424687Z 00026098: 2002 500e d820 410e d020 02c6 0ed8 2062 0ee0 205b 0ed8 2041 0ed0 2002 9e0e d820 430e e020 670e d820   .P.. A.. .... b.. [.. A.. .... C.. g.. 
2021-03-15T22:19:32.6425291Z 000260c0: 420e d020 0253 0ed8 204f 0ee0 207d 0ed8 2042 0ed0 2000 0000 3800 0000 f423 0000 d04b ffff 9101 0000  B.. .S.. O.. }.. B.. ...8....#...K......
2021-03-15T22:19:32.6425876Z 000260e8: 0042 0e10 8c02 4b0e 1886 034b 0e20 8304 0306 010a 0e18 460e 1055 0e08 470b 540e 284f 0e30 5c0e 2841  .B....K....K. ........F..U..G.T.(O.0\.(A
2021-03-15T22:19:32.6426671Z 00026110: 0e20 0000 6400 0000 3024 0000 344d ffff 0702 0000 0042 0e10 8f02 450e 188e 0345 0e20 8d04 4a0e 288c  . ..d...0$..4M.......B....E....E. ..J.(.
2021-03-15T22:19:32.6427339Z 00026138: 054b 0e30 8606 4b0e 3883 074c 0e50 0249 0e58 520e 604c 0e68 420e 704a 0e50 025a 0a0e 3844 0e30 410e  .K.0..K.8..L.P.I.XR.`L.hB.pJ.P.Z..8D.0A.
2021-03-15T22:19:32.6428550Z 00026160: 2842 0e20 420e 1842 0e10 420e 0841 0b02 aa0a 0e58 4b0e 607a 0b00 0000 1000 0000 9824 0000 dc4e ffff  (B. B..B..B..A.....XK.`z.........$...N..
2021-03-15T22:19:32.6429319Z 00026188: 0300 0000 0000 0000 2c00 0000 ac24 0000 d84e ffff e901 0000 0042 0e10 8c02 520e 1886 0341 0e20 8304  ........,....$...N.......B....R....A. ..
2021-03-15T22:19:32.6430716Z 000261b0: 025f 0a0e 1841 0e10 420e 0849 0b00 0000 2800 0000 dc24 0000 9850 ffff 5101 0000 0042 0e10 8c02 520e  ._...A..B..I....(....$...P..Q....B....R.
2021-03-15T22:19:32.6431361Z 000261d8: 1886 034e 0e30 02c7 0a0e 1844 0e10 420e 0841 0b00 2800 0000 0825 0000 cc51 ffff 8a01 0000 0042 0e10  ...N.0.....D..B..A..(....%...Q.......B..
2021-03-15T22:19:32.6432107Z 00026200: 8c02 520e 1883 034e 0e40 02f8 0a0e 1844 0e10 420e 0848 0b00 6400 0000 3425 0000 3053 ffff 5002 0000  ..R....N.@.....D..B..H..d...4%..0S..P...
2021-03-15T22:19:32.6432964Z 00026228: 0042 0e10 8f02 420e 188e 0342 0e20 8d04 4a0e 288c 054b 0e30 8606 4b0e 3883 074c 0e70 0287 0e78 520e  .B....B....B. ..J.(..K.0..K.8..L.p...xR.
2021-03-15T22:19:32.6433937Z 00026250: 8001 610e 7848 0e70 0243 0e78 4b0e 8001 550e 7841 0e70 02ac 0a0e 3841 0e30 410e 2842 0e20 420e 1842  ..a.xH.p.C.xK...U.xA.p....8A.0A.(B. B..B
2021-03-15T22:19:32.6434897Z 00026278: 0e10 420e 0842 0b00 6c01 0000 9c25 0000 98fa fdff ed25 0000 0042 0e10 8f02 420e 188e 0345 0e20 8d04  ..B..B..l....%.......%...B....B....E. ..
2021-03-15T22:19:32.6436218Z 000262a0: 420e 288c 0541 0e30 8606 4a0e 3883 0747 0e90 0403 2c02 0e98 044b 0ea0 047f 0e98 0441 0e90 0402 fe0e  B.(..A.0..J.8..G....,....K.......A......
2021-03-15T22:19:32.6436911Z 000262c8: 9804 460e a004 560e a804 440e b004 4c0e 9004 0307 010e 9804 4c0e a004 6a0e 9804 410e 9004 4b0e 9804  ..F...V...D...L.........L...j...A...K...
2021-03-15T22:19:32.6437576Z 000262f0: 4e0e a004 5d0e 9804 420e 9004 0318 020e 9804 460e a004 4b0e 9804 440e 9004 03b5 040e 9804 4a0e a004  N...]...B.........F...K...D.........J...
2021-03-15T22:19:32.6438215Z 00026318: 4f0e 9804 410e 9004 0300 020e 9804 4e0e a004 025c 0e98 0442 0e90 0403 9704 0e98 0443 0ea0 0447 0e98  O...A.........N....\...B.........C...G..
2021-03-15T22:19:32.6438832Z 00026340: 0442 0e90 0403 8801 0e98 044a 0ea0 0457 0e98 0442 0e90 0403 4801 0e98 0450 0ea0 045e 0e98 0441 0e90  .B.........J...W...B....H....P...^...A..
2021-03-15T22:19:32.6439504Z 00026368: 0403 5005 0e98 0449 0ea0 0402 500e 9004 03ae 040a 0e98 0447 0ea0 0445 0b69 0a0e 9804 440e a004 450b  ..P....I....P..........G...E.i....D...E.
2021-03-15T22:19:32.6440192Z 00026390: 033c 010a 0e98 0444 0ea0 0445 0b02 610a 0e98 0449 0ea0 0445 0b02 6c0a 0e98 0449 0ea0 0445 0b69 0a0e  .<.....D...E..a....I...E..l....I...E.i..
2021-03-15T22:19:32.6440909Z 000263b8: 9804 440e a004 450b 029a 0a0e 9804 4e0e a004 7a0b 026a 0a0e 9804 4b0e a004 7a0b 0283 0a0e 9804 460e  ..D...E.......N...z..j....K...z.......F.
2021-03-15T22:19:32.6442094Z 000263e0: a004 4d0b 6a0a 0e98 0444 0ea0 0445 0b00 1000 0000 0c27 0000 a853 ffff 1200 0000 0000 0000 1c00 0000  ..M.j....D...E.......'...S..............
2021-03-15T22:19:32.6442928Z 00026408: 2027 0000 b453 ffff f600 0000 0042 0e10 8c02 02d1 0a0e 0841 0b00 0000 1000 0000 4027 0000 9454 ffff   '...S.......B.........A........@'...T..
2021-03-15T22:19:32.6443716Z 00026430: 0600 0000 0000 0000 b400 0000 5427 0000 9054 ffff 3118 0000 0042 0e10 8f02 530e 188e 0342 0e20 8d04  ............T'...T..1....B....S....B. ..
2021-03-15T22:19:32.6444317Z 00026458: 420e 288c 0541 0e30 8606 410e 3883 0751 0e90 0403 c904 0e98 044c 0ea0 045a 0e98 0442 0e90 0472 0e98  B.(..A.0..A.8..Q.........L...Z...B...r..
2021-03-15T22:19:32.6445210Z 00026480: 044f 0ea0 0402 620e 9804 410e 9004 032d 080e 9804 4d0e a004 02a0 0e98 0442 0e90 0403 b202 0a0e 3841  .O....b...A....-....M........B........8A
2021-03-15T22:19:32.6445891Z 000264a8: 0e30 410e 2842 0e20 420e 1842 0e10 420e 0847 0b03 9304 0e98 044d 0ea0 0402 6e0e 9804 420e 9004 710e  .0A.(B. B..B..B..G.......M....n...B...q.
2021-03-15T22:19:32.6446528Z 000264d0: 9804 4d0e a004 024d 0e98 0441 0e90 0402 e60e 9804 4e0e a004 7b0e 9804 410e 9004 1000 0000 0c28 0000  ..M....M...A........N...{...A........(..
2021-03-15T22:19:32.6447119Z 000264f8: 186c ffff 0b00 0000 0000 0000 3800 0000 2028 0000 146c ffff dc00 0000 0042 0e10 8d02 470e 188c 0341  .l..........8... (...l.......B....G....A
2021-03-15T22:19:32.6447680Z 00026520: 0e20 8604 430e 2883 0549 0ef0 0202 b70a 0e28 440e 2041 0e18 420e 1042 0e08 410b 1000 0000 5c28 0000  . ..C.(..I.......(D. A..B..B..A.....\(..
2021-03-15T22:19:32.6448271Z 00026548: b86c ffff 1200 0000 0000 0000 1c00 0000 7028 0000 c46c ffff 4b01 0000 0041 0e10 8302 0244 0a0e 0853  .l..............p(...l..K....A.....D...S
2021-03-15T22:19:32.6448824Z 00026570: 0b00 0000 3800 0000 9028 0000 f46d ffff 1601 0000 0042 0e10 8c02 4b0e 1886 034a 0e20 8304 0292 0a0e  ....8....(...m.......B....K....J. ......
2021-03-15T22:19:32.6449502Z 00026598: 1841 0e10 420e 0844 0b44 0e28 4f0e 3070 0e28 410e 2000 0000 4800 0000 cc28 0000 d86e ffff 2a03 0000  .A..B..D.D.(O.0p.(A. ...H....(...n..*...
2021-03-15T22:19:32.6450125Z 000265c0: 0042 0e10 8f02 420e 188e 0345 0e20 8d04 480e 288c 0541 0e30 8606 4b0e 3883 0750 0e70 03f5 010a 0e38  .B....B....E. ..H.(..A.0..K.8..P.p.....8
2021-03-15T22:19:32.6450789Z 000265e8: 410e 3041 0e28 420e 2042 0e18 420e 1042 0e08 440b 5000 0000 1829 0000 bc71 ffff e40a 0000 0042 0e10  A.0A.(B. B..B..B..D.P....)...q.......B..
2021-03-15T22:19:32.6451399Z 00026610: 8f02 420e 188e 0342 0e20 8d04 420e 288c 0541 0e30 8606 490e 3883 0747 0eb0 0f03 2b05 0a0e 3844 0e30  ..B....B. ..B.(..A.0..I.8..G....+...8D.0
2021-03-15T22:19:32.6452173Z 00026638: 410e 2842 0e20 420e 1842 0e10 420e 0841 0b00 0000 0000 0000 5c00 0000 6c29 0000 587c ffff 9202 0000  A.(B. B..B..B..A........\...l)..X|......
2021-03-15T22:19:32.6452741Z 00026660: 0042 0e10 8f02 420e 188e 0342 0e20 8d04 420e 288c 0541 0e30 8606 410e 3883 0747 0e90 0903 2f01 0a0e  .B....B....B. ..B.(..A.0..A.8..G..../...
2021-03-15T22:19:32.6453353Z 00026688: 3844 0e30 410e 2842 0e20 420e 1842 0e10 420e 0843 0b02 d70e 9809 4b0e a009 600e 9809 410e 9009 0000  8D.0A.(B. B..B..B..C......K...`...A.....
2021-03-15T22:19:32.6453925Z 000266b0: 2000 0000 cc29 0000 987e ffff 9000 0000 0041 0e10 8302 5f0e 3002 690a 0e10 410e 0841 0b00 4400 0000   ....)...~.......A...._.0.i...A..A..D...
2021-03-15T22:19:32.6454502Z 000266d8: f029 0000 047f ffff 5803 0000 0042 0e10 8f02 470e 188e 034a 0e20 8d04 490e 288c 054b 0e30 8606 510e  .)......X....B....G....J. ..I.(..K.0..Q.
2021-03-15T22:19:32.6455091Z 00026700: c003 03e2 010a 0e30 440e 2842 0e20 420e 1842 0e10 420e 084a 0b00 0000 3800 0000 382a 0000 1c82 ffff  .......0D.(B. B..B..B..J....8...8*......
2021-03-15T22:19:32.6455697Z 00026728: 4d01 0000 0042 0e10 8c02 4b0e 1886 034b 0e20 8304 500e b003 0308 010a 0e20 440e 1841 0e10 420e 0849  M....B....K....K. ..P........ D..A..B..I
2021-03-15T22:19:32.6456255Z 00026750: 0b00 0000 0000 0000 4400 0000 742a 0000 3083 ffff 5d00 0000 0042 0e10 8f02 450e 188e 0345 0e20 8d04  ........D...t*..0...]....B....E....E. ..
2021-03-15T22:19:32.6456828Z 00026778: 450e 288c 0548 0e30 8606 480e 3883 0747 0e40 6a0e 3841 0e30 410e 2842 0e20 420e 1842 0e10 420e 0800  E.(..H.0..H.8..G.@j.8A.0A.(B. B..B..B...
2021-03-15T22:19:32.6457374Z 000267a0: 1000 0000 bc2a 0000 4883 ffff 0100 0000 0000 0000 0000 0000 0000 0000 0000 0000 0000 0000 0000 0000  .....*..H...............................
2021-03-15T22:19:32.6457809Z 000267c8: 0000 0000 0000 0000 0000 0000 0000 0000 0000 0000 0000 0000 0000 0000 0000 0000 0000 0000 0000 0000  ........................................
2021-03-15T22:19:32.6458230Z 000267f0: 0000 0000 0000 0000 0000 0000 0000 0000 0000 0000 0000 0000 0000 0000 0000 0000 0000 0000 0000 0000  ........................................
2021-03-15T22:19:32.6458628Z 00026818: 0000 0000 0000 0000 0000 0000 0000 0000 0000 0000 0000 0000 0000 0000 0000 0000 0000 0000 0000 0000  ........................................
2021-03-15T22:19:32.6459045Z 00026840: 0000 0000 0000 0000 0000 0000 0000 0000 0000 0000 0000 0000 0000 0000 0000 0000 0000 0000 0000 0000  ........................................
2021-03-15T22:19:32.6459473Z 00026868: 0000 0000 0000 0000 0000 0000 0000 0000 0000 0000 0000 0000 0000 0000 0000 0000 0000 0000 0000 0000  ........................................
2021-03-15T22:19:32.6459883Z 00026890: 0000 0000 0000 0000 0000 0000 0000 0000 0000 0000 0000 0000 0000 0000 0000 0000 0000 0000 0000 0000  ........................................
2021-03-15T22:19:32.6460280Z 000268b8: 0000 0000 0000 0000 0000 0000 0000 0000 0000 0000 0000 0000 0000 0000 0000 0000 0000 0000 0000 0000  ........................................
2021-03-15T22:19:32.6460803Z 000268e0: 0000 0000 0000 0000 0000 0000 0000 0000 0000 0000 0000 0000 0000 0000 0000 0000 0000 0000 0000 0000  ........................................
2021-03-15T22:19:32.6461201Z 00026908: 0000 0000 0000 0000 0000 0000 0000 0000 0000 0000 0000 0000 0000 0000 0000 0000 0000 0000 0000 0000  ........................................
2021-03-15T22:19:32.6461694Z 00026930: 0000 0000 0000 0000 0000 0000 0000 0000 0000 0000 0000 0000 0000 0000 0000 0000 0000 0000 0000 0000  ........................................
2021-03-15T22:19:32.6462109Z 00026958: 0000 0000 0000 0000 0000 0000 0000 0000 0000 0000 0000 0000 0000 0000 0000 0000 0000 0000 0000 0000  ........................................
2021-03-15T22:19:32.6462518Z 00026980: 0000 0000 0000 0000 0000 0000 0000 0000 0000 0000 0000 0000 0000 0000 0000 0000 0000 0000 0000 0000  ........................................
2021-03-15T22:19:32.6463178Z 000269a8: 0000 0000 0000 0000 0000 0000 0000 0000 0000 0000 0000 0000 0000 0000 0000 0000 0000 0000 0000 0000  ........................................
2021-03-15T22:19:32.6463609Z 000269d0: 0000 0000 0000 0000 0000 0000 0000 0000 0000 0000 0000 0000 0000 0000 0000 0000 0000 0000 0000 0000  ........................................
2021-03-15T22:19:32.6464017Z 000269f8: 0000 0000 0000 0000 0000 0000 0000 0000 0000 0000 0000 0000 0000 0000 0000 0000 0000 0000 0000 0000  ........................................
2021-03-15T22:19:32.6464434Z 00026a20: 0000 0000 0000 0000 0000 0000 0000 0000 0000 0000 0000 0000 0000 0000 0000 0000 0000 0000 0000 0000  ........................................
2021-03-15T22:19:32.6464843Z 00026a48: 0000 0000 0000 0000 0000 0000 0000 0000 0000 0000 0000 0000 0000 0000 0000 0000 0000 0000 0000 0000  ........................................
2021-03-15T22:19:32.6465258Z 00026a70: 0000 0000 0000 0000 0000 0000 0000 0000 0000 0000 0000 0000 0000 0000 0000 0000 0000 0000 0000 0000  ........................................
2021-03-15T22:19:32.6465814Z 00026a98: 0000 0000 0000 0000 0000 0000 0000 0000 0000 0000 0000 0000 0000 0000 0000 0000 0000 0000 0000 0000  ........................................
2021-03-15T22:19:32.6466639Z 00026ac0: 0000 0000 0000 0000 0000 0000 0000 0000 0000 0000 0000 0000 0000 0000 0000 0000 0000 0000 0000 0000  ........................................
2021-03-15T22:19:32.6467039Z 00026ae8: 0000 0000 0000 0000 0000 0000 0000 0000 0000 0000 0000 0000 0000 0000 0000 0000 0000 0000 0000 0000  ........................................
2021-03-15T22:19:32.6467829Z 00026b10: 0000 0000 0000 0000 0000 0000 0000 0000 0000 0000 0000 0000 0000 0000 0000 0000 0000 0000 0000 0000  ........................................
2021-03-15T22:19:32.6468243Z 00026b38: 0000 0000 0000 0000 0000 0000 0000 0000 0000 0000 0000 0000 0000 0000 0000 0000 0000 0000 0000 0000  ........................................
2021-03-15T22:19:32.6468940Z 00026b60: 0000 0000 0000 0000 0000 0000 0000 0000 0000 0000 0000 0000 0000 0000 0000 0000 0000 0000 0000 0000  ........................................
2021-03-15T22:19:32.6469343Z 00026b88: 0000 0000 0000 0000 0000 0000 0000 0000 0000 0000 0000 0000 0000 0000 0000 0000 0000 0000 0000 0000  ........................................
2021-03-15T22:19:32.6470118Z 00026bb0: 0000 0000 0000 0000 0000 0000 0000 0000 0000 0000 0000 0000 0000 0000 0000 0000 0000 0000 0000 0000  ........................................
2021-03-15T22:19:32.6470691Z 00026bd8: 0000 0000 0000 0000 0000 0000 0000 0000 0000 0000 0000 0000 0000 0000 0000 0000 0000 0000 0000 0000  ........................................
2021-03-15T22:19:32.6471096Z 00026c00: 0000 0000 0000 0000 0000 0000 0000 0000 0000 0000 0000 0000 0000 0000 0000 0000 0000 0000 0000 0000  ........................................
2021-03-15T22:19:32.6471487Z 00026c28: 0000 0000 0000 0000 0000 0000 0000 0000 0000 0000 0000 0000 0000 0000 0000 0000 0000 0000 0000 0000  ........................................
2021-03-15T22:19:32.6471895Z 00026c50: 0000 0000 0000 0000 0000 0000 0000 0000 0000 0000 0000 0000 0000 0000 0000 0000 0000 0000 0000 0000  ........................................
2021-03-15T22:19:32.6472283Z 00026c78: 0000 0000 0000 0000 0000 0000 0000 0000 0000 0000 0000 0000 0000 0000 0000 0000 0000 0000 0000 0000  ........................................
2021-03-15T22:19:32.6472959Z 00026ca0: 0000 0000 0000 0000 0000 0000 0000 0000 0000 0000 0000 0000 0000 0000 0000 0000 0000 0000 0000 0000  ........................................
2021-03-15T22:19:32.6473402Z 00026cc8: 0000 0000 0000 0000 0000 0000 0000 0000 0000 0000 0000 0000 0000 0000 0000 0000 0000 0000 0000 0000  ........................................
2021-03-15T22:19:32.6473808Z 00026cf0: 0000 0000 0000 0000 0000 0000 0000 0000 0000 0000 0000 0000 0000 0000 0000 0000 0000 0000 0000 0000  ........................................
2021-03-15T22:19:32.6474230Z 00026d18: 0000 0000 0000 0000 0000 0000 0000 0000 0000 0000 0000 0000 0000 0000 0000 0000 0000 0000 0000 0000  ........................................
2021-03-15T22:19:32.6474718Z 00026d40: 0000 0000 0000 0000 0000 0000 0000 0000 0000 0000 0000 0000 0000 0000 0000 0000 0000 0000 0000 0000  ........................................
2021-03-15T22:19:32.6475201Z 00026d68: 0000 0000 0000 0000 0000 0000 0000 0000 0000 0000 0000 0000 0000 0000 0000 0000 0000 0000 0000 0000  ........................................
2021-03-15T22:19:32.6475609Z 00026d90: 0000 0000 0000 0000 0000 0000 0000 0000 0000 0000 0000 0000 0000 0000 0000 0000 0000 0000 0000 0000  ........................................
2021-03-15T22:19:32.6476034Z 00026db8: 0000 0000 0000 0000 0000 0000 0000 0000 0000 0000 0000 0000 0000 0000 0000 0000 0000 0000 0000 0000  ........................................
2021-03-15T22:19:32.6476445Z 00026de0: 0000 0000 0000 0000 0000 0000 0000 0000 0000 0000 0000 0000 0000 0000 0000 0000 0000 0000 0000 0000  ........................................
2021-03-15T22:19:32.6476877Z 00026e08: 0000 0000 0000 0000 0000 0000 0000 0000 0000 0000 0000 0000 0000 0000 0000 0000 0000 0000 0000 0000  ........................................
2021-03-15T22:19:32.6477281Z 00026e30: 0000 0000 0000 0000 0000 0000 0000 0000 0000 0000 0000 0000 0000 0000 0000 0000 0000 0000 0000 0000  ........................................
2021-03-15T22:19:32.6477705Z 00026e58: 0000 0000 0000 0000 0000 0000 0000 0000 0000 0000 0000 0000 0000 0000 0000 0000 0000 0000 0000 0000  ........................................
2021-03-15T22:19:32.6478116Z 00026e80: 0000 0000 0000 0000 0000 0000 0000 0000 0000 0000 0000 0000 0000 0000 0000 0000 0000 0000 0000 0000  ........................................
2021-03-15T22:19:32.6478540Z 00026ea8: 0000 0000 0000 0000 0000 0000 0000 0000 0000 0000 0000 0000 0000 0000 0000 0000 0000 0000 0000 0000  ........................................
2021-03-15T22:19:32.6478958Z 00026ed0: 0000 0000 0000 0000 0000 0000 0000 0000 0000 0000 0000 0000 0000 0000 0000 0000 0000 0000 0000 0000  ........................................
2021-03-15T22:19:32.6479386Z 00026ef8: 0000 0000 0000 0000 0000 0000 0000 0000 0000 0000 0000 0000 0000 0000 0000 0000 0000 0000 0000 0000  ........................................
2021-03-15T22:19:32.6479794Z 00026f20: 0000 0000 0000 0000 0000 0000 0000 0000 0000 0000 0000 0000 0000 0000 0000 0000 0000 0000 0000 0000  ........................................
2021-03-15T22:19:32.6480216Z 00026f48: 0000 0000 0000 0000 0000 0000 0000 0000 0000 0000 0000 0000 0000 0000 0000 0000 0000 0000 0000 0000  ........................................
2021-03-15T22:19:32.6480621Z 00026f70: 0000 0000 0000 0000 0000 0000 0000 0000 0000 0000 0000 0000 0000 0000 0000 0000 0000 0000 0000 0000  ........................................
2021-03-15T22:19:32.6481034Z 00026f98: 0000 0000 0000 0000 0000 0000 0000 0000 0000 0000 0000 0000 0000 0000 0000 0000 0000 0000 0000 0000  ........................................
2021-03-15T22:19:32.6481445Z 00026fc0: 0000 0000 0000 0000 0000 0000 0000 0000 0000 0000 0000 0000 0000 0000 0000 0000 0000 0000 0000 0000  ........................................
2021-03-15T22:19:32.6481875Z 00026fe8: 0000 0000 0000 0000 0000 0000 0000 0000 0000 0000 0000 0000 0000 0000 0000 0000 0000 0000 0000 0000  ........................................
2021-03-15T22:19:32.6482273Z 00027010: 0000 0000 0000 0000 0000 0000 0000 0000 0000 0000 0000 0000 0000 0000 0000 0000 0000 0000 0000 0000  ........................................
2021-03-15T22:19:32.6482824Z 00027038: 0000 0000 0000 0000 0000 0000 0000 0000 0000 0000 0000 0000 0000 0000 0000 0000 0000 0000 0000 0000  ........................................
2021-03-15T22:19:32.6483232Z 00027060: 0000 0000 0000 0000 0000 0000 0000 0000 0000 0000 0000 0000 0000 0000 0000 0000 0000 0000 0000 0000  ........................................
2021-03-15T22:19:32.6483642Z 00027088: 0000 0000 0000 0000 0000 0000 0000 0000 0000 0000 0000 0000 0000 0000 0000 0000 0000 0000 0000 0000  ........................................
2021-03-15T22:19:32.6484155Z 000270b0: 0000 0000 0000 0000 0000 0000 0000 0000 0000 0000 0000 0000 0000 0000 0000 0000 0000 0000 0000 0000  ........................................
2021-03-15T22:19:32.6484754Z 000270d8: 0000 0000 0000 0000 0000 0000 0000 0000 0000 0000 0000 0000 0000 0000 0000 0000 0000 0000 0000 0000  ........................................
2021-03-15T22:19:32.6485342Z 00027100: 0000 0000 0000 0000 0000 0000 0000 0000 0000 0000 0000 0000 0000 0000 0000 0000 0000 0000 0000 0000  ........................................
2021-03-15T22:19:32.6486281Z 00027128: 0000 0000 0000 0000 0000 0000 0000 0000 0000 0000 0000 0000 0000 0000 0000 0000 0000 0000 0000 0000  ........................................
2021-03-15T22:19:32.6486849Z 00027150: 0000 0000 0000 0000 0000 0000 0000 0000 0000 0000 0000 0000 0000 0000 0000 0000 0000 0000 0000 0000  ........................................
2021-03-15T22:19:32.6487261Z 00027178: 0000 0000 0000 0000 0000 0000 0000 0000 0000 0000 0000 0000 0000 0000 0000 0000 0000 0000 0000 0000  ........................................
2021-03-15T22:19:32.6487826Z 000271a0: 0000 0000 0000 0000 0000 0000 0000 0000 0000 0000 0000 0000 0000 0000 0000 0000 0000 0000 0000 0000  ........................................
2021-03-15T22:19:32.6488231Z 000271c8: 0000 0000 0000 0000 0000 0000 0000 0000 0000 0000 0000 0000 0000 0000 0000 0000 0000 0000 0000 0000  ........................................
2021-03-15T22:19:32.6489226Z 000271f0: 0000 0000 0000 0000 0000 0000 0000 0000 0000 0000 0000 0000 0000 0000 0000 0000 0000 0000 0000 0000  ........................................
2021-03-15T22:19:32.6489807Z 00027218: 0000 0000 0000 0000 0000 0000 0000 0000 0000 0000 0000 0000 0000 0000 0000 0000 0000 0000 0000 0000  ........................................
2021-03-15T22:19:32.6490615Z 00027240: 0000 0000 0000 0000 0000 0000 0000 0000 0000 0000 0000 0000 0000 0000 0000 0000 0000 0000 0000 0000  ........................................
2021-03-15T22:19:32.6491225Z 00027268: 0000 0000 0000 0000 0000 0000 0000 0000 0000 0000 0000 0000 0000 0000 0000 0000 0000 0000 0000 0000  ........................................
2021-03-15T22:19:32.6491694Z 00027290: 0000 0000 0000 0000 0000 0000 0000 0000 0000 0000 0000 0000 0000 0000 0000 0000 0000 0000 0000 0000  ........................................
2021-03-15T22:19:32.6492302Z 000272b8: 0000 0000 0000 0000 0000 0000 0000 0000 0000 0000 0000 0000 0000 0000 0000 0000 0000 0000 0000 0000  ........................................
2021-03-15T22:19:32.6493106Z 000272e0: 0000 0000 0000 0000 0000 0000 0000 0000 0000 0000 0000 0000 0000 0000 0000 0000 0000 0000 0000 0000  ........................................
2021-03-15T22:19:32.6493708Z 00027308: 0000 0000 0000 0000 0000 0000 0000 0000 0000 0000 0000 0000 0000 0000 0000 0000 0000 0000 0000 0000  ........................................
2021-03-15T22:19:32.6494494Z 00027330: 0000 0000 0000 0000 0000 0000 0000 0000 0000 0000 0000 0000 0000 0000 0000 0000 0000 0000 0000 0000  ........................................
2021-03-15T22:19:32.6494886Z 00027358: 0000 0000 0000 0000 0000 0000 0000 0000 0000 0000 0000 0000 0000 0000 0000 0000 0000 0000 0000 0000  ........................................
2021-03-15T22:19:32.6495295Z 00027380: 0000 0000 0000 0000 0000 0000 0000 0000 0000 0000 0000 0000 0000 0000 0000 0000 0000 0000 0000 0000  ........................................
2021-03-15T22:19:32.6495693Z 000273a8: 0000 0000 0000 0000 0000 0000 0000 0000 0000 0000 0000 0000 0000 0000 0000 0000 0000 0000 0000 0000  ........................................
2021-03-15T22:19:32.6496180Z 000273d0: 0000 0000 0000 0000 0000 0000 0000 0000 0000 0000 0000 0000 0000 0000 0000 0000 0000 0000 0000 0000  ........................................
2021-03-15T22:19:32.6496596Z 000273f8: 0000 0000 0000 0000 0000 0000 0000 0000 0000 0000 0000 0000 0000 0000 0000 0000 0000 0000 0000 0000  ........................................
2021-03-15T22:19:32.6497011Z 00027420: 0000 0000 0000 0000 0000 0000 0000 0000 0000 0000 0000 0000 0000 0000 0000 0000 0000 0000 0000 0000  ........................................
2021-03-15T22:19:32.6497477Z 00027448: 0000 0000 0000 0000 0000 0000 0000 0000 0000 0000 0000 0000 0000 0000 0000 0000 0000 0000 0000 0000  ........................................
2021-03-15T22:19:32.6497887Z 00027470: 0000 0000 0000 0000 0000 0000 0000 0000 0000 0000 0000 0000 0000 0000 0000 0000 0000 0000 0000 0000  ........................................
2021-03-15T22:19:32.6498284Z 00027498: 0000 0000 0000 0000 0000 0000 0000 0000 0000 0000 0000 0000 0000 0000 0000 0000 0000 0000 0000 0000  ........................................
2021-03-15T22:19:32.6498700Z 000274c0: 0000 0000 0000 0000 0000 0000 0000 0000 0000 0000 0000 0000 0000 0000 0000 0000 0000 0000 0000 0000  ........................................
2021-03-15T22:19:32.6499102Z 000274e8: 0000 0000 0000 0000 0000 0000 0000 0000 0000 0000 0000 0000 0000 0000 0000 0000 0000 0000 0000 0000  ........................................
2021-03-15T22:19:32.6499516Z 00027510: 0000 0000 0000 0000 0000 0000 0000 0000 0000 0000 0000 0000 0000 0000 0000 0000 0000 0000 0000 0000  ........................................
2021-03-15T22:19:32.6499916Z 00027538: 0000 0000 0000 0000 0000 0000 0000 0000 0000 0000 0000 0000 0000 0000 0000 0000 0000 0000 0000 0000  ........................................
2021-03-15T22:19:32.6500324Z 00027560: 0000 0000 0000 0000 0000 0000 0000 0000 0000 0000 0000 0000 0000 0000 0000 0000 0000 0000 0000 0000  ........................................
2021-03-15T22:19:32.6500724Z 00027588: 0000 0000 0000 0000 0000 0000 0000 0000 0000 0000 0000 0000 0000 0000 0000 0000 0000 0000 0000 0000  ........................................
2021-03-15T22:19:32.6501139Z 000275b0: 0000 0000 0000 0000 0000 0000 0000 0000 0000 0000 0000 0000 0000 0000 0000 0000 0000 0000 0000 0000  ........................................
2021-03-15T22:19:32.6501536Z 000275d8: 0000 0000 0000 0000 0000 0000 0000 0000 0000 0000 0000 0000 0000 0000 0000 0000 0000 0000 0000 0000  ........................................
2021-03-15T22:19:32.6501960Z 00027600: 0000 0000 0000 0000 0000 0000 0000 0000 0000 0000 0000 0000 0000 0000 0000 0000 0000 0000 0000 0000  ........................................
2021-03-15T22:19:32.6502354Z 00027628: 0000 0000 0000 0000 0000 0000 0000 0000 0000 0000 0000 0000 0000 0000 0000 0000 0000 0000 0000 0000  ........................................
2021-03-15T22:19:32.6502934Z 00027650: 0000 0000 0000 0000 0000 0000 0000 0000 0000 0000 0000 0000 0000 0000 0000 0000 0000 0000 0000 0000  ........................................
2021-03-15T22:19:32.6503412Z 00027678: 0000 0000 0000 0000 0000 0000 0000 0000 0000 0000 0000 0000 0000 0000 0000 0000 0000 0000 0000 0000  ........................................
2021-03-15T22:19:32.6504001Z 000276a0: 0000 0000 0000 0000 0000 0000 0000 0000 0000 0000 0000 0000 0000 0000 0000 0000 0000 0000 0000 0000  ........................................
2021-03-15T22:19:32.6504402Z 000276c8: 0000 0000 0000 0000 0000 0000 0000 0000 0000 0000 0000 0000 0000 0000 0000 0000 0000 0000 0000 0000  ........................................
2021-03-15T22:19:32.6505225Z 000276f0: f083 0000 0000 0000 b083 0000 0000 0000 0100 0000 0000 0000 790b 0000 0000 0000 0100 0000 0000 0000  ........................y...............
2021-03-15T22:19:32.6505697Z 00027718: 860b 0000 0000 0000 0100 0000 0000 0000 980b 0000 0000 0000 0100 0000 0000 0000 a80b 0000 0000 0000  ........................................
2021-03-15T22:19:32.6506552Z 00027740: 0100 0000 0000 0000 b30b 0000 0000 0000 1d00 0000 0000 0000 330c 0000 0000 0000 0c00 0000 0000 0000  ........................3...............
2021-03-15T22:19:32.6507206Z 00027768: 0050 0000 0000 0000 0d00 0000 0000 0000 f4ea 0100 0000 0000 1900 0000 0000 0000 f086 0200 0000 0000  .P......................................
2021-03-15T22:19:32.6507988Z 00027790: 1b00 0000 0000 0000 0800 0000 0000 0000 1a00 0000 0000 0000 f886 0200 0000 0000 1c00 0000 0000 0000  ........................................
2021-03-15T22:19:32.6508633Z 000277b8: 0800 0000 0000 0000 0400 0000 0000 0000 2003 0000 0000 0000 f5fe ff6f 0000 0000 c809 0000 0000 0000  ................ ..........o............
2021-03-15T22:19:32.6509968Z 000277e0: 0500 0000 0000 0000 801f 0000 0000 0000 0600 0000 0000 0000 380a 0000 0000 0000 0a00 0000 0000 0000  ........................8...............
2021-03-15T22:19:32.6510534Z 00027808: 720d 0000 0000 0000 0b00 0000 0000 0000 1800 0000 0000 0000 1500 0000 0000 0000 0000 0000 0000 0000  r.......................................
2021-03-15T22:19:32.6511077Z 00027830: 0300 0000 0000 0000 5089 0200 0000 0000 0200 0000 0000 0000 5013 0000 0000 0000 1400 0000 0000 0000  ........P...............P...............
2021-03-15T22:19:32.6511608Z 00027858: 0700 0000 0000 0000 1700 0000 0000 0000 f837 0000 0000 0000 0700 0000 0000 0000 b82f 0000 0000 0000  .................7.............../......
2021-03-15T22:19:32.6512098Z 00027880: 0800 0000 0000 0000 4008 0000 0000 0000 0900 0000 0000 0000 1800 0000 0000 0000 1e00 0000 0000 0000  ........@...............................
2021-03-15T22:19:32.6512674Z 000278a8: 0800 0000 0000 0000 fbff ff6f 0000 0000 0100 0008 0000 0000 feff ff6f 0000 0000 b82e 0000 0000 0000  ...........o...............o............
2021-03-15T22:19:32.6513621Z 000278d0: ffff ff6f 0000 0000 0300 0000 0000 0000 f0ff ff6f 0000 0000 f22c 0000 0000 0000 f9ff ff6f 0000 0000  ...o...............o.....,.........o....
2021-03-15T22:19:32.6514311Z 000278f8: 4a00 0000 0000 0000 0000 0000 0000 0000 0000 0000 0000 0000 0000 0000 0000 0000 0000 0000 0000 0000  J.......................................
2021-03-15T22:19:32.6515082Z 00027920: 0000 0000 0000 0000 0000 0000 0000 0000 0000 0000 0000 0000 0000 0000 0000 0000 0000 0000 0000 0000  ........................................
2021-03-15T22:19:32.6515504Z 00027948: 0000 0000 0000 0000 0087 0200 0000 0000 0000 0000 0000 0000 0000 0000 0000 0000 3650 0000 0000 0000  ................................6P......
2021-03-15T22:19:32.6516027Z 00027970: 4650 0000 0000 0000 5650 0000 0000 0000 6650 0000 0000 0000 7650 0000 0000 0000 8650 0000 0000 0000  FP......VP......fP......vP.......P......
2021-03-15T22:19:32.6516630Z 00027998: 9650 0000 0000 0000 a650 0000 0000 0000 b650 0000 0000 0000 c650 0000 0000 0000 d650 0000 0000 0000  .P.......P.......P.......P.......P......
2021-03-15T22:19:32.6517167Z 000279c0: e650 0000 0000 0000 f650 0000 0000 0000 0651 0000 0000 0000 1651 0000 0000 0000 2651 0000 0000 0000  .P.......P.......Q.......Q......&Q......
2021-03-15T22:19:32.6517742Z 000279e8: 3651 0000 0000 0000 4651 0000 0000 0000 5651 0000 0000 0000 6651 0000 0000 0000 7651 0000 0000 0000  6Q......FQ......VQ......fQ......vQ......
2021-03-15T22:19:32.6518304Z 00027a10: 8651 0000 0000 0000 9651 0000 0000 0000 a651 0000 0000 0000 b651 0000 0000 0000 c651 0000 0000 0000  .Q.......Q.......Q.......Q.......Q......
2021-03-15T22:19:32.6518861Z 00027a38: d651 0000 0000 0000 e651 0000 0000 0000 f651 0000 0000 0000 0652 0000 0000 0000 1652 0000 0000 0000  .Q.......Q.......Q.......R.......R......
2021-03-15T22:19:32.6519407Z 00027a60: 2652 0000 0000 0000 3652 0000 0000 0000 4652 0000 0000 0000 5652 0000 0000 0000 6652 0000 0000 0000  &R......6R......FR......VR......fR......
2021-03-15T22:19:32.6519979Z 00027a88: 7652 0000 0000 0000 8652 0000 0000 0000 9652 0000 0000 0000 a652 0000 0000 0000 b652 0000 0000 0000  vR.......R.......R.......R.......R......
2021-03-15T22:19:32.6520532Z 00027ab0: c652 0000 0000 0000 d652 0000 0000 0000 e652 0000 0000 0000 f652 0000 0000 0000 0653 0000 0000 0000  .R.......R.......R.......R.......S......
2021-03-15T22:19:32.6521165Z 00027ad8: 1653 0000 0000 0000 2653 0000 0000 0000 3653 0000 0000 0000 4653 0000 0000 0000 5653 0000 0000 0000  .S......&S......6S......FS......VS......
2021-03-15T22:19:32.6521729Z 00027b00: 6653 0000 0000 0000 7653 0000 0000 0000 8653 0000 0000 0000 9653 0000 0000 0000 a653 0000 0000 0000  fS......vS.......S.......S.......S......
2021-03-15T22:19:32.6522309Z 00027b28: b653 0000 0000 0000 c653 0000 0000 0000 d653 0000 0000 0000 e653 0000 0000 0000 f653 0000 0000 0000  .S.......S.......S.......S.......S......
2021-03-15T22:19:32.6523063Z 00027b50: 0654 0000 0000 0000 1654 0000 0000 0000 2654 0000 0000 0000 3654 0000 0000 0000 4654 0000 0000 0000  .T.......T......&T......6T......FT......
2021-03-15T22:19:32.6523598Z 00027b78: 5654 0000 0000 0000 6654 0000 0000 0000 7654 0000 0000 0000 8654 0000 0000 0000 9654 0000 0000 0000  VT......fT......vT.......T.......T......
2021-03-15T22:19:32.6524152Z 00027ba0: a654 0000 0000 0000 b654 0000 0000 0000 c654 0000 0000 0000 d654 0000 0000 0000 e654 0000 0000 0000  .T.......T.......T.......T.......T......
2021-03-15T22:19:32.6524868Z 00027bc8: f654 0000 0000 0000 0655 0000 0000 0000 1655 0000 0000 0000 2655 0000 0000 0000 3655 0000 0000 0000  .T.......U.......U......&U......6U......
2021-03-15T22:19:32.6525411Z 00027bf0: 4655 0000 0000 0000 5655 0000 0000 0000 6655 0000 0000 0000 7655 0000 0000 0000 8655 0000 0000 0000  FU......VU......fU......vU.......U......
2021-03-15T22:19:32.6525998Z 00027c18: 9655 0000 0000 0000 a655 0000 0000 0000 b655 0000 0000 0000 c655 0000 0000 0000 d655 0000 0000 0000  .U.......U.......U.......U.......U......
2021-03-15T22:19:32.6526538Z 00027c40: e655 0000 0000 0000 f655 0000 0000 0000 0656 0000 0000 0000 1656 0000 0000 0000 2656 0000 0000 0000  .U.......U.......V.......V......&V......
2021-03-15T22:19:32.6527077Z 00027c68: 3656 0000 0000 0000 4656 0000 0000 0000 5656 0000 0000 0000 6656 0000 0000 0000 7656 0000 0000 0000  6V......FV......VV......fV......vV......
2021-03-15T22:19:32.6527805Z 00027c90: 8656 0000 0000 0000 9656 0000 0000 0000 a656 0000 0000 0000 b656 0000 0000 0000 c656 0000 0000 0000  .V.......V.......V.......V.......V......
2021-03-15T22:19:32.6528324Z 00027cb8: d656 0000 0000 0000 e656 0000 0000 0000 f656 0000 0000 0000 0657 0000 0000 0000 1657 0000 0000 0000  .V.......V.......V.......W.......W......
2021-03-15T22:19:32.6528874Z 00027ce0: 2657 0000 0000 0000 3657 0000 0000 0000 4657 0000 0000 0000 5657 0000 0000 0000 6657 0000 0000 0000  &W......6W......FW......VW......fW......
2021-03-15T22:19:32.6529417Z 00027d08: 7657 0000 0000 0000 8657 0000 0000 0000 9657 0000 0000 0000 a657 0000 0000 0000 b657 0000 0000 0000  vW.......W.......W.......W.......W......
2021-03-15T22:19:32.6529967Z 00027d30: c657 0000 0000 0000 d657 0000 0000 0000 e657 0000 0000 0000 f657 0000 0000 0000 0658 0000 0000 0000  .W.......W.......W.......W.......X......
2021-03-15T22:19:32.6530479Z 00027d58: 1658 0000 0000 0000 2658 0000 0000 0000 3658 0000 0000 0000 4658 0000 0000 0000 5658 0000 0000 0000  .X......&X......6X......FX......VX......
2021-03-15T22:19:32.6531027Z 00027d80: 6658 0000 0000 0000 7658 0000 0000 0000 8658 0000 0000 0000 9658 0000 0000 0000 a658 0000 0000 0000  fX......vX.......X.......X.......X......
2021-03-15T22:19:32.6531576Z 00027da8: b658 0000 0000 0000 c658 0000 0000 0000 d658 0000 0000 0000 e658 0000 0000 0000 f658 0000 0000 0000  .X.......X.......X.......X.......X......
2021-03-15T22:19:32.6532094Z 00027dd0: 0659 0000 0000 0000 1659 0000 0000 0000 2659 0000 0000 0000 3659 0000 0000 0000 4659 0000 0000 0000  .Y.......Y......&Y......6Y......FY......
2021-03-15T22:19:32.6532625Z 00027df8: 5659 0000 0000 0000 6659 0000 0000 0000 7659 0000 0000 0000 8659 0000 0000 0000 9659 0000 0000 0000  VY......fY......vY.......Y.......Y......
2021-03-15T22:19:32.6533195Z 00027e20: a659 0000 0000 0000 b659 0000 0000 0000 c659 0000 0000 0000 d659 0000 0000 0000 e659 0000 0000 0000  .Y.......Y.......Y.......Y.......Y......
2021-03-15T22:19:32.6533703Z 00027e48: f659 0000 0000 0000 065a 0000 0000 0000 165a 0000 0000 0000 265a 0000 0000 0000 365a 0000 0000 0000  .Y.......Z.......Z......&Z......6Z......
2021-03-15T22:19:32.6534335Z 00027e70: 465a 0000 0000 0000 565a 0000 0000 0000 665a 0000 0000 0000 765a 0000 0000 0000 865a 0000 0000 0000  FZ......VZ......fZ......vZ.......Z......
2021-03-15T22:19:32.6534924Z 00027e98: 965a 0000 0000 0000 a65a 0000 0000 0000 b65a 0000 0000 0000 c65a 0000 0000 0000 d65a 0000 0000 0000  .Z.......Z.......Z.......Z.......Z......
2021-03-15T22:19:32.6535439Z 00027ec0: e65a 0000 0000 0000 f65a 0000 0000 0000 065b 0000 0000 0000 165b 0000 0000 0000 265b 0000 0000 0000  .Z.......Z.......[.......[......&[......
2021-03-15T22:19:32.6535962Z 00027ee8: 365b 0000 0000 0000 465b 0000 0000 0000 565b 0000 0000 0000 665b 0000 0000 0000 765b 0000 0000 0000  6[......F[......V[......f[......v[......
2021-03-15T22:19:32.6536406Z 00027f10: 865b 0000 0000 0000 965b 0000 0000 0000 a65b 0000 0000 0000 b65b 0000 0000 0000 c65b 0000 0000 0000  .[.......[.......[.......[.......[......
2021-03-15T22:19:32.6536842Z 00027f38: d65b 0000 0000 0000 e65b 0000 0000 0000 f65b 0000 0000 0000 065c 0000 0000 0000 165c 0000 0000 0000  .[.......[.......[.......\.......\......
2021-03-15T22:19:32.6537292Z 00027f60: 265c 0000 0000 0000 365c 0000 0000 0000 465c 0000 0000 0000 565c 0000 0000 0000 665c 0000 0000 0000  &\......6\......F\......V\......f\......
2021-03-15T22:19:32.6537723Z 00027f88: 765c 0000 0000 0000 865c 0000 0000 0000 965c 0000 0000 0000 a65c 0000 0000 0000 b65c 0000 0000 0000  v\.......\.......\.......\.......\......
2021-03-15T22:19:32.6538179Z 00027fb0: c65c 0000 0000 0000 d65c 0000 0000 0000 e65c 0000 0000 0000 f65c 0000 0000 0000 065d 0000 0000 0000  .\.......\.......\.......\.......]......
2021-03-15T22:19:32.6538607Z 00027fd8: 0000 0000 0000 0000 0000 0000 0000 0000 0000 0000 0000 0000 0000 0000 0000 0000 0000 0000 0000 0000  ........................................
2021-03-15T22:19:32.6539114Z 00028000: 0000 0000 0000 0000 0890 0200 0000 0000 ffff ffff ffff ffff ffff ffff ffff ffff ffff ffff ffff ffff  ........................................
2021-03-15T22:19:32.6539642Z 00028028: 0000 0000 0000 0000 0000 4000 0000 0000 00f0 ff03 0000 0000 0001 0000 0000 0000 ffff ffff ffff ffff  ..........@.............................
2021-03-15T22:19:32.6540092Z 00028050: 0000 0000 0000 0000 0000 0000 0000 0000 8007 0200 0000 0000 0900 0000 0100 0000 0000 0000 0000 0000  ........................................
2021-03-15T22:19:32.6540550Z 00028078: ffff ffff ffff ffff ffff ffff ffff ffff 0000 0000 0000 0000 0000 0000 0000 0000 8a07 0200 0000 0000  ........................................
2021-03-15T22:19:32.6541023Z 000280a0: 0400 0000 0000 0000 0000 0000 0000 0000 0000 0000 0000 0000 0000 0000 0000 0000 0000 0000 0000 0000  ........................................
2021-03-15T22:19:32.6541449Z 000280c8: 0000 0000 0000 0000 9607 0200 0000 0000 0000 0000 0100 0000 0000 0000 0000 0000 ffff ffff ffff ffff  ........................................
2021-03-15T22:19:32.6541929Z 000280f0: ffff ffff ffff ffff 0000 0000 0000 0000 0000 0000 0000 0000 a107 0200 0000 0000 0200 0000 0100 0000  ........................................
2021-03-15T22:19:32.6542424Z 00028118: 0000 0000 0000 0000 ffff ffff ffff ffff ffff ffff ffff ffff 0000 0000 0000 0000 0000 0000 0000 0000  ........................................
2021-03-15T22:19:32.6543230Z 00028140: ad07 0200 0000 0000 0100 0000 0100 0000 0000 0000 0000 0000 ffff ffff ffff ffff ffff ffff ffff ffff  ........................................
2021-03-15T22:19:32.6543707Z 00028168: 0000 0000 0000 0000 0000 0000 0000 0000 ba07 0200 0000 0000 0a00 0000 0000 0000 0000 0000 0000 0000  ........................................
2021-03-15T22:19:32.6544101Z 00028190: 0000 0000 0000 0000 0000 0000 0000 0000 0000 0000 0000 0000 0000 0000 0000 0000 c707 0200 0000 0000  ........................................
2021-03-15T22:19:32.6544496Z 000281b8: 0800 0000 0000 0000 0000 0000 0000 0000 0000 0000 0000 0000 0000 0000 0000 0000 0000 0000 0000 0000  ........................................
2021-03-15T22:19:32.6544989Z 000281e0: 0000 0000 0000 0000 d607 0200 0000 0000 0700 0000 0100 0000 4090 0200 0000 0000 ffff ffff ffff ffff  ........................@...............
2021-03-15T22:19:32.6545479Z 00028208: ffff ffff ffff ffff 0000 0000 0000 0000 0000 0000 0000 0000 e407 0200 0000 0000 0600 0000 0100 0000  ........................................
2021-03-15T22:19:32.6545958Z 00028230: 0000 0000 0000 0000 ffff ffff ffff ffff ffff ffff ffff ffff 0000 0000 0000 0000 0000 0000 0000 0000  ........................................
2021-03-15T22:19:32.6546476Z 00028258: f107 0200 0000 0000 0500 0000 0100 0000 0000 0000 0000 0000 ffff ffff ffff ffff ffff ffff ffff ffff  ........................................
2021-03-15T22:19:32.6547030Z 00028280: 0000 0000 0000 0000 0000 0000 0000 0000 fc07 0200 0000 0000 0300 0000 0100 0000 3090 0200 0000 0000  ................................0.......
2021-03-15T22:19:32.6547459Z 000282a8: 0000 4000 0000 0000 ffff ffff ffff ffff 0000 0000 0000 0000 0000 0000 0000 0000 0000 0000 0000 0000  ..@.....................................
2021-03-15T22:19:32.6547884Z 000282d0: 0000 0000 0000 0000 0000 0000 0000 0000 a60e 0200 0000 0000 0000 0000 0000 0000 0000 0000 0000 0000  ........................................
2021-03-15T22:19:32.6548317Z 000282f8: 4100 0000 0000 0000 ae0e 0200 0000 0000 0100 0000 0000 0000 0000 0000 0000 0000 6100 0000 0000 0000  A...............................a.......
2021-03-15T22:19:32.6548760Z 00028320: 470e 0200 0000 0000 0000 0000 0000 0000 0000 0000 0000 0000 6200 0000 0000 0000 b80e 0200 0000 0000  G.......................b...............
2021-03-15T22:19:32.6549392Z 00028348: 0000 0000 0000 0000 0000 0000 0000 0000 4200 0000 0000 0000 bd0e 0200 0000 0000 0100 0000 0000 0000  ................B.......................
2021-03-15T22:19:32.6550271Z 00028370: 0000 0000 0000 0000 4300 0000 0000 0000 c80e 0200 0000 0000 0100 0000 0000 0000 0000 0000 0000 0000  ........C...............................
2021-03-15T22:19:32.6550758Z 00028398: 6300 0000 0000 0000 d40e 0200 0000 0000 0100 0000 0000 0000 0000 0000 0000 0000 4400 0000 0000 0000  c...............................D.......
2021-03-15T22:19:32.6551642Z 000283c0: da0e 0200 0000 0000 0200 0000 0000 0000 0000 0000 0000 0000 4500 0000 0000 0000 020e 0200 0000 0000  ........................E...............
2021-03-15T22:19:32.6552117Z 000283e8: 0000 0000 0000 0000 0000 0000 0000 0000 6500 0000 0000 0000 a00f 0200 0000 0000 0100 0000 0000 0000  ................e.......................
2021-03-15T22:19:32.6552579Z 00028410: 0000 0000 0000 0000 6700 0000 0000 0000 e70e 0200 0000 0000 0000 0000 0000 0000 0000 0000 0000 0000  ........g...............................
2021-03-15T22:19:32.6553064Z 00028438: 4800 0000 0000 0000 f00e 0200 0000 0000 0000 0000 0000 0000 0000 0000 0000 0000 6800 0000 0000 0000  H...............................h.......
2021-03-15T22:19:32.6553530Z 00028460: 6310 0200 0000 0000 0100 0000 0000 0000 0000 0000 0000 0000 0001 0000 0000 0000 f50e 0200 0000 0000  c.......................................
2021-03-15T22:19:32.6554358Z 00028488: 0000 0000 0000 0000 0000 0000 0000 0000 6900 0000 0000 0000 fb0e 0200 0000 0000 0000 0000 0000 0000  ................i.......................
2021-03-15T22:19:32.6554814Z 000284b0: 0000 0000 0000 0000 4b00 0000 0000 0000 0c0f 0200 0000 0000 0000 0000 0000 0000 0000 0000 0000 0000  ........K...............................
2021-03-15T22:19:32.6555314Z 000284d8: 6b00 0000 0000 0000 4e33 0200 0000 0000 0000 0000 0000 0000 0000 0000 0000 0000 6c00 0000 0000 0000  k.......N3......................l.......
2021-03-15T22:19:32.6555802Z 00028500: 1c0f 0200 0000 0000 0000 0000 0000 0000 0000 0000 0000 0000 6e00 0000 0000 0000 2c0f 0200 0000 0000  ........................n.......,.......
2021-03-15T22:19:32.6556265Z 00028528: 0000 0000 0000 0000 0000 0000 0000 0000 5000 0000 0000 0000 3c0f 0200 0000 0000 0100 0000 0000 0000  ................P.......<...............
2021-03-15T22:19:32.6557023Z 00028550: 0000 0000 0000 0000 7000 0000 0000 0000 6d10 0200 0000 0000 0100 0000 0000 0000 0000 0000 0000 0000  ........p.......m.......................
2021-03-15T22:19:32.6557553Z 00028578: 5200 0000 0000 0000 db0f 0200 0000 0000 0100 0000 0000 0000 0000 0000 0000 0000 7200 0000 0000 0000  R...............................r.......
2021-03-15T22:19:32.6558014Z 000285a0: 430f 0200 0000 0000 0000 0000 0000 0000 0000 0000 0000 0000 5300 0000 0000 0000 0910 0200 0000 0000  C.......................S...............
2021-03-15T22:19:32.6558461Z 000285c8: 0000 0000 0000 0000 0000 0000 0000 0000 7300 0000 0000 0000 b30e 0200 0000 0000 0100 0000 0000 0000  ................s.......................
2021-03-15T22:19:32.6558962Z 000285f0: 0000 0000 0000 0000 7400 0000 0000 0000 490f 0200 0000 0000 0100 0000 0000 0000 0000 0000 0000 0000  ........t.......I.......................
2021-03-15T22:19:32.6559433Z 00028618: 5400 0000 0000 0000 590f 0200 0000 0000 0100 0000 0000 0000 0000 0000 0000 0000 5500 0000 0000 0000  T.......Y.......................U.......
2021-03-15T22:19:32.6559879Z 00028640: 5f0f 0200 0000 0000 0100 0000 0000 0000 0000 0000 0000 0000 7500 0000 0000 0000 640f 0200 0000 0000  _.......................u.......d.......
2021-03-15T22:19:32.6560306Z 00028668: 0000 0000 0000 0000 0000 0000 0000 0000 5600 0000 0000 0000 2924 0200 0000 0000 0000 0000 0000 0000  ................V.......)$..............
2021-03-15T22:19:32.6560724Z 00028690: 0000 0000 0000 0000 7600 0000 0000 0000 0000 0000 0000 0000 0000 0000 0000 0000 0000 0000 0000 0000  ........v...............................
2021-03-15T22:19:32.6561153Z 000286b8: 0000 0000 0000 0000 6c0f 0200 0000 0000 0000 0000 0000 0000 790f 0200 0000 0000 0000 0000 0000 0000  ........l...............y...............
2021-03-15T22:19:32.6561605Z 000286e0: 850f 0200 0000 0000 0000 0000 0000 0000 9a0f 0200 0000 0000 0000 0000 0000 0000 a60f 0200 0000 0000  ........................................
2021-03-15T22:19:32.6562021Z 00028708: 0000 0000 0000 0000 af0f 0200 0000 0000 0000 0000 0000 0000 b90f 0200 0000 0000 0000 0000 0000 0000  ........................................
2021-03-15T22:19:32.6562450Z 00028730: c50f 0200 0000 0000 0000 0000 0000 0000 3c0f 0200 0000 0000 0000 0000 0000 0000 d30f 0200 0000 0000  ................<.......................
2021-03-15T22:19:32.6562874Z 00028758: 0000 0000 0000 0000 e00f 0200 0000 0000 0000 0000 0000 0000 ed0f 0200 0000 0000 0000 0000 0000 0000  ........................................
2021-03-15T22:19:32.6563304Z 00028780: f80f 0200 0000 0000 0000 0000 0000 0000 0110 0200 0000 0000 0000 0000 0000 0000 0f10 0200 0000 0000  ........................................
2021-03-15T22:19:32.6563709Z 000287a8: 0000 0000 0000 0000 1f10 0200 0000 0000 0000 0000 0000 0000 fe0d 0200 0000 0000 0000 0000 0000 0000  ........................................
2021-03-15T22:19:32.6564307Z 000287d0: 2e10 0200 0000 0000 0000 0000 0000 0000 3810 0200 0000 0000 0000 0000 0000 0000 4610 0200 0000 0000  ................8...............F.......
2021-03-15T22:19:32.6564709Z 000287f8: 0000 0000 0000 0000 5110 0200 0000 0000 0000 0000 0000 0000 5c10 0200 0000 0000 0000 0000 0000 0000  ........Q...............\...............
2021-03-15T22:19:32.6565150Z 00028820: 510f 0200 0000 0000 0000 0000 0000 0000 6810 0200 0000 0000 0000 0000 0000 0000 7410 0200 0000 0000  Q...............h...............t.......
2021-03-15T22:19:32.6565567Z 00028848: 0000 0000 0000 0000 0000 0000 0000 0000 0000 0000 0000 0000 0e00 0000 0000 0000 0000 0000 0000 0000  ........................................
2021-03-15T22:19:32.6565958Z 00028870: 0000 0000 0000 0000 0000 0000 0000 0000 0000 0000 0000 0000 0000 0000 0000 0000 0000 0000 0000 0000  ........................................
2021-03-15T22:19:32.6566339Z 00028898: 0000 0000 0000 0000 0000 0000 0000 0000 0000 0000 0000 0000 0000 0000 0000 0000 0000 0000 0000 0000  ........................................
2021-03-15T22:19:32.6566732Z 000288c0: 0000 0000 0000 0000 0000 0000 0000 0000 0000 0000 0000 0000 0000 0000 0000 0000 0000 0000 0000 0000  ........................................
2021-03-15T22:19:32.6567180Z 000288e8: 0000 0000 0000 0000 0000 0000 0000 0000 0000 0000 0000 0000 1100 0000 0000 0000 0000 0000 0000 0000  ........................................
2021-03-15T22:19:32.6567586Z 00028910: 0000 0000 0000 0000 0000 0000 0000 0000 0000 0000 0000 0000 0000 0000 0000 0000 0000 0000 0000 0000  ........................................
2021-03-15T22:19:32.6567963Z 00028938: 0000 0000 0000 0000 0000 0000 0000 0000 0000 0000 0000 0000 0000 0000 0000 0000 0000 0000 0000 0000  ........................................
2021-03-15T22:19:32.6568359Z 00028960: 0000 0000 0000 0000 0000 0000 0000 0000 0000 0000 0000 0000 0000 0000 0000 0000 0000 0000 0000 0000  ........................................
2021-03-15T22:19:32.6568801Z 00028988: 0000 0000 0000 0000 0000 0000 0000 0000 0000 0000 0000 0000 1200 0000 0000 0000 0000 0000 0000 0000  ........................................
2021-03-15T22:19:32.6569193Z 000289b0: 0000 0000 0000 0000 0000 0000 0000 0000 0000 0000 0000 0000 0000 0000 0000 0000 0000 0000 0000 0000  ........................................
2021-03-15T22:19:32.6569949Z 000289d8: 0000 0000 0000 0000 0000 0000 0000 0000 0000 0000 0000 0000 0000 0000 0000 0000 0000 0000 0000 0000  ........................................
2021-03-15T22:19:32.6570764Z 00028a00: 0000 0000 0000 0000 0000 0000 0000 0000 0000 0000 0000 0000 0000 0000 0000 0000 0000 0000 0000 0000  ........................................
2021-03-15T22:19:32.6571225Z 00028a28: 0000 0000 0000 0000 0000 0000 0000 0000 0000 0000 0000 0000 0100 0000 0000 0000 0000 0000 0000 0000  ........................................
2021-03-15T22:19:32.6571894Z 00028a50: 0000 0000 0000 0000 0000 0000 0000 0000 0000 0000 0000 0000 0000 0000 0000 0000 0000 0000 0000 0000  ........................................
2021-03-15T22:19:32.6572370Z 00028a78: 0000 0000 0000 0000 0000 0000 0000 0000 0000 0000 0000 0000 0000 0000 0000 0000 0000 0000 0000 0000  ........................................
2021-03-15T22:19:32.6572868Z 00028aa0: 0000 0000 0000 0000 0000 0000 0000 0000 0000 0000 0000 0000 0000 0000 0000 0000 0000 0000 0000 0000  ........................................
2021-03-15T22:19:32.6573356Z 00028ac8: 0000 0000 0000 0000 0000 0000 0000 0000 0000 0000 0000 0000 0200 0000 0000 0000 0000 0000 0000 0000  ........................................
2021-03-15T22:19:32.6573853Z 00028af0: 0000 0000 0000 0000 0000 0000 0000 0000 0000 0000 0000 0000 0000 0000 0000 0000 0000 0000 0000 0000  ........................................
2021-03-15T22:19:32.6574817Z 00028b18: 0000 0000 0000 0000 0000 0000 0000 0000 0000 0000 0000 0000 0000 0000 0000 0000 0000 0000 0000 0000  ........................................
2021-03-15T22:19:32.6575269Z 00028b40: 0000 0000 0000 0000 0000 0000 0000 0000 0000 0000 0000 0000 0000 0000 0000 0000 0000 0000 0000 0000  ........................................
2021-03-15T22:19:32.6575702Z 00028b68: 0000 0000 0000 0000 0000 0000 0000 0000 0000 0000 0000 0000 0d00 0000 0000 0000 0000 0000 0000 0000  ........................................
2021-03-15T22:19:32.6576310Z 00028b90: 0000 0000 0000 0000 0000 0000 0000 0000 0000 0000 0000 0000 0000 0000 0000 0000 0000 0000 0000 0000  ........................................
2021-03-15T22:19:32.6576894Z 00028bb8: 0000 0000 0000 0000 0000 0000 0000 0000 0000 0000 0000 0000 0000 0000 0000 0000 0000 0000 0000 0000  ........................................
2021-03-15T22:19:32.6577291Z 00028be0: 0000 0000 0000 0000 0000 0000 0000 0000 0000 0000 0000 0000 0000 0000 0000 0000 0000 0000 0000 0000  ........................................
2021-03-15T22:19:32.6577703Z 00028c08: 0000 0000 0000 0000 0000 0000 0000 0000 0000 0000 0000 0000 0300 0000 0000 0000 0000 0000 0000 0000  ........................................
2021-03-15T22:19:32.6578096Z 00028c30: 0000 0000 0000 0000 0000 0000 0000 0000 0000 0000 0000 0000 0000 0000 0000 0000 0000 0000 0000 0000  ........................................
2021-03-15T22:19:32.6578501Z 00028c58: 0000 0000 0000 0000 0000 0000 0000 0000 0000 0000 0000 0000 0000 0000 0000 0000 0000 0000 0000 0000  ........................................
2021-03-15T22:19:32.6578956Z 00028c80: 0000 0000 0000 0000 0000 0000 0000 0000 0000 0000 0000 0000 0000 0000 0000 0000 0000 0000 0000 0000  ........................................
2021-03-15T22:19:32.6579387Z 00028ca8: 0000 0000 0000 0000 0000 0000 0000 0000 0000 0000 0000 0000 0f00 0000 0000 0000 0000 0000 0000 0000  ........................................
2021-03-15T22:19:32.6579785Z 00028cd0: 0000 0000 0000 0000 0000 0000 0000 0000 0000 0000 0000 0000 0000 0000 0000 0000 0000 0000 0000 0000  ........................................
2021-03-15T22:19:32.6580264Z 00028cf8: 0000 0000 0000 0000 0000 0000 0000 0000 0000 0000 0000 0000 0000 0000 0000 0000 0000 0000 0000 0000  ........................................
2021-03-15T22:19:32.6580654Z 00028d20: 0000 0000 0000 0000 0000 0000 0000 0000 0000 0000 0000 0000 0000 0000 0000 0000 0000 0000 0000 0000  ........................................
2021-03-15T22:19:32.6581061Z 00028d48: 0000 0000 0000 0000 0000 0000 0000 0000 0000 0000 0000 0000 1400 0000 0000 0000 0000 0000 0000 0000  ........................................
2021-03-15T22:19:32.6581455Z 00028d70: 0000 0000 0000 0000 0000 0000 0000 0000 0000 0000 0000 0000 0000 0000 0000 0000 0000 0000 0000 0000  ........................................
2021-03-15T22:19:32.6581862Z 00028d98: 0000 0000 0000 0000 0000 0000 0000 0000 0000 0000 0000 0000 0000 0000 0000 0000 0000 0000 0000 0000  ........................................
2021-03-15T22:19:32.6582252Z 00028dc0: 0000 0000 0000 0000 0000 0000 0000 0000 0000 0000 0000 0000 0000 0000 0000 0000 0000 0000 0000 0000  ........................................
2021-03-15T22:19:32.6582670Z 00028de8: 0000 0000 0000 0000 0000 0000 0000 0000 0000 0000 0000 0000 1500 0000 0000 0000 0000 0000 0000 0000  ........................................
2021-03-15T22:19:32.6583202Z 00028e10: 0000 0000 0000 0000 0000 0000 0000 0000 0000 0000 0000 0000 0000 0000 0000 0000 0000 0000 0000 0000  ........................................
2021-03-15T22:19:32.6583624Z 00028e38: 0000 0000 0000 0000 0000 0000 0000 0000 0000 0000 0000 0000 0000 0000 0000 0000 0000 0000 0000 0000  ........................................
2021-03-15T22:19:32.6584024Z 00028e60: 0000 0000 0000 0000 0000 0000 0000 0000 0000 0000 0000 0000 0000 0000 0000 0000 0000 0000 0000 0000  ........................................
2021-03-15T22:19:32.6584436Z 00028e88: 0000 0000 0000 0000 0000 0000 0000 0000 0000 0000 0000 0000 1600 0000 0000 0000 0000 0000 0000 0000  ........................................
2021-03-15T22:19:32.6584831Z 00028eb0: 0000 0000 0000 0000 0000 0000 0000 0000 0000 0000 0000 0000 0000 0000 0000 0000 0000 0000 0000 0000  ........................................
2021-03-15T22:19:32.6585252Z 00028ed8: 0000 0000 0000 0000 0000 0000 0000 0000 0000 0000 0000 0000 0000 0000 0000 0000 0000 0000 0000 0000  ........................................
2021-03-15T22:19:32.6585646Z 00028f00: 0000 0000 0000 0000 0000 0000 0000 0000 0000 0000 0000 0000 0000 0000 0000 0000 0000 0000 0000 0000  ........................................
2021-03-15T22:19:32.6586220Z 00028f28: 0000 0000 0000 0000 0000 0000 0000 0000 0000 0000 0000 0000 0a00 0000 0000 0000 0000 0000 0000 0000  ........................................
2021-03-15T22:19:32.6586603Z 00028f50: 0000 0000 0000 0000 0000 0000 0000 0000 0000 0000 0000 0000 0000 0000 0000 0000 0000 0000 0000 0000  ........................................
2021-03-15T22:19:32.6587069Z 00028f78: 0000 0000 0000 0000 0000 0000 0000 0000 0000 0000 0000 0000 0000 0000 0000 0000 0000 0000 0000 0000  ........................................
2021-03-15T22:19:32.6587448Z 00028fa0: 0000 0000 0000 0000 0000 0000 0000 0000 0000 0000 0000 0000 0000 0000 0000 0000 0000 0000 0000 0000  ........................................
2021-03-15T22:19:32.6587853Z 00028fc8: 0000 0000 0000 0000 0000 0000 0000 0000 0000 0000 0000 0000 0c00 0000 0000 0000 0000 0000 0000 0000  ........................................
2021-03-15T22:19:32.6588239Z 00028ff0: 0000 0000 0000 0000 0000 0000 0000 0000 0000 0000 0000 0000 0000 0000 0000 0000 0000 0000 0000 0000  ........................................
2021-03-15T22:19:32.6588709Z 00029018: 0000 0000 0000 0000 0000 0000 0000 0000 0000 0000 0000 0000 0000 0000 0000 0000 0000 0000 0000 0000  ........................................
2021-03-15T22:19:32.6589102Z 00029040: 0000 0000 0000 0000 0000 0000 0000 0000 0000 0000 0000 0000 0000 0000 0000 0000 0000 0000 0000 0000  ........................................
2021-03-15T22:19:32.6589512Z 00029068: 0000 0000 0000 0000 0000 0000 0000 0000 0000 0000 0000 0000 ffff ffff 0000 0000 0000 0000 0000 0000  ........................................
2021-03-15T22:19:32.6589968Z 00029090: 0000 0000 0000 0000 0000 0000 0000 0000 0000 0000 0000 0000 0000 0000 0000 0000 0000 0000 0000 0000  ........................................
2021-03-15T22:19:32.6590362Z 000290b8: 0000 0000 0000 0000 0000 0000 0000 0000 0000 0000 0000 0000 0000 0000 0000 0000 0000 0000 0000 0000  ........................................
2021-03-15T22:19:32.6590764Z 000290e0: 0000 0000 0000 0000 0000 0000 0000 0000 0000 0000 0000 0000 0000 0000 0000 0000 0000 0000 0000 0000  ........................................
2021-03-15T22:19:32.6591156Z 00029108: 0000 0000 0000 0000 0000 0000 0000 0000 0000 0000 0000 0000 ffff ffff 0000 0000 0000 0000 0000 0000  ........................................
2021-03-15T22:19:32.6591585Z 00029130: 0000 0000 0000 0000 30a1 0200 0000 0000 0000 0000 0000 0000 40a1 0200 0000 0000 0000 0000 0000 0000  ........0...............@...............
2021-03-15T22:19:32.6592035Z 00029158: 50a1 0200 0000 0000 4743 433a 2028 474e 5529 2038 2e33 2e30 0047 4343 3a20 2847 4e55 2920 3130 2e32  P.......GCC: (GNU) 8.3.0.GCC: (GNU) 10.2
2021-03-15T22:19:32.6592501Z 00029180: 2e30 0000 0000 0000 0000 0000 0000 0000 0000 0000 0000 0000 0000 0000 0000 0000 0100 0000 0100 0200  .0......................................
2021-03-15T22:19:32.6592920Z 000291a8: fc02 0000 0000 0000 2000 0000 0000 0000 0b00 0000 0200 0e00 508e 0100 0000 0000 6700 0000 0000 0000  ........ ...............P.......g.......
2021-03-15T22:19:32.6593375Z 000291d0: 1b00 0000 0100 1000 b02f 0200 0000 0000 1000 0000 0000 0000 2600 0000 0200 0e00 c08e 0100 0000 0000  ........./..............&...............
2021-03-15T22:19:32.6593791Z 000291f8: 8302 0000 0000 0000 3600 0000 0100 1000 f032 0200 0000 0000 1000 0000 0000 0000 4200 0000 0200 0e00  ........6........2..............B.......
2021-03-15T22:19:32.6594450Z 00029220: 5091 0100 0000 0000 4e02 0000 0000 0000 5900 0000 0100 1000 5032 0200 0000 0000 1700 0000 0000 0000  P.......N.......Y.......P2..............
2021-03-15T22:19:32.6595332Z 00029248: 6500 0000 0200 0e00 a093 0100 0000 0000 8101 0000 0000 0000 7200 0000 0100 1000 6831 0200 0000 0000  e.......................r.......h1......
2021-03-15T22:19:32.6596621Z 00029270: 0d00 0000 0000 0000 7e00 0000 0100 1800 40b4 0200 0000 0000 c000 0000 0000 0000 8e00 0000 0200 0e00  ........~.......@.......................
2021-03-15T22:19:32.6597275Z 00029298: 3095 0100 0000 0000 8b00 0000 0000 0000 9a00 0000 0100 1000 5831 0200 0000 0000 0c00 0000 0000 0000  0.......................X1..............
2021-03-15T22:19:32.6597919Z 000292c0: a600 0000 0200 0e00 c095 0100 0000 0000 2402 0000 0000 0000 b300 0000 0100 1000 d830 0200 0000 0000  ................$................0......
2021-03-15T22:19:32.6598388Z 000292e8: 0d00 0000 0000 0000 bf00 0000 0200 0e00 f097 0100 0000 0000 1a02 0000 0000 0000 cc00 0000 0100 1000  ........................................
2021-03-15T22:19:32.6598910Z 00029310: e830 0200 0000 0000 0d00 0000 0000 0000 d800 0000 0200 0e00 109a 0100 0000 0000 ef00 0000 0000 0000  .0......................................
2021-03-15T22:19:32.6599868Z 00029338: e400 0000 0100 1000 8830 0200 0000 0000 0c00 0000 0000 0000 f000 0000 0200 0e00 009b 0100 0000 0000  .........0..............................
2021-03-15T22:19:32.6600297Z 00029360: 7500 0000 0000 0000 0601 0000 0100 1000 302f 0200 0000 0000 1600 0000 0000 0000 1101 0000 0200 0e00  u...............0/......................
2021-03-15T22:19:32.6600770Z 00029388: 809b 0100 0000 0000 0c02 0000 0000 0000 2001 0000 0100 1000 e831 0200 0000 0000 0f00 0000 0000 0000  ................ ........1..............
2021-03-15T22:19:32.6601220Z 000293b0: 2c01 0000 0200 0e00 909d 0100 0000 0000 4800 0000 0000 0000 3e01 0000 0100 1000 2030 0200 0000 0000  ,...............H.......>....... 0......
2021-03-15T22:19:32.6601655Z 000293d8: 1200 0000 0000 0000 4901 0000 0200 0e00 e09d 0100 0000 0000 4800 0000 0000 0000 6001 0000 0100 1000  ........I...............H.......`.......
2021-03-15T22:19:32.6602113Z 00029400: 0030 0200 0000 0000 1700 0000 0000 0000 6b01 0000 0200 0e00 309e 0100 0000 0000 6d00 0000 0000 0000  .0..............k.......0.......m.......
2021-03-15T22:19:32.6602607Z 00029428: 8001 0000 0100 1000 e02f 0200 0000 0000 1500 0000 0000 0000 8b01 0000 0100 1800 20b4 0200 0000 0000  ........./...................... .......
2021-03-15T22:19:32.6603040Z 00029450: 0800 0000 0000 0000 9b01 0000 0200 0e00 a09e 0100 0000 0000 6300 0000 0000 0000 b001 0000 0100 1000  ........................c...............
2021-03-15T22:19:32.6603927Z 00029478: c02f 0200 0000 0000 1500 0000 0000 0000 bb01 0000 0200 0e00 109f 0100 0000 0000 e000 0000 0000 0000  ./......................................
2021-03-15T22:19:32.6604482Z 000294a0: cc01 0000 0100 1000 502f 0200 0000 0000 1100 0000 0000 0000 d701 0000 0200 0e00 f09f 0100 0000 0000  ........P/..............................
2021-03-15T22:19:32.6604937Z 000294c8: 9900 0000 0000 0000 e801 0000 0100 1000 902f 0200 0000 0000 1100 0000 0000 0000 f301 0000 0200 0e00  ................./......................
2021-03-15T22:19:32.6605588Z 000294f0: 90a0 0100 0000 0000 a300 0000 0000 0000 0402 0000 0100 1000 702f 0200 0000 0000 1100 0000 0000 0000  ........................p/..............
2021-03-15T22:19:32.6606213Z 00029518: 0f02 0000 0200 0e00 40a1 0100 0000 0000 690b 0000 0000 0000 2902 0000 0100 1000 e032 0200 0000 0000  ........@.......i.......)........2......
2021-03-15T22:19:32.6607006Z 00029540: 0e00 0000 0000 0000 3502 0000 0100 1000 d032 0200 0000 0000 1000 0000 0000 0000 4102 0000 0100 1000  ........5........2..............A.......
2021-03-15T22:19:32.6607639Z 00029568: c032 0200 0000 0000 1000 0000 0000 0000 4d02 0000 0200 0e00 b0ac 0100 0000 0000 9101 0000 0000 0000  .2..............M.......................
2021-03-15T22:19:32.6608307Z 00029590: 5b02 0000 0100 1000 9832 0200 0000 0000 0e00 0000 0000 0000 6702 0000 0100 1000 8032 0200 0000 0000  [........2..............g........2......
2021-03-15T22:19:32.6608956Z 000295b8: 1600 0000 0000 0000 7302 0000 0200 0e00 50ae 0100 0000 0000 0702 0000 0000 0000 8502 0000 0100 1000  ........s.......P.......................
2021-03-15T22:19:32.6609484Z 000295e0: b031 0200 0000 0000 1200 0000 0000 0000 9102 0000 0100 1000 b030 0200 0000 0000 1000 0000 0000 0000  .1.......................0..............
2021-03-15T22:19:32.6610109Z 00029608: 9d02 0000 0100 1000 9830 0200 0000 0000 0c00 0000 0000 0000 a902 0000 0100 1000 7030 0200 0000 0000  .........0......................p0......
2021-03-15T22:19:32.6610713Z 00029630: 1400 0000 0000 0000 b502 0000 0100 1000 5830 0200 0000 0000 0d00 0000 0000 0000 c102 0000 0100 1000  ................X0......................
2021-03-15T22:19:32.6611516Z 00029658: 0033 0200 0000 0000 0800 0000 0000 0000 cd02 0000 0100 1800 28b4 0200 0000 0000 0400 0000 0000 0000  .3......................(...............
2021-03-15T22:19:32.6612082Z 00029680: d702 0000 0100 1000 0833 0200 0000 0000 0500 0000 0000 0000 e302 0000 0100 1000 a832 0200 0000 0000  .........3.......................2......
2021-03-15T22:19:32.6612518Z 000296a8: 0b00 0000 0000 0000 ef02 0000 0100 1000 6832 0200 0000 0000 0f00 0000 0000 0000 fb02 0000 0100 1000  ................h2......................
2021-03-15T22:19:32.6613135Z 000296d0: 1831 0200 0000 0000 0d00 0000 0000 0000 0703 0000 0100 1000 3832 0200 0000 0000 0c00 0000 0000 0000  .1......................82..............
2021-03-15T22:19:32.6613740Z 000296f8: 1303 0000 0100 1000 4031 0200 0000 0000 1200 0000 0000 0000 1f03 0000 0100 1000 8031 0200 0000 0000  ........@1.......................1......
2021-03-15T22:19:32.6614589Z 00029720: 1000 0000 0000 0000 2b03 0000 0100 1000 2032 0200 0000 0000 1400 0000 0000 0000 3703 0000 0100 1000  ........+....... 2..............7.......
2021-03-15T22:19:32.6615619Z 00029748: 0032 0200 0000 0000 1300 0000 0000 0000 4303 0000 0100 1000 d031 0200 0000 0000 1600 0000 0000 0000  .2..............C........1..............
2021-03-15T22:19:32.6616486Z 00029770: 4f03 0000 0100 1000 2831 0200 0000 0000 0c00 0000 0000 0000 5b03 0000 0100 1000 9031 0200 0000 0000  O.......(1..............[........1......
2021-03-15T22:19:32.6617431Z 00029798: 1300 0000 0000 0000 6703 0000 0100 1000 0831 0200 0000 0000 0f00 0000 0000 0000 7303 0000 0100 1000  ........g........1..............s.......
2021-03-15T22:19:32.6617934Z 000297c0: f830 0200 0000 0000 0b00 0000 0000 0000 7f03 0000 0100 1000 c030 0200 0000 0000 1800 0000 0000 0000  .0.......................0..............
2021-03-15T22:19:32.6618442Z 000297e8: 8b03 0000 0100 1000 4030 0200 0000 0000 1800 0000 0000 0000 9603 0000 0200 0e00 4083 0000 0000 0000  ........@0......................@.......
2021-03-15T22:19:32.6619435Z 00029810: 0000 0000 0000 0000 9803 0000 0200 0e00 7083 0000 0000 0000 0000 0000 0000 0000 ab03 0000 0200 0e00  ................p.......................
2021-03-15T22:19:32.6619900Z 00029838: b083 0000 0000 0000 0000 0000 0000 0000 c103 0000 0100 1800 c8a1 0200 0000 0000 0100 0000 0000 0000  ........................................
2021-03-15T22:19:32.6620333Z 00029860: cd03 0000 0100 1400 f886 0200 0000 0000 0000 0000 0000 0000 f403 0000 0200 0e00 f083 0000 0000 0000  ........................................
2021-03-15T22:19:32.6620779Z 00029888: 0000 0000 0000 0000 0004 0000 0100 1300 f086 0200 0000 0000 0000 0000 0000 0000 0402 0000 0100 1000  ........................................
2021-03-15T22:19:32.6621207Z 000298b0: c8f1 0100 0000 0000 0f00 0000 0000 0000 cc01 0000 0100 1000 b0f1 0100 0000 0000 1100 0000 0000 0000  ........................................
2021-03-15T22:19:32.6621672Z 000298d8: 0601 0000 0100 1000 90f1 0100 0000 0000 1500 0000 0000 0000 b001 0000 0100 1000 e0f2 0100 0000 0000  ........................................
2021-03-15T22:19:32.6622109Z 00029900: 0c00 0000 0000 0000 1b00 0000 0100 1000 d0f2 0100 0000 0000 1000 0000 0000 0000 e801 0000 0100 1000  ........................................
2021-03-15T22:19:32.6622561Z 00029928: c0f2 0100 0000 0000 0f00 0000 0000 0000 0402 0000 0100 1000 a0f2 0100 0000 0000 1b00 0000 0000 0000  ........................................
2021-03-15T22:19:32.6623242Z 00029950: cc01 0000 0100 1000 80f2 0100 0000 0000 1a00 0000 0000 0000 0601 0000 0100 1000 60f2 0100 0000 0000  ................................`.......
2021-03-15T22:19:32.6623695Z 00029978: 1700 0000 0000 0000 1f04 0000 0200 0e00 a09c 0000 0000 0000 4801 0000 0000 0000 2a04 0000 0100 1800  ........................H.......*.......
2021-03-15T22:19:32.6624130Z 000299a0: d0a1 0200 0000 0000 0800 0000 0000 0000 8001 0000 0100 1000 e0f4 0100 0000 0000 0a00 0000 0000 0000  ........................................
2021-03-15T22:19:32.6624576Z 000299c8: b001 0000 0100 1000 d0f4 0100 0000 0000 0b00 0000 0000 0000 1b00 0000 0100 1000 c0f4 0100 0000 0000  ........................................
2021-03-15T22:19:32.6625005Z 000299f0: 0a00 0000 0000 0000 e801 0000 0100 1000 b0f4 0100 0000 0000 1000 0000 0000 0000 0402 0000 0100 1000  ........................................
2021-03-15T22:19:32.6625448Z 00029a18: 98f4 0100 0000 0000 0d00 0000 0000 0000 cc01 0000 0100 1000 80f4 0100 0000 0000 1400 0000 0000 0000  ........................................
2021-03-15T22:19:32.6625877Z 00029a40: 0601 0000 0100 1000 60f4 0100 0000 0000 1200 0000 0000 0000 3704 0000 0200 0e00 40ae 0000 0000 0000  ........`...............7.......@.......
2021-03-15T22:19:32.6626322Z 00029a68: 7903 0000 0000 0000 cc01 0000 0100 1000 40f5 0100 0000 0000 0c00 0000 0000 0000 0402 0000 0100 1000  y...............@.......................
2021-03-15T22:19:32.6626763Z 00029a90: 50f5 0100 0000 0000 1000 0000 0000 0000 0601 0000 0100 1000 30f5 0100 0000 0000 0c00 0000 0000 0000  P.......................0...............
2021-03-15T22:19:32.6627548Z 00029ab8: 4304 0000 0200 0e00 e0b3 0000 0000 0000 7803 0000 0000 0000 1b00 0000 0100 1000 98f9 0100 0000 0000  C...............x.......................
2021-03-15T22:19:32.6628325Z 00029ae0: 0f00 0000 0000 0000 5204 0000 0100 1800 d8a1 0200 0000 0000 0100 0000 0000 0000 6204 0000 0200 0e00  ........R.......................b.......
2021-03-15T22:19:32.6628824Z 00029b08: 60b7 0000 0000 0000 db02 0000 0000 0000 e801 0000 0100 1000 80f9 0100 0000 0000 1300 0000 0000 0000  `.......................................
2021-03-15T22:19:32.6629637Z 00029b30: 0402 0000 0100 1000 70f9 0100 0000 0000 0d00 0000 0000 0000 7504 0000 0200 0e00 40ba 0000 0000 0000  ........p...............u.......@.......
2021-03-15T22:19:32.6630096Z 00029b58: 8301 0000 0000 0000 cc01 0000 0100 1000 60f9 0100 0000 0000 0f00 0000 0000 0000 8404 0000 0200 0e00  ................`.......................
2021-03-15T22:19:32.6630725Z 00029b80: d0bb 0000 0000 0000 e700 0000 0000 0000 0601 0000 0100 1000 50f9 0100 0000 0000 0c00 0000 0000 0000  ........................P...............
2021-03-15T22:19:32.6631181Z 00029ba8: 9704 0000 0200 0e00 c0bc 0000 0000 0000 6904 0000 0000 0000 8001 0000 0100 1000 c8f9 0100 0000 0000  ................i.......................
2021-03-15T22:19:32.6631641Z 00029bd0: 0e00 0000 0000 0000 b001 0000 0100 1000 b0f9 0100 0000 0000 1300 0000 0000 0000 8b03 0000 0100 1000  ........................................
2021-03-15T22:19:32.6632083Z 00029bf8: 10fa 0100 0000 0000 0d00 0000 0000 0000 6001 0000 0100 1000 e0f9 0100 0000 0000 1a00 0000 0000 0000  ................`.......................
2021-03-15T22:19:32.6632544Z 00029c20: 3e01 0000 0100 1000 00fa 0100 0000 0000 0e00 0000 0000 0000 7904 0000 0200 0e00 90d1 0000 0000 0000  >.......................y...............
2021-03-15T22:19:32.6632999Z 00029c48: 8301 0000 0000 0000 cc01 0000 0100 1000 58fb 0100 0000 0000 0b00 0000 0000 0000 a504 0000 0200 0e00  ................X.......................
2021-03-15T22:19:32.6633462Z 00029c70: 20d3 0000 0000 0000 8706 0000 0000 0000 0402 0000 0100 1000 70fb 0100 0000 0000 1500 0000 0000 0000   .......................p...............
2021-03-15T22:19:32.6633920Z 00029c98: ba04 0000 0200 0e00 b0d9 0000 0000 0000 6f03 0000 0000 0000 e801 0000 0100 1000 90fb 0100 0000 0000  ................o.......................
2021-03-15T22:19:32.6634388Z 00029cc0: 1000 0000 0000 0000 b001 0000 0100 1000 b8fb 0100 0000 0000 0b00 0000 0000 0000 1b00 0000 0100 1000  ........................................
2021-03-15T22:19:32.6634819Z 00029ce8: a0fb 0100 0000 0000 1800 0000 0000 0000 0601 0000 0100 1000 40fb 0100 0000 0000 1800 0000 0000 0000  ........................@...............
2021-03-15T22:19:32.6635278Z 00029d10: ce04 0000 0200 0e00 90ea 0000 0000 0000 0b00 0000 0000 0000 ca04 0000 0100 1800 e4a1 0200 0000 0000  ........................................
2021-03-15T22:19:32.6635740Z 00029d38: 0400 0000 0000 0000 da04 0000 0200 0e00 a0ea 0000 0000 0000 0b00 0000 0000 0000 d604 0000 0100 1800  ........................................
2021-03-15T22:19:32.6636215Z 00029d60: e0a1 0200 0000 0000 0400 0000 0000 0000 e204 0000 0200 0e00 b0ea 0000 0000 0000 6b01 0000 0000 0000  ................................k.......
2021-03-15T22:19:32.6636669Z 00029d88: 3e01 0000 0100 1000 d804 0200 0000 0000 0c00 0000 0000 0000 ee04 0000 0100 1800 00a2 0200 0000 0000  >.......................................
2021-03-15T22:19:32.6637131Z 00029db0: 8000 0000 0000 0000 f704 0000 0200 0e00 20ec 0000 0000 0000 d401 0000 0000 0000 7200 0000 0100 1000  ................ ...............r.......
2021-03-15T22:19:32.6637576Z 00029dd8: 1006 0200 0000 0000 0a00 0000 0000 0000 0105 0000 0200 0e00 00ee 0000 0000 0000 d401 0000 0000 0000  ........................................
2021-03-15T22:19:32.6638038Z 00029e00: 1303 0000 0100 1000 f005 0200 0000 0000 0a00 0000 0000 0000 0b05 0000 0200 0e00 e0ef 0000 0000 0000  ........................................
2021-03-15T22:19:32.6638557Z 00029e28: 2b02 0000 0000 0000 5b03 0000 0100 1000 3006 0200 0000 0000 0b00 0000 0000 0000 1605 0000 0200 0e00  +.......[.......0.......................
2021-03-15T22:19:32.6639016Z 00029e50: 10f2 0000 0000 0000 2b02 0000 0000 0000 1f03 0000 0100 1000 2006 0200 0000 0000 0b00 0000 0000 0000  ........+............... ...............
2021-03-15T22:19:32.6639440Z 00029e78: 2105 0000 0200 0e00 40f4 0000 0000 0000 2b02 0000 0000 0000 9a00 0000 0100 1000 0006 0200 0000 0000  !.......@.......+.......................
2021-03-15T22:19:32.6639908Z 00029ea0: 0b00 0000 0000 0000 2c05 0000 0200 0e00 70f6 0000 0000 0000 c801 0000 0000 0000 e801 0000 0100 1000  ........,.......p.......................
2021-03-15T22:19:32.6640447Z 00029ec8: 7804 0200 0000 0000 0e00 0000 0000 0000 3a05 0000 0100 1800 f0a1 0200 0000 0000 0800 0000 0000 0000  x...............:.......................
2021-03-15T22:19:32.6640913Z 00029ef0: 4105 0000 0100 1800 80a2 0200 0000 0000 0400 0000 0000 0000 4905 0000 0200 0e00 40f8 0000 0000 0000  A.......................I.......@.......
2021-03-15T22:19:32.6641374Z 00029f18: 7601 0000 0000 0000 cc00 0000 0100 1000 9005 0200 0000 0000 1400 0000 0000 0000 5d05 0000 0200 0e00  v...............................].......
2021-03-15T22:19:32.6641837Z 00029f40: c0f9 0000 0000 0000 8d01 0000 0000 0000 7303 0000 0100 1000 b005 0200 0000 0000 1000 0000 0000 0000  ................s.......................
2021-03-15T22:19:32.6642477Z 00029f68: 6d05 0000 0200 0e00 50fb 0000 0000 0000 0402 0000 0000 0000 8001 0000 0100 1000 a804 0200 0000 0000  m.......P...............................
2021-03-15T22:19:32.6643184Z 00029f90: 0d00 0000 0000 0000 b001 0000 0100 1000 9804 0200 0000 0000 0e00 0000 0000 0000 7a05 0000 0200 0e00  ................................z.......
2021-03-15T22:19:32.6643807Z 00029fb8: 60fd 0000 0000 0000 8100 0000 0000 0000 6001 0000 0100 1000 c004 0200 0000 0000 1100 0000 0000 0000  `...............`.......................
2021-03-15T22:19:32.6644263Z 00029fe0: 8005 0000 0100 1800 85a2 0200 0000 0000 0100 0000 0000 0000 8b05 0000 0200 0e00 f0fd 0000 0000 0000  ........................................
2021-03-15T22:19:32.6644711Z 0002a008: b402 0000 0000 0000 9d02 0000 0100 1000 3805 0200 0000 0000 0e00 0000 0000 0000 9905 0000 0200 0e00  ................8.......................
2021-03-15T22:19:32.6645174Z 0002a030: b000 0100 0000 0000 1e04 0000 0000 0000 8b03 0000 0100 1000 e804 0200 0000 0000 0e00 0000 0000 0000  ........................................
2021-03-15T22:19:32.6645639Z 0002a058: a705 0000 0200 0e00 d004 0100 0000 0000 1704 0000 0000 0000 b502 0000 0100 1000 f804 0200 0000 0000  ........................................
2021-03-15T22:19:32.6646095Z 0002a080: 0d00 0000 0000 0000 b405 0000 0200 0e00 f008 0100 0000 0000 3a04 0000 0000 0000 e400 0000 0100 1000  ........................:...............
2021-03-15T22:19:32.6646705Z 0002a0a8: 2805 0200 0000 0000 0e00 0000 0000 0000 a902 0000 0100 1000 1005 0200 0000 0000 1300 0000 0000 0000  (.......................................
2021-03-15T22:19:32.6647143Z 0002a0d0: 6604 0000 0200 0e00 300d 0100 0000 0000 0003 0000 0000 0000 1b00 0000 0100 1000 8804 0200 0000 0000  f.......0...............................
2021-03-15T22:19:32.6647609Z 0002a0f8: 0f00 0000 0000 0000 c205 0000 0200 0e00 3010 0100 0000 0000 f901 0000 0000 0000 fb02 0000 0100 1000  ................0.......................
2021-03-15T22:19:32.6648209Z 0002a120: d005 0200 0000 0000 0b00 0000 0000 0000 d905 0000 0200 0e00 3014 0100 0000 0000 6d03 0000 0000 0000  ........................0.......m.......
2021-03-15T22:19:32.6648647Z 0002a148: e705 0000 0200 0e00 a017 0100 0000 0000 8503 0000 0000 0000 f605 0000 0200 0e00 3012 0100 0000 0000  ................................0.......
2021-03-15T22:19:32.6649082Z 0002a170: 0f01 0000 0000 0000 0402 0000 0100 1000 6804 0200 0000 0000 0e00 0000 0000 0000 1006 0000 0200 0e00  ................h.......................
2021-03-15T22:19:32.6649529Z 0002a198: 4013 0100 0000 0000 eb00 0000 0000 0000 b300 0000 0100 1000 7805 0200 0000 0000 0b00 0000 0000 0000  @.......................x...............
2021-03-15T22:19:32.6650032Z 0002a1c0: 7f03 0000 0100 1000 6805 0200 0000 0000 0e00 0000 0000 0000 6703 0000 0100 1000 c005 0200 0000 0000  ........h...............g...............
2021-03-15T22:19:32.6650514Z 0002a1e8: 0f00 0000 0000 0000 4303 0000 0100 1000 5006 0200 0000 0000 0c00 0000 0000 0000 2206 0000 0100 1800  ........C.......P...............".......
2021-03-15T22:19:32.6650950Z 0002a210: e8a1 0200 0000 0000 0800 0000 0000 0000 2c06 0000 0100 1800 a0a2 0200 0000 0000 0010 0000 0000 0000  ................,.......................
2021-03-15T22:19:32.6651635Z 0002a238: 8502 0000 0100 1000 4006 0200 0000 0000 0900 0000 0000 0000 4f03 0000 0100 1000 e005 0200 0000 0000  ........@...............O...............
2021-03-15T22:19:32.6652072Z 0002a260: 0a00 0000 0000 0000 9102 0000 0100 1000 5005 0200 0000 0000 1600 0000 0000 0000 cc01 0000 0100 1000  ................P.......................
2021-03-15T22:19:32.6652684Z 0002a288: 5804 0200 0000 0000 0b00 0000 0000 0000 0601 0000 0100 1000 4004 0200 0000 0000 1600 0000 0000 0000  X.......................@...............
2021-03-15T22:19:32.6653096Z 0002a2b0: 3406 0000 0100 1800 84a2 0200 0000 0000 0100 0000 0000 0000 0601 0000 0100 1000 6806 0200 0000 0000  4...............................h.......
2021-03-15T22:19:32.6653524Z 0002a2d8: 0800 0000 0000 0000 3f06 0000 0200 0e00 d036 0100 0000 0000 c000 0000 0000 0000 0402 0000 0100 1000  ........?........6......................
2021-03-15T22:19:32.6653934Z 0002a300: b006 0200 0000 0000 1700 0000 0000 0000 3d06 0000 0200 0e00 9037 0100 0000 0000 9700 0000 0000 0000  ................=........7..............
2021-03-15T22:19:32.6654359Z 0002a328: 0601 0000 0100 1000 8006 0200 0000 0000 1900 0000 0000 0000 5606 0000 0100 1800 b8b2 0200 0000 0000  ........................V...............
2021-03-15T22:19:32.6654780Z 0002a350: 0800 0000 0000 0000 6c06 0000 0100 1800 a0b2 0200 0000 0000 0800 0000 0000 0000 8206 0000 0100 1800  ........l...............................
2021-03-15T22:19:32.6655212Z 0002a378: a8b2 0200 0000 0000 0800 0000 0000 0000 9806 0000 0100 1800 b0b2 0200 0000 0000 0800 0000 0000 0000  ........................................
2021-03-15T22:19:32.6655631Z 0002a3a0: e801 0000 0100 1000 c806 0200 0000 0000 0e00 0000 0000 0000 cc01 0000 0100 1000 a006 0200 0000 0000  ........................................
2021-03-15T22:19:32.6656072Z 0002a3c8: 1000 0000 0000 0000 8001 0000 0100 1000 e009 0200 0000 0000 1100 0000 0000 0000 b006 0000 0100 1800  ........................................
2021-03-15T22:19:32.6656486Z 0002a3f0: f0b2 0200 0000 0000 1000 0000 0000 0000 ba06 0000 0100 1800 c0b2 0200 0000 0000 0400 0000 0000 0000  ........................................
2021-03-15T22:19:32.6656930Z 0002a418: c306 0000 0100 1800 e0b2 0200 0000 0000 0100 0000 0000 0000 b001 0000 0100 1000 c809 0200 0000 0000  ........................................
2021-03-15T22:19:32.6657351Z 0002a440: 0e00 0000 0000 0000 d506 0000 0100 1800 d0b2 0200 0000 0000 1000 0000 0000 0000 1b00 0000 0100 1000  ........................................
2021-03-15T22:19:32.6657791Z 0002a468: b809 0200 0000 0000 0e00 0000 0000 0000 e801 0000 0100 1000 a809 0200 0000 0000 0d00 0000 0000 0000  ........................................
2021-03-15T22:19:32.6658214Z 0002a490: e006 0000 0100 1700 6090 0200 0000 0000 6802 0000 0000 0000 0402 0000 0100 1000 9809 0200 0000 0000  ........`.......h.......................
2021-03-15T22:19:32.6658648Z 0002a4b8: 0f00 0000 0000 0000 cc01 0000 0100 1000 8009 0200 0000 0000 1100 0000 0000 0000 0601 0000 0100 1000  ........................................
2021-03-15T22:19:32.6659059Z 0002a4e0: 6009 0200 0000 0000 1100 0000 0000 0000 ed06 0000 0100 1700 4090 0200 0000 0000 1000 0000 0000 0000  `.......................@...............
2021-03-15T22:19:32.6659492Z 0002a508: fd06 0000 0100 1700 3090 0200 0000 0000 1000 0000 0000 0000 0c07 0000 0200 0e00 8047 0100 0000 0000  ........0........................G......
2021-03-15T22:19:32.6659999Z 0002a530: 5e00 0000 0000 0000 1d07 0000 0200 0e00 e047 0100 0000 0000 a700 0000 0000 0000 1b00 0000 0100 1000  ^................G......................
2021-03-15T22:19:32.6660480Z 0002a558: b80c 0200 0000 0000 0e00 0000 0000 0000 2b07 0000 0200 0e00 9048 0100 0000 0000 5301 0000 0000 0000  ................+........H......S.......
2021-03-15T22:19:32.6660927Z 0002a580: 8001 0000 0100 1000 e80c 0200 0000 0000 0f00 0000 0000 0000 a902 0000 0100 1000 800d 0200 0000 0000  ........................................
2021-03-15T22:19:32.6661366Z 0002a5a8: 1900 0000 0000 0000 3a07 0000 0200 0e00 504b 0100 0000 0000 7d02 0000 0000 0000 b001 0000 0100 1000  ........:.......PK......}...............
2021-03-15T22:19:32.6661890Z 0002a5d0: d00c 0200 0000 0000 1300 0000 0000 0000 e801 0000 0100 1000 a80c 0200 0000 0000 0e00 0000 0000 0000  ........................................
2021-03-15T22:19:32.6662349Z 0002a5f8: 4d07 0000 0200 0e00 d04d 0100 0000 0000 c80e 0000 0000 0000 8b03 0000 0100 1000 400d 0200 0000 0000  M........M......................@.......
2021-03-15T22:19:32.6662815Z 0002a620: 1100 0000 0000 0000 3e01 0000 0100 1000 200d 0200 0000 0000 1200 0000 0000 0000 6001 0000 0100 1000  ........>....... ...............`.......
2021-03-15T22:19:32.6663305Z 0002a648: 000d 0200 0000 0000 1100 0000 0000 0000 b502 0000 0100 1000 600d 0200 0000 0000 1900 0000 0000 0000  ........................`...............
2021-03-15T22:19:32.6663727Z 0002a670: 0402 0000 0100 1000 900c 0200 0000 0000 1200 0000 0000 0000 cc01 0000 0100 1000 700c 0200 0000 0000  ................................p.......
2021-03-15T22:19:32.6664145Z 0002a698: 1600 0000 0000 0000 0601 0000 0100 1000 500c 0200 0000 0000 1400 0000 0000 0000 0601 0000 0100 1000  ................P.......................
2021-03-15T22:19:32.6664599Z 0002a6c0: d00d 0200 0000 0000 0c00 0000 0000 0000 5e07 0000 0200 0e00 6066 0100 0000 0000 1e01 0000 0000 0000  ................^.......`f..............
2021-03-15T22:19:32.6665044Z 0002a6e8: cc01 0000 0100 1000 4820 0200 0000 0000 0b00 0000 0000 0000 6907 0000 0200 0e00 8067 0100 0000 0000  ........H ..............i........g......
2021-03-15T22:19:32.6665514Z 0002a710: 2101 0000 0000 0000 7707 0000 0200 0e00 b068 0100 0000 0000 0c00 0000 0000 0000 8107 0000 0200 0e00  !.......w........h......................
2021-03-15T22:19:32.6667190Z 0002a738: c068 0100 0000 0000 0c00 0000 0000 0000 8b07 0000 0200 0e00 f068 0100 0000 0000 7c00 0000 0000 0000  .h.......................h......|.......
2021-03-15T22:19:32.6667766Z 0002a760: 0402 0000 0100 1000 5820 0200 0000 0000 0b00 0000 0000 0000 8001 0000 0100 1000 9020 0200 0000 0000  ........X ....................... ......
2021-03-15T22:19:32.6668282Z 0002a788: 0b00 0000 0000 0000 9607 0000 0100 1700 c096 0200 0000 0000 a001 0000 0000 0000 a407 0000 0100 1700  ........................................
2021-03-15T22:19:32.6669279Z 0002a7b0: e092 0200 0000 0000 e003 0000 0000 0000 ae07 0000 0100 1000 a020 0200 0000 0000 2d00 0000 0000 0000  ......................... ......-.......
2021-03-15T22:19:32.6670317Z 0002a7d8: 1b00 0000 0100 1000 7020 0200 0000 0000 0f00 0000 0000 0000 e801 0000 0100 1000 6820 0200 0000 0000  ........p ......................h ......
2021-03-15T22:19:32.6670735Z 0002a800: 0800 0000 0000 0000 b907 0000 0100 1000 8020 0200 0000 0000 0b00 0000 0000 0000 0601 0000 0100 1000  ................. ......................
2021-03-15T22:19:32.6671115Z 0002a828: 4020 0200 0000 0000 0500 0000 0000 0000 0402 0000 0100 1000 0022 0200 0000 0000 1100 0000 0000 0000  @ ......................."..............
2021-03-15T22:19:32.6671520Z 0002a850: cc01 0000 0100 1000 e021 0200 0000 0000 1100 0000 0000 0000 0601 0000 0100 1000 c021 0200 0000 0000  .........!.......................!......
2021-03-15T22:19:32.6671935Z 0002a878: 1400 0000 0000 0000 cf07 0000 0200 0e00 a088 0100 0000 0000 1200 0000 0000 0000 dc07 0000 0100 1800  ........................................
2021-03-15T22:19:32.6672361Z 0002a8a0: 00b3 0200 0000 0000 0401 0000 0000 0000 e801 0000 0100 1000 d022 0200 0000 0000 0d00 0000 0000 0000  ........................."..............
2021-03-15T22:19:32.6673062Z 0002a8c8: ec07 0000 0100 1700 6098 0200 0000 0000 c008 0000 0000 0000 0402 0000 0100 1000 c022 0200 0000 0000  ........`........................"......
2021-03-15T22:19:32.6673521Z 0002a8f0: 1000 0000 0000 0000 cc01 0000 0100 1000 b022 0200 0000 0000 0d00 0000 0000 0000 0601 0000 0100 1000  ................."......................
2021-03-15T22:19:32.6673955Z 0002a918: a022 0200 0000 0000 0f00 0000 0000 0000 1b00 0000 0100 1000 4835 0200 0000 0000 0a00 0000 0000 0000  ."......................H5..............
2021-03-15T22:19:32.6674574Z 0002a940: e801 0000 0100 1000 3835 0200 0000 0000 0b00 0000 0000 0000 fa07 0000 0100 1800 00b5 0200 0000 0000  ........85..............................
2021-03-15T22:19:32.6675084Z 0002a968: 0a00 0000 0000 0000 0402 0000 0100 1000 2035 0200 0000 0000 1800 0000 0000 0000 cc01 0000 0100 1000  ................ 5......................
2021-03-15T22:19:32.6675515Z 0002a990: 0035 0200 0000 0000 1100 0000 0000 0000 0601 0000 0100 1000 e034 0200 0000 0000 1600 0000 0000 0000  .5.......................4..............
2021-03-15T22:19:32.6675954Z 0002a9b8: da04 0000 0200 0e00 10d1 0100 0000 0000 0b00 0000 0000 0000 d604 0000 0100 1800 0cb5 0200 0000 0000  ........................................
2021-03-15T22:19:32.6676414Z 0002a9e0: 0400 0000 0000 0000 0608 0000 0200 0e00 00d2 0100 0000 0000 1200 0000 0000 0000 1708 0000 0100 1800  ........................................
2021-03-15T22:19:32.6677010Z 0002aa08: 60bd 0200 0000 0000 0401 0000 0000 0000 1d08 0000 0200 0e00 20d2 0100 0000 0000 4b01 0000 0000 0000  `....................... .......K.......
2021-03-15T22:19:32.6677459Z 0002aa30: cc01 0000 0100 1000 2037 0200 0000 0000 1700 0000 0000 0000 e604 0000 0200 0e00 70d3 0100 0000 0000  ........ 7......................p.......
2021-03-15T22:19:32.6677881Z 0002aa58: 1601 0000 0000 0000 0601 0000 0100 1000 1037 0200 0000 0000 0800 0000 0000 0000 3408 0000 0200 0e00  .................7..............4.......
2021-03-15T22:19:32.6678301Z 0002aa80: 90d4 0100 0000 0000 2a03 0000 0000 0000 0402 0000 0100 1000 3737 0200 0000 0000 0600 0000 0000 0000  ........*...............77..............
2021-03-15T22:19:32.6678734Z 0002aaa8: 3e01 0000 0100 1000 5037 0200 0000 0000 0900 0000 0000 0000 4608 0000 0100 1800 40bd 0200 0000 0000  >.......P7..............F.......@.......
2021-03-15T22:19:32.6679167Z 0002aad0: 0800 0000 0000 0000 5008 0000 0100 1800 40b9 0200 0000 0000 0004 0000 0000 0000 b001 0000 0100 1000  ........P.......@.......................
2021-03-15T22:19:32.6679597Z 0002aaf8: 4037 0200 0000 0000 0d00 0000 0000 0000 5608 0000 0100 1800 40b5 0200 0000 0000 0004 0000 0000 0000  @7..............V.......@...............
2021-03-15T22:19:32.6680559Z 0002ab20: 5c08 0000 0100 1800 20b5 0200 0000 0000 0800 0000 0000 0000 0601 0000 0100 1000 a037 0200 0000 0000  \....... ........................7......
2021-03-15T22:19:32.6681284Z 0002ab48: 1400 0000 0000 0000 6308 0000 0200 0e00 50e5 0100 0000 0000 9000 0000 0000 0000 cc01 0000 0100 1000  ........c.......P.......................
2021-03-15T22:19:32.6681984Z 0002ab70: f037 0200 0000 0000 0d00 0000 0000 0000 1b00 0000 0100 1000 2038 0200 0000 0000 0b00 0000 0000 0000  .7...................... 8..............
2021-03-15T22:19:32.6682675Z 0002ab98: e801 0000 0100 1000 1038 0200 0000 0000 0a00 0000 0000 0000 0402 0000 0100 1000 0038 0200 0000 0000  .........8.......................8......
2021-03-15T22:19:32.6683369Z 0002abc0: 0b00 0000 0000 0000 0601 0000 0100 1000 e037 0200 0000 0000 0c00 0000 0000 0000 7008 0000 0100 1200  .................7..............p.......
2021-03-15T22:19:32.6683960Z 0002abe8: b467 0200 0000 0000 0000 0000 0000 0000 7e08 0000 0200 0e00 b042 0100 0000 0000 b302 0000 0000 0000  .g..............~........B..............
2021-03-15T22:19:32.6685252Z 0002ac10: 8d08 0000 0200 0e00 8082 0100 0000 0000 b704 0000 0000 0000 9e08 0000 0200 0e00 d038 0100 0000 0000  .................................8......
2021-03-15T22:19:32.6686050Z 0002ac38: 8e00 0000 0000 0000 b308 0000 0200 0e00 605e 0100 0000 0000 ff03 0000 0000 0000 c508 0000 0200 0e00  ................`^......................
2021-03-15T22:19:32.6686575Z 0002ac60: 6062 0100 0000 0000 f103 0000 0000 0000 d108 0000 0200 0e00 b0e2 0100 0000 0000 9202 0000 0000 0000  `b......................................
2021-03-15T22:19:32.6687074Z 0002ac88: e508 0000 0200 0e00 3038 0100 0000 0000 4e00 0000 0000 0000 fa08 0000 0200 0e00 a01b 0100 0000 0000  ........08......N.......................
2021-03-15T22:19:32.6687543Z 0002acb0: 2f00 0000 0000 0000 0f09 0000 0200 0e00 70b0 0100 0000 0000 e901 0000 0000 0000 1f09 0000 0200 0e00  /...............p.......................
2021-03-15T22:19:32.6688386Z 0002acd8: 308b 0100 0000 0000 2d02 0000 0000 0000 2c09 0000 0200 0e00 d0b8 0100 0000 0000 3118 0000 0000 0000  0.......-.......,...............1.......
2021-03-15T22:19:32.6688861Z 0002ad00: 3609 0000 0200 0e00 7045 0100 0000 0000 0d02 0000 0000 0000 4709 0000 0200 0e00 e088 0100 0000 0000  6.......pE..............G...............
2021-03-15T22:19:32.6689373Z 0002ad28: e100 0000 0000 0000 5409 0000 0200 0e00 8038 0100 0000 0000 4500 0000 0000 0000 6909 0000 0200 0e00  ........T........8......E.......i.......
2021-03-15T22:19:32.6689830Z 0002ad50: 6039 0100 0000 0000 4500 0000 0000 0000 8009 0000 0200 0e00 a0b7 0100 0000 0000 1200 0000 0000 0000  `9......E...............................
2021-03-15T22:19:32.6690302Z 0002ad78: 8c09 0000 0200 0e00 f049 0100 0000 0000 5301 0000 0000 0000 a509 0000 0200 0e00 608d 0100 0000 0000  .........I......S...............`.......
2021-03-15T22:19:32.6690766Z 0002ada0: e200 0000 0000 0000 b409 0000 0200 0e00 f03b 0100 0000 0000 1e02 0000 0000 0000 c509 0000 0200 0e00  .................;......................
2021-03-15T22:19:32.6691246Z 0002adc8: 20dd 0000 0000 0000 680d 0000 0000 0000 d009 0000 0200 0e00 103e 0100 0000 0000 c301 0000 0000 0000   .......h................>..............
2021-03-15T22:19:32.6691709Z 0002adf0: de09 0000 0200 0e00 d01b 0100 0000 0000 321a 0000 0000 0000 e709 0000 0200 0e00 c09a 0000 0000 0000  ................2.......................
2021-03-15T22:19:32.6692215Z 0002ae18: d801 0000 0000 0000 fe09 0000 0200 0e00 7069 0100 0000 0000 e316 0000 0000 0000 090a 0000 0200 0e00  ................pi......................
2021-03-15T22:19:32.6693126Z 0002ae40: 30b2 0000 0000 0000 a501 0000 0000 0000 150a 0000 0200 0e00 b094 0000 0000 0000 8602 0000 0000 0000  0.......................................
2021-03-15T22:19:32.6693582Z 0002ae68: 250a 0000 0200 0e00 b0a7 0000 0000 0000 5102 0000 0000 0000 350a 0000 0000 1300 f886 0200 0000 0000  %...............Q.......5...............
2021-03-15T22:19:32.6694059Z 0002ae90: 0000 0000 0000 0000 460a 0000 0200 0e00 e0e5 0100 0000 0000 5803 0000 0000 0000 510a 0000 0200 0e00  ........F...............X.......Q.......
2021-03-15T22:19:32.6694553Z 0002aeb8: c0d7 0100 0000 0000 e40a 0000 0000 0000 5a0a 0000 0200 0e00 4087 0100 0000 0000 6001 0000 0000 0000  ................Z.......@.......`.......
2021-03-15T22:19:32.6695025Z 0002aee0: 6e0a 0000 0200 0e00 80ac 0000 0000 0000 bb01 0000 0000 0000 800a 0000 0200 0e00 10aa 0000 0000 0000  n.......................................
2021-03-15T22:19:32.6695547Z 0002af08: 6b02 0000 0000 0000 8d0a 0000 0200 0e00 50b5 0100 0000 0000 5002 0000 0000 0000 9a0a 0000 0200 0e00  k...............P.......P...............
2021-03-15T22:19:32.6696033Z 0002af30: 60b2 0100 0000 0000 5101 0000 0000 0000 a60a 0000 0200 0e00 d089 0100 0000 0000 5501 0000 0000 0000  `.......Q.......................U.......
2021-03-15T22:19:32.6696497Z 0002af58: b60a 0000 0200 0e00 608a 0000 0000 0000 8605 0000 0000 0000 c50a 0000 0200 0e00 20d1 0100 0000 0000  ........`....................... .......
2021-03-15T22:19:32.6696962Z 0002af80: dc00 0000 0000 0000 7107 0000 0200 0e00 d068 0100 0000 0000 1a00 0000 0000 0000 d40a 0000 0200 0e00  ........q........h......................
2021-03-15T22:19:32.6697431Z 0002afa8: f09d 0000 0000 0000 9300 0000 0000 0000 e40a 0000 0100 1500 0087 0200 0000 0000 0000 0000 0000 0000  ........................................
2021-03-15T22:19:32.6697983Z 0002afd0: ed0a 0000 0200 0e00 e092 0000 0000 0000 ca01 0000 0000 0000 f90a 0000 0200 0e00 e03f 0100 0000 0000  .................................?......
2021-03-15T22:19:32.6698464Z 0002aff8: 9b00 0000 0000 0000 070b 0000 0200 0e00 6080 0100 0000 0000 1e02 0000 0000 0000 180b 0000 0200 0e00  ................`.......................
2021-03-15T22:19:32.6698917Z 0002b020: c0b3 0100 0000 0000 8a01 0000 0000 0000 2c0b 0000 0200 0e00 40e9 0100 0000 0000 4d01 0000 0000 0000  ................,.......@.......M.......
2021-03-15T22:19:32.6699363Z 0002b048: 380b 0000 0200 0e00 30c1 0000 0000 0000 5a10 0000 0000 0000 450b 0000 0000 1300 f086 0200 0000 0000  8.......0.......Z.......E...............
2021-03-15T22:19:32.6700183Z 0002b070: 0000 0000 0000 0000 580b 0000 0200 0e00 c088 0100 0000 0000 1200 0000 0000 0000 670b 0000 0200 0e00  ........X.......................g.......
2021-03-15T22:19:32.6700836Z 0002b098: 60a2 0000 0000 0000 5005 0000 0000 0000 710b 0000 0000 1100 2c38 0200 0000 0000 0000 0000 0000 0000  `.......P.......q.......,8..............
2021-03-15T22:19:32.6701332Z 0002b0c0: 840b 0000 0100 1600 5089 0200 0000 0000 0000 0000 0000 0000 9a0b 0000 0200 0e00 f08f 0000 0000 0000  ........P...............................
2021-03-15T22:19:32.6701967Z 0002b0e8: e202 0000 0000 0000 af0b 0000 0200 0e00 a05c 0100 0000 0000 b801 0000 0000 0000 c80b 0000 0200 0e00  .................\......................
2021-03-15T22:19:32.6702448Z 0002b110: c0b8 0100 0000 0000 0600 0000 0000 0000 4217 0000 0200 0b00 0050 0000 0000 0000 0000 0000 0000 0000  ................B........P..............
2021-03-15T22:19:32.6703359Z 0002b138: cf0b 0000 0200 0e00 4097 0000 0000 0000 7a03 0000 0000 0000 de0b 0000 0200 0e00 1036 0100 0000 0000  ........@.......z................6......
2021-03-15T22:19:32.6704154Z 0002b160: b600 0000 0000 0000 e60b 0000 0200 0e00 8040 0100 0000 0000 2102 0000 0000 0000 0000 0000 0300 0100  .................@......!...............
2021-03-15T22:19:32.6704554Z 0002b188: a802 0000 0000 0000 0000 0000 0000 0000 0000 0000 0300 0200 fc02 0000 0000 0000 0000 0000 0000 0000  ........................................
2021-03-15T22:19:32.6705053Z 0002b1b0: 0000 0000 0300 0300 2003 0000 0000 0000 0000 0000 0000 0000 0000 0000 0300 0400 c809 0000 0000 0000  ........ ...............................
2021-03-15T22:19:32.6705434Z 0002b1d8: 0000 0000 0000 0000 0000 0000 0300 0500 380a 0000 0000 0000 0000 0000 0000 0000 0000 0000 0300 0600  ................8.......................
2021-03-15T22:19:32.6705833Z 0002b200: 801f 0000 0000 0000 0000 0000 0000 0000 0000 0000 0300 0700 f22c 0000 0000 0000 0000 0000 0000 0000  .........................,..............
2021-03-15T22:19:32.6706227Z 0002b228: 0000 0000 0300 0800 b82e 0000 0000 0000 0000 0000 0000 0000 0000 0000 0300 0900 b82f 0000 0000 0000  ................................./......
2021-03-15T22:19:32.6706631Z 0002b250: 0000 0000 0000 0000 0000 0000 0300 0a00 f837 0000 0000 0000 0000 0000 0000 0000 0000 0000 0300 0b00  .................7......................
2021-03-15T22:19:32.6707037Z 0002b278: 0050 0000 0000 0000 0000 0000 0000 0000 0000 0000 0300 0c00 2050 0000 0000 0000 0000 0000 0000 0000  .P...................... P..............
2021-03-15T22:19:32.6707684Z 0002b2a0: 0000 0000 0300 0d00 105d 0000 0000 0000 0000 0000 0000 0000 0000 0000 0300 0e00 205d 0000 0000 0000  .........]...................... ]......
2021-03-15T22:19:32.6708096Z 0002b2c8: 0000 0000 0000 0000 0000 0000 0300 0f00 f4ea 0100 0000 0000 0000 0000 0000 0000 0000 0000 0300 1000  ........................................
2021-03-15T22:19:32.6708722Z 0002b2f0: 00f0 0100 0000 0000 0000 0000 0000 0000 0000 0000 0300 1100 2c38 0200 0000 0000 0000 0000 0000 0000  ........................,8..............
2021-03-15T22:19:32.6709136Z 0002b318: 0000 0000 0300 1200 b83c 0200 0000 0000 0000 0000 0000 0000 0000 0000 0300 1300 f086 0200 0000 0000  .........<..............................
2021-03-15T22:19:32.6709911Z 0002b340: 0000 0000 0000 0000 0000 0000 0300 1400 f886 0200 0000 0000 0000 0000 0000 0000 0000 0000 0300 1500  ........................................
2021-03-15T22:19:32.6710553Z 0002b368: 0087 0200 0000 0000 0000 0000 0000 0000 0000 0000 0300 1600 5089 0200 0000 0000 0000 0000 0000 0000  ........................P...............
2021-03-15T22:19:32.6711563Z 0002b390: 0000 0000 0300 1700 0090 0200 0000 0000 0000 0000 0000 0000 0000 0000 0300 1800 60a1 0200 0000 0000  ................................`.......
2021-03-15T22:19:32.6712168Z 0002b3b8: 0000 0000 0000 0000 0000 0000 0300 1900 0000 0000 0000 0000 0000 0000 0000 0000 f30b 0000 1200 0e00  ........................................
2021-03-15T22:19:32.6712890Z 0002b3e0: f0ea 0100 0000 0000 0100 0000 0000 0000 030c 0000 1200 0000 0000 0000 0000 0000 0000 0000 0000 0000  ........................................
2021-03-15T22:19:32.6713718Z 0002b408: 180c 0000 1200 0000 0000 0000 0000 0000 0000 0000 0000 0000 2f0c 0000 1102 1700 1090 0200 0000 0000  ......................../...............
2021-03-15T22:19:32.6714604Z 0002b430: 1800 0000 0000 0000 360c 0000 1200 0000 0000 0000 0000 0000 0000 0000 0000 0000 4f0c 0000 1200 0000  ........6.......................O.......
2021-03-15T22:19:32.6715069Z 0002b458: 0000 0000 0000 0000 0000 0000 0000 0000 6b0c 0000 1200 0000 0000 0000 0000 0000 0000 0000 0000 0000  ................k.......................
2021-03-15T22:19:32.6715543Z 0002b480: 7d0c 0000 1200 0000 0000 0000 0000 0000 0000 0000 0000 0000 920c 0000 1200 0000 0000 0000 0000 0000  }.......................................
2021-03-15T22:19:32.6716019Z 0002b4a8: 0000 0000 0000 0000 a40c 0000 1200 0000 0000 0000 0000 0000 0000 0000 0000 0000 be0c 0000 1200 0000  ........................................
2021-03-15T22:19:32.6716486Z 0002b4d0: 0000 0000 0000 0000 0000 0000 0000 0000 d70c 0000 1200 0000 0000 0000 0000 0000 0000 0000 0000 0000  ........................................
2021-03-15T22:19:32.6717458Z 0002b4f8: ec0c 0000 1200 0000 0000 0000 0000 0000 0000 0000 0000 0000 020d 0000 1200 0000 0000 0000 0000 0000  ........................................
2021-03-15T22:19:32.6717870Z 0002b520: 0000 0000 0000 0000 1e0d 0000 1200 0000 0000 0000 0000 0000 0000 0000 0000 0000 340d 0000 1200 0000  ................................4.......
2021-03-15T22:19:32.6718295Z 0002b548: 0000 0000 0000 0000 0000 0000 0000 0000 520d 0000 1200 0000 0000 0000 0000 0000 0000 0000 0000 0000  ................R.......................
2021-03-15T22:19:32.6718704Z 0002b570: 660d 0000 1200 0000 0000 0000 0000 0000 0000 0000 0000 0000 7b0d 0000 1200 0000 0000 0000 0000 0000  f.......................{...............
2021-03-15T22:19:32.6719128Z 0002b598: 0000 0000 0000 0000 900d 0000 2000 0000 0000 0000 0000 0000 0000 0000 0000 0000 ac0d 0000 1100 1800  ............ ...........................
2021-03-15T22:19:32.6719531Z 0002b5c0: 60a1 0200 0000 0000 0800 0000 0000 0000 5814 0000 2000 1700 0090 0200 0000 0000 0000 0000 0000 0000  `...............X... ...................
2021-03-15T22:19:32.6719955Z 0002b5e8: c00d 0000 1200 0000 0000 0000 0000 0000 0000 0000 0000 0000 d30d 0000 1200 0000 0000 0000 0000 0000  ........................................
2021-03-15T22:19:32.6720376Z 0002b610: 0000 0000 0000 0000 e70d 0000 1102 1700 20a1 0200 0000 0000 0400 0000 0000 0000 fb0d 0000 1102 1800  ................ .......................
2021-03-15T22:19:32.6720818Z 0002b638: 80be 0200 0000 0000 6800 0000 0000 0000 080e 0000 1200 0000 0000 0000 0000 0000 0000 0000 0000 0000  ........h...............................
2021-03-15T22:19:32.6721235Z 0002b660: 260e 0000 1200 0000 0000 0000 0000 0000 0000 0000 0000 0000 3d0e 0000 1200 0000 0000 0000 0000 0000  &.......................=...............
2021-03-15T22:19:32.6721673Z 0002b688: 0000 0000 0000 0000 510e 0000 1200 0000 0000 0000 0000 0000 0000 0000 0000 0000 680e 0000 1200 0000  ........Q.......................h.......
2021-03-15T22:19:32.6722105Z 0002b6b0: 0000 0000 0000 0000 0000 0000 0000 0000 810e 0000 1100 1800 70a1 0200 0000 0000 0800 0000 0000 0000  ........................p...............
2021-03-15T22:19:32.6722535Z 0002b6d8: 940e 0000 1200 0000 0000 0000 0000 0000 0000 0000 0000 0000 a80e 0000 1200 0000 0000 0000 0000 0000  ........................................
2021-03-15T22:19:32.6723185Z 0002b700: 0000 0000 0000 0000 c00e 0000 1200 0000 0000 0000 0000 0000 0000 0000 0000 0000 d60e 0000 1200 0000  ........................................
2021-03-15T22:19:32.6723616Z 0002b728: 0000 0000 0000 0000 0000 0000 0000 0000 eb0e 0000 1200 0000 0000 0000 0000 0000 0000 0000 0000 0000  ........................................
2021-03-15T22:19:32.6724016Z 0002b750: ad1c 0000 1200 0000 0000 0000 0000 0000 0000 0000 0000 0000 fe0e 0000 1200 0000 0000 0000 0000 0000  ........................................
2021-03-15T22:19:32.6724511Z 0002b778: 0000 0000 0000 0000 1c0f 0000 1200 0000 0000 0000 0000 0000 0000 0000 0000 0000 300f 0000 1200 0000  ................................0.......
2021-03-15T22:19:32.6724891Z 0002b7a0: 0000 0000 0000 0000 0000 0000 0000 0000 3010 0000 1200 0000 0000 0000 0000 0000 0000 0000 0000 0000  ................0.......................
2021-03-15T22:19:32.6725495Z 0002b7c8: 410f 0000 1200 0000 0000 0000 0000 0000 0000 0000 0000 0000 580f 0000 1200 0000 0000 0000 0000 0000  A.......................X...............
2021-03-15T22:19:32.6726117Z 0002b7f0: 0000 0000 0000 0000 6e0f 0000 1202 0e00 2088 0000 0000 0000 0700 0000 0000 0000 840f 0000 1000 1700  ........n....... .......................
2021-03-15T22:19:32.6726761Z 0002b818: 60a1 0200 0000 0000 0000 0000 0000 0000 8b0f 0000 1200 0000 0000 0000 0000 0000 0000 0000 0000 0000  `.......................................
2021-03-15T22:19:32.6727234Z 0002b840: 9b0f 0000 1100 1800 78a1 0200 0000 0000 0400 0000 0000 0000 ab0f 0000 1200 0000 0000 0000 0000 0000  ........x...............................
2021-03-15T22:19:32.6727952Z 0002b868: 0000 0000 0000 0000 bf0f 0000 1200 0000 0000 0000 0000 0000 0000 0000 0000 0000 d60f 0000 1200 0000  ........................................
2021-03-15T22:19:32.6728621Z 0002b890: 0000 0000 0000 0000 0000 0000 0000 0000 ea0f 0000 1200 0000 0000 0000 0000 0000 0000 0000 0000 0000  ........................................
2021-03-15T22:19:32.6729293Z 0002b8b8: 0210 0000 1100 1800 7ca1 0200 0000 0000 0400 0000 0000 0000 1610 0000 1200 0000 0000 0000 0000 0000  ........|...............................
2021-03-15T22:19:32.6729768Z 0002b8e0: 0000 0000 0000 0000 2c10 0000 1200 0000 0000 0000 0000 0000 0000 0000 0000 0000 4810 0000 1200 0000  ........,.......................H.......
2021-03-15T22:19:32.6730769Z 0002b908: 0000 0000 0000 0000 0000 0000 0000 0000 5c10 0000 1200 0000 0000 0000 0000 0000 0000 0000 0000 0000  ................\.......................
2021-03-15T22:19:32.6731569Z 0002b930: 7910 0000 1202 0e00 c0b7 0100 0000 0000 f600 0000 0000 0000 9110 0000 1200 0000 0000 0000 0000 0000  y.......................................
2021-03-15T22:19:32.6732235Z 0002b958: 0000 0000 0000 0000 fd0b 0000 1202 0f00 f4ea 0100 0000 0000 0000 0000 0000 0000 a810 0000 1200 0000  ........................................
2021-03-15T22:19:32.6733040Z 0002b980: 0000 0000 0000 0000 0000 0000 0000 0000 bc10 0000 1202 0e00 e03a 0100 0000 0000 0701 0000 0000 0000  .........................:..............
2021-03-15T22:19:32.6733521Z 0002b9a8: cc10 0000 1200 0000 0000 0000 0000 0000 0000 0000 0000 0000 e110 0000 1200 0000 0000 0000 0000 0000  ........................................
2021-03-15T22:19:32.6733985Z 0002b9d0: 0000 0000 0000 0000 f310 0000 1200 0000 0000 0000 0000 0000 0000 0000 0000 0000 0411 0000 1200 0000  ........................................
2021-03-15T22:19:32.6734415Z 0002b9f8: 0000 0000 0000 0000 0000 0000 0000 0000 1711 0000 1200 0000 0000 0000 0000 0000 0000 0000 0000 0000  ........................................
2021-03-15T22:19:32.6734863Z 0002ba20: 3311 0000 1200 0000 0000 0000 0000 0000 0000 0000 0000 0000 4711 0000 1200 0000 0000 0000 0000 0000  3.......................G...............
2021-03-15T22:19:32.6735487Z 0002ba48: 0000 0000 0000 0000 6011 0000 1200 0000 0000 0000 0000 0000 0000 0000 0000 0000 7211 0000 1200 0000  ........`.......................r.......
2021-03-15T22:19:32.6736024Z 0002ba70: 0000 0000 0000 0000 0000 0000 0000 0000 8411 0000 1200 0000 0000 0000 0000 0000 0000 0000 0000 0000  ........................................
2021-03-15T22:19:32.6736830Z 0002ba98: 9611 0000 1200 0000 0000 0000 0000 0000 0000 0000 0000 0000 aa11 0000 1200 0000 0000 0000 0000 0000  ........................................
2021-03-15T22:19:32.6737307Z 0002bac0: 0000 0000 0000 0000 7709 0000 1200 0e00 50a1 0000 0000 0000 0401 0000 0000 0000 b711 0000 1200 0000  ........w.......P.......................
2021-03-15T22:19:32.6737943Z 0002bae8: 0000 0000 0000 0000 0000 0000 0000 0000 ce11 0000 1200 0000 0000 0000 0000 0000 0000 0000 0000 0000  ........................................
2021-03-15T22:19:32.6738627Z 0002bb10: e311 0000 1200 0000 0000 0000 0000 0000 0000 0000 0000 0000 fa11 0000 1200 0000 0000 0000 0000 0000  ........................................
2021-03-15T22:19:32.6739034Z 0002bb38: 0000 0000 0000 0000 891d 0000 1200 0000 0000 0000 0000 0000 0000 0000 0000 0000 1c12 0000 1200 0000  ........................................
2021-03-15T22:19:32.6739449Z 0002bb60: 0000 0000 0000 0000 0000 0000 0000 0000 2f12 0000 1200 0000 0000 0000 0000 0000 0000 0000 0000 0000  ................/.......................
2021-03-15T22:19:32.6739857Z 0002bb88: 4312 0000 1200 0000 0000 0000 0000 0000 0000 0000 0000 0000 5d12 0000 1200 0000 0000 0000 0000 0000  C.......................]...............
2021-03-15T22:19:32.6740305Z 0002bbb0: 0000 0000 0000 0000 7812 0000 1102 1800 e8be 0200 0000 0000 0800 0000 0000 0000 8212 0000 1200 0000  ........x...............................
2021-03-15T22:19:32.6740727Z 0002bbd8: 0000 0000 0000 0000 0000 0000 0000 0000 9512 0000 1200 0000 0000 0000 0000 0000 0000 0000 0000 0000  ........................................
2021-03-15T22:19:32.6741143Z 0002bc00: ae12 0000 1200 0000 0000 0000 0000 0000 0000 0000 0000 0000 c312 0000 1200 0000 0000 0000 0000 0000  ........................................
2021-03-15T22:19:32.6741557Z 0002bc28: 0000 0000 0000 0000 d612 0000 1200 0000 0000 0000 0000 0000 0000 0000 0000 0000 e912 0000 1200 0000  ........................................
2021-03-15T22:19:32.6741979Z 0002bc50: 0000 0000 0000 0000 0000 0000 0000 0000 fd12 0000 1200 0000 0000 0000 0000 0000 0000 0000 0000 0000  ........................................
2021-03-15T22:19:32.6742376Z 0002bc78: 1013 0000 1200 0000 0000 0000 0000 0000 0000 0000 0000 0000 d70f 0000 1200 0000 0000 0000 0000 0000  ........................................
2021-03-15T22:19:32.6743072Z 0002bca0: 0000 0000 0000 0000 2413 0000 1102 1700 50a1 0200 0000 0000 1000 0000 0000 0000 2f13 0000 1200 0000  ........$.......P.............../.......
2021-03-15T22:19:32.6743875Z 0002bcc8: 0000 0000 0000 0000 0000 0000 0000 0000 4313 0000 1200 0000 0000 0000 0000 0000 0000 0000 0000 0000  ................C.......................
2021-03-15T22:19:32.6744573Z 0002bcf0: 5713 0000 1200 0000 0000 0000 0000 0000 0000 0000 0000 0000 6e13 0000 1200 0000 0000 0000 0000 0000  W.......................n...............
2021-03-15T22:19:32.6745031Z 0002bd18: 0000 0000 0000 0000 7b13 0000 1200 0000 0000 0000 0000 0000 0000 0000 0000 0000 8e13 0000 1200 0000  ........{...............................
2021-03-15T22:19:32.6745492Z 0002bd40: 0000 0000 0000 0000 0000 0000 0000 0000 ac08 0000 1200 0e00 909e 0000 0000 0000 6200 0000 0000 0000  ................................b.......
2021-03-15T22:19:32.6746119Z 0002bd68: a413 0000 1200 0000 0000 0000 0000 0000 0000 0000 0000 0000 b813 0000 1200 0000 0000 0000 0000 0000  ........................................
2021-03-15T22:19:32.6746584Z 0002bd90: 0000 0000 0000 0000 ca13 0000 1200 0000 0000 0000 0000 0000 0000 0000 0000 0000 e913 0000 1200 0000  ........................................
2021-03-15T22:19:32.6747038Z 0002bdb8: 0000 0000 0000 0000 0000 0000 0000 0000 fd13 0000 1200 0000 0000 0000 0000 0000 0000 0000 0000 0000  ........................................
2021-03-15T22:19:32.6747866Z 0002bde0: 1014 0000 1200 0000 0000 0000 0000 0000 0000 0000 0000 0000 1c15 0000 1200 0000 0000 0000 0000 0000  ........................................
2021-03-15T22:19:32.6748372Z 0002be08: 0000 0000 0000 0000 2814 0000 1200 0000 0000 0000 0000 0000 0000 0000 0000 0000 4214 0000 1200 0000  ........(.......................B.......
2021-03-15T22:19:32.6748839Z 0002be30: 0000 0000 0000 0000 0000 0000 0000 0000 5614 0000 1000 1700 0090 0200 0000 0000 0000 0000 0000 0000  ................V.......................
2021-03-15T22:19:32.6749633Z 0002be58: 6314 0000 1202 0e00 3088 0000 0000 0000 3002 0000 0000 0000 7c14 0000 1200 0000 0000 0000 0000 0000  c.......0.......0.......|...............
2021-03-15T22:19:32.6750174Z 0002be80: 0000 0000 0000 0000 9014 0000 1200 0000 0000 0000 0000 0000 0000 0000 0000 0000 a514 0000 1200 0000  ........................................
2021-03-15T22:19:32.6751158Z 0002bea8: 0000 0000 0000 0000 0000 0000 0000 0000 f308 0000 1200 0e00 509f 0000 0000 0000 f201 0000 0000 0000  ........................P...............
2021-03-15T22:19:32.6751822Z 0002bed0: bc14 0000 1200 0000 0000 0000 0000 0000 0000 0000 0000 0000 d214 0000 1200 0000 0000 0000 0000 0000  ........................................
2021-03-15T22:19:32.6752497Z 0002bef8: 0000 0000 0000 0000 e514 0000 1100 1800 88a1 0200 0000 0000 0800 0000 0000 0000 f914 0000 1200 0000  ........................................
2021-03-15T22:19:32.6753351Z 0002bf20: 0000 0000 0000 0000 0000 0000 0000 0000 1b15 0000 1200 0000 0000 0000 0000 0000 0000 0000 0000 0000  ........................................
2021-03-15T22:19:32.6753869Z 0002bf48: 3015 0000 1200 0000 0000 0000 0000 0000 0000 0000 0000 0000 4715 0000 1200 0000 0000 0000 0000 0000  0.......................G...............
2021-03-15T22:19:32.6754409Z 0002bf70: 0000 0000 0000 0000 6015 0000 1202 0e00 301b 0100 0000 0000 6c00 0000 0000 0000 be10 0000 1202 0e00  ........`.......0.......l...............
2021-03-15T22:19:32.6755269Z 0002bf98: b039 0100 0000 0000 2601 0000 0000 0000 6c15 0000 2000 0000 0000 0000 0000 0000 0000 0000 0000 0000  .9......&.......l... ...................
2021-03-15T22:19:32.6755749Z 0002bfc0: 7b15 0000 1200 0000 0000 0000 0000 0000 0000 0000 0000 0000 8e15 0000 1200 0000 0000 0000 0000 0000  {.......................................
2021-03-15T22:19:32.6756396Z 0002bfe8: 0000 0000 0000 0000 a415 0000 1200 0000 0000 0000 0000 0000 0000 0000 0000 0000 b715 0000 1200 0000  ........................................
2021-03-15T22:19:32.6757171Z 0002c010: 0000 0000 0000 0000 0000 0000 0000 0000 821c 0000 2100 1800 80a1 0200 0000 0000 0800 0000 0000 0000  ....................!...................
2021-03-15T22:19:32.6757620Z 0002c038: cb15 0000 1102 1700 0890 0200 0000 0000 0000 0000 0000 0000 d815 0000 1102 1800 64be 0200 0000 0000  ................................d.......
2021-03-15T22:19:32.6758070Z 0002c060: 0400 0000 0000 0000 e715 0000 1200 0000 0000 0000 0000 0000 0000 0000 0000 0000 ff15 0000 1200 0000  ........................................
2021-03-15T22:19:32.6758505Z 0002c088: 0000 0000 0000 0000 0000 0000 0000 0000 1216 0000 1100 1800 90a1 0200 0000 0000 0400 0000 0000 0000  ........................................
2021-03-15T22:19:32.6758921Z 0002c0b0: 2016 0000 1200 0000 0000 0000 0000 0000 0000 0000 0000 0000 3816 0000 1200 0000 0000 0000 0000 0000   .......................8...............
2021-03-15T22:19:32.6759369Z 0002c0d8: 0000 0000 0000 0000 4e16 0000 1100 1000 00f0 0100 0000 0000 0400 0000 0000 0000 5d16 0000 1200 0000  ........N.......................].......
2021-03-15T22:19:32.6759816Z 0002c100: 0000 0000 0000 0000 0000 0000 0000 0000 7016 0000 1200 0000 0000 0000 0000 0000 0000 0000 0000 0000  ................p.......................
2021-03-15T22:19:32.6760451Z 0002c128: 8316 0000 1200 0000 0000 0000 0000 0000 0000 0000 0000 0000 9516 0000 1200 0000 0000 0000 0000 0000  ........................................
2021-03-15T22:19:32.6760885Z 0002c150: 0000 0000 0000 0000 aa16 0000 1200 0000 0000 0000 0000 0000 0000 0000 0000 0000 be16 0000 1200 0000  ........................................
2021-03-15T22:19:32.6761406Z 0002c178: 0000 0000 0000 0000 0000 0000 0000 0000 d216 0000 1200 0000 0000 0000 0000 0000 0000 0000 0000 0000  ........................................
2021-03-15T22:19:32.6761865Z 0002c1a0: e916 0000 1200 0000 0000 0000 0000 0000 0000 0000 0000 0000 fe16 0000 1200 0000 0000 0000 0000 0000  ........................................
2021-03-15T22:19:32.6762506Z 0002c1c8: 0000 0000 0000 0000 0c17 0000 1200 0000 0000 0000 0000 0000 0000 0000 0000 0000 2117 0000 1200 0000  ................................!.......
2021-03-15T22:19:32.6763850Z 0002c1f0: 0000 0000 0000 0000 0000 0000 0000 0000 3817 0000 1200 0e00 90ea 0100 0000 0000 5d00 0000 0000 0000  ................8...............].......
2021-03-15T22:19:32.6764611Z 0002c218: 4817 0000 1200 0000 0000 0000 0000 0000 0000 0000 0000 0000 5c17 0000 1200 0000 0000 0000 0000 0000  H.......................\...............
2021-03-15T22:19:32.6765066Z 0002c240: 0000 0000 0000 0000 7017 0000 1200 0000 0000 0000 0000 0000 0000 0000 0000 0000 8417 0000 1200 0000  ........p...............................
2021-03-15T22:19:32.6765717Z 0002c268: 0000 0000 0000 0000 0000 0000 0000 0000 9817 0000 1200 0000 0000 0000 0000 0000 0000 0000 0000 0000  ........................................
2021-03-15T22:19:32.6766313Z 0002c290: ad17 0000 1200 0000 0000 0000 0000 0000 0000 0000 0000 0000 c317 0000 1200 0000 0000 0000 0000 0000  ........................................
2021-03-15T22:19:32.6766946Z 0002c2b8: 0000 0000 0000 0000 d717 0000 1200 0000 0000 0000 0000 0000 0000 0000 0000 0000 ee17 0000 1200 0000  ........................................
2021-03-15T22:19:32.6767535Z 0002c2e0: 0000 0000 0000 0000 0000 0000 0000 0000 0418 0000 1200 0000 0000 0000 0000 0000 0000 0000 0000 0000  ........................................
2021-03-15T22:19:32.6767971Z 0002c308: 1918 0000 1200 0000 0000 0000 0000 0000 0000 0000 0000 0000 410a 0000 1000 1800 48bf 0200 0000 0000  ........................A.......H.......
2021-03-15T22:19:32.6768393Z 0002c330: 0000 0000 0000 0000 3518 0000 1200 0000 0000 0000 0000 0000 0000 0000 0000 0000 4b18 0000 1200 0000  ........5.......................K.......
2021-03-15T22:19:32.6768987Z 0002c358: 0000 0000 0000 0000 0000 0000 0000 0000 5c14 0000 1200 0e00 1083 0000 0000 0000 2b00 0000 0000 0000  ................\...............+.......
2021-03-15T22:19:32.6769391Z 0002c380: 5f18 0000 1200 0000 0000 0000 0000 0000 0000 0000 0000 0000 7418 0000 1200 0000 0000 0000 0000 0000  _.......................t...............
2021-03-15T22:19:32.6769997Z 0002c3a8: 0000 0000 0000 0000 8918 0000 1200 0000 0000 0000 0000 0000 0000 0000 0000 0000 9f18 0000 1200 0000  ........................................
2021-03-15T22:19:32.6770405Z 0002c3d0: 0000 0000 0000 0000 0000 0000 0000 0000 b318 0000 1200 0000 0000 0000 0000 0000 0000 0000 0000 0000  ........................................
2021-03-15T22:19:32.6771204Z 0002c3f8: c418 0000 1200 0000 0000 0000 0000 0000 0000 0000 0000 0000 de18 0000 1200 0000 0000 0000 0000 0000  ........................................
2021-03-15T22:19:32.6771713Z 0002c420: 0000 0000 0000 0000 ef18 0000 1200 0000 0000 0000 0000 0000 0000 0000 0000 0000 0a19 0000 1200 0000  ........................................
2021-03-15T22:19:32.6772179Z 0002c448: 0000 0000 0000 0000 0000 0000 0000 0000 2119 0000 1200 0000 0000 0000 0000 0000 0000 0000 0000 0000  ................!.......................
2021-03-15T22:19:32.6772844Z 0002c470: 3919 0000 1200 0000 0000 0000 0000 0000 0000 0000 0000 0000 4c19 0000 1200 0000 0000 0000 0000 0000  9.......................L...............
2021-03-15T22:19:32.6773489Z 0002c498: 0000 0000 0000 0000 5b19 0000 1200 0000 0000 0000 0000 0000 0000 0000 0000 0000 6d19 0000 1100 1800  ........[.......................m.......
2021-03-15T22:19:32.6773987Z 0002c4c0: a0a1 0200 0000 0000 0400 0000 0000 0000 7c19 0000 1000 1800 60a1 0200 0000 0000 0000 0000 0000 0000  ................|.......`...............
2021-03-15T22:19:32.6775177Z 0002c4e8: 8819 0000 1200 0000 0000 0000 0000 0000 0000 0000 0000 0000 9419 0000 1200 0000 0000 0000 0000 0000  ........................................
2021-03-15T22:19:32.6775691Z 0002c510: 0000 0000 0000 0000 a619 0000 1200 0000 0000 0000 0000 0000 0000 0000 0000 0000 bd19 0000 1200 0000  ........................................
2021-03-15T22:19:32.6776337Z 0002c538: 0000 0000 0000 0000 0000 0000 0000 0000 d219 0000 1200 0e00 205d 0000 0000 0000 ed25 0000 0000 0000  ........................ ].......%......
2021-03-15T22:19:32.6776805Z 0002c560: d719 0000 1200 0000 0000 0000 0000 0000 0000 0000 0000 0000 f119 0000 1200 0000 0000 0000 0000 0000  ........................................
2021-03-15T22:19:32.6777244Z 0002c588: 0000 0000 0000 0000 061a 0000 1200 0000 0000 0000 0000 0000 0000 0000 0000 0000 1e1a 0000 1200 0000  ........................................
2021-03-15T22:19:32.6778109Z 0002c5b0: 0000 0000 0000 0000 0000 0000 0000 0000 351a 0000 1200 0000 0000 0000 0000 0000 0000 0000 0000 0000  ................5.......................
2021-03-15T22:19:32.6779071Z 0002c5d8: 491a 0000 1200 0000 0000 0000 0000 0000 0000 0000 0000 0000 671a 0000 1200 0000 0000 0000 0000 0000  I.......................g...............
2021-03-15T22:19:32.6779714Z 0002c600: 0000 0000 0000 0000 751a 0000 1200 0000 0000 0000 0000 0000 0000 0000 0000 0000 951a 0000 1200 0000  ........u...............................
2021-03-15T22:19:32.6780334Z 0002c628: 0000 0000 0000 0000 0000 0000 0000 0000 a91a 0000 1200 0000 0000 0000 0000 0000 0000 0000 0000 0000  ........................................
2021-03-15T22:19:32.6780791Z 0002c650: be1a 0000 1200 0000 0000 0000 0000 0000 0000 0000 0000 0000 d416 0000 1200 0000 0000 0000 0000 0000  ........................................
2021-03-15T22:19:32.6781247Z 0002c678: 0000 0000 0000 0000 cd1a 0000 1200 0000 0000 0000 0000 0000 0000 0000 0000 0000 e41a 0000 1200 0000  ........................................
2021-03-15T22:19:32.6781915Z 0002c6a0: 0000 0000 0000 0000 0000 0000 0000 0000 051b 0000 1200 0000 0000 0000 0000 0000 0000 0000 0000 0000  ........................................
2021-03-15T22:19:32.6782490Z 0002c6c8: 3c1b 0000 1200 0000 0000 0000 0000 0000 0000 0000 0000 0000 151b 0000 1200 0000 0000 0000 0000 0000  <.......................................
2021-03-15T22:19:32.6783202Z 0002c6f0: 0000 0000 0000 0000 291b 0000 1200 0000 0000 0000 0000 0000 0000 0000 0000 0000 3b1b 0000 1200 0000  ........).......................;.......
2021-03-15T22:19:32.6783794Z 0002c718: 0000 0000 0000 0000 0000 0000 0000 0000 4e1b 0000 1200 0000 0000 0000 0000 0000 0000 0000 0000 0000  ................N.......................
2021-03-15T22:19:32.6784250Z 0002c740: 631b 0000 1200 0000 0000 0000 0000 0000 0000 0000 0000 0000 751b 0000 1200 0000 0000 0000 0000 0000  c.......................u...............
2021-03-15T22:19:32.6784873Z 0002c768: 0000 0000 0000 0000 881b 0000 1200 0000 0000 0000 0000 0000 0000 0000 0000 0000 9d1b 0000 1200 0000  ........................................
2021-03-15T22:19:32.6785310Z 0002c790: 0000 0000 0000 0000 0000 0000 0000 0000 b11b 0000 1200 0000 0000 0000 0000 0000 0000 0000 0000 0000  ........................................
2021-03-15T22:19:32.6785739Z 0002c7b8: c11b 0000 1200 0000 0000 0000 0000 0000 0000 0000 0000 0000 da1b 0000 1200 0000 0000 0000 0000 0000  ........................................
2021-03-15T22:19:32.6786198Z 0002c7e0: 0000 0000 0000 0000 ef1b 0000 1200 0000 0000 0000 0000 0000 0000 0000 0000 0000 011c 0000 1200 0000  ........................................
2021-03-15T22:19:32.6786624Z 0002c808: 0000 0000 0000 0000 0000 0000 0000 0000 151c 0000 1200 0000 0000 0000 0000 0000 0000 0000 0000 0000  ........................................
2021-03-15T22:19:32.6787212Z 0002c830: 251c 0000 1200 0000 0000 0000 0000 0000 0000 0000 0000 0000 3a1c 0000 1102 1700 40a1 0200 0000 0000  %.......................:.......@.......
2021-03-15T22:19:32.6787664Z 0002c858: 1000 0000 0000 0000 481c 0000 1202 0e00 c0b1 0000 0000 0000 6800 0000 0000 0000 581c 0000 1200 0000  ........H...............h.......X.......
2021-03-15T22:19:32.6788127Z 0002c880: 0000 0000 0000 0000 0000 0000 0000 0000 6f1c 0000 1200 0000 0000 0000 0000 0000 0000 0000 0000 0000  ................o.......................
2021-03-15T22:19:32.6788624Z 0002c8a8: 801c 0000 1100 1800 80a1 0200 0000 0000 0800 0000 0000 0000 971c 0000 1200 0000 0000 0000 0000 0000  ........................................
2021-03-15T22:19:32.6789082Z 0002c8d0: 0000 0000 0000 0000 c10d 0000 1200 0000 0000 0000 0000 0000 0000 0000 0000 0000 ac1c 0000 1200 0000  ........................................
2021-03-15T22:19:32.6789501Z 0002c8f8: 0000 0000 0000 0000 0000 0000 0000 0000 c01c 0000 1200 0000 0000 0000 0000 0000 0000 0000 0000 0000  ........................................
2021-03-15T22:19:32.6790070Z 0002c920: d41c 0000 1102 1700 60a1 0200 0000 0000 0000 0000 0000 0000 e01c 0000 1200 0000 0000 0000 0000 0000  ........`...............................
2021-03-15T22:19:32.6790519Z 0002c948: 0000 0000 0000 0000 fb1c 0000 1202 0e00 0084 0000 0000 0000 1104 0000 0000 0000 0d1d 0000 1200 0000  ........................................
2021-03-15T22:19:32.6790945Z 0002c970: 0000 0000 0000 0000 0000 0000 0000 0000 1e1d 0000 1200 0000 0000 0000 0000 0000 0000 0000 0000 0000  ........................................
2021-03-15T22:19:32.6791726Z 0002c998: 351d 0000 2000 0000 0000 0000 0000 0000 0000 0000 0000 0000 4f1d 0000 1200 0000 0000 0000 0000 0000  5... ...................O...............
2021-03-15T22:19:32.6792166Z 0002c9c0: 0000 0000 0000 0000 631d 0000 1200 0000 0000 0000 0000 0000 0000 0000 0000 0000 771d 0000 1202 0e00  ........c.......................w.......
2021-03-15T22:19:32.6792989Z 0002c9e8: 60b0 0100 0000 0000 0300 0000 0000 0000 861d 0000 1200 0000 0000 0000 0000 0000 0000 0000 0000 0000  `.......................................
2021-03-15T22:19:32.6793437Z 0002ca10: 9a1d 0000 1200 0000 0000 0000 0000 0000 0000 0000 0000 0000 b81d 0000 1200 0000 0000 0000 0000 0000  ........................................
2021-03-15T22:19:32.6793909Z 0002ca38: 0000 0000 0000 0000 c71d 0000 1200 0000 0000 0000 0000 0000 0000 0000 0000 0000 dd1d 0000 1200 0000  ........................................
2021-03-15T22:19:32.6794359Z 0002ca60: 0000 0000 0000 0000 0000 0000 0000 0000 f01d 0000 1200 0000 0000 0000 0000 0000 0000 0000 0000 0000  ........................................
2021-03-15T22:19:32.6794980Z 0002ca88: 071e 0000 1102 1700 30a1 0200 0000 0000 1000 0000 0000 0000 181e 0000 1200 0000 0000 0000 0000 0000  ........0...............................
2021-03-15T22:19:32.6795936Z 0002cab0: 0000 0000 0000 0000 bb11 0000 1200 0000 0000 0000 0000 0000 0000 0000 0000 0000 271e 0000 1200 0000  ................................'.......
2021-03-15T22:19:32.6796385Z 0002cad8: 0000 0000 0000 0000 0000 0000 0000 0000 3a1e 0000 2200 0000 0000 0000 0000 0000 0000 0000 0000 0000  ................:..."...................
2021-03-15T22:19:32.6797178Z 0002cb00: 561e 0000 1200 0000 0000 0000 0000 0000 0000 0000 0000 0000 2304 0000 1200 0e00 009f 0000 0000 0000  V.......................#...............
2021-03-15T22:19:32.6797653Z 0002cb28: 4600 0000 0000 0000 6d1e 0000 1200 0000 0000 0000 0000 0000 0000 0000 0000 0000 821e 0000 1200 0000  F.......m...............................
2021-03-15T22:19:32.6798111Z 0002cb50: 0000 0000 0000 0000 0000 0000 0000 0000 9a1e 0000 1102 1800 00bf 0200 0000 0000 4800 0000 0000 0000  ................................H.......
2021-03-15T22:19:32.6798558Z 0002cb78: a81e 0000 1200 0000 0000 0000 0000 0000 0000 0000 0000 0000 c11e 0000 1100 1800 c0a1 0200 0000 0000  ........................................
2021-03-15T22:19:32.6799006Z 0002cba0: 0800 0000 0000 0000 d51e 0000 1200 0000 0000 0000 0000 0000 0000 0000 0000 0000 ea1e 0000 1200 0000  ........................................
2021-03-15T22:19:32.6799530Z 0002cbc8: 0000 0000 0000 0000 0000 0000 0000 0000 005f 5f61 6269 5f74 6167 0070 6c75 6769 6e5f 6576 656e 745f  .................__abi_tag.plugin_event_
2021-03-15T22:19:32.6800110Z 0002cbf0: 6664 005f 5f66 756e 635f 5f2e 3400 7375 646f 5f63 6865 636b 5f73 7569 6400 5f5f 6675 6e63 5f5f 2e34  fd.__func__.4.sudo_check_suid.__func__.4
2021-03-15T22:19:32.6800831Z 0002cc18: 3100 666f 726d 6174 5f70 6c75 6769 6e5f 7365 7474 696e 6773 005f 5f66 756e 635f 5f2e 3333 0070 6f6c  1.format_plugin_settings.__func__.33.pol
2021-03-15T22:19:32.6801492Z 0002cc40: 6963 795f 636c 6f73 6500 5f5f 6675 6e63 5f5f 2e32 3400 636f 6d6d 616e 645f 6465 7461 696c 7300 6175  icy_close.__func__.24.command_details.au
2021-03-15T22:19:32.6802127Z 0002cc68: 6469 745f 636c 6f73 6500 5f5f 6675 6e63 5f5f 2e32 3300 6175 6469 745f 6572 726f 7232 005f 5f66 756e  dit_close.__func__.23.audit_error2.__fun
2021-03-15T22:19:32.6802912Z 0002cc90: 635f 5f2e 3136 0061 7564 6974 5f61 6363 6570 7400 5f5f 6675 6e63 5f5f 2e31 3700 696f 6c6f 675f 636c  c__.16.audit_accept.__func__.17.iolog_cl
2021-03-15T22:19:32.6803809Z 0002ccb8: 6f73 6500 5f5f 6675 6e63 5f5f 2e31 3200 706c 7567 696e 5f65 7665 6e74 5f63 616c 6c62 6163 6b00 5f5f  ose.__func__.12.plugin_event_callback.__
2021-03-15T22:19:32.6804454Z 0002cce0: 6675 6e63 5f5f 2e30 0069 6f6c 6f67 5f6f 7065 6e5f 696e 7400 5f5f 6675 6e63 5f5f 2e32 3900 706c 7567  func__.0.iolog_open_int.__func__.29.plug
2021-03-15T22:19:32.6805116Z 0002cd08: 696e 5f65 7665 6e74 5f66 7265 6500 5f5f 6675 6e63 5f5f 2e38 0070 6c75 6769 6e5f 6576 656e 745f 6c6f  in_event_free.__func__.8.plugin_event_lo
2021-03-15T22:19:32.6805775Z 0002cd30: 6f70 6272 6561 6b00 5f5f 6675 6e63 5f5f 2e37 0070 6c75 6769 6e5f 6576 656e 745f 7365 7462 6173 6500  opbreak.__func__.7.plugin_event_setbase.
2021-03-15T22:19:32.6806453Z 0002cd58: 5f5f 6675 6e63 5f5f 2e36 0073 7564 6f5f 6576 656e 745f 6261 7365 0070 6c75 6769 6e5f 6576 656e 745f  __func__.6.sudo_event_base.plugin_event_
2021-03-15T22:19:32.6807117Z 0002cd80: 7065 6e64 696e 6700 5f5f 6675 6e63 5f5f 2e35 0070 6c75 6769 6e5f 6576 656e 745f 7365 7400 5f5f 6675  pending.__func__.5.plugin_event_set.__fu
2021-03-15T22:19:32.6807818Z 0002cda8: 6e63 5f5f 2e31 0070 6c75 6769 6e5f 6576 656e 745f 6465 6c00 5f5f 6675 6e63 5f5f 2e33 0070 6c75 6769  nc__.1.plugin_event_del.__func__.3.plugi
2021-03-15T22:19:32.6808459Z 0002cdd0: 6e5f 6576 656e 745f 6164 6400 5f5f 6675 6e63 5f5f 2e32 0067 6574 5f75 7365 725f 696e 666f 2e63 6f6e  n_event_add.__func__.2.get_user_info.con
2021-03-15T22:19:32.6809113Z 0002cdf8: 7374 7072 6f70 2e30 005f 5f66 756e 635f 5f2e 3430 005f 5f66 756e 635f 5f2e 3339 005f 5f66 756e 635f  stprop.0.__func__.40.__func__.39.__func_
2021-03-15T22:19:32.6809737Z 0002ce20: 5f2e 3338 0075 6e6c 696e 6b5f 706c 7567 696e 005f 5f66 756e 635f 5f2e 3336 005f 5f66 756e 635f 5f2e  _.38.unlink_plugin.__func__.36.__func__.
2021-03-15T22:19:32.6810374Z 0002ce48: 3335 0061 7070 726f 7661 6c5f 6f70 656e 5f69 6e74 005f 5f66 756e 635f 5f2e 3237 005f 5f66 756e 635f  35.approval_open_int.__func__.27.__func_
2021-03-15T22:19:32.6810987Z 0002ce70: 5f2e 3134 005f 5f66 756e 635f 5f2e 3133 005f 5f66 756e 635f 5f2e 3131 005f 5f66 756e 635f 5f2e 3130  _.14.__func__.13.__func__.11.__func__.10
2021-03-15T22:19:32.6811561Z 0002ce98: 005f 5f66 756e 635f 5f2e 3432 0073 7564 6f5f 6d6f 6465 005f 5f66 756e 635f 5f2e 3433 005f 5f66 756e  .__func__.42.sudo_mode.__func__.43.__fun
2021-03-15T22:19:32.6812159Z 0002cec0: 635f 5f2e 3337 005f 5f66 756e 635f 5f2e 3334 005f 5f66 756e 635f 5f2e 3230 005f 5f66 756e 635f 5f2e  c__.37.__func__.34.__func__.20.__func__.
2021-03-15T22:19:32.6812727Z 0002cee8: 3332 005f 5f66 756e 635f 5f2e 3232 005f 5f66 756e 635f 5f2e 3235 005f 5f66 756e 635f 5f2e 3331 005f  32.__func__.22.__func__.25.__func__.31._
2021-03-15T22:19:32.6813307Z 0002cf10: 5f66 756e 635f 5f2e 3330 005f 5f66 756e 635f 5f2e 3238 005f 5f66 756e 635f 5f2e 3231 005f 5f66 756e  _func__.30.__func__.28.__func__.21.__fun
2021-03-15T22:19:32.6813871Z 0002cf38: 635f 5f2e 3236 005f 5f66 756e 635f 5f2e 3139 005f 5f66 756e 635f 5f2e 3138 005f 5f66 756e 635f 5f2e  c__.26.__func__.19.__func__.18.__func__.
2021-03-15T22:19:32.6814490Z 0002cf60: 3135 005f 5f66 756e 635f 5f2e 3900 6465 7265 6769 7374 6572 5f74 6d5f 636c 6f6e 6573 005f 5f64 6f5f  15.__func__.9.deregister_tm_clones.__do_
2021-03-15T22:19:32.6815158Z 0002cf88: 676c 6f62 616c 5f64 746f 7273 5f61 7578 0063 6f6d 706c 6574 6564 2e30 005f 5f64 6f5f 676c 6f62 616c  global_dtors_aux.completed.0.__do_global
2021-03-15T22:19:32.6815915Z 0002cfb0: 5f64 746f 7273 5f61 7578 5f66 696e 695f 6172 7261 795f 656e 7472 7900 6672 616d 655f 6475 6d6d 7900  _dtors_aux_fini_array_entry.frame_dummy.
2021-03-15T22:19:32.6816587Z 0002cfd8: 5f5f 6672 616d 655f 6475 6d6d 795f 696e 6974 5f61 7272 6179 5f65 6e74 7279 0072 706c 5f70 7574 656e  __frame_dummy_init_array_entry.rpl_puten
2021-03-15T22:19:32.6817295Z 0002d000: 7600 7072 6976 5f65 6e76 6972 6f6e 0070 7265 6c6f 6164 5f64 736f 0064 656c 6976 6572 5f73 6967 6e61  v.priv_environ.preload_dso.deliver_signa
2021-03-15T22:19:32.6818093Z 0002d028: 6c00 7474 795f 696e 6974 6961 6c69 7a65 6400 6d6f 6e5f 6261 636b 6368 616e 6e65 6c5f 6362 006d 6f6e  l.tty_initialized.mon_backchannel_cb.mon
2021-03-15T22:19:32.6819481Z 0002d050: 5f65 7272 7069 7065 5f63 6200 7365 6e64 5f73 7461 7475 732e 6973 7261 2e30 006d 6f6e 5f73 6967 6e61  _errpipe_cb.send_status.isra.0.mon_signa
2021-03-15T22:19:32.6820250Z 0002d078: 6c5f 6362 0068 616e 646c 655f 7369 6763 686c 645f 6e6f 7074 7900 7369 676e 616c 5f63 625f 6e6f 7074  l_cb.handle_sigchld_nopty.signal_cb_nopt
2021-03-15T22:19:32.6821159Z 0002d0a0: 7900 676f 745f 7369 6774 7469 6e00 676f 745f 7369 6774 746f 7500 6c6f 675f 7375 7370 656e 6400 7474  y.got_sigttin.got_sigttou.log_suspend.tt
2021-03-15T22:19:32.6821882Z 0002d0c8: 7962 6c6f 636b 006c 6f67 5f73 7464 696e 006c 6f67 5f74 7479 696e 006c 6f67 5f73 7464 6572 7200 6c6f  yblock.log_stdin.log_ttyin.log_stderr.lo
2021-03-15T22:19:32.6825754Z 0002d0f0: 675f 7374 646f 7574 006c 6f67 5f74 7479 6f75 7400 6164 645f 696f 5f65 7665 6e74 7300 696f 6275 6673  g_stdout.log_ttyout.add_io_events.iobufs
2021-03-15T22:19:32.6827004Z 0002d118: 0074 7479 6d6f 6465 0073 656e 645f 636f 6d6d 616e 645f 7374 6174 7573 0073 6368 6564 756c 655f 7369  .ttymode.send_command_status.schedule_si
2021-03-15T22:19:32.6828187Z 0002d140: 676e 616c 0073 796e 635f 7474 7973 697a 6500 6368 6563 6b5f 666f 7265 6772 6f75 6e64 0066 7764 6368  gnal.sync_ttysize.check_foreground.fwdch
2021-03-15T22:19:32.6829161Z 0002d168: 616e 6e65 6c5f 6362 0064 656c 5f69 6f5f 6576 656e 7473 0073 7573 7065 6e64 5f73 7564 6f00 7369 676e  annel_cb.del_io_events.suspend_sudo.sign
2021-03-15T22:19:32.6829959Z 0002d190: 616c 5f63 625f 7074 7900 696f 5f62 7566 5f6e 6577 2e63 6f6e 7374 7072 6f70 2e30 0072 6561 645f 6361  al_cb_pty.io_buf_new.constprop.0.read_ca
2021-03-15T22:19:32.6831213Z 0002d1b8: 6c6c 6261 636b 0077 7269 7465 5f63 616c 6c62 6163 6b00 6576 5f66 7265 655f 6279 5f66 642e 636f 6e73  llback.write_callback.ev_free_by_fd.cons
2021-03-15T22:19:32.6832682Z 0002d1e0: 7470 726f 702e 3000 7361 6665 5f63 6c6f 7365 2e69 7372 612e 3000 7574 6d70 5f75 7365 7200 7074 796e  tprop.0.safe_close.isra.0.utmp_user.ptyn
2021-03-15T22:19:32.6833771Z 0002d208: 616d 6500 7069 7065 6c69 6e65 0064 6572 6567 6973 7465 725f 686f 6f6b 5f69 6e74 6572 6e61 6c00 7375  ame.pipeline.deregister_hook_internal.su
2021-03-15T22:19:32.6834750Z 0002d230: 646f 5f68 6f6f 6b5f 7365 7465 6e76 5f6c 6973 7400 7375 646f 5f68 6f6f 6b5f 7075 7465 6e76 5f6c 6973  do_hook_setenv_list.sudo_hook_putenv_lis
2021-03-15T22:19:32.6835974Z 0002d258: 7400 7375 646f 5f68 6f6f 6b5f 6765 7465 6e76 5f6c 6973 7400 7375 646f 5f68 6f6f 6b5f 756e 7365 7465  t.sudo_hook_getenv_list.sudo_hook_unsete
2021-03-15T22:19:32.6837864Z 0002d280: 6e76 5f6c 6973 7400 636f 7265 6c69 6d69 7400 6475 6d70 666c 6167 0063 6f72 6564 756d 705f 6469 7361  nv_list.corelimit.dumpflag.coredump_disa
2021-03-15T22:19:32.6839038Z 0002d2a8: 626c 6564 006e 7072 6f63 6c69 6d69 7400 7361 7665 645f 6c69 6d69 7473 006e 6f66 696c 655f 6661 6c6c  bled.nproclimit.saved_limits.nofile_fall
2021-03-15T22:19:32.6840482Z 0002d2d0: 6261 636b 0073 7461 636b 5f66 616c 6c62 6163 6b00 6672 6565 5f70 6c75 6769 6e5f 696e 666f 0070 6c75  back.stack_fallback.free_plugin_info.plu
2021-03-15T22:19:32.6841749Z 0002d2f8: 6769 6e5f 6578 6973 7473 0066 696c 6c5f 636f 6e74 6169 6e65 7200 7375 646f 5f69 6e73 6572 745f 706c  gin_exists.fill_container.sudo_insert_pl
2021-03-15T22:19:32.6842503Z 0002d320: 7567 696e 0073 7564 6f5f 6c6f 6164 5f70 6c75 6769 6e00 656e 765f 696e 7365 7274 0064 6973 706c 6179  ugin.sudo_load_plugin.env_insert.display
2021-03-15T22:19:32.6843947Z 0002d348: 5f75 7361 6765 0075 7361 6765 5f6f 7574 0075 7361 6765 5f65 7272 0075 7361 6765 5f65 7863 6c00 7375  _usage.usage_out.usage_err.usage_excl.su
2021-03-15T22:19:32.6844709Z 0002d370: 646f 5f73 6574 7469 6e67 7300 6c6f 6e67 5f6f 7074 7300 7368 6f72 745f 6f70 7473 005f 5f50 5245 5454  do_settings.long_opts.short_opts.__PRETT
2021-03-15T22:19:32.6846017Z 0002d398: 595f 4655 4e43 5449 4f4e 5f5f 2e35 0073 7564 6f5f 6861 6e64 6c65 7200 7065 6e64 696e 675f 7369 676e  Y_FUNCTION__.5.sudo_handler.pending_sign
2021-03-15T22:19:32.6847173Z 0002d3c0: 616c 7300 7361 7665 645f 7369 676e 616c 7300 6564 6974 5f74 6d70 6469 7200 7467 6574 7061 7373 5f68  als.saved_signals.edit_tmpdir.tgetpass_h
2021-03-15T22:19:32.6848347Z 0002d3e8: 616e 646c 6572 0073 6967 6e6f 0074 6765 7470 6173 735f 6469 7370 6c61 795f 6572 726f 7200 6765 746c  andler.signo.tgetpass_display_error.getl
2021-03-15T22:19:32.6849328Z 0002d410: 6e2e 636f 6e73 7470 726f 702e 3000 6173 6b70 6173 732e 3700 6275 662e 3600 6275 662e 3400 7061 7373  n.constprop.0.askpass.7.buf.6.buf.4.pass
2021-03-15T22:19:32.6850377Z 0002d438: 2e33 0075 746d 705f 7365 7474 696d 6500 5f5f 4652 414d 455f 454e 445f 5f00 7265 7374 6f72 655f 6c69  .3.utmp_settime.__FRAME_END__.restore_li
2021-03-15T22:19:32.6851252Z 0002d460: 6d69 7473 0063 6c6f 7365 6672 6f6d 5f65 7863 6570 7400 7072 6f63 6573 735f 686f 6f6b 735f 6765 7465  mits.closefrom_except.process_hooks_gete
2021-03-15T22:19:32.6852200Z 0002d488: 6e76 0073 7564 6f5f 6c6f 6164 5f70 6c75 6769 6e73 0067 6574 5f6e 6574 5f69 6673 0067 6574 5f70 726f  nv.sudo_load_plugins.get_net_ifs.get_pro
2021-03-15T22:19:32.6853133Z 0002d4b0: 6365 7373 5f74 7479 6e61 6d65 0070 726f 6365 7373 5f68 6f6f 6b73 5f73 6574 656e 7600 7074 795f 6d61  cess_ttyname.process_hooks_setenv.pty_ma
2021-03-15T22:19:32.6853944Z 0002d4d8: 6b65 5f63 6f6e 7472 6f6c 6c69 6e67 0073 6574 5f75 7365 725f 6772 6f75 7073 0069 6e69 745f 7369 676e  ke_controlling.set_user_groups.init_sign
2021-03-15T22:19:32.6855098Z 0002d500: 616c 7300 7375 646f 5f65 6469 7400 7365 7269 616c 697a 655f 6c69 6d69 7473 0073 6176 655f 7369 676e  als.sudo_edit.serialize_limits.save_sign
2021-03-15T22:19:32.6855882Z 0002d528: 616c 7300 7072 6f63 6573 735f 686f 6f6b 735f 7075 7465 6e76 0070 726f 6365 7373 5f68 6f6f 6b73 5f75  als.process_hooks_putenv.process_hooks_u
2021-03-15T22:19:32.6856805Z 0002d550: 6e73 6574 656e 7600 6175 6469 745f 6572 726f 7200 7375 646f 5f70 6c75 6769 6e5f 7472 795f 746f 5f63  nsetenv.audit_error.sudo_plugin_try_to_c
2021-03-15T22:19:32.6857740Z 0002d578: 6c6f 6e65 0073 7564 6f5f 7369 6761 6374 696f 6e00 6469 7361 626c 655f 636f 7265 6475 6d70 0065 7865  lone.sudo_sigaction.disable_coredump.exe
2021-03-15T22:19:32.6858493Z 0002d5a0: 635f 6e6f 7074 7900 756e 6c69 6d69 745f 6e70 726f 6300 6578 6563 5f70 7479 0073 7564 6f5f 6564 6974  c_nopty.unlimit_nproc.exec_pty.sudo_edit
2021-03-15T22:19:32.6859297Z 0002d5c8: 5f70 6172 656e 745f 7661 6c69 6400 7061 7273 655f 6172 6773 0073 7564 6f5f 6578 6563 7665 0064 6972  _parent_valid.parse_args.sudo_execve.dir
2021-03-15T22:19:32.6859995Z 0002d5f0: 5f69 735f 7772 6974 6162 6c65 0073 7564 6f5f 7465 726d 696e 6174 6564 005f 5f69 6e69 745f 6172 7261  _is_writable.sudo_terminated.__init_arra
2021-03-15T22:19:32.6860751Z 0002d618: 795f 656e 6400 7574 6d70 5f6c 6f67 696e 0074 6765 7470 6173 7300 7061 7273 655f 7072 6573 6572 7665  y_end.utmp_login.tgetpass.parse_preserve
2021-03-15T22:19:32.6861504Z 0002d640: 645f 6664 7300 7465 726d 696e 6174 655f 636f 6d6d 616e 6400 7375 646f 5f65 7865 6375 7465 0061 7564  d_fds.terminate_command.sudo_execute.aud
2021-03-15T22:19:32.6862262Z 0002d668: 6974 5f72 656a 6563 7400 7275 6e5f 636f 6d6d 616e 6400 7265 7374 6f72 655f 7369 676e 616c 7300 7375  it_reject.run_command.restore_signals.su
2021-03-15T22:19:32.6863090Z 0002d690: 646f 5f63 6f70 795f 6669 6c65 0074 6373 6574 7067 7270 5f6e 6f62 6700 6765 7465 6e76 5f75 6e68 6f6f  do_copy_file.tcsetpgrp_nobg.getenv_unhoo
2021-03-15T22:19:32.6863929Z 0002d6b8: 6b65 6400 5f44 594e 414d 4943 0073 7769 7463 685f 7573 6572 0072 6573 746f 7265 5f6e 7072 6f63 0061  ked._DYNAMIC.switch_user.restore_nproc.a
2021-03-15T22:19:32.6864669Z 0002d6e0: 6464 5f70 7265 7365 7276 6564 5f66 6400 706f 6c69 6379 5f69 6e69 745f 7365 7373 696f 6e00 7574 6d70  dd_preserved_fd.policy_init_session.utmp
2021-03-15T22:19:32.6865739Z 0002d708: 5f6c 6f67 6f75 7400 6578 6563 5f6d 6f6e 6974 6f72 005f 5f69 6e69 745f 6172 7261 795f 7374 6172 7400  _logout.exec_monitor.__init_array_start.
2021-03-15T22:19:32.6866621Z 0002d730: 7369 676e 616c 5f70 656e 6469 6e67 0065 7865 635f 636d 6e64 005f 5f47 4e55 5f45 485f 4652 414d 455f  signal_pending.exec_cmnd.__GNU_EH_FRAME_
2021-03-15T22:19:32.6867571Z 0002d758: 4844 5200 5f47 4c4f 4241 4c5f 4f46 4653 4554 5f54 4142 4c45 5f00 7375 646f 5f63 6865 636b 5f74 656d  HDR._GLOBAL_OFFSET_TABLE_.sudo_check_tem
2021-03-15T22:19:32.6868462Z 0002d780: 705f 6669 6c65 0073 7564 6f5f 6c6f 6164 5f73 7564 6f65 7273 5f70 6c75 6769 6e00 6763 5f61 6464 0073  p_file.sudo_load_sudoers_plugin.gc_add.s
2021-03-15T22:19:32.6869143Z 0002d7a8: 7564 6f5f 6564 6974 5f6f 7065 6e00 6765 745f 7074 7900 756e 6c69 6d69 745f 7375 646f 005f 5f6c 6962  udo_edit_open.get_pty.unlimit_sudo.__lib
2021-03-15T22:19:32.6869800Z 0002d7d0: 635f 6373 755f 6669 6e69 006d 6b73 7465 6d70 7340 4047 4c49 4243 5f32 2e31 3100 696e 6574 5f6e 746f  c_csu_fini.mkstemps@@GLIBC_2.11.inet_nto
2021-03-15T22:19:32.6870465Z 0002d7f8: 7040 4047 4c49 4243 5f32 2e32 2e35 0069 6f5f 6664 7300 7369 6770 726f 636d 6173 6b40 4047 4c49 4243  p@@GLIBC_2.2.5.io_fds.sigprocmask@@GLIBC
2021-03-15T22:19:32.6871092Z 0002d820: 5f32 2e32 2e35 005f 5f73 6e70 7269 6e74 665f 6368 6b40 4047 4c49 4243 5f32 2e33 2e34 0066 7265 6540  _2.2.5.__snprintf_chk@@GLIBC_2.3.4.free@
2021-03-15T22:19:32.6871709Z 0002d848: 4047 4c49 4243 5f32 2e32 2e35 0073 7564 6f5f 7761 726e 5f67 6574 7465 7874 5f76 3100 7265 6376 4040  @GLIBC_2.2.5.sudo_warn_gettext_v1.recv@@
2021-03-15T22:19:32.6872302Z 0002d870: 474c 4942 435f 322e 322e 3500 7375 646f 5f63 6f6e 665f 6772 6f75 705f 736f 7572 6365 5f76 3100 7375  GLIBC_2.2.5.sudo_conf_group_source_v1.su
2021-03-15T22:19:32.6872943Z 0002d898: 646f 5f63 6f6e 665f 6465 6275 675f 6669 6c65 735f 7631 0075 7469 6d65 6e73 6174 4040 474c 4942 435f  do_conf_debug_files_v1.utimensat@@GLIBC_
2021-03-15T22:19:32.6873581Z 0002d8c0: 322e 3600 7375 646f 5f65 765f 6261 7365 5f61 6c6c 6f63 5f76 3100 5f5f 7666 7072 696e 7466 5f63 686b  2.6.sudo_ev_base_alloc_v1.__vfprintf_chk
2021-03-15T22:19:32.6874174Z 0002d8e8: 4040 474c 4942 435f 322e 332e 3400 7375 646f 5f64 6562 7567 5f67 6574 5f66 6473 5f76 3100 5f5f 6572  @@GLIBC_2.3.4.sudo_debug_get_fds_v1.__er
2021-03-15T22:19:32.6874790Z 0002d910: 726e 6f5f 6c6f 6361 7469 6f6e 4040 474c 4942 435f 322e 322e 3500 756e 6c69 6e6b 4040 474c 4942 435f  rno_location@@GLIBC_2.2.5.unlink@@GLIBC_
2021-03-15T22:19:32.6875403Z 0002d938: 322e 322e 3500 7374 726e 6370 7940 4047 4c49 4243 5f32 2e32 2e35 0073 7472 6e63 6d70 4040 474c 4942  2.2.5.strncpy@@GLIBC_2.2.5.strncmp@@GLIB
2021-03-15T22:19:32.6876170Z 0002d960: 435f 322e 322e 3500 5f49 544d 5f64 6572 6567 6973 7465 7254 4d43 6c6f 6e65 5461 626c 6500 7374 646f  C_2.2.5._ITM_deregisterTMCloneTable.stdo
2021-03-15T22:19:32.6876873Z 0002d988: 7574 4040 474c 4942 435f 322e 322e 3500 5f65 7869 7440 4047 4c49 4243 5f32 2e32 2e35 0063 6872 6f6f  ut@@GLIBC_2.2.5._exit@@GLIBC_2.2.5.chroo
2021-03-15T22:19:32.6877489Z 0002d9b0: 7440 4047 4c49 4243 5f32 2e32 2e35 0073 7564 6f5f 6465 6275 675f 696e 7374 616e 6365 0075 7365 725f  t@@GLIBC_2.2.5.sudo_debug_instance.user_
2021-03-15T22:19:32.6878144Z 0002d9d8: 6465 7461 696c 7300 7375 646f 5f63 6f6e 665f 7072 6f62 655f 696e 7465 7266 6163 6573 5f76 3100 7375  details.sudo_conf_probe_interfaces_v1.su
2021-03-15T22:19:32.6878801Z 0002da00: 646f 5f64 6562 7567 5f65 7869 745f 7374 725f 7631 0069 7361 7474 7940 4047 4c49 4243 5f32 2e32 2e35  do_debug_exit_str_v1.isatty@@GLIBC_2.2.5
2021-03-15T22:19:32.6879418Z 0002da28: 0073 6967 6163 7469 6f6e 4040 474c 4942 435f 322e 322e 3500 7265 616c 6c6f 6361 7272 6179 4040 474c  .sigaction@@GLIBC_2.2.5.reallocarray@@GL
2021-03-15T22:19:32.6880109Z 0002da50: 4942 435f 322e 3236 0073 7464 696e 4040 474c 4942 435f 322e 322e 3500 7375 646f 5f64 6562 7567 5f65  IBC_2.26.stdin@@GLIBC_2.2.5.sudo_debug_e
2021-03-15T22:19:32.6880732Z 0002da78: 6e74 6572 5f76 3100 6765 7475 7478 6c69 6e65 4040 474c 4942 435f 322e 322e 3500 7375 646f 5f64 6562  nter_v1.getutxline@@GLIBC_2.2.5.sudo_deb
2021-03-15T22:19:32.6881796Z 0002daa0: 7567 5f65 7865 6376 6532 5f76 3100 6661 6363 6573 7361 7440 4047 4c49 4243 5f32 2e34 0066 636e 746c  ug_execve2_v1.faccessat@@GLIBC_2.4.fcntl
2021-03-15T22:19:32.6882742Z 0002dac8: 4040 474c 4942 435f 322e 322e 3500 7375 646f 5f64 6562 7567 5f65 7869 745f 7374 725f 6d61 736b 6564  @@GLIBC_2.2.5.sudo_debug_exit_str_masked
2021-03-15T22:19:32.6883918Z 0002daf0: 5f76 3100 6765 7470 6964 4040 474c 4942 435f 322e 322e 3500 7375 646f 5f64 736f 5f6c 6f61 645f 7631  _v1.getpid@@GLIBC_2.2.5.sudo_dso_load_v1
2021-03-15T22:19:32.6884631Z 0002db18: 0073 6574 7265 7375 6964 4040 474c 4942 435f 322e 322e 3500 7375 646f 5f77 6172 6e78 5f6e 6f64 6562  .setresuid@@GLIBC_2.2.5.sudo_warnx_nodeb
2021-03-15T22:19:32.6885404Z 0002db40: 7567 5f76 3100 7375 646f 5f63 6f6e 7665 7273 6174 696f 6e5f 315f 3700 5f65 6461 7461 0064 7570 3340  ug_v1.sudo_conversation_1_7._edata.dup3@
2021-03-15T22:19:32.6886165Z 0002db68: 4047 4c49 4243 5f32 2e39 0073 7564 6f5f 7465 726d 5f65 7261 7365 0073 7564 6f5f 7465 726d 5f6e 6f65  @GLIBC_2.9.sudo_term_erase.sudo_term_noe
2021-03-15T22:19:32.6887114Z 0002db90: 6368 6f5f 7631 0065 6e64 7574 7865 6e74 4040 474c 4942 435f 322e 322e 3500 6663 6c6f 7365 4040 474c  cho_v1.endutxent@@GLIBC_2.2.5.fclose@@GL
2021-03-15T22:19:32.6888217Z 0002dbb8: 4942 435f 322e 322e 3500 7375 646f 5f65 765f 6c6f 6f70 636f 6e74 696e 7565 5f76 3100 6f70 7469 6e64  IBC_2.2.5.sudo_ev_loopcontinue_v1.optind
2021-03-15T22:19:32.6888947Z 0002dbe0: 4040 474c 4942 435f 322e 322e 3500 6765 7470 7775 6964 4040 474c 4942 435f 322e 322e 3500 6269 6e64  @@GLIBC_2.2.5.getpwuid@@GLIBC_2.2.5.bind
2021-03-15T22:19:32.6889642Z 0002dc08: 7465 7874 646f 6d61 696e 4040 474c 4942 435f 322e 322e 3500 7375 646f 5f64 736f 5f66 696e 6473 796d  textdomain@@GLIBC_2.2.5.sudo_dso_findsym
2021-03-15T22:19:32.6890664Z 0002dc30: 5f76 3100 7375 646f 5f63 6f6e 665f 706c 7567 696e 5f64 6972 5f70 6174 685f 7631 0073 7564 6f5f 706c  _v1.sudo_conf_plugin_dir_path_v1.sudo_pl
2021-03-15T22:19:32.6891308Z 0002dc58: 7567 696e 5f65 7665 6e74 5f61 6c6c 6f63 0064 6367 6574 7465 7874 4040 474c 4942 435f 322e 322e 3500  ugin_event_alloc.dcgettext@@GLIBC_2.2.5.
2021-03-15T22:19:32.6891978Z 0002dc80: 7374 726c 656e 4040 474c 4942 435f 322e 322e 3500 6465 7265 6769 7374 6572 5f68 6f6f 6b00 7375 646f  strlen@@GLIBC_2.2.5.deregister_hook.sudo
2021-03-15T22:19:32.6892612Z 0002dca8: 5f6c 6275 665f 6465 7374 726f 795f 7631 006f 7065 6e61 7440 4047 4c49 4243 5f32 2e34 0073 7564 6f5f  _lbuf_destroy_v1.openat@@GLIBC_2.4.sudo_
2021-03-15T22:19:32.6893287Z 0002dcd0: 6765 7470 726f 676e 616d 6500 6368 6469 7240 4047 4c49 4243 5f32 2e32 2e35 005f 5f73 7461 636b 5f63  getprogname.chdir@@GLIBC_2.2.5.__stack_c
2021-03-15T22:19:32.6893927Z 0002dcf8: 686b 5f66 6169 6c40 4047 4c49 4243 5f32 2e34 0067 6574 7569 6440 4047 4c49 4243 5f32 2e32 2e35 0067  hk_fail@@GLIBC_2.4.getuid@@GLIBC_2.2.5.g
2021-03-15T22:19:32.6894555Z 0002dd20: 6574 6f70 745f 6c6f 6e67 4040 474c 4942 435f 322e 322e 3500 7375 646f 5f73 7472 746f 6d6f 6465 5f76  etopt_long@@GLIBC_2.2.5.sudo_strtomode_v
2021-03-15T22:19:32.6895150Z 0002dd48: 3100 6475 7032 4040 474c 4942 435f 322e 322e 3500 7365 6e64 4040 474c 4942 435f 322e 322e 3500 7374  1.dup2@@GLIBC_2.2.5.send@@GLIBC_2.2.5.st
2021-03-15T22:19:32.6895955Z 0002dd70: 7263 6872 4040 474c 4942 435f 322e 322e 3500 7375 646f 5f73 6967 3273 7472 006e 616e 6f73 6c65 6570  rchr@@GLIBC_2.2.5.sudo_sig2str.nanosleep
2021-03-15T22:19:32.6896590Z 0002dd98: 4040 474c 4942 435f 322e 322e 3500 7374 7272 6368 7240 4047 4c49 4243 5f32 2e32 2e35 0066 7472 756e  @@GLIBC_2.2.5.strrchr@@GLIBC_2.2.5.ftrun
2021-03-15T22:19:32.6897201Z 0002ddc0: 6361 7465 4040 474c 4942 435f 322e 322e 3500 7375 646f 5f64 6562 7567 5f67 6574 5f61 6374 6976 655f  cate@@GLIBC_2.2.5.sudo_debug_get_active_
2021-03-15T22:19:32.6897924Z 0002dde8: 696e 7374 616e 6365 5f76 3100 6c73 6565 6b40 4047 4c49 4243 5f32 2e32 2e35 0067 6574 7369 6440 4047  instance_v1.lseek@@GLIBC_2.2.5.getsid@@G
2021-03-15T22:19:32.6898591Z 0002de10: 4c49 4243 5f32 2e32 2e35 0067 6574 7469 6d65 6f66 6461 7940 4047 4c49 4243 5f32 2e32 2e35 005f 5f61  LIBC_2.2.5.gettimeofday@@GLIBC_2.2.5.__a
2021-03-15T22:19:32.6899246Z 0002de38: 7373 6572 745f 6661 696c 4040 474c 4942 435f 322e 322e 3500 6c69 7374 5f75 7365 7200 6670 7574 7340  ssert_fail@@GLIBC_2.2.5.list_user.fputs@
2021-03-15T22:19:32.6899945Z 0002de60: 4047 4c49 4243 5f32 2e32 2e35 0073 6574 7072 696f 7269 7479 4040 474c 4942 435f 322e 322e 3500 6765  @GLIBC_2.2.5.setpriority@@GLIBC_2.2.5.ge
2021-03-15T22:19:32.6900581Z 0002de88: 7465 7569 6440 4047 4c49 4243 5f32 2e32 2e35 0073 7564 6f5f 7061 7273 655f 6769 6473 5f76 3100 696f  teuid@@GLIBC_2.2.5.sudo_parse_gids_v1.io
2021-03-15T22:19:32.6901192Z 0002deb0: 6374 6c40 4047 4c49 4243 5f32 2e32 2e35 0067 6574 6377 6440 4047 4c49 4243 5f32 2e32 2e35 0061 6c61  ctl@@GLIBC_2.2.5.getcwd@@GLIBC_2.2.5.ala
2021-03-15T22:19:32.6901830Z 0002ded8: 726d 4040 474c 4942 435f 322e 322e 3500 7375 646f 5f65 765f 6469 7370 6174 6368 5f76 3100 696f 5f70  rm@@GLIBC_2.2.5.sudo_ev_dispatch_v1.io_p
2021-03-15T22:19:32.6902479Z 0002df00: 6c75 6769 6e73 0073 6574 7369 6440 4047 4c49 4243 5f32 2e32 2e35 0073 7472 7370 6e40 4047 4c49 4243  lugins.setsid@@GLIBC_2.2.5.strspn@@GLIBC
2021-03-15T22:19:32.6903224Z 0002df28: 5f32 2e32 2e35 0073 7564 6f5f 6661 7461 6c78 5f6e 6f64 6562 7567 5f76 3100 7375 646f 5f73 7472 6c63  _2.2.5.sudo_fatalx_nodebug_v1.sudo_strlc
2021-03-15T22:19:32.6903875Z 0002df50: 7079 0073 7564 6f5f 6473 6f5f 756e 6c6f 6164 5f76 3100 7374 7274 6f6b 5f72 4040 474c 4942 435f 322e  py.sudo_dso_unload_v1.strtok_r@@GLIBC_2.
2021-03-15T22:19:32.6904864Z 0002df78: 322e 3500 6d65 6d63 6872 4040 474c 4942 435f 322e 322e 3500 7265 6164 4040 474c 4942 435f 322e 322e  2.5.memchr@@GLIBC_2.2.5.read@@GLIBC_2.2.
2021-03-15T22:19:32.6905644Z 0002dfa0: 3500 5f5f 6c69 6263 5f73 7461 7274 5f6d 6169 6e40 4047 4c49 4243 5f32 2e32 2e35 006d 656d 636d 7040  5.__libc_start_main@@GLIBC_2.2.5.memcmp@
2021-03-15T22:19:32.6906262Z 0002dfc8: 4047 4c49 4243 5f32 2e32 2e35 0066 6765 7473 4040 474c 4942 435f 322e 322e 3500 7075 7475 7478 6c69  @GLIBC_2.2.5.fgets@@GLIBC_2.2.5.pututxli
2021-03-15T22:19:32.6906854Z 0002dff0: 6e65 4040 474c 4942 435f 322e 322e 3500 5f5f 6173 7072 696e 7466 5f63 686b 4040 474c 4942 435f 322e  ne@@GLIBC_2.2.5.__asprintf_chk@@GLIBC_2.
2021-03-15T22:19:32.6907472Z 0002e018: 3800 6361 6c6c 6f63 4040 474c 4942 435f 322e 322e 3500 5f5f 6461 7461 5f73 7461 7274 0073 7564 6f5f  8.calloc@@GLIBC_2.2.5.__data_start.sudo_
2021-03-15T22:19:32.6908122Z 0002e040: 636f 6e76 6572 7361 7469 6f6e 5f70 7269 6e74 6600 7374 7263 6d70 4040 474c 4942 435f 322e 322e 3500  conversation_printf.strcmp@@GLIBC_2.2.5.
2021-03-15T22:19:32.6908798Z 0002e068: 7375 646f 5f74 6572 6d5f 7265 7374 6f72 655f 7631 0073 7564 6f5f 6465 6275 675f 6578 6974 5f70 7472  sudo_term_restore_v1.sudo_debug_exit_ptr
2021-03-15T22:19:32.6909438Z 0002e090: 5f76 3100 6765 7470 776e 616d 4040 474c 4942 435f 322e 322e 3500 7375 646f 5f64 6562 7567 5f65 7869  _v1.getpwnam@@GLIBC_2.2.5.sudo_debug_exi
2021-03-15T22:19:32.6910054Z 0002e0b8: 745f 7631 006f 7074 6172 6740 4047 4c49 4243 5f32 2e32 2e35 0073 7564 6f5f 6465 6275 675f 7365 745f  t_v1.optarg@@GLIBC_2.2.5.sudo_debug_set_
2021-03-15T22:19:32.6910671Z 0002e0e0: 6163 7469 7665 5f69 6e73 7461 6e63 655f 7631 0066 6578 6563 7665 4040 474c 4942 435f 322e 322e 3500  active_instance_v1.fexecve@@GLIBC_2.2.5.
2021-03-15T22:19:32.6911327Z 0002e108: 7365 7475 7478 656e 7440 4047 4c49 4243 5f32 2e32 2e35 0073 6967 656d 7074 7973 6574 4040 474c 4942  setutxent@@GLIBC_2.2.5.sigemptyset@@GLIB
2021-03-15T22:19:32.6911959Z 0002e130: 435f 322e 322e 3500 7074 795f 636c 6561 6e75 7000 5f5f 676d 6f6e 5f73 7461 7274 5f5f 0075 6d61 736b  C_2.2.5.pty_cleanup.__gmon_start__.umask
2021-03-15T22:19:32.6912684Z 0002e158: 4040 474c 4942 435f 322e 322e 3500 7375 646f 5f67 6574 6772 6f75 706c 6973 7432 5f76 3100 7375 646f  @@GLIBC_2.2.5.sudo_getgrouplist2_v1.sudo
2021-03-15T22:19:32.6913512Z 0002e180: 5f65 765f 7065 6e64 696e 675f 7631 0073 7472 746f 6c40 4047 4c49 4243 5f32 2e32 2e35 005f 5f64 736f  _ev_pending_v1.strtol@@GLIBC_2.2.5.__dso
2021-03-15T22:19:32.6914529Z 0002e1a8: 5f68 616e 646c 6500 7467 6574 7061 7373 5f66 6c61 6773 0073 6967 6669 6c6c 7365 7440 4047 4c49 4243  _handle.tgetpass_flags.sigfillset@@GLIBC
2021-03-15T22:19:32.6915774Z 0002e1d0: 5f32 2e32 2e35 006d 656d 6370 7940 4047 4c49 4243 5f32 2e31 3400 7375 646f 5f74 6572 6d5f 656f 6600  _2.2.5.memcpy@@GLIBC_2.14.sudo_term_eof.
2021-03-15T22:19:32.6916732Z 0002e1f8: 736f 636b 6574 7061 6972 4040 474c 4942 435f 322e 322e 3500 6765 7467 726e 616d 4040 474c 4942 435f  socketpair@@GLIBC_2.2.5.getgrnam@@GLIBC_
2021-03-15T22:19:32.6917383Z 0002e220: 322e 322e 3500 5f49 4f5f 7374 6469 6e5f 7573 6564 0070 7263 746c 4040 474c 4942 435f 322e 322e 3500  2.2.5._IO_stdin_used.prctl@@GLIBC_2.2.5.
2021-03-15T22:19:32.6918195Z 0002e248: 747a 7365 7440 4047 4c49 4243 5f32 2e32 2e35 006b 696c 6c40 4047 4c49 4243 5f32 2e32 2e35 006f 7065  tzset@@GLIBC_2.2.5.kill@@GLIBC_2.2.5.ope
2021-03-15T22:19:32.6919297Z 0002e270: 6e70 7479 4040 474c 4942 435f 322e 322e 3500 6669 6c65 6e6f 4040 474c 4942 435f 322e 322e 3500 6765  npty@@GLIBC_2.2.5.fileno@@GLIBC_2.2.5.ge
2021-03-15T22:19:32.6919907Z 0002e298: 7467 6964 4040 474c 4942 435f 322e 322e 3500 7463 6765 7470 6772 7040 4047 4c49 4243 5f32 2e32 2e35  tgid@@GLIBC_2.2.5.tcgetpgrp@@GLIBC_2.2.5
2021-03-15T22:19:32.6920515Z 0002e2c0: 005f 5f78 7374 6174 4040 474c 4942 435f 322e 322e 3500 7375 646f 5f73 7472 746f 6e75 6d00 7375 646f  .__xstat@@GLIBC_2.2.5.sudo_strtonum.sudo
2021-03-15T22:19:32.6921152Z 0002e2e8: 5f64 736f 5f73 7472 6572 726f 725f 7631 0067 6574 6772 6f75 7073 4040 474c 4942 435f 322e 322e 3500  _dso_strerror_v1.getgroups@@GLIBC_2.2.5.
2021-03-15T22:19:32.6921795Z 0002e310: 5f5f 6c69 6263 5f63 7375 5f69 6e69 7400 6d61 6c6c 6f63 4040 474c 4942 435f 322e 322e 3500 6666 6c75  __libc_csu_init.malloc@@GLIBC_2.2.5.fflu
2021-03-15T22:19:32.6922411Z 0002e338: 7368 4040 474c 4942 435f 322e 322e 3500 7375 646f 5f65 765f 6c6f 6f70 6578 6974 5f76 3100 6b69 6c6c  sh@@GLIBC_2.2.5.sudo_ev_loopexit_v1.kill
2021-03-15T22:19:32.6923074Z 0002e360: 7067 4040 474c 4942 435f 322e 322e 3500 7375 646f 5f65 765f 676f 745f 6272 6561 6b5f 7631 0067 6574  pg@@GLIBC_2.2.5.sudo_ev_got_break_v1.get
2021-03-15T22:19:32.6923663Z 0002e388: 6966 6164 6472 7340 4047 4c49 4243 5f32 2e33 0073 7564 6f5f 7474 796e 616d 655f 6465 765f 7631 0073  ifaddrs@@GLIBC_2.3.sudo_ttyname_dev_v1.s
2021-03-15T22:19:32.6924279Z 0002e3b0: 7564 6f5f 6465 6275 675f 7265 6769 7374 6572 5f76 3100 5f5f 6678 7374 6174 4040 474c 4942 435f 322e  udo_debug_register_v1.__fxstat@@GLIBC_2.
2021-03-15T22:19:32.6924899Z 0002e3d8: 322e 3500 7375 646f 5f65 765f 6c6f 6f70 6272 6561 6b5f 7631 0073 7564 6f5f 636f 6e66 5f64 6576 656c  2.5.sudo_ev_loopbreak_v1.sudo_conf_devel
2021-03-15T22:19:32.6925559Z 0002e400: 6f70 6572 5f6d 6f64 655f 7631 0073 7564 6f5f 6661 7461 6c5f 6e6f 6465 6275 675f 7631 0073 7564 6f5f  oper_mode_v1.sudo_fatal_nodebug_v1.sudo_
2021-03-15T22:19:32.6926171Z 0002e428: 6e65 775f 6b65 795f 7661 6c5f 7631 0067 6574 6567 6964 4040 474c 4942 435f 322e 322e 3500 7375 646f  new_key_val_v1.getegid@@GLIBC_2.2.5.sudo
2021-03-15T22:19:32.6927131Z 0002e450: 5f65 765f 6261 7365 5f66 7265 655f 7631 0073 7564 6f5f 6465 6275 675f 7072 696e 7466 325f 7631 0073  _ev_base_free_v1.sudo_debug_printf2_v1.s
2021-03-15T22:19:32.6928141Z 0002e478: 7564 6f5f 7465 726d 5f63 6272 6561 6b5f 7631 0073 7564 6f5f 6576 5f61 6c6c 6f63 5f76 3100 7375 646f  udo_term_cbreak_v1.sudo_ev_alloc_v1.sudo
2021-03-15T22:19:32.6929264Z 0002e4a0: 5f63 6f6e 665f 6173 6b70 6173 735f 7061 7468 5f76 3100 7375 646f 5f73 7472 7370 6c69 745f 7631 005f  _conf_askpass_path_v1.sudo_strsplit_v1._
2021-03-15T22:19:32.6930111Z 0002e4c8: 5f73 7472 6e63 7079 5f63 686b 4040 474c 4942 435f 322e 332e 3400 7365 7472 6c69 6d69 7440 4047 4c49  _strncpy_chk@@GLIBC_2.3.4.setrlimit@@GLI
2021-03-15T22:19:32.6931609Z 0002e4f0: 4243 5f32 2e32 2e35 0073 7564 6f5f 6465 6275 675f 7570 6461 7465 5f66 645f 7631 0063 686f 776e 4040  BC_2.2.5.sudo_debug_update_fd_v1.chown@@
2021-03-15T22:19:32.6932254Z 0002e518: 474c 4942 435f 322e 322e 3500 7375 646f 5f65 765f 6164 645f 7632 0073 7564 6f5f 636f 6e66 5f72 6561  GLIBC_2.2.5.sudo_ev_add_v2.sudo_conf_rea
2021-03-15T22:19:32.6933119Z 0002e540: 645f 7631 0073 7564 6f5f 7465 726d 5f6b 696c 6c00 5f5f 6273 735f 7374 6172 7400 7375 646f 5f70 775f  d_v1.sudo_term_kill.__bss_start.sudo_pw_
2021-03-15T22:19:32.6934087Z 0002e568: 6475 7000 7375 646f 5f6c 6275 665f 696e 6974 5f76 3100 7365 746c 6f63 616c 6540 4047 4c49 4243 5f32  dup.sudo_lbuf_init_v1.setlocale@@GLIBC_2
2021-03-15T22:19:32.6935141Z 0002e590: 2e32 2e35 0073 7564 6f5f 636f 6e66 5f70 6c75 6769 6e73 5f76 3100 6d61 696e 005f 5f70 7269 6e74 665f  .2.5.sudo_conf_plugins_v1.main.__printf_
2021-03-15T22:19:32.6935971Z 0002e5b8: 6368 6b40 4047 4c49 4243 5f32 2e33 2e34 0073 7564 6f5f 6765 7474 696d 655f 7265 616c 5f76 3100 7375  chk@@GLIBC_2.3.4.sudo_gettime_real_v1.su
2021-03-15T22:19:32.6936633Z 0002e5e0: 646f 5f64 6562 7567 5f65 7869 745f 626f 6f6c 5f76 3100 6672 6565 6966 6164 6472 7340 4047 4c49 4243  do_debug_exit_bool_v1.freeifaddrs@@GLIBC
2021-03-15T22:19:32.6937277Z 0002e608: 5f32 2e33 0073 7564 6f5f 6c62 7566 5f61 7070 656e 645f 7631 0073 7564 6f5f 7761 726e 5f73 6574 5f63  _2.3.sudo_lbuf_append_v1.sudo_warn_set_c
2021-03-15T22:19:32.6937973Z 0002e630: 6f6e 7665 7273 6174 696f 6e5f 7631 0073 7564 6f5f 6672 6565 7a65 726f 0073 7564 6f5f 6661 7461 6c5f  onversation_v1.sudo_freezero.sudo_fatal_
2021-03-15T22:19:32.6938659Z 0002e658: 6361 6c6c 6261 636b 5f72 6567 6973 7465 725f 7631 0073 6574 6769 6440 4047 4c49 4243 5f32 2e32 2e35  callback_register_v1.setgid@@GLIBC_2.2.5
2021-03-15T22:19:32.6939300Z 0002e680: 0077 6169 7470 6964 4040 474c 4942 435f 322e 322e 3500 7375 646f 5f65 765f 6465 6c5f 7631 0074 6373  .waitpid@@GLIBC_2.2.5.sudo_ev_del_v1.tcs
2021-03-15T22:19:32.6939923Z 0002e6a8: 6574 7067 7270 4040 474c 4942 435f 322e 322e 3500 5f5f 6578 706c 6963 6974 5f62 7a65 726f 5f63 686b  etpgrp@@GLIBC_2.2.5.__explicit_bzero_chk
2021-03-15T22:19:32.6940566Z 0002e6d0: 4040 474c 4942 435f 322e 3235 0073 7564 6f5f 6576 5f66 7265 655f 7631 0061 6363 6573 7340 4047 4c49  @@GLIBC_2.25.sudo_ev_free_v1.access@@GLI
2021-03-15T22:19:32.6941191Z 0002e6f8: 4243 5f32 2e32 2e35 0073 7564 6f5f 7365 7467 726f 7570 735f 7631 0066 6f70 656e 4040 474c 4942 435f  BC_2.2.5.sudo_setgroups_v1.fopen@@GLIBC_
2021-03-15T22:19:32.6941849Z 0002e720: 322e 322e 3500 7375 646f 5f77 6172 6e5f 6e6f 6465 6275 675f 7631 0073 7564 6f5f 7465 726d 5f63 6f70  2.2.5.sudo_warn_nodebug_v1.sudo_term_cop
2021-03-15T22:19:32.6942488Z 0002e748: 795f 7631 0073 7564 6f5f 6465 6275 675f 666f 726b 5f76 3100 7379 7363 6f6e 6640 4047 4c49 4243 5f32  y_v1.sudo_debug_fork_v1.sysconf@@GLIBC_2
2021-03-15T22:19:32.6943385Z 0002e770: 2e32 2e35 0066 7574 696d 656e 7340 4047 4c49 4243 5f32 2e36 0073 7564 6f5f 6576 5f6c 6f6f 705f 7631  .2.5.futimens@@GLIBC_2.6.sudo_ev_loop_v1
2021-03-15T22:19:32.6944014Z 0002e798: 0073 7564 6f5f 636f 6e66 5f6e 6f65 7865 635f 7061 7468 5f76 3100 6765 7470 6769 6440 4047 4c49 4243  .sudo_conf_noexec_path_v1.getpgid@@GLIBC
2021-03-15T22:19:32.6944655Z 0002e7c0: 5f32 2e32 2e35 0073 7564 6f5f 7374 7274 6f62 6f6f 6c5f 7631 0073 7564 6f5f 6765 745f 7474 7973 697a  _2.2.5.sudo_strtobool_v1.sudo_get_ttysiz
2021-03-15T22:19:32.6945273Z 0002e7e8: 655f 7631 0073 7564 6f5f 7374 7274 6f69 645f 7632 0073 6574 7067 6964 4040 474c 4942 435f 322e 322e  e_v1.sudo_strtoid_v2.setpgid@@GLIBC_2.2.
2021-03-15T22:19:32.6945944Z 0002e810: 3500 6175 6469 745f 706c 7567 696e 7300 6469 7361 626c 655f 6578 6563 7574 6500 7375 646f 5f65 765f  5.audit_plugins.disable_execute.sudo_ev_
2021-03-15T22:19:32.6946599Z 0002e838: 6261 7365 5f73 6574 6465 665f 7631 0070 6970 6532 4040 474c 4942 435f 322e 3900 5f5f 656e 7669 726f  base_setdef_v1.pipe2@@GLIBC_2.9.__enviro
2021-03-15T22:19:32.6947264Z 0002e860: 6e40 4047 4c49 4243 5f32 2e32 2e35 0067 6574 7070 6964 4040 474c 4942 435f 322e 322e 3500 6677 7269  n@@GLIBC_2.2.5.getppid@@GLIBC_2.2.5.fwri
2021-03-15T22:19:32.6947875Z 0002e888: 7465 4040 474c 4942 435f 322e 322e 3500 7375 646f 5f65 765f 676f 745f 6578 6974 5f76 3100 5f5f 544d  te@@GLIBC_2.2.5.sudo_ev_got_exit_v1.__TM
2021-03-15T22:19:32.6948464Z 0002e8b0: 435f 454e 445f 5f00 5f5f 6670 7269 6e74 665f 6368 6b40 4047 4c49 4243 5f32 2e33 2e34 0073 7564 6f5f  C_END__.__fprintf_chk@@GLIBC_2.3.4.sudo_
2021-03-15T22:19:32.6949147Z 0002e8d8: 636f 6e76 6572 7361 7469 6f6e 0073 7564 6f5f 7465 726d 5f72 6177 5f76 3100 6765 7472 6c69 6d69 7440  conversation.sudo_term_raw_v1.getrlimit@
2021-03-15T22:19:32.6949975Z 0002e900: 4047 4c49 4243 5f32 2e32 2e35 005f 4954 4d5f 7265 6769 7374 6572 544d 436c 6f6e 6554 6162 6c65 0073  @GLIBC_2.2.5._ITM_registerTMCloneTable.s
2021-03-15T22:19:32.6950691Z 0002e928: 7564 6f5f 6765 7468 6f73 746e 616d 655f 7631 0073 6574 7569 6440 4047 4c49 4243 5f32 2e32 2e35 006f  udo_gethostname_v1.setuid@@GLIBC_2.2.5.o
2021-03-15T22:19:32.6951332Z 0002e950: 735f 696e 6974 5f63 6f6d 6d6f 6e00 7374 7264 7570 4040 474c 4942 435f 322e 322e 3500 7375 646f 5f63  s_init_common.strdup@@GLIBC_2.2.5.sudo_c
2021-03-15T22:19:32.6951990Z 0002e978: 6f6e 665f 6469 7361 626c 655f 636f 7265 6475 6d70 5f76 3100 7375 646f 5f65 765f 7365 745f 7631 0073  onf_disable_coredump_v1.sudo_ev_set_v1.s
2021-03-15T22:19:32.6952600Z 0002e9a0: 7472 6572 726f 7240 4047 4c49 4243 5f32 2e32 2e35 0065 7865 636c 4040 474c 4942 435f 322e 322e 3500  trerror@@GLIBC_2.2.5.execl@@GLIBC_2.2.5.
2021-03-15T22:19:32.6953231Z 0002e9c8: 7375 646f 5f64 6562 7567 5f65 7869 745f 696e 745f 7631 0061 7070 726f 7661 6c5f 706c 7567 696e 7300  sudo_debug_exit_int_v1.approval_plugins.
2021-03-15T22:19:32.6953893Z 0002e9f0: 7375 646f 5f63 6c6f 7365 6672 6f6d 0073 7564 6f5f 6c62 7566 5f70 7269 6e74 5f76 3100 5f5f 6378 615f  sudo_closefrom.sudo_lbuf_print_v1.__cxa_
2021-03-15T22:19:32.6954557Z 0002ea18: 6669 6e61 6c69 7a65 4040 474c 4942 435f 322e 322e 3500 7369 6761 6464 7365 7440 4047 4c49 4243 5f32  finalize@@GLIBC_2.2.5.sigaddset@@GLIBC_2
2021-03-15T22:19:32.6955175Z 0002ea40: 2e32 2e35 0073 6574 6567 6964 4040 474c 4942 435f 322e 322e 3500 7375 646f 5f63 6f6e 665f 6d61 785f  .2.5.setegid@@GLIBC_2.2.5.sudo_conf_max_
2021-03-15T22:19:32.6955814Z 0002ea68: 6772 6f75 7073 5f76 3100 706f 6c69 6379 5f70 6c75 6769 6e00 5f5f 6374 7970 655f 625f 6c6f 6340 4047  groups_v1.policy_plugin.__ctype_b_loc@@G
2021-03-15T22:19:32.6956457Z 0002ea90: 4c49 4243 5f32 2e33 0073 7464 6572 7240 4047 4c49 4243 5f32 2e32 2e35 0073 6574 6575 6964 4040 474c  LIBC_2.3.stderr@@GLIBC_2.2.5.seteuid@@GL
2021-03-15T22:19:32.6957196Z 0002eab8: 4942 435f 322e 322e 3500 696e 6974 7072 6f67 6e61 6d65 3200 002e 7379 6d74 6162 002e 7374 7274 6162  IBC_2.2.5.initprogname2...symtab..strtab
2021-03-15T22:19:32.6958511Z 0002eae0: 002e 7368 7374 7274 6162 002e 696e 7465 7270 002e 6e6f 7465 2e41 4249 2d74 6167 002e 676e 752e 6861  ..shstrtab..interp..note.ABI-tag..gnu.ha
2021-03-15T22:19:32.6959573Z 0002eb08: 7368 002e 6479 6e73 796d 002e 6479 6e73 7472 002e 676e 752e 7665 7273 696f 6e00 2e67 6e75 2e76 6572  sh..dynsym..dynstr..gnu.version..gnu.ver
2021-03-15T22:19:32.6960562Z 0002eb30: 7369 6f6e 5f72 002e 7265 6c61 2e64 796e 002e 7265 6c61 2e70 6c74 002e 696e 6974 002e 706c 742e 676f  sion_r..rela.dyn..rela.plt..init..plt.go
2021-03-15T22:19:32.6961428Z 0002eb58: 7400 2e74 6578 7400 2e66 696e 6900 2e72 6f64 6174 6100 2e65 685f 6672 616d 655f 6864 7200 2e65 685f  t..text..fini..rodata..eh_frame_hdr..eh_
2021-03-15T22:19:32.6962175Z 0002eb80: 6672 616d 6500 2e69 6e69 745f 6172 7261 7900 2e66 696e 695f 6172 7261 7900 2e64 796e 616d 6963 002e  frame..init_array..fini_array..dynamic..
2021-03-15T22:19:32.6962964Z 0002eba8: 6461 7461 002e 6273 7300 2e63 6f6d 6d65 6e74 0000 0000 0000 0000 0000 0000 0000 0000 0000 0000 0000  data..bss..comment......................
2021-03-15T22:19:32.6963578Z 0002ebd0: 0000 0000 0000 0000 0000 0000 0000 0000 0000 0000 0000 0000 0000 0000 0000 0000 0000 0000 0000 0000  ........................................
2021-03-15T22:19:32.6964102Z 0002ebf8: 0000 0000 0000 0000 1b00 0000 0100 0000 0200 0000 0000 0000 a802 0000 0000 0000 a802 0000 0000 0000  ........................................
2021-03-15T22:19:32.6964549Z 0002ec20: 5300 0000 0000 0000 0000 0000 0000 0000 0100 0000 0000 0000 0000 0000 0000 0000 2300 0000 0700 0000  S...............................#.......
2021-03-15T22:19:32.6964999Z 0002ec48: 0200 0000 0000 0000 fc02 0000 0000 0000 fc02 0000 0000 0000 2000 0000 0000 0000 0000 0000 0000 0000  ........................ ...............
2021-03-15T22:19:32.6965505Z 0002ec70: 0400 0000 0000 0000 0000 0000 0000 0000 3500 0000 0500 0000 0200 0000 0000 0000 2003 0000 0000 0000  ................5............... .......
2021-03-15T22:19:32.6965928Z 0002ec98: 2003 0000 0000 0000 a806 0000 0000 0000 0500 0000 0000 0000 0800 0000 0000 0000 0400 0000 0000 0000   .......................................
2021-03-15T22:19:32.6966380Z 0002ecc0: 3100 0000 f6ff ff6f 0200 0000 0000 0000 c809 0000 0000 0000 c809 0000 0000 0000 6c00 0000 0000 0000  1......o........................l.......
2021-03-15T22:19:32.6967018Z 0002ece8: 0500 0000 0000 0000 0800 0000 0000 0000 0000 0000 0000 0000 3b00 0000 0b00 0000 0200 0000 0000 0000  ........................;...............
2021-03-15T22:19:32.6967436Z 0002ed10: 380a 0000 0000 0000 380a 0000 0000 0000 4815 0000 0000 0000 0600 0000 0100 0000 0800 0000 0000 0000  8.......8.......H.......................
2021-03-15T22:19:32.6967879Z 0002ed38: 1800 0000 0000 0000 4300 0000 0300 0000 0200 0000 0000 0000 801f 0000 0000 0000 801f 0000 0000 0000  ........C...............................
2021-03-15T22:19:32.6968350Z 0002ed60: 720d 0000 0000 0000 0000 0000 0000 0000 0100 0000 0000 0000 0000 0000 0000 0000 4b00 0000 ffff ff6f  r...............................K......o
2021-03-15T22:19:32.6968797Z 0002ed88: 0200 0000 0000 0000 f22c 0000 0000 0000 f22c 0000 0000 0000 c601 0000 0000 0000 0500 0000 0000 0000  .........,.......,......................
2021-03-15T22:19:32.6969264Z 0002edb0: 0200 0000 0000 0000 0200 0000 0000 0000 5800 0000 feff ff6f 0200 0000 0000 0000 b82e 0000 0000 0000  ................X......o................
2021-03-15T22:19:32.6969710Z 0002edd8: b82e 0000 0000 0000 0001 0000 0000 0000 0600 0000 0300 0000 0800 0000 0000 0000 0000 0000 0000 0000  ........................................
2021-03-15T22:19:32.6970149Z 0002ee00: 6700 0000 0400 0000 0200 0000 0000 0000 b82f 0000 0000 0000 b82f 0000 0000 0000 4008 0000 0000 0000  g................/......./......@.......
2021-03-15T22:19:32.6970575Z 0002ee28: 0500 0000 0000 0000 0800 0000 0000 0000 1800 0000 0000 0000 7100 0000 0400 0000 4200 0000 0000 0000  ........................q.......B.......
2021-03-15T22:19:32.6971022Z 0002ee50: f837 0000 0000 0000 f837 0000 0000 0000 5013 0000 0000 0000 0500 0000 1600 0000 0800 0000 0000 0000  .7.......7......P.......................
2021-03-15T22:19:32.6971456Z 0002ee78: 1800 0000 0000 0000 7b00 0000 0100 0000 0600 0000 0000 0000 0050 0000 0000 0000 0050 0000 0000 0000  ........{................P.......P......
2021-03-15T22:19:32.6971899Z 0002eea0: 1700 0000 0000 0000 0000 0000 0000 0000 0400 0000 0000 0000 0000 0000 0000 0000 7600 0000 0100 0000  ................................v.......
2021-03-15T22:19:32.6972328Z 0002eec8: 0600 0000 0000 0000 2050 0000 0000 0000 2050 0000 0000 0000 f00c 0000 0000 0000 0000 0000 0000 0000  ........ P...... P......................
2021-03-15T22:19:32.6972767Z 0002eef0: 1000 0000 0000 0000 1000 0000 0000 0000 8100 0000 0100 0000 0600 0000 0000 0000 105d 0000 0000 0000  .................................]......
2021-03-15T22:19:32.6973173Z 0002ef18: 105d 0000 0000 0000 0800 0000 0000 0000 0000 0000 0000 0000 0800 0000 0000 0000 0800 0000 0000 0000  .]......................................
2021-03-15T22:19:32.6973784Z 0002ef40: 8a00 0000 0100 0000 0600 0000 0000 0000 205d 0000 0000 0000 205d 0000 0000 0000 d18d 0100 0000 0000  ................ ]...... ]..............
2021-03-15T22:19:32.6974257Z 0002ef68: 0000 0000 0000 0000 1000 0000 0000 0000 0000 0000 0000 0000 9000 0000 0100 0000 0600 0000 0000 0000  ........................................
2021-03-15T22:19:32.6974765Z 0002ef90: f4ea 0100 0000 0000 f4ea 0100 0000 0000 0900 0000 0000 0000 0000 0000 0000 0000 0400 0000 0000 0000  ........................................
2021-03-15T22:19:32.6975396Z 0002efb8: 0000 0000 0000 0000 9600 0000 0100 0000 0200 0000 0000 0000 00f0 0100 0000 0000 00f0 0100 0000 0000  ........................................
2021-03-15T22:19:32.6975854Z 0002efe0: 2b48 0000 0000 0000 0000 0000 0000 0000 2000 0000 0000 0000 0000 0000 0000 0000 9e00 0000 0100 0000  +H.............. .......................
2021-03-15T22:19:32.6976546Z 0002f008: 0200 0000 0000 0000 2c38 0200 0000 0000 2c38 0200 0000 0000 8c04 0000 0000 0000 0000 0000 0000 0000  ........,8......,8......................
2021-03-15T22:19:32.6976973Z 0002f030: 0400 0000 0000 0000 0000 0000 0000 0000 ac00 0000 0100 0000 0200 0000 0000 0000 b83c 0200 0000 0000  .................................<......
2021-03-15T22:19:32.6977387Z 0002f058: b83c 0200 0000 0000 002b 0000 0000 0000 0000 0000 0000 0000 0800 0000 0000 0000 0000 0000 0000 0000  .<.......+..............................
2021-03-15T22:19:32.6977824Z 0002f080: b600 0000 0e00 0000 0300 0000 0000 0000 f086 0200 0000 0000 f076 0200 0000 0000 0800 0000 0000 0000  .........................v..............
2021-03-15T22:19:32.6978623Z 0002f0a8: 0000 0000 0000 0000 0800 0000 0000 0000 0800 0000 0000 0000 c200 0000 0f00 0000 0300 0000 0000 0000  ........................................
2021-03-15T22:19:32.6979503Z 0002f0d0: f886 0200 0000 0000 f876 0200 0000 0000 0800 0000 0000 0000 0000 0000 0000 0000 0800 0000 0000 0000  .........v..............................
2021-03-15T22:19:32.6980042Z 0002f0f8: 0800 0000 0000 0000 ce00 0000 0600 0000 0300 0000 0000 0000 0087 0200 0000 0000 0077 0200 0000 0000  .................................w......
2021-03-15T22:19:32.6980582Z 0002f120: 5002 0000 0000 0000 0600 0000 0000 0000 0800 0000 0000 0000 1000 0000 0000 0000 8500 0000 0100 0000  P.......................................
2021-03-15T22:19:32.6981142Z 0002f148: 0300 0000 0000 0000 5089 0200 0000 0000 5079 0200 0000 0000 b006 0000 0000 0000 0000 0000 0000 0000  ........P.......Py......................
2021-03-15T22:19:32.6981696Z 0002f170: 0800 0000 0000 0000 0800 0000 0000 0000 d700 0000 0100 0000 0300 0000 0000 0000 0090 0200 0000 0000  ........................................
2021-03-15T22:19:32.6982528Z 0002f198: 0080 0200 0000 0000 6011 0000 0000 0000 0000 0000 0000 0000 2000 0000 0000 0000 0000 0000 0000 0000  ........`............... ...............
2021-03-15T22:19:32.6983168Z 0002f1c0: dd00 0000 0800 0000 0300 0000 0000 0000 60a1 0200 0000 0000 6091 0200 0000 0000 e81d 0000 0000 0000  ................`.......`...............
2021-03-15T22:19:32.6983630Z 0002f1e8: 0000 0000 0000 0000 2000 0000 0000 0000 0000 0000 0000 0000 e200 0000 0100 0000 3000 0000 0000 0000  ........ .......................0.......
2021-03-15T22:19:32.6984239Z 0002f210: 0000 0000 0000 0000 6091 0200 0000 0000 2300 0000 0000 0000 0000 0000 0000 0000 0100 0000 0000 0000  ........`.......#.......................
2021-03-15T22:19:32.6984646Z 0002f238: 0100 0000 0000 0000 0100 0000 0200 0000 0000 0000 0000 0000 0000 0000 0000 0000 8891 0200 0000 0000  ........................................
2021-03-15T22:19:32.6985100Z 0002f260: 503a 0000 0000 0000 1b00 0000 6e01 0000 0800 0000 0000 0000 1800 0000 0000 0000 0900 0000 0300 0000  P:..........n...........................
2021-03-15T22:19:32.6985567Z 0002f288: 0000 0000 0000 0000 0000 0000 0000 0000 d8cb 0200 0000 0000 f81e 0000 0000 0000 0000 0000 0000 0000  ........................................
2021-03-15T22:19:32.6986309Z 0002f2b0: 0100 0000 0000 0000 0000 0000 0000 0000 1100 0000 0300 0000 0000 0000 0000 0000 0000 0000 0000 0000  ........................................
2021-03-15T22:19:32.6986731Z 0002f2d8: d0ea 0200 0000 0000 eb00 0000 0000 0000 0000 0000 0000 0000 0100 0000 0000 0000 0000 0000 0000 0000  ........................................
2021-03-15T22:19:32.7077974Z Post job cleanup.
2021-03-15T22:19:32.8322297Z [command]/usr/bin/git version
2021-03-15T22:19:32.8423668Z git version 2.30.1
2021-03-15T22:19:32.8427913Z [command]/usr/bin/git config --local --name-only --get-regexp core\.sshCommand
2021-03-15T22:19:32.8460116Z [command]/usr/bin/git submodule foreach --recursive git config --local --name-only --get-regexp 'core\.sshCommand' && git config --local --unset-all 'core.sshCommand' || :
2021-03-15T22:19:32.8718120Z [command]/usr/bin/git config --local --name-only --get-regexp http\.https\:\/\/github\.com\/\.extraheader
2021-03-15T22:19:32.8744840Z http.https://github.com/.extraheader
2021-03-15T22:19:32.8758455Z [command]/usr/bin/git config --local --unset-all http.https://github.com/.extraheader
2021-03-15T22:19:32.8786423Z [command]/usr/bin/git submodule foreach --recursive git config --local --name-only --get-regexp 'http\.https\:\/\/github\.com\/\.extraheader' && git config --local --unset-all 'http.https://github.com/.extraheader' || :
2021-03-15T22:19:32.9102692Z Cleaning up orphan processes
